<!doctype html public "-//w3c//dtd html 4.0 transitional//en">
<html><head>
<title>Static Call Graph - [.\Objects\Soft_MBA05_V01.axf]</title></head>
<body><HR>
<H1>Static Call Graph for image .\Objects\Soft_MBA05_V01.axf</H1><HR>
<BR><P>#&#060CALLGRAPH&#062# ARM Linker, 5060750: Last Updated: Wed Aug 07 09:45:05 2024
<BR><P>
<H3>Maximum Stack Usage =        536 bytes + Unknown(Cycles, Untraceable Function Pointers)</H3><H3>
Call chain for Maximum Stack Depth:</H3>
main &rArr; Bsp_Receive_Uart1_Fifo_Data &rArr; Bsp_Gnss_Parse_Byte &rArr; Bsp_Gnss_Data_Check &rArr; Bsp_GNSS_Data_Parse_String &rArr; Bsp_GNSS_Data_Deal &rArr; Api_Loca_Distance &rArr; __hardfp_cos &rArr; __ieee754_rem_pio2 &rArr; __aeabi_dsub &rArr; __aeabi_dadd &rArr; _double_epilogue &rArr; _double_round
<P>
<H3>
Mutually Recursive functions
</H3> <LI><a href="#[2]">NMI_Handler</a>&nbsp;&nbsp;&nbsp;&rArr;&nbsp;&nbsp;&nbsp;<a href="#[2]">NMI_Handler</a><BR>
 <LI><a href="#[3]">HardFault_Handler</a>&nbsp;&nbsp;&nbsp;&rArr;&nbsp;&nbsp;&nbsp;<a href="#[3]">HardFault_Handler</a><BR>
 <LI><a href="#[4]">MemManage_Handler</a>&nbsp;&nbsp;&nbsp;&rArr;&nbsp;&nbsp;&nbsp;<a href="#[4]">MemManage_Handler</a><BR>
 <LI><a href="#[5]">BusFault_Handler</a>&nbsp;&nbsp;&nbsp;&rArr;&nbsp;&nbsp;&nbsp;<a href="#[5]">BusFault_Handler</a><BR>
 <LI><a href="#[6]">UsageFault_Handler</a>&nbsp;&nbsp;&nbsp;&rArr;&nbsp;&nbsp;&nbsp;<a href="#[6]">UsageFault_Handler</a><BR>
 <LI><a href="#[7]">SVC_Handler</a>&nbsp;&nbsp;&nbsp;&rArr;&nbsp;&nbsp;&nbsp;<a href="#[7]">SVC_Handler</a><BR>
 <LI><a href="#[8]">DebugMon_Handler</a>&nbsp;&nbsp;&nbsp;&rArr;&nbsp;&nbsp;&nbsp;<a href="#[8]">DebugMon_Handler</a><BR>
 <LI><a href="#[9]">PendSV_Handler</a>&nbsp;&nbsp;&nbsp;&rArr;&nbsp;&nbsp;&nbsp;<a href="#[9]">PendSV_Handler</a><BR>
 <LI><a href="#[5f]">ACC_IRQHandler</a>&nbsp;&nbsp;&nbsp;&rArr;&nbsp;&nbsp;&nbsp;<a href="#[5f]">ACC_IRQHandler</a><BR>
</UL>
<P>
<H3>
Function Pointers
</H3><UL>
 <LI><a href="#[5f]">ACC_IRQHandler</a> from startup_at32f435_437.o(.text) referenced from startup_at32f435_437.o(RESET)
 <LI><a href="#[1d]">ADC1_2_3_IRQHandler</a> from startup_at32f435_437.o(.text) referenced from startup_at32f435_437.o(RESET)
 <LI><a href="#[5]">BusFault_Handler</a> from startup_at32f435_437.o(.text) referenced from startup_at32f435_437.o(RESET)
 <LI><a href="#[1f]">CAN1_RX0_IRQHandler</a> from startup_at32f435_437.o(.text) referenced from startup_at32f435_437.o(RESET)
 <LI><a href="#[20]">CAN1_RX1_IRQHandler</a> from startup_at32f435_437.o(.text) referenced from startup_at32f435_437.o(RESET)
 <LI><a href="#[21]">CAN1_SE_IRQHandler</a> from startup_at32f435_437.o(.text) referenced from startup_at32f435_437.o(RESET)
 <LI><a href="#[1e]">CAN1_TX_IRQHandler</a> from startup_at32f435_437.o(.text) referenced from startup_at32f435_437.o(RESET)
 <LI><a href="#[4b]">CAN2_RX0_IRQHandler</a> from startup_at32f435_437.o(.text) referenced from startup_at32f435_437.o(RESET)
 <LI><a href="#[4c]">CAN2_RX1_IRQHandler</a> from startup_at32f435_437.o(.text) referenced from startup_at32f435_437.o(RESET)
 <LI><a href="#[4d]">CAN2_SE_IRQHandler</a> from startup_at32f435_437.o(.text) referenced from startup_at32f435_437.o(RESET)
 <LI><a href="#[4a]">CAN2_TX_IRQHandler</a> from startup_at32f435_437.o(.text) referenced from startup_at32f435_437.o(RESET)
 <LI><a href="#[10]">CRM_IRQHandler</a> from startup_at32f435_437.o(.text) referenced from startup_at32f435_437.o(RESET)
 <LI><a href="#[43]">DMA1_Channel1_IRQHandler</a> from startup_at32f435_437.o(.text) referenced from startup_at32f435_437.o(RESET)
 <LI><a href="#[44]">DMA1_Channel2_IRQHandler</a> from startup_at32f435_437.o(.text) referenced from startup_at32f435_437.o(RESET)
 <LI><a href="#[45]">DMA1_Channel3_IRQHandler</a> from startup_at32f435_437.o(.text) referenced from startup_at32f435_437.o(RESET)
 <LI><a href="#[46]">DMA1_Channel4_IRQHandler</a> from startup_at32f435_437.o(.text) referenced from startup_at32f435_437.o(RESET)
 <LI><a href="#[47]">DMA1_Channel5_IRQHandler</a> from startup_at32f435_437.o(.text) referenced from startup_at32f435_437.o(RESET)
 <LI><a href="#[4f]">DMA1_Channel6_IRQHandler</a> from startup_at32f435_437.o(.text) referenced from startup_at32f435_437.o(RESET)
 <LI><a href="#[50]">DMA1_Channel7_IRQHandler</a> from startup_at32f435_437.o(.text) referenced from startup_at32f435_437.o(RESET)
 <LI><a href="#[64]">DMA2_Channel1_IRQHandler</a> from startup_at32f435_437.o(.text) referenced from startup_at32f435_437.o(RESET)
 <LI><a href="#[65]">DMA2_Channel2_IRQHandler</a> from startup_at32f435_437.o(.text) referenced from startup_at32f435_437.o(RESET)
 <LI><a href="#[66]">DMA2_Channel3_IRQHandler</a> from startup_at32f435_437.o(.text) referenced from startup_at32f435_437.o(RESET)
 <LI><a href="#[67]">DMA2_Channel4_IRQHandler</a> from startup_at32f435_437.o(.text) referenced from startup_at32f435_437.o(RESET)
 <LI><a href="#[68]">DMA2_Channel5_IRQHandler</a> from startup_at32f435_437.o(.text) referenced from startup_at32f435_437.o(RESET)
 <LI><a href="#[69]">DMA2_Channel6_IRQHandler</a> from startup_at32f435_437.o(.text) referenced from startup_at32f435_437.o(RESET)
 <LI><a href="#[6a]">DMA2_Channel7_IRQHandler</a> from startup_at32f435_437.o(.text) referenced from startup_at32f435_437.o(RESET)
 <LI><a href="#[5d]">DMAMUX_IRQHandler</a> from startup_at32f435_437.o(.text) referenced from startup_at32f435_437.o(RESET)
 <LI><a href="#[56]">DVP_IRQHandler</a> from startup_at32f435_437.o(.text) referenced from startup_at32f435_437.o(RESET)
 <LI><a href="#[8]">DebugMon_Handler</a> from startup_at32f435_437.o(.text) referenced from startup_at32f435_437.o(RESET)
 <LI><a href="#[16]">EDMA_Stream1_IRQHandler</a> from startup_at32f435_437.o(.text) referenced from startup_at32f435_437.o(RESET)
 <LI><a href="#[17]">EDMA_Stream2_IRQHandler</a> from startup_at32f435_437.o(.text) referenced from startup_at32f435_437.o(RESET)
 <LI><a href="#[18]">EDMA_Stream3_IRQHandler</a> from startup_at32f435_437.o(.text) referenced from startup_at32f435_437.o(RESET)
 <LI><a href="#[19]">EDMA_Stream4_IRQHandler</a> from startup_at32f435_437.o(.text) referenced from startup_at32f435_437.o(RESET)
 <LI><a href="#[1a]">EDMA_Stream5_IRQHandler</a> from startup_at32f435_437.o(.text) referenced from startup_at32f435_437.o(RESET)
 <LI><a href="#[1b]">EDMA_Stream6_IRQHandler</a> from startup_at32f435_437.o(.text) referenced from startup_at32f435_437.o(RESET)
 <LI><a href="#[1c]">EDMA_Stream7_IRQHandler</a> from startup_at32f435_437.o(.text) referenced from startup_at32f435_437.o(RESET)
 <LI><a href="#[3a]">EDMA_Stream8_IRQHandler</a> from startup_at32f435_437.o(.text) referenced from startup_at32f435_437.o(RESET)
 <LI><a href="#[48]">EMAC_IRQHandler</a> from startup_at32f435_437.o(.text) referenced from startup_at32f435_437.o(RESET)
 <LI><a href="#[49]">EMAC_WKUP_IRQHandler</a> from startup_at32f435_437.o(.text) referenced from startup_at32f435_437.o(RESET)
 <LI><a href="#[34]">ERTCAlarm_IRQHandler</a> from hal_sleep.o(i.ERTCAlarm_IRQHandler) referenced from startup_at32f435_437.o(RESET)
 <LI><a href="#[e]">ERTC_WKUP_IRQHandler</a> from startup_at32f435_437.o(.text) referenced from startup_at32f435_437.o(RESET)
 <LI><a href="#[11]">EXINT0_IRQHandler</a> from hal_keyled.o(i.EXINT0_IRQHandler) referenced from startup_at32f435_437.o(RESET)
 <LI><a href="#[33]">EXINT15_10_IRQHandler</a> from startup_at32f435_437.o(.text) referenced from startup_at32f435_437.o(RESET)
 <LI><a href="#[12]">EXINT1_IRQHandler</a> from hal_keyled.o(i.EXINT1_IRQHandler) referenced from startup_at32f435_437.o(RESET)
 <LI><a href="#[13]">EXINT2_IRQHandler</a> from startup_at32f435_437.o(.text) referenced from startup_at32f435_437.o(RESET)
 <LI><a href="#[14]">EXINT3_IRQHandler</a> from startup_at32f435_437.o(.text) referenced from startup_at32f435_437.o(RESET)
 <LI><a href="#[15]">EXINT4_IRQHandler</a> from startup_at32f435_437.o(.text) referenced from startup_at32f435_437.o(RESET)
 <LI><a href="#[22]">EXINT9_5_IRQHandler</a> from hal_keyled.o(i.EXINT9_5_IRQHandler) referenced from startup_at32f435_437.o(RESET)
 <LI><a href="#[f]">FLASH_IRQHandler</a> from startup_at32f435_437.o(.text) referenced from startup_at32f435_437.o(RESET)
 <LI><a href="#[57]">FPU_IRQHandler</a> from startup_at32f435_437.o(.text) referenced from startup_at32f435_437.o(RESET)
 <LI><a href="#[3]">HardFault_Handler</a> from startup_at32f435_437.o(.text) referenced from startup_at32f435_437.o(RESET)
 <LI><a href="#[2b]">I2C1_ERR_IRQHandler</a> from startup_at32f435_437.o(.text) referenced from startup_at32f435_437.o(RESET)
 <LI><a href="#[2a]">I2C1_EVT_IRQHandler</a> from startup_at32f435_437.o(.text) referenced from startup_at32f435_437.o(RESET)
 <LI><a href="#[2d]">I2C2_ERR_IRQHandler</a> from startup_at32f435_437.o(.text) referenced from startup_at32f435_437.o(RESET)
 <LI><a href="#[2c]">I2C2_EVT_IRQHandler</a> from startup_at32f435_437.o(.text) referenced from startup_at32f435_437.o(RESET)
 <LI><a href="#[53]">I2C3_ERR_IRQHandler</a> from startup_at32f435_437.o(.text) referenced from startup_at32f435_437.o(RESET)
 <LI><a href="#[52]">I2C3_EVT_IRQHandler</a> from startup_at32f435_437.o(.text) referenced from startup_at32f435_437.o(RESET)
 <LI><a href="#[4]">MemManage_Handler</a> from startup_at32f435_437.o(.text) referenced from startup_at32f435_437.o(RESET)
 <LI><a href="#[2]">NMI_Handler</a> from startup_at32f435_437.o(.text) referenced from startup_at32f435_437.o(RESET)
 <LI><a href="#[4e]">OTGFS1_IRQHandler</a> from startup_at32f435_437.o(.text) referenced from startup_at32f435_437.o(RESET)
 <LI><a href="#[35]">OTGFS1_WKUP_IRQHandler</a> from startup_at32f435_437.o(.text) referenced from startup_at32f435_437.o(RESET)
 <LI><a href="#[55]">OTGFS2_IRQHandler</a> from startup_at32f435_437.o(.text) referenced from startup_at32f435_437.o(RESET)
 <LI><a href="#[54]">OTGFS2_WKUP_IRQHandler</a> from startup_at32f435_437.o(.text) referenced from startup_at32f435_437.o(RESET)
 <LI><a href="#[c]">PVM_IRQHandler</a> from startup_at32f435_437.o(.text) referenced from startup_at32f435_437.o(RESET)
 <LI><a href="#[9]">PendSV_Handler</a> from startup_at32f435_437.o(.text) referenced from startup_at32f435_437.o(RESET)
 <LI><a href="#[5c]">QSPI1_IRQHandler</a> from startup_at32f435_437.o(.text) referenced from startup_at32f435_437.o(RESET)
 <LI><a href="#[5b]">QSPI2_IRQHandler</a> from startup_at32f435_437.o(.text) referenced from startup_at32f435_437.o(RESET)
 <LI><a href="#[1]">Reset_Handler</a> from startup_at32f435_437.o(.text) referenced from startup_at32f435_437.o(RESET)
 <LI><a href="#[3c]">SDIO1_IRQHandler</a> from startup_at32f435_437.o(.text) referenced from startup_at32f435_437.o(RESET)
 <LI><a href="#[5e]">SDIO2_IRQHandler</a> from startup_at32f435_437.o(.text) referenced from startup_at32f435_437.o(RESET)
 <LI><a href="#[2e]">SPI1_IRQHandler</a> from startup_at32f435_437.o(.text) referenced from startup_at32f435_437.o(RESET)
 <LI><a href="#[2f]">SPI2_I2S2EXT_IRQHandler</a> from startup_at32f435_437.o(.text) referenced from startup_at32f435_437.o(RESET)
 <LI><a href="#[3e]">SPI3_I2S3EXT_IRQHandler</a> from startup_at32f435_437.o(.text) referenced from startup_at32f435_437.o(RESET)
 <LI><a href="#[5a]">SPI4_IRQHandler</a> from startup_at32f435_437.o(.text) referenced from startup_at32f435_437.o(RESET)
 <LI><a href="#[7]">SVC_Handler</a> from startup_at32f435_437.o(.text) referenced from startup_at32f435_437.o(RESET)
 <LI><a href="#[a]">SysTick_Handler</a> from sys_timerun.o(i.SysTick_Handler) referenced from startup_at32f435_437.o(RESET)
 <LI><a href="#[6c]">SystemInit</a> from system_at32f435_437.o(i.SystemInit) referenced from startup_at32f435_437.o(.text)
 <LI><a href="#[d]">TAMP_STAMP_IRQHandler</a> from startup_at32f435_437.o(.text) referenced from startup_at32f435_437.o(RESET)
 <LI><a href="#[23]">TMR1_BRK_TMR9_IRQHandler</a> from startup_at32f435_437.o(.text) referenced from startup_at32f435_437.o(RESET)
 <LI><a href="#[26]">TMR1_CH_IRQHandler</a> from startup_at32f435_437.o(.text) referenced from startup_at32f435_437.o(RESET)
 <LI><a href="#[24]">TMR1_OVF_TMR10_IRQHandler</a> from startup_at32f435_437.o(.text) referenced from startup_at32f435_437.o(RESET)
 <LI><a href="#[25]">TMR1_TRG_HALL_TMR11_IRQHandler</a> from startup_at32f435_437.o(.text) referenced from startup_at32f435_437.o(RESET)
 <LI><a href="#[60]">TMR20_BRK_IRQHandler</a> from startup_at32f435_437.o(.text) referenced from startup_at32f435_437.o(RESET)
 <LI><a href="#[63]">TMR20_CH_IRQHandler</a> from startup_at32f435_437.o(.text) referenced from startup_at32f435_437.o(RESET)
 <LI><a href="#[61]">TMR20_OVF_IRQHandler</a> from startup_at32f435_437.o(.text) referenced from startup_at32f435_437.o(RESET)
 <LI><a href="#[62]">TMR20_TRG_HALL_IRQHandler</a> from startup_at32f435_437.o(.text) referenced from startup_at32f435_437.o(RESET)
 <LI><a href="#[27]">TMR2_GLOBAL_IRQHandler</a> from startup_at32f435_437.o(.text) referenced from startup_at32f435_437.o(RESET)
 <LI><a href="#[28]">TMR3_GLOBAL_IRQHandler</a> from startup_at32f435_437.o(.text) referenced from startup_at32f435_437.o(RESET)
 <LI><a href="#[29]">TMR4_GLOBAL_IRQHandler</a> from startup_at32f435_437.o(.text) referenced from startup_at32f435_437.o(RESET)
 <LI><a href="#[3d]">TMR5_GLOBAL_IRQHandler</a> from hal_sleep.o(i.TMR5_GLOBAL_IRQHandler) referenced from startup_at32f435_437.o(RESET)
 <LI><a href="#[41]">TMR6_DAC_GLOBAL_IRQHandler</a> from startup_at32f435_437.o(.text) referenced from startup_at32f435_437.o(RESET)
 <LI><a href="#[42]">TMR7_GLOBAL_IRQHandler</a> from startup_at32f435_437.o(.text) referenced from startup_at32f435_437.o(RESET)
 <LI><a href="#[36]">TMR8_BRK_TMR12_IRQHandler</a> from startup_at32f435_437.o(.text) referenced from startup_at32f435_437.o(RESET)
 <LI><a href="#[39]">TMR8_CH_IRQHandler</a> from startup_at32f435_437.o(.text) referenced from startup_at32f435_437.o(RESET)
 <LI><a href="#[37]">TMR8_OVF_TMR13_IRQHandler</a> from startup_at32f435_437.o(.text) referenced from startup_at32f435_437.o(RESET)
 <LI><a href="#[38]">TMR8_TRG_HALL_TMR14_IRQHandler</a> from startup_at32f435_437.o(.text) referenced from startup_at32f435_437.o(RESET)
 <LI><a href="#[3f]">UART4_IRQHandler</a> from bsp_uartrec.o(i.UART4_IRQHandler) referenced from startup_at32f435_437.o(RESET)
 <LI><a href="#[40]">UART5_IRQHandler</a> from startup_at32f435_437.o(.text) referenced from startup_at32f435_437.o(RESET)
 <LI><a href="#[58]">UART7_IRQHandler</a> from startup_at32f435_437.o(.text) referenced from startup_at32f435_437.o(RESET)
 <LI><a href="#[59]">UART8_IRQHandler</a> from startup_at32f435_437.o(.text) referenced from startup_at32f435_437.o(RESET)
 <LI><a href="#[30]">USART1_IRQHandler</a> from bsp_uartrec.o(i.USART1_IRQHandler) referenced from startup_at32f435_437.o(RESET)
 <LI><a href="#[31]">USART2_IRQHandler</a> from bsp_uartrec.o(i.USART2_IRQHandler) referenced from startup_at32f435_437.o(RESET)
 <LI><a href="#[32]">USART3_IRQHandler</a> from bsp_uartrec.o(i.USART3_IRQHandler) referenced from startup_at32f435_437.o(RESET)
 <LI><a href="#[51]">USART6_IRQHandler</a> from startup_at32f435_437.o(.text) referenced from startup_at32f435_437.o(RESET)
 <LI><a href="#[6]">UsageFault_Handler</a> from startup_at32f435_437.o(.text) referenced from startup_at32f435_437.o(RESET)
 <LI><a href="#[b]">WWDT_IRQHandler</a> from startup_at32f435_437.o(.text) referenced from startup_at32f435_437.o(RESET)
 <LI><a href="#[3b]">XMC_IRQHandler</a> from startup_at32f435_437.o(.text) referenced from startup_at32f435_437.o(RESET)
 <LI><a href="#[6d]">__main</a> from entry.o(.ARM.Collect$$$$00000000) referenced from startup_at32f435_437.o(.text)
 <LI><a href="#[6f]">_sbackspace</a> from _sgetc.o(.text) referenced 2 times from __0sscanf.o(.text)
 <LI><a href="#[70]">_scanf_char_input</a> from scanf_char.o(.text) referenced from scanf_char.o(.text)
 <LI><a href="#[6e]">_sgetc</a> from _sgetc.o(.text) referenced 2 times from __0sscanf.o(.text)
 <LI><a href="#[73]">_sputc</a> from printfa.o(i._sputc) referenced from printfa.o(i.__0sprintf)
 <LI><a href="#[72]">fputc</a> from hal_uart.o(i.fputc) referenced from printfa.o(i.__0printf)
 <LI><a href="#[71]">isspace</a> from isspace_c.o(.text) referenced 2 times from scanf_char.o(.text)
 <LI><a href="#[6b]">main</a> from main.o(i.main) referenced from entry9a.o(.ARM.Collect$$$$0000000B)
</UL>
<P>
<H3>
Global Symbols
</H3>
<P><STRONG><a name="[6d]"></a>__main</STRONG> (Thumb, 0 bytes, Stack size unknown bytes, entry.o(.ARM.Collect$$$$00000000))
<BR>[Address Reference Count : 1]<UL><LI> startup_at32f435_437.o(.text)
</UL>
<P><STRONG><a name="[1a0]"></a>_main_stk</STRONG> (Thumb, 0 bytes, Stack size unknown bytes, entry2.o(.ARM.Collect$$$$00000001))

<P><STRONG><a name="[74]"></a>_main_scatterload</STRONG> (Thumb, 0 bytes, Stack size unknown bytes, entry5.o(.ARM.Collect$$$$00000004))
<BR><BR>[Calls]<UL><LI><a href="#[75]">&gt;&gt;</a>&nbsp;&nbsp;&nbsp;__scatterload
</UL>

<P><STRONG><a name="[94]"></a>__main_after_scatterload</STRONG> (Thumb, 0 bytes, Stack size unknown bytes, entry5.o(.ARM.Collect$$$$00000004))
<BR><BR>[Called By]<UL><LI><a href="#[75]">&gt;&gt;</a>&nbsp;&nbsp;&nbsp;__scatterload
</UL>

<P><STRONG><a name="[1a1]"></a>_main_clock</STRONG> (Thumb, 0 bytes, Stack size unknown bytes, entry7b.o(.ARM.Collect$$$$00000008))

<P><STRONG><a name="[1a2]"></a>_main_cpp_init</STRONG> (Thumb, 0 bytes, Stack size unknown bytes, entry8b.o(.ARM.Collect$$$$0000000A))

<P><STRONG><a name="[1a3]"></a>_main_init</STRONG> (Thumb, 0 bytes, Stack size unknown bytes, entry9a.o(.ARM.Collect$$$$0000000B))

<P><STRONG><a name="[1a4]"></a>__rt_final_cpp</STRONG> (Thumb, 0 bytes, Stack size unknown bytes, entry10a.o(.ARM.Collect$$$$0000000D))

<P><STRONG><a name="[1a5]"></a>__rt_final_exit</STRONG> (Thumb, 0 bytes, Stack size unknown bytes, entry11a.o(.ARM.Collect$$$$0000000F))

<P><STRONG><a name="[1]"></a>Reset_Handler</STRONG> (Thumb, 8 bytes, Stack size 0 bytes, startup_at32f435_437.o(.text))
<BR>[Address Reference Count : 1]<UL><LI> startup_at32f435_437.o(RESET)
</UL>
<P><STRONG><a name="[2]"></a>NMI_Handler</STRONG> (Thumb, 2 bytes, Stack size 0 bytes, startup_at32f435_437.o(.text))
<BR><BR>[Calls]<UL><LI><a href="#[2]">&gt;&gt;</a>&nbsp;&nbsp;&nbsp;NMI_Handler
</UL>
<BR>[Called By]<UL><LI><a href="#[2]">&gt;&gt;</a>&nbsp;&nbsp;&nbsp;NMI_Handler
</UL>
<BR>[Address Reference Count : 1]<UL><LI> startup_at32f435_437.o(RESET)
</UL>
<P><STRONG><a name="[3]"></a>HardFault_Handler</STRONG> (Thumb, 2 bytes, Stack size 0 bytes, startup_at32f435_437.o(.text))
<BR><BR>[Calls]<UL><LI><a href="#[3]">&gt;&gt;</a>&nbsp;&nbsp;&nbsp;HardFault_Handler
</UL>
<BR>[Called By]<UL><LI><a href="#[3]">&gt;&gt;</a>&nbsp;&nbsp;&nbsp;HardFault_Handler
</UL>
<BR>[Address Reference Count : 1]<UL><LI> startup_at32f435_437.o(RESET)
</UL>
<P><STRONG><a name="[4]"></a>MemManage_Handler</STRONG> (Thumb, 2 bytes, Stack size 0 bytes, startup_at32f435_437.o(.text))
<BR><BR>[Calls]<UL><LI><a href="#[4]">&gt;&gt;</a>&nbsp;&nbsp;&nbsp;MemManage_Handler
</UL>
<BR>[Called By]<UL><LI><a href="#[4]">&gt;&gt;</a>&nbsp;&nbsp;&nbsp;MemManage_Handler
</UL>
<BR>[Address Reference Count : 1]<UL><LI> startup_at32f435_437.o(RESET)
</UL>
<P><STRONG><a name="[5]"></a>BusFault_Handler</STRONG> (Thumb, 2 bytes, Stack size 0 bytes, startup_at32f435_437.o(.text))
<BR><BR>[Calls]<UL><LI><a href="#[5]">&gt;&gt;</a>&nbsp;&nbsp;&nbsp;BusFault_Handler
</UL>
<BR>[Called By]<UL><LI><a href="#[5]">&gt;&gt;</a>&nbsp;&nbsp;&nbsp;BusFault_Handler
</UL>
<BR>[Address Reference Count : 1]<UL><LI> startup_at32f435_437.o(RESET)
</UL>
<P><STRONG><a name="[6]"></a>UsageFault_Handler</STRONG> (Thumb, 2 bytes, Stack size 0 bytes, startup_at32f435_437.o(.text))
<BR><BR>[Calls]<UL><LI><a href="#[6]">&gt;&gt;</a>&nbsp;&nbsp;&nbsp;UsageFault_Handler
</UL>
<BR>[Called By]<UL><LI><a href="#[6]">&gt;&gt;</a>&nbsp;&nbsp;&nbsp;UsageFault_Handler
</UL>
<BR>[Address Reference Count : 1]<UL><LI> startup_at32f435_437.o(RESET)
</UL>
<P><STRONG><a name="[7]"></a>SVC_Handler</STRONG> (Thumb, 2 bytes, Stack size 0 bytes, startup_at32f435_437.o(.text))
<BR><BR>[Calls]<UL><LI><a href="#[7]">&gt;&gt;</a>&nbsp;&nbsp;&nbsp;SVC_Handler
</UL>
<BR>[Called By]<UL><LI><a href="#[7]">&gt;&gt;</a>&nbsp;&nbsp;&nbsp;SVC_Handler
</UL>
<BR>[Address Reference Count : 1]<UL><LI> startup_at32f435_437.o(RESET)
</UL>
<P><STRONG><a name="[8]"></a>DebugMon_Handler</STRONG> (Thumb, 2 bytes, Stack size 0 bytes, startup_at32f435_437.o(.text))
<BR><BR>[Calls]<UL><LI><a href="#[8]">&gt;&gt;</a>&nbsp;&nbsp;&nbsp;DebugMon_Handler
</UL>
<BR>[Called By]<UL><LI><a href="#[8]">&gt;&gt;</a>&nbsp;&nbsp;&nbsp;DebugMon_Handler
</UL>
<BR>[Address Reference Count : 1]<UL><LI> startup_at32f435_437.o(RESET)
</UL>
<P><STRONG><a name="[9]"></a>PendSV_Handler</STRONG> (Thumb, 2 bytes, Stack size 0 bytes, startup_at32f435_437.o(.text))
<BR><BR>[Calls]<UL><LI><a href="#[9]">&gt;&gt;</a>&nbsp;&nbsp;&nbsp;PendSV_Handler
</UL>
<BR>[Called By]<UL><LI><a href="#[9]">&gt;&gt;</a>&nbsp;&nbsp;&nbsp;PendSV_Handler
</UL>
<BR>[Address Reference Count : 1]<UL><LI> startup_at32f435_437.o(RESET)
</UL>
<P><STRONG><a name="[5f]"></a>ACC_IRQHandler</STRONG> (Thumb, 0 bytes, Stack size 0 bytes, startup_at32f435_437.o(.text))
<BR><BR>[Calls]<UL><LI><a href="#[5f]">&gt;&gt;</a>&nbsp;&nbsp;&nbsp;ACC_IRQHandler
</UL>
<BR>[Called By]<UL><LI><a href="#[5f]">&gt;&gt;</a>&nbsp;&nbsp;&nbsp;ACC_IRQHandler
</UL>
<BR>[Address Reference Count : 1]<UL><LI> startup_at32f435_437.o(RESET)
</UL>
<P><STRONG><a name="[1d]"></a>ADC1_2_3_IRQHandler</STRONG> (Thumb, 0 bytes, Stack size 0 bytes, startup_at32f435_437.o(.text))
<BR>[Address Reference Count : 1]<UL><LI> startup_at32f435_437.o(RESET)
</UL>
<P><STRONG><a name="[1f]"></a>CAN1_RX0_IRQHandler</STRONG> (Thumb, 0 bytes, Stack size 0 bytes, startup_at32f435_437.o(.text))
<BR>[Address Reference Count : 1]<UL><LI> startup_at32f435_437.o(RESET)
</UL>
<P><STRONG><a name="[20]"></a>CAN1_RX1_IRQHandler</STRONG> (Thumb, 0 bytes, Stack size 0 bytes, startup_at32f435_437.o(.text))
<BR>[Address Reference Count : 1]<UL><LI> startup_at32f435_437.o(RESET)
</UL>
<P><STRONG><a name="[21]"></a>CAN1_SE_IRQHandler</STRONG> (Thumb, 0 bytes, Stack size 0 bytes, startup_at32f435_437.o(.text))
<BR>[Address Reference Count : 1]<UL><LI> startup_at32f435_437.o(RESET)
</UL>
<P><STRONG><a name="[1e]"></a>CAN1_TX_IRQHandler</STRONG> (Thumb, 0 bytes, Stack size 0 bytes, startup_at32f435_437.o(.text))
<BR>[Address Reference Count : 1]<UL><LI> startup_at32f435_437.o(RESET)
</UL>
<P><STRONG><a name="[4b]"></a>CAN2_RX0_IRQHandler</STRONG> (Thumb, 0 bytes, Stack size 0 bytes, startup_at32f435_437.o(.text))
<BR>[Address Reference Count : 1]<UL><LI> startup_at32f435_437.o(RESET)
</UL>
<P><STRONG><a name="[4c]"></a>CAN2_RX1_IRQHandler</STRONG> (Thumb, 0 bytes, Stack size 0 bytes, startup_at32f435_437.o(.text))
<BR>[Address Reference Count : 1]<UL><LI> startup_at32f435_437.o(RESET)
</UL>
<P><STRONG><a name="[4d]"></a>CAN2_SE_IRQHandler</STRONG> (Thumb, 0 bytes, Stack size 0 bytes, startup_at32f435_437.o(.text))
<BR>[Address Reference Count : 1]<UL><LI> startup_at32f435_437.o(RESET)
</UL>
<P><STRONG><a name="[4a]"></a>CAN2_TX_IRQHandler</STRONG> (Thumb, 0 bytes, Stack size 0 bytes, startup_at32f435_437.o(.text))
<BR>[Address Reference Count : 1]<UL><LI> startup_at32f435_437.o(RESET)
</UL>
<P><STRONG><a name="[10]"></a>CRM_IRQHandler</STRONG> (Thumb, 0 bytes, Stack size 0 bytes, startup_at32f435_437.o(.text))
<BR>[Address Reference Count : 1]<UL><LI> startup_at32f435_437.o(RESET)
</UL>
<P><STRONG><a name="[43]"></a>DMA1_Channel1_IRQHandler</STRONG> (Thumb, 0 bytes, Stack size 0 bytes, startup_at32f435_437.o(.text))
<BR>[Address Reference Count : 1]<UL><LI> startup_at32f435_437.o(RESET)
</UL>
<P><STRONG><a name="[44]"></a>DMA1_Channel2_IRQHandler</STRONG> (Thumb, 0 bytes, Stack size 0 bytes, startup_at32f435_437.o(.text))
<BR>[Address Reference Count : 1]<UL><LI> startup_at32f435_437.o(RESET)
</UL>
<P><STRONG><a name="[45]"></a>DMA1_Channel3_IRQHandler</STRONG> (Thumb, 0 bytes, Stack size 0 bytes, startup_at32f435_437.o(.text))
<BR>[Address Reference Count : 1]<UL><LI> startup_at32f435_437.o(RESET)
</UL>
<P><STRONG><a name="[46]"></a>DMA1_Channel4_IRQHandler</STRONG> (Thumb, 0 bytes, Stack size 0 bytes, startup_at32f435_437.o(.text))
<BR>[Address Reference Count : 1]<UL><LI> startup_at32f435_437.o(RESET)
</UL>
<P><STRONG><a name="[47]"></a>DMA1_Channel5_IRQHandler</STRONG> (Thumb, 0 bytes, Stack size 0 bytes, startup_at32f435_437.o(.text))
<BR>[Address Reference Count : 1]<UL><LI> startup_at32f435_437.o(RESET)
</UL>
<P><STRONG><a name="[4f]"></a>DMA1_Channel6_IRQHandler</STRONG> (Thumb, 0 bytes, Stack size 0 bytes, startup_at32f435_437.o(.text))
<BR>[Address Reference Count : 1]<UL><LI> startup_at32f435_437.o(RESET)
</UL>
<P><STRONG><a name="[50]"></a>DMA1_Channel7_IRQHandler</STRONG> (Thumb, 0 bytes, Stack size 0 bytes, startup_at32f435_437.o(.text))
<BR>[Address Reference Count : 1]<UL><LI> startup_at32f435_437.o(RESET)
</UL>
<P><STRONG><a name="[64]"></a>DMA2_Channel1_IRQHandler</STRONG> (Thumb, 0 bytes, Stack size 0 bytes, startup_at32f435_437.o(.text))
<BR>[Address Reference Count : 1]<UL><LI> startup_at32f435_437.o(RESET)
</UL>
<P><STRONG><a name="[65]"></a>DMA2_Channel2_IRQHandler</STRONG> (Thumb, 0 bytes, Stack size 0 bytes, startup_at32f435_437.o(.text))
<BR>[Address Reference Count : 1]<UL><LI> startup_at32f435_437.o(RESET)
</UL>
<P><STRONG><a name="[66]"></a>DMA2_Channel3_IRQHandler</STRONG> (Thumb, 0 bytes, Stack size 0 bytes, startup_at32f435_437.o(.text))
<BR>[Address Reference Count : 1]<UL><LI> startup_at32f435_437.o(RESET)
</UL>
<P><STRONG><a name="[67]"></a>DMA2_Channel4_IRQHandler</STRONG> (Thumb, 0 bytes, Stack size 0 bytes, startup_at32f435_437.o(.text))
<BR>[Address Reference Count : 1]<UL><LI> startup_at32f435_437.o(RESET)
</UL>
<P><STRONG><a name="[68]"></a>DMA2_Channel5_IRQHandler</STRONG> (Thumb, 0 bytes, Stack size 0 bytes, startup_at32f435_437.o(.text))
<BR>[Address Reference Count : 1]<UL><LI> startup_at32f435_437.o(RESET)
</UL>
<P><STRONG><a name="[69]"></a>DMA2_Channel6_IRQHandler</STRONG> (Thumb, 0 bytes, Stack size 0 bytes, startup_at32f435_437.o(.text))
<BR>[Address Reference Count : 1]<UL><LI> startup_at32f435_437.o(RESET)
</UL>
<P><STRONG><a name="[6a]"></a>DMA2_Channel7_IRQHandler</STRONG> (Thumb, 0 bytes, Stack size 0 bytes, startup_at32f435_437.o(.text))
<BR>[Address Reference Count : 1]<UL><LI> startup_at32f435_437.o(RESET)
</UL>
<P><STRONG><a name="[5d]"></a>DMAMUX_IRQHandler</STRONG> (Thumb, 0 bytes, Stack size 0 bytes, startup_at32f435_437.o(.text))
<BR>[Address Reference Count : 1]<UL><LI> startup_at32f435_437.o(RESET)
</UL>
<P><STRONG><a name="[56]"></a>DVP_IRQHandler</STRONG> (Thumb, 0 bytes, Stack size 0 bytes, startup_at32f435_437.o(.text))
<BR>[Address Reference Count : 1]<UL><LI> startup_at32f435_437.o(RESET)
</UL>
<P><STRONG><a name="[16]"></a>EDMA_Stream1_IRQHandler</STRONG> (Thumb, 0 bytes, Stack size 0 bytes, startup_at32f435_437.o(.text))
<BR>[Address Reference Count : 1]<UL><LI> startup_at32f435_437.o(RESET)
</UL>
<P><STRONG><a name="[17]"></a>EDMA_Stream2_IRQHandler</STRONG> (Thumb, 0 bytes, Stack size 0 bytes, startup_at32f435_437.o(.text))
<BR>[Address Reference Count : 1]<UL><LI> startup_at32f435_437.o(RESET)
</UL>
<P><STRONG><a name="[18]"></a>EDMA_Stream3_IRQHandler</STRONG> (Thumb, 0 bytes, Stack size 0 bytes, startup_at32f435_437.o(.text))
<BR>[Address Reference Count : 1]<UL><LI> startup_at32f435_437.o(RESET)
</UL>
<P><STRONG><a name="[19]"></a>EDMA_Stream4_IRQHandler</STRONG> (Thumb, 0 bytes, Stack size 0 bytes, startup_at32f435_437.o(.text))
<BR>[Address Reference Count : 1]<UL><LI> startup_at32f435_437.o(RESET)
</UL>
<P><STRONG><a name="[1a]"></a>EDMA_Stream5_IRQHandler</STRONG> (Thumb, 0 bytes, Stack size 0 bytes, startup_at32f435_437.o(.text))
<BR>[Address Reference Count : 1]<UL><LI> startup_at32f435_437.o(RESET)
</UL>
<P><STRONG><a name="[1b]"></a>EDMA_Stream6_IRQHandler</STRONG> (Thumb, 0 bytes, Stack size 0 bytes, startup_at32f435_437.o(.text))
<BR>[Address Reference Count : 1]<UL><LI> startup_at32f435_437.o(RESET)
</UL>
<P><STRONG><a name="[1c]"></a>EDMA_Stream7_IRQHandler</STRONG> (Thumb, 0 bytes, Stack size 0 bytes, startup_at32f435_437.o(.text))
<BR>[Address Reference Count : 1]<UL><LI> startup_at32f435_437.o(RESET)
</UL>
<P><STRONG><a name="[3a]"></a>EDMA_Stream8_IRQHandler</STRONG> (Thumb, 0 bytes, Stack size 0 bytes, startup_at32f435_437.o(.text))
<BR>[Address Reference Count : 1]<UL><LI> startup_at32f435_437.o(RESET)
</UL>
<P><STRONG><a name="[48]"></a>EMAC_IRQHandler</STRONG> (Thumb, 0 bytes, Stack size 0 bytes, startup_at32f435_437.o(.text))
<BR>[Address Reference Count : 1]<UL><LI> startup_at32f435_437.o(RESET)
</UL>
<P><STRONG><a name="[49]"></a>EMAC_WKUP_IRQHandler</STRONG> (Thumb, 0 bytes, Stack size 0 bytes, startup_at32f435_437.o(.text))
<BR>[Address Reference Count : 1]<UL><LI> startup_at32f435_437.o(RESET)
</UL>
<P><STRONG><a name="[e]"></a>ERTC_WKUP_IRQHandler</STRONG> (Thumb, 0 bytes, Stack size 0 bytes, startup_at32f435_437.o(.text))
<BR>[Address Reference Count : 1]<UL><LI> startup_at32f435_437.o(RESET)
</UL>
<P><STRONG><a name="[33]"></a>EXINT15_10_IRQHandler</STRONG> (Thumb, 0 bytes, Stack size 0 bytes, startup_at32f435_437.o(.text))
<BR>[Address Reference Count : 1]<UL><LI> startup_at32f435_437.o(RESET)
</UL>
<P><STRONG><a name="[13]"></a>EXINT2_IRQHandler</STRONG> (Thumb, 0 bytes, Stack size 0 bytes, startup_at32f435_437.o(.text))
<BR>[Address Reference Count : 1]<UL><LI> startup_at32f435_437.o(RESET)
</UL>
<P><STRONG><a name="[14]"></a>EXINT3_IRQHandler</STRONG> (Thumb, 0 bytes, Stack size 0 bytes, startup_at32f435_437.o(.text))
<BR>[Address Reference Count : 1]<UL><LI> startup_at32f435_437.o(RESET)
</UL>
<P><STRONG><a name="[15]"></a>EXINT4_IRQHandler</STRONG> (Thumb, 0 bytes, Stack size 0 bytes, startup_at32f435_437.o(.text))
<BR>[Address Reference Count : 1]<UL><LI> startup_at32f435_437.o(RESET)
</UL>
<P><STRONG><a name="[f]"></a>FLASH_IRQHandler</STRONG> (Thumb, 0 bytes, Stack size 0 bytes, startup_at32f435_437.o(.text))
<BR>[Address Reference Count : 1]<UL><LI> startup_at32f435_437.o(RESET)
</UL>
<P><STRONG><a name="[57]"></a>FPU_IRQHandler</STRONG> (Thumb, 0 bytes, Stack size 0 bytes, startup_at32f435_437.o(.text))
<BR>[Address Reference Count : 1]<UL><LI> startup_at32f435_437.o(RESET)
</UL>
<P><STRONG><a name="[2b]"></a>I2C1_ERR_IRQHandler</STRONG> (Thumb, 0 bytes, Stack size 0 bytes, startup_at32f435_437.o(.text))
<BR>[Address Reference Count : 1]<UL><LI> startup_at32f435_437.o(RESET)
</UL>
<P><STRONG><a name="[2a]"></a>I2C1_EVT_IRQHandler</STRONG> (Thumb, 0 bytes, Stack size 0 bytes, startup_at32f435_437.o(.text))
<BR>[Address Reference Count : 1]<UL><LI> startup_at32f435_437.o(RESET)
</UL>
<P><STRONG><a name="[2d]"></a>I2C2_ERR_IRQHandler</STRONG> (Thumb, 0 bytes, Stack size 0 bytes, startup_at32f435_437.o(.text))
<BR>[Address Reference Count : 1]<UL><LI> startup_at32f435_437.o(RESET)
</UL>
<P><STRONG><a name="[2c]"></a>I2C2_EVT_IRQHandler</STRONG> (Thumb, 0 bytes, Stack size 0 bytes, startup_at32f435_437.o(.text))
<BR>[Address Reference Count : 1]<UL><LI> startup_at32f435_437.o(RESET)
</UL>
<P><STRONG><a name="[53]"></a>I2C3_ERR_IRQHandler</STRONG> (Thumb, 0 bytes, Stack size 0 bytes, startup_at32f435_437.o(.text))
<BR>[Address Reference Count : 1]<UL><LI> startup_at32f435_437.o(RESET)
</UL>
<P><STRONG><a name="[52]"></a>I2C3_EVT_IRQHandler</STRONG> (Thumb, 0 bytes, Stack size 0 bytes, startup_at32f435_437.o(.text))
<BR>[Address Reference Count : 1]<UL><LI> startup_at32f435_437.o(RESET)
</UL>
<P><STRONG><a name="[4e]"></a>OTGFS1_IRQHandler</STRONG> (Thumb, 0 bytes, Stack size 0 bytes, startup_at32f435_437.o(.text))
<BR>[Address Reference Count : 1]<UL><LI> startup_at32f435_437.o(RESET)
</UL>
<P><STRONG><a name="[35]"></a>OTGFS1_WKUP_IRQHandler</STRONG> (Thumb, 0 bytes, Stack size 0 bytes, startup_at32f435_437.o(.text))
<BR>[Address Reference Count : 1]<UL><LI> startup_at32f435_437.o(RESET)
</UL>
<P><STRONG><a name="[55]"></a>OTGFS2_IRQHandler</STRONG> (Thumb, 0 bytes, Stack size 0 bytes, startup_at32f435_437.o(.text))
<BR>[Address Reference Count : 1]<UL><LI> startup_at32f435_437.o(RESET)
</UL>
<P><STRONG><a name="[54]"></a>OTGFS2_WKUP_IRQHandler</STRONG> (Thumb, 0 bytes, Stack size 0 bytes, startup_at32f435_437.o(.text))
<BR>[Address Reference Count : 1]<UL><LI> startup_at32f435_437.o(RESET)
</UL>
<P><STRONG><a name="[c]"></a>PVM_IRQHandler</STRONG> (Thumb, 0 bytes, Stack size 0 bytes, startup_at32f435_437.o(.text))
<BR>[Address Reference Count : 1]<UL><LI> startup_at32f435_437.o(RESET)
</UL>
<P><STRONG><a name="[5c]"></a>QSPI1_IRQHandler</STRONG> (Thumb, 0 bytes, Stack size 0 bytes, startup_at32f435_437.o(.text))
<BR>[Address Reference Count : 1]<UL><LI> startup_at32f435_437.o(RESET)
</UL>
<P><STRONG><a name="[5b]"></a>QSPI2_IRQHandler</STRONG> (Thumb, 0 bytes, Stack size 0 bytes, startup_at32f435_437.o(.text))
<BR>[Address Reference Count : 1]<UL><LI> startup_at32f435_437.o(RESET)
</UL>
<P><STRONG><a name="[3c]"></a>SDIO1_IRQHandler</STRONG> (Thumb, 0 bytes, Stack size 0 bytes, startup_at32f435_437.o(.text))
<BR>[Address Reference Count : 1]<UL><LI> startup_at32f435_437.o(RESET)
</UL>
<P><STRONG><a name="[5e]"></a>SDIO2_IRQHandler</STRONG> (Thumb, 0 bytes, Stack size 0 bytes, startup_at32f435_437.o(.text))
<BR>[Address Reference Count : 1]<UL><LI> startup_at32f435_437.o(RESET)
</UL>
<P><STRONG><a name="[2e]"></a>SPI1_IRQHandler</STRONG> (Thumb, 0 bytes, Stack size 0 bytes, startup_at32f435_437.o(.text))
<BR>[Address Reference Count : 1]<UL><LI> startup_at32f435_437.o(RESET)
</UL>
<P><STRONG><a name="[2f]"></a>SPI2_I2S2EXT_IRQHandler</STRONG> (Thumb, 0 bytes, Stack size 0 bytes, startup_at32f435_437.o(.text))
<BR>[Address Reference Count : 1]<UL><LI> startup_at32f435_437.o(RESET)
</UL>
<P><STRONG><a name="[3e]"></a>SPI3_I2S3EXT_IRQHandler</STRONG> (Thumb, 0 bytes, Stack size 0 bytes, startup_at32f435_437.o(.text))
<BR>[Address Reference Count : 1]<UL><LI> startup_at32f435_437.o(RESET)
</UL>
<P><STRONG><a name="[5a]"></a>SPI4_IRQHandler</STRONG> (Thumb, 0 bytes, Stack size 0 bytes, startup_at32f435_437.o(.text))
<BR>[Address Reference Count : 1]<UL><LI> startup_at32f435_437.o(RESET)
</UL>
<P><STRONG><a name="[d]"></a>TAMP_STAMP_IRQHandler</STRONG> (Thumb, 0 bytes, Stack size 0 bytes, startup_at32f435_437.o(.text))
<BR>[Address Reference Count : 1]<UL><LI> startup_at32f435_437.o(RESET)
</UL>
<P><STRONG><a name="[23]"></a>TMR1_BRK_TMR9_IRQHandler</STRONG> (Thumb, 0 bytes, Stack size 0 bytes, startup_at32f435_437.o(.text))
<BR>[Address Reference Count : 1]<UL><LI> startup_at32f435_437.o(RESET)
</UL>
<P><STRONG><a name="[26]"></a>TMR1_CH_IRQHandler</STRONG> (Thumb, 0 bytes, Stack size 0 bytes, startup_at32f435_437.o(.text))
<BR>[Address Reference Count : 1]<UL><LI> startup_at32f435_437.o(RESET)
</UL>
<P><STRONG><a name="[24]"></a>TMR1_OVF_TMR10_IRQHandler</STRONG> (Thumb, 0 bytes, Stack size 0 bytes, startup_at32f435_437.o(.text))
<BR>[Address Reference Count : 1]<UL><LI> startup_at32f435_437.o(RESET)
</UL>
<P><STRONG><a name="[25]"></a>TMR1_TRG_HALL_TMR11_IRQHandler</STRONG> (Thumb, 0 bytes, Stack size 0 bytes, startup_at32f435_437.o(.text))
<BR>[Address Reference Count : 1]<UL><LI> startup_at32f435_437.o(RESET)
</UL>
<P><STRONG><a name="[60]"></a>TMR20_BRK_IRQHandler</STRONG> (Thumb, 0 bytes, Stack size 0 bytes, startup_at32f435_437.o(.text))
<BR>[Address Reference Count : 1]<UL><LI> startup_at32f435_437.o(RESET)
</UL>
<P><STRONG><a name="[63]"></a>TMR20_CH_IRQHandler</STRONG> (Thumb, 0 bytes, Stack size 0 bytes, startup_at32f435_437.o(.text))
<BR>[Address Reference Count : 1]<UL><LI> startup_at32f435_437.o(RESET)
</UL>
<P><STRONG><a name="[61]"></a>TMR20_OVF_IRQHandler</STRONG> (Thumb, 0 bytes, Stack size 0 bytes, startup_at32f435_437.o(.text))
<BR>[Address Reference Count : 1]<UL><LI> startup_at32f435_437.o(RESET)
</UL>
<P><STRONG><a name="[62]"></a>TMR20_TRG_HALL_IRQHandler</STRONG> (Thumb, 0 bytes, Stack size 0 bytes, startup_at32f435_437.o(.text))
<BR>[Address Reference Count : 1]<UL><LI> startup_at32f435_437.o(RESET)
</UL>
<P><STRONG><a name="[27]"></a>TMR2_GLOBAL_IRQHandler</STRONG> (Thumb, 0 bytes, Stack size 0 bytes, startup_at32f435_437.o(.text))
<BR>[Address Reference Count : 1]<UL><LI> startup_at32f435_437.o(RESET)
</UL>
<P><STRONG><a name="[28]"></a>TMR3_GLOBAL_IRQHandler</STRONG> (Thumb, 0 bytes, Stack size 0 bytes, startup_at32f435_437.o(.text))
<BR>[Address Reference Count : 1]<UL><LI> startup_at32f435_437.o(RESET)
</UL>
<P><STRONG><a name="[29]"></a>TMR4_GLOBAL_IRQHandler</STRONG> (Thumb, 0 bytes, Stack size 0 bytes, startup_at32f435_437.o(.text))
<BR>[Address Reference Count : 1]<UL><LI> startup_at32f435_437.o(RESET)
</UL>
<P><STRONG><a name="[41]"></a>TMR6_DAC_GLOBAL_IRQHandler</STRONG> (Thumb, 0 bytes, Stack size 0 bytes, startup_at32f435_437.o(.text))
<BR>[Address Reference Count : 1]<UL><LI> startup_at32f435_437.o(RESET)
</UL>
<P><STRONG><a name="[42]"></a>TMR7_GLOBAL_IRQHandler</STRONG> (Thumb, 0 bytes, Stack size 0 bytes, startup_at32f435_437.o(.text))
<BR>[Address Reference Count : 1]<UL><LI> startup_at32f435_437.o(RESET)
</UL>
<P><STRONG><a name="[36]"></a>TMR8_BRK_TMR12_IRQHandler</STRONG> (Thumb, 0 bytes, Stack size 0 bytes, startup_at32f435_437.o(.text))
<BR>[Address Reference Count : 1]<UL><LI> startup_at32f435_437.o(RESET)
</UL>
<P><STRONG><a name="[39]"></a>TMR8_CH_IRQHandler</STRONG> (Thumb, 0 bytes, Stack size 0 bytes, startup_at32f435_437.o(.text))
<BR>[Address Reference Count : 1]<UL><LI> startup_at32f435_437.o(RESET)
</UL>
<P><STRONG><a name="[37]"></a>TMR8_OVF_TMR13_IRQHandler</STRONG> (Thumb, 0 bytes, Stack size 0 bytes, startup_at32f435_437.o(.text))
<BR>[Address Reference Count : 1]<UL><LI> startup_at32f435_437.o(RESET)
</UL>
<P><STRONG><a name="[38]"></a>TMR8_TRG_HALL_TMR14_IRQHandler</STRONG> (Thumb, 0 bytes, Stack size 0 bytes, startup_at32f435_437.o(.text))
<BR>[Address Reference Count : 1]<UL><LI> startup_at32f435_437.o(RESET)
</UL>
<P><STRONG><a name="[40]"></a>UART5_IRQHandler</STRONG> (Thumb, 0 bytes, Stack size 0 bytes, startup_at32f435_437.o(.text))
<BR>[Address Reference Count : 1]<UL><LI> startup_at32f435_437.o(RESET)
</UL>
<P><STRONG><a name="[58]"></a>UART7_IRQHandler</STRONG> (Thumb, 0 bytes, Stack size 0 bytes, startup_at32f435_437.o(.text))
<BR>[Address Reference Count : 1]<UL><LI> startup_at32f435_437.o(RESET)
</UL>
<P><STRONG><a name="[59]"></a>UART8_IRQHandler</STRONG> (Thumb, 0 bytes, Stack size 0 bytes, startup_at32f435_437.o(.text))
<BR>[Address Reference Count : 1]<UL><LI> startup_at32f435_437.o(RESET)
</UL>
<P><STRONG><a name="[51]"></a>USART6_IRQHandler</STRONG> (Thumb, 0 bytes, Stack size 0 bytes, startup_at32f435_437.o(.text))
<BR>[Address Reference Count : 1]<UL><LI> startup_at32f435_437.o(RESET)
</UL>
<P><STRONG><a name="[b]"></a>WWDT_IRQHandler</STRONG> (Thumb, 0 bytes, Stack size 0 bytes, startup_at32f435_437.o(.text))
<BR>[Address Reference Count : 1]<UL><LI> startup_at32f435_437.o(RESET)
</UL>
<P><STRONG><a name="[3b]"></a>XMC_IRQHandler</STRONG> (Thumb, 0 bytes, Stack size 0 bytes, startup_at32f435_437.o(.text))
<BR>[Address Reference Count : 1]<UL><LI> startup_at32f435_437.o(RESET)
</UL>
<P><STRONG><a name="[76]"></a>__aeabi_uldivmod</STRONG> (Thumb, 98 bytes, Stack size 40 bytes, uldiv.o(.text))
<BR><BR>[Stack]<UL><LI>Max Depth = 40<LI>Call Chain = __aeabi_uldivmod
</UL>
<BR>[Calls]<UL><LI><a href="#[77]">&gt;&gt;</a>&nbsp;&nbsp;&nbsp;__aeabi_llsr
<LI><a href="#[78]">&gt;&gt;</a>&nbsp;&nbsp;&nbsp;__aeabi_llsl
</UL>
<BR>[Called By]<UL><LI><a href="#[14e]">&gt;&gt;</a>&nbsp;&nbsp;&nbsp;system_core_clock_update
<LI><a href="#[189]">&gt;&gt;</a>&nbsp;&nbsp;&nbsp;crm_clocks_freq_get
<LI><a href="#[177]">&gt;&gt;</a>&nbsp;&nbsp;&nbsp;_printf_core
<LI><a href="#[185]">&gt;&gt;</a>&nbsp;&nbsp;&nbsp;_fp_digits
</UL>

<P><STRONG><a name="[79]"></a>mktime</STRONG> (Thumb, 150 bytes, Stack size 16 bytes, mktime.o(.text))
<BR><BR>[Stack]<UL><LI>Max Depth = 24<LI>Call Chain = mktime &rArr; _localtime
</UL>
<BR>[Calls]<UL><LI><a href="#[7a]">&gt;&gt;</a>&nbsp;&nbsp;&nbsp;_localtime
</UL>
<BR>[Called By]<UL><LI><a href="#[b3]">&gt;&gt;</a>&nbsp;&nbsp;&nbsp;TimeTurn
</UL>

<P><STRONG><a name="[b9]"></a>__aeabi_memcpy</STRONG> (Thumb, 36 bytes, Stack size 0 bytes, memcpya.o(.text))
<BR><BR>[Called By]<UL><LI><a href="#[175]">&gt;&gt;</a>&nbsp;&nbsp;&nbsp;lm_fifo_add_node_impolite
<LI><a href="#[be]">&gt;&gt;</a>&nbsp;&nbsp;&nbsp;Bsp_Rdss_Tx_CCTCQ
<LI><a href="#[ad]">&gt;&gt;</a>&nbsp;&nbsp;&nbsp;Bsp_Add_Loca_Queue
<LI><a href="#[ea]">&gt;&gt;</a>&nbsp;&nbsp;&nbsp;Bsp_Rdss_PWI_Data_Split
<LI><a href="#[e9]">&gt;&gt;</a>&nbsp;&nbsp;&nbsp;Bsp_Rdss_ICP_Data_Split
<LI><a href="#[ee]">&gt;&gt;</a>&nbsp;&nbsp;&nbsp;Bsp_Rdss_Data_Check
<LI><a href="#[cb]">&gt;&gt;</a>&nbsp;&nbsp;&nbsp;Bsp_Gnss_RMC_Data_Split
<LI><a href="#[d0]">&gt;&gt;</a>&nbsp;&nbsp;&nbsp;Bsp_Gnss_Data_Check
<LI><a href="#[167]">&gt;&gt;</a>&nbsp;&nbsp;&nbsp;Port_Tx_Cmd_Pack
<LI><a href="#[e6]">&gt;&gt;</a>&nbsp;&nbsp;&nbsp;Port_Rxdata_deal
</UL>

<P><STRONG><a name="[c7]"></a>__aeabi_memcpy4</STRONG> (Thumb, 0 bytes, Stack size 0 bytes, memcpya.o(.text))
<BR><BR>[Called By]<UL><LI><a href="#[dc]">&gt;&gt;</a>&nbsp;&nbsp;&nbsp;Bsp_Rdss_Tx_CCICR
<LI><a href="#[c4]">&gt;&gt;</a>&nbsp;&nbsp;&nbsp;Bsp_GNSS_Data_Deal
</UL>

<P><STRONG><a name="[1a6]"></a>__aeabi_memcpy8</STRONG> (Thumb, 0 bytes, Stack size 0 bytes, memcpya.o(.text), UNUSED)

<P><STRONG><a name="[7c]"></a>__aeabi_memset</STRONG> (Thumb, 14 bytes, Stack size 0 bytes, memseta.o(.text))
<BR><BR>[Called By]<UL><LI><a href="#[7d]">&gt;&gt;</a>&nbsp;&nbsp;&nbsp;_memset$wrapper
<LI><a href="#[7b]">&gt;&gt;</a>&nbsp;&nbsp;&nbsp;__aeabi_memclr
</UL>

<P><STRONG><a name="[1a7]"></a>__aeabi_memset4</STRONG> (Thumb, 0 bytes, Stack size 0 bytes, memseta.o(.text), UNUSED)

<P><STRONG><a name="[1a8]"></a>__aeabi_memset8</STRONG> (Thumb, 0 bytes, Stack size 0 bytes, memseta.o(.text), UNUSED)

<P><STRONG><a name="[7b]"></a>__aeabi_memclr</STRONG> (Thumb, 4 bytes, Stack size 0 bytes, memseta.o(.text))
<BR><BR>[Calls]<UL><LI><a href="#[7c]">&gt;&gt;</a>&nbsp;&nbsp;&nbsp;__aeabi_memset
</UL>
<BR>[Called By]<UL><LI><a href="#[10b]">&gt;&gt;</a>&nbsp;&nbsp;&nbsp;lm_fifo_init
<LI><a href="#[ad]">&gt;&gt;</a>&nbsp;&nbsp;&nbsp;Bsp_Add_Loca_Queue
<LI><a href="#[a2]">&gt;&gt;</a>&nbsp;&nbsp;&nbsp;API_Funftoa
<LI><a href="#[ec]">&gt;&gt;</a>&nbsp;&nbsp;&nbsp;Bsp_RDSS_Parse_Init
<LI><a href="#[cd]">&gt;&gt;</a>&nbsp;&nbsp;&nbsp;Bsp_GNSS_Parse_Init
</UL>

<P><STRONG><a name="[c5]"></a>__aeabi_memclr4</STRONG> (Thumb, 0 bytes, Stack size 0 bytes, memseta.o(.text))
<BR><BR>[Called By]<UL><LI><a href="#[be]">&gt;&gt;</a>&nbsp;&nbsp;&nbsp;Bsp_Rdss_Tx_CCTCQ
<LI><a href="#[ea]">&gt;&gt;</a>&nbsp;&nbsp;&nbsp;Bsp_Rdss_PWI_Data_Split
<LI><a href="#[ee]">&gt;&gt;</a>&nbsp;&nbsp;&nbsp;Bsp_Rdss_Data_Check
<LI><a href="#[ed]">&gt;&gt;</a>&nbsp;&nbsp;&nbsp;Bsp_RDSS_Split_Data_Init
<LI><a href="#[ec]">&gt;&gt;</a>&nbsp;&nbsp;&nbsp;Bsp_RDSS_Parse_Init
<LI><a href="#[cb]">&gt;&gt;</a>&nbsp;&nbsp;&nbsp;Bsp_Gnss_RMC_Data_Split
<LI><a href="#[d0]">&gt;&gt;</a>&nbsp;&nbsp;&nbsp;Bsp_Gnss_Data_Check
<LI><a href="#[ce]">&gt;&gt;</a>&nbsp;&nbsp;&nbsp;Bsp_GNSS_Split_Data_Init
<LI><a href="#[cd]">&gt;&gt;</a>&nbsp;&nbsp;&nbsp;Bsp_GNSS_Parse_Init
<LI><a href="#[c4]">&gt;&gt;</a>&nbsp;&nbsp;&nbsp;Bsp_GNSS_Data_Deal
<LI><a href="#[e2]">&gt;&gt;</a>&nbsp;&nbsp;&nbsp;infor_rep
<LI><a href="#[167]">&gt;&gt;</a>&nbsp;&nbsp;&nbsp;Port_Tx_Cmd_Pack
<LI><a href="#[e6]">&gt;&gt;</a>&nbsp;&nbsp;&nbsp;Port_Rxdata_deal
</UL>

<P><STRONG><a name="[1a9]"></a>__aeabi_memclr8</STRONG> (Thumb, 0 bytes, Stack size 0 bytes, memseta.o(.text), UNUSED)

<P><STRONG><a name="[7d]"></a>_memset$wrapper</STRONG> (Thumb, 18 bytes, Stack size 8 bytes, memseta.o(.text), UNUSED)
<BR><BR>[Calls]<UL><LI><a href="#[7c]">&gt;&gt;</a>&nbsp;&nbsp;&nbsp;__aeabi_memset
</UL>

<P><STRONG><a name="[b8]"></a>strlen</STRONG> (Thumb, 14 bytes, Stack size 0 bytes, strlen.o(.text))
<BR><BR>[Called By]<UL><LI><a href="#[be]">&gt;&gt;</a>&nbsp;&nbsp;&nbsp;Bsp_Rdss_Tx_CCTCQ
<LI><a href="#[ad]">&gt;&gt;</a>&nbsp;&nbsp;&nbsp;Bsp_Add_Loca_Queue
</UL>

<P><STRONG><a name="[ca]"></a>memcmp</STRONG> (Thumb, 26 bytes, Stack size 12 bytes, memcmp.o(.text))
<BR><BR>[Stack]<UL><LI>Max Depth = 12<LI>Call Chain = memcmp
</UL>
<BR>[Called By]<UL><LI><a href="#[e8]">&gt;&gt;</a>&nbsp;&nbsp;&nbsp;Bsp_RDSS_Data_Parse_String
<LI><a href="#[c9]">&gt;&gt;</a>&nbsp;&nbsp;&nbsp;Bsp_GNSS_Data_Parse_String
</UL>

<P><STRONG><a name="[7e]"></a>__0sscanf</STRONG> (Thumb, 48 bytes, Stack size 72 bytes, __0sscanf.o(.text))
<BR><BR>[Stack]<UL><LI>Max Depth = 264<LI>Call Chain = __0sscanf &rArr; __vfscanf_char &rArr; __vfscanf &rArr; _scanf_real
</UL>
<BR>[Calls]<UL><LI><a href="#[7f]">&gt;&gt;</a>&nbsp;&nbsp;&nbsp;__vfscanf_char
</UL>
<BR>[Called By]<UL><LI><a href="#[ee]">&gt;&gt;</a>&nbsp;&nbsp;&nbsp;Bsp_Rdss_Data_Check
<LI><a href="#[d0]">&gt;&gt;</a>&nbsp;&nbsp;&nbsp;Bsp_Gnss_Data_Check
</UL>

<P><STRONG><a name="[80]"></a>_scanf_int</STRONG> (Thumb, 332 bytes, Stack size 56 bytes, _scanf_int.o(.text))
<BR><BR>[Stack]<UL><LI>Max Depth = 56<LI>Call Chain = _scanf_int
</UL>
<BR>[Calls]<UL><LI><a href="#[81]">&gt;&gt;</a>&nbsp;&nbsp;&nbsp;_chval
</UL>
<BR>[Called By]<UL><LI><a href="#[8e]">&gt;&gt;</a>&nbsp;&nbsp;&nbsp;__vfscanf
</UL>

<P><STRONG><a name="[82]"></a>__aeabi_dadd</STRONG> (Thumb, 322 bytes, Stack size 48 bytes, dadd.o(.text))
<BR><BR>[Stack]<UL><LI>Max Depth = 88<LI>Call Chain = __aeabi_dadd &rArr; _double_epilogue &rArr; _double_round
</UL>
<BR>[Calls]<UL><LI><a href="#[83]">&gt;&gt;</a>&nbsp;&nbsp;&nbsp;__aeabi_lasr
<LI><a href="#[78]">&gt;&gt;</a>&nbsp;&nbsp;&nbsp;__aeabi_llsl
<LI><a href="#[85]">&gt;&gt;</a>&nbsp;&nbsp;&nbsp;_double_round
<LI><a href="#[84]">&gt;&gt;</a>&nbsp;&nbsp;&nbsp;_double_epilogue
</UL>
<BR>[Called By]<UL><LI><a href="#[86]">&gt;&gt;</a>&nbsp;&nbsp;&nbsp;__aeabi_dsub
<LI><a href="#[a9]">&gt;&gt;</a>&nbsp;&nbsp;&nbsp;Api_Location_Data_Turn
<LI><a href="#[a5]">&gt;&gt;</a>&nbsp;&nbsp;&nbsp;Api_Loca_Distance
<LI><a href="#[87]">&gt;&gt;</a>&nbsp;&nbsp;&nbsp;__aeabi_drsub
<LI><a href="#[b0]">&gt;&gt;</a>&nbsp;&nbsp;&nbsp;Bsp_Get_Temp
<LI><a href="#[185]">&gt;&gt;</a>&nbsp;&nbsp;&nbsp;_fp_digits
<LI><a href="#[a8]">&gt;&gt;</a>&nbsp;&nbsp;&nbsp;__hardfp_asin
<LI><a href="#[183]">&gt;&gt;</a>&nbsp;&nbsp;&nbsp;__kernel_sin
<LI><a href="#[182]">&gt;&gt;</a>&nbsp;&nbsp;&nbsp;__ieee754_rem_pio2
<LI><a href="#[17e]">&gt;&gt;</a>&nbsp;&nbsp;&nbsp;__kernel_poly
<LI><a href="#[179]">&gt;&gt;</a>&nbsp;&nbsp;&nbsp;__mathlib_dbl_infnan
</UL>

<P><STRONG><a name="[86]"></a>__aeabi_dsub</STRONG> (Thumb, 6 bytes, Stack size 0 bytes, dadd.o(.text))
<BR><BR>[Stack]<UL><LI>Max Depth = 88<LI>Call Chain = __aeabi_dsub &rArr; __aeabi_dadd &rArr; _double_epilogue &rArr; _double_round
</UL>
<BR>[Calls]<UL><LI><a href="#[82]">&gt;&gt;</a>&nbsp;&nbsp;&nbsp;__aeabi_dadd
</UL>
<BR>[Called By]<UL><LI><a href="#[a5]">&gt;&gt;</a>&nbsp;&nbsp;&nbsp;Api_Loca_Distance
<LI><a href="#[a8]">&gt;&gt;</a>&nbsp;&nbsp;&nbsp;__hardfp_asin
<LI><a href="#[183]">&gt;&gt;</a>&nbsp;&nbsp;&nbsp;__kernel_sin
<LI><a href="#[182]">&gt;&gt;</a>&nbsp;&nbsp;&nbsp;__ieee754_rem_pio2
<LI><a href="#[184]">&gt;&gt;</a>&nbsp;&nbsp;&nbsp;__kernel_cos
</UL>

<P><STRONG><a name="[87]"></a>__aeabi_drsub</STRONG> (Thumb, 6 bytes, Stack size 0 bytes, dadd.o(.text))
<BR><BR>[Stack]<UL><LI>Max Depth = 88<LI>Call Chain = __aeabi_drsub &rArr; __aeabi_dadd &rArr; _double_epilogue &rArr; _double_round
</UL>
<BR>[Calls]<UL><LI><a href="#[82]">&gt;&gt;</a>&nbsp;&nbsp;&nbsp;__aeabi_dadd
</UL>
<BR>[Called By]<UL><LI><a href="#[a2]">&gt;&gt;</a>&nbsp;&nbsp;&nbsp;API_Funftoa
<LI><a href="#[a5]">&gt;&gt;</a>&nbsp;&nbsp;&nbsp;Api_Loca_Distance
<LI><a href="#[b0]">&gt;&gt;</a>&nbsp;&nbsp;&nbsp;Bsp_Get_Temp
<LI><a href="#[a8]">&gt;&gt;</a>&nbsp;&nbsp;&nbsp;__hardfp_asin
<LI><a href="#[183]">&gt;&gt;</a>&nbsp;&nbsp;&nbsp;__kernel_sin
<LI><a href="#[182]">&gt;&gt;</a>&nbsp;&nbsp;&nbsp;__ieee754_rem_pio2
<LI><a href="#[184]">&gt;&gt;</a>&nbsp;&nbsp;&nbsp;__kernel_cos
</UL>

<P><STRONG><a name="[88]"></a>__aeabi_dmul</STRONG> (Thumb, 228 bytes, Stack size 48 bytes, dmul.o(.text))
<BR><BR>[Stack]<UL><LI>Max Depth = 88<LI>Call Chain = __aeabi_dmul &rArr; _double_epilogue &rArr; _double_round
</UL>
<BR>[Calls]<UL><LI><a href="#[84]">&gt;&gt;</a>&nbsp;&nbsp;&nbsp;_double_epilogue
</UL>
<BR>[Called By]<UL><LI><a href="#[a2]">&gt;&gt;</a>&nbsp;&nbsp;&nbsp;API_Funftoa
<LI><a href="#[a9]">&gt;&gt;</a>&nbsp;&nbsp;&nbsp;Api_Location_Data_Turn
<LI><a href="#[a5]">&gt;&gt;</a>&nbsp;&nbsp;&nbsp;Api_Loca_Distance
<LI><a href="#[10c]">&gt;&gt;</a>&nbsp;&nbsp;&nbsp;Bsp_Updata_Bat_Percent
<LI><a href="#[b0]">&gt;&gt;</a>&nbsp;&nbsp;&nbsp;Bsp_Get_Temp
<LI><a href="#[af]">&gt;&gt;</a>&nbsp;&nbsp;&nbsp;Bsp_Get_SloarVolFloat
<LI><a href="#[cf]">&gt;&gt;</a>&nbsp;&nbsp;&nbsp;Bsp_Get_SloarVol
<LI><a href="#[185]">&gt;&gt;</a>&nbsp;&nbsp;&nbsp;_fp_digits
<LI><a href="#[a8]">&gt;&gt;</a>&nbsp;&nbsp;&nbsp;__hardfp_asin
<LI><a href="#[96]">&gt;&gt;</a>&nbsp;&nbsp;&nbsp;_fp_value
<LI><a href="#[183]">&gt;&gt;</a>&nbsp;&nbsp;&nbsp;__kernel_sin
<LI><a href="#[182]">&gt;&gt;</a>&nbsp;&nbsp;&nbsp;__ieee754_rem_pio2
<LI><a href="#[17e]">&gt;&gt;</a>&nbsp;&nbsp;&nbsp;__kernel_poly
<LI><a href="#[17d]">&gt;&gt;</a>&nbsp;&nbsp;&nbsp;__mathlib_dbl_underflow
<LI><a href="#[184]">&gt;&gt;</a>&nbsp;&nbsp;&nbsp;__kernel_cos
</UL>

<P><STRONG><a name="[89]"></a>__aeabi_ddiv</STRONG> (Thumb, 222 bytes, Stack size 32 bytes, ddiv.o(.text))
<BR><BR>[Stack]<UL><LI>Max Depth = 40<LI>Call Chain = __aeabi_ddiv &rArr; _double_round
</UL>
<BR>[Calls]<UL><LI><a href="#[85]">&gt;&gt;</a>&nbsp;&nbsp;&nbsp;_double_round
</UL>
<BR>[Called By]<UL><LI><a href="#[a9]">&gt;&gt;</a>&nbsp;&nbsp;&nbsp;Api_Location_Data_Turn
<LI><a href="#[b0]">&gt;&gt;</a>&nbsp;&nbsp;&nbsp;Bsp_Get_Temp
<LI><a href="#[185]">&gt;&gt;</a>&nbsp;&nbsp;&nbsp;_fp_digits
<LI><a href="#[a8]">&gt;&gt;</a>&nbsp;&nbsp;&nbsp;__hardfp_asin
<LI><a href="#[96]">&gt;&gt;</a>&nbsp;&nbsp;&nbsp;_fp_value
<LI><a href="#[17b]">&gt;&gt;</a>&nbsp;&nbsp;&nbsp;__mathlib_dbl_invalid
</UL>

<P><STRONG><a name="[8a]"></a>__aeabi_ui2d</STRONG> (Thumb, 26 bytes, Stack size 16 bytes, dfltui.o(.text))
<BR><BR>[Stack]<UL><LI>Max Depth = 56<LI>Call Chain = __aeabi_ui2d &rArr; _double_epilogue &rArr; _double_round
</UL>
<BR>[Calls]<UL><LI><a href="#[84]">&gt;&gt;</a>&nbsp;&nbsp;&nbsp;_double_epilogue
</UL>
<BR>[Called By]<UL><LI><a href="#[a2]">&gt;&gt;</a>&nbsp;&nbsp;&nbsp;API_Funftoa
<LI><a href="#[a9]">&gt;&gt;</a>&nbsp;&nbsp;&nbsp;Api_Location_Data_Turn
<LI><a href="#[10c]">&gt;&gt;</a>&nbsp;&nbsp;&nbsp;Bsp_Updata_Bat_Percent
<LI><a href="#[b0]">&gt;&gt;</a>&nbsp;&nbsp;&nbsp;Bsp_Get_Temp
<LI><a href="#[af]">&gt;&gt;</a>&nbsp;&nbsp;&nbsp;Bsp_Get_SloarVolFloat
<LI><a href="#[cf]">&gt;&gt;</a>&nbsp;&nbsp;&nbsp;Bsp_Get_SloarVol
<LI><a href="#[182]">&gt;&gt;</a>&nbsp;&nbsp;&nbsp;__ieee754_rem_pio2
</UL>

<P><STRONG><a name="[8b]"></a>__aeabi_d2uiz</STRONG> (Thumb, 50 bytes, Stack size 8 bytes, dfixui.o(.text))
<BR><BR>[Stack]<UL><LI>Max Depth = 8<LI>Call Chain = __aeabi_d2uiz
</UL>
<BR>[Calls]<UL><LI><a href="#[77]">&gt;&gt;</a>&nbsp;&nbsp;&nbsp;__aeabi_llsr
</UL>
<BR>[Called By]<UL><LI><a href="#[a2]">&gt;&gt;</a>&nbsp;&nbsp;&nbsp;API_Funftoa
<LI><a href="#[ea]">&gt;&gt;</a>&nbsp;&nbsp;&nbsp;Bsp_Rdss_PWI_Data_Split
<LI><a href="#[cb]">&gt;&gt;</a>&nbsp;&nbsp;&nbsp;Bsp_Gnss_RMC_Data_Split
<LI><a href="#[c4]">&gt;&gt;</a>&nbsp;&nbsp;&nbsp;Bsp_GNSS_Data_Deal
<LI><a href="#[a9]">&gt;&gt;</a>&nbsp;&nbsp;&nbsp;Api_Location_Data_Turn
<LI><a href="#[10c]">&gt;&gt;</a>&nbsp;&nbsp;&nbsp;Bsp_Updata_Bat_Percent
<LI><a href="#[cf]">&gt;&gt;</a>&nbsp;&nbsp;&nbsp;Bsp_Get_SloarVol
</UL>

<P><STRONG><a name="[b4]"></a>__aeabi_f2d</STRONG> (Thumb, 38 bytes, Stack size 0 bytes, f2d.o(.text))
<BR><BR>[Called By]<UL><LI><a href="#[ad]">&gt;&gt;</a>&nbsp;&nbsp;&nbsp;Bsp_Add_Loca_Queue
<LI><a href="#[b1]">&gt;&gt;</a>&nbsp;&nbsp;&nbsp;Bsp_Get_Location
</UL>

<P><STRONG><a name="[b7]"></a>__aeabi_cdcmpeq</STRONG> (Thumb, 0 bytes, Stack size 0 bytes, cdcmple.o(.text))
<BR><BR>[Called By]<UL><LI><a href="#[ad]">&gt;&gt;</a>&nbsp;&nbsp;&nbsp;Bsp_Add_Loca_Queue
<LI><a href="#[c4]">&gt;&gt;</a>&nbsp;&nbsp;&nbsp;Bsp_GNSS_Data_Deal
</UL>

<P><STRONG><a name="[a3]"></a>__aeabi_cdcmple</STRONG> (Thumb, 48 bytes, Stack size 0 bytes, cdcmple.o(.text))
<BR><BR>[Called By]<UL><LI><a href="#[a2]">&gt;&gt;</a>&nbsp;&nbsp;&nbsp;API_Funftoa
</UL>

<P><STRONG><a name="[a4]"></a>__aeabi_cdrcmple</STRONG> (Thumb, 48 bytes, Stack size 0 bytes, cdrcmple.o(.text))
<BR><BR>[Called By]<UL><LI><a href="#[ad]">&gt;&gt;</a>&nbsp;&nbsp;&nbsp;Bsp_Add_Loca_Queue
<LI><a href="#[a2]">&gt;&gt;</a>&nbsp;&nbsp;&nbsp;API_Funftoa
<LI><a href="#[f3]">&gt;&gt;</a>&nbsp;&nbsp;&nbsp;Bsp_Rdss_Signal_Valid
<LI><a href="#[185]">&gt;&gt;</a>&nbsp;&nbsp;&nbsp;_fp_digits
</UL>

<P><STRONG><a name="[8c]"></a>__aeabi_d2f</STRONG> (Thumb, 56 bytes, Stack size 8 bytes, d2f.o(.text))
<BR><BR>[Stack]<UL><LI>Max Depth = 8<LI>Call Chain = __aeabi_d2f
</UL>
<BR>[Calls]<UL><LI><a href="#[8d]">&gt;&gt;</a>&nbsp;&nbsp;&nbsp;_float_round
</UL>
<BR>[Called By]<UL><LI><a href="#[cb]">&gt;&gt;</a>&nbsp;&nbsp;&nbsp;Bsp_Gnss_RMC_Data_Split
<LI><a href="#[af]">&gt;&gt;</a>&nbsp;&nbsp;&nbsp;Bsp_Get_SloarVolFloat
<LI><a href="#[98]">&gt;&gt;</a>&nbsp;&nbsp;&nbsp;_scanf_really_real
</UL>

<P><STRONG><a name="[1aa]"></a>__aeabi_uidiv</STRONG> (Thumb, 0 bytes, Stack size 12 bytes, uidiv.o(.text), UNUSED)

<P><STRONG><a name="[188]"></a>__aeabi_uidivmod</STRONG> (Thumb, 44 bytes, Stack size 12 bytes, uidiv.o(.text), UNUSED)
<BR><BR>[Called By]<UL><LI><a href="#[177]">&gt;&gt;</a>&nbsp;&nbsp;&nbsp;_printf_core
</UL>

<P><STRONG><a name="[78]"></a>__aeabi_llsl</STRONG> (Thumb, 30 bytes, Stack size 0 bytes, llshl.o(.text))
<BR><BR>[Called By]<UL><LI><a href="#[82]">&gt;&gt;</a>&nbsp;&nbsp;&nbsp;__aeabi_dadd
<LI><a href="#[93]">&gt;&gt;</a>&nbsp;&nbsp;&nbsp;__aeabi_d2ulz
<LI><a href="#[76]">&gt;&gt;</a>&nbsp;&nbsp;&nbsp;__aeabi_uldivmod
<LI><a href="#[84]">&gt;&gt;</a>&nbsp;&nbsp;&nbsp;_double_epilogue
</UL>

<P><STRONG><a name="[1ab]"></a>_ll_shift_l</STRONG> (Thumb, 0 bytes, Stack size 0 bytes, llshl.o(.text), UNUSED)

<P><STRONG><a name="[77]"></a>__aeabi_llsr</STRONG> (Thumb, 32 bytes, Stack size 0 bytes, llushr.o(.text))
<BR><BR>[Called By]<UL><LI><a href="#[8b]">&gt;&gt;</a>&nbsp;&nbsp;&nbsp;__aeabi_d2uiz
<LI><a href="#[93]">&gt;&gt;</a>&nbsp;&nbsp;&nbsp;__aeabi_d2ulz
<LI><a href="#[76]">&gt;&gt;</a>&nbsp;&nbsp;&nbsp;__aeabi_uldivmod
<LI><a href="#[92]">&gt;&gt;</a>&nbsp;&nbsp;&nbsp;_dsqrt
<LI><a href="#[9b]">&gt;&gt;</a>&nbsp;&nbsp;&nbsp;__aeabi_d2iz
<LI><a href="#[84]">&gt;&gt;</a>&nbsp;&nbsp;&nbsp;_double_epilogue
</UL>

<P><STRONG><a name="[1ac]"></a>_ll_ushift_r</STRONG> (Thumb, 0 bytes, Stack size 0 bytes, llushr.o(.text), UNUSED)

<P><STRONG><a name="[83]"></a>__aeabi_lasr</STRONG> (Thumb, 36 bytes, Stack size 0 bytes, llsshr.o(.text))
<BR><BR>[Called By]<UL><LI><a href="#[82]">&gt;&gt;</a>&nbsp;&nbsp;&nbsp;__aeabi_dadd
</UL>

<P><STRONG><a name="[1ad]"></a>_ll_sshift_r</STRONG> (Thumb, 0 bytes, Stack size 0 bytes, llsshr.o(.text), UNUSED)

<P><STRONG><a name="[7a]"></a>_localtime</STRONG> (Thumb, 134 bytes, Stack size 8 bytes, localtime_i.o(.text))
<BR><BR>[Stack]<UL><LI>Max Depth = 8<LI>Call Chain = _localtime
</UL>
<BR>[Called By]<UL><LI><a href="#[79]">&gt;&gt;</a>&nbsp;&nbsp;&nbsp;mktime
</UL>

<P><STRONG><a name="[81]"></a>_chval</STRONG> (Thumb, 28 bytes, Stack size 0 bytes, _chval.o(.text))
<BR><BR>[Called By]<UL><LI><a href="#[80]">&gt;&gt;</a>&nbsp;&nbsp;&nbsp;_scanf_int
</UL>

<P><STRONG><a name="[7f]"></a>__vfscanf_char</STRONG> (Thumb, 20 bytes, Stack size 0 bytes, scanf_char.o(.text))
<BR><BR>[Stack]<UL><LI>Max Depth = 192<LI>Call Chain = __vfscanf_char &rArr; __vfscanf &rArr; _scanf_real
</UL>
<BR>[Calls]<UL><LI><a href="#[8e]">&gt;&gt;</a>&nbsp;&nbsp;&nbsp;__vfscanf
</UL>
<BR>[Called By]<UL><LI><a href="#[7e]">&gt;&gt;</a>&nbsp;&nbsp;&nbsp;__0sscanf
</UL>

<P><STRONG><a name="[6e]"></a>_sgetc</STRONG> (Thumb, 30 bytes, Stack size 0 bytes, _sgetc.o(.text))
<BR>[Address Reference Count : 2]<UL><LI> strtod.o(.text)
<LI> __0sscanf.o(.text)
</UL>
<P><STRONG><a name="[6f]"></a>_sbackspace</STRONG> (Thumb, 34 bytes, Stack size 0 bytes, _sgetc.o(.text))
<BR>[Address Reference Count : 2]<UL><LI> strtod.o(.text)
<LI> __0sscanf.o(.text)
</UL>
<P><STRONG><a name="[91]"></a>__strtod_int</STRONG> (Thumb, 90 bytes, Stack size 40 bytes, strtod.o(.text))
<BR><BR>[Stack]<UL><LI>Max Depth = 200<LI>Call Chain = __strtod_int &rArr; _local_sscanf &rArr; _scanf_real
</UL>
<BR>[Calls]<UL><LI><a href="#[8f]">&gt;&gt;</a>&nbsp;&nbsp;&nbsp;_local_sscanf
</UL>
<BR>[Called By]<UL><LI><a href="#[d3]">&gt;&gt;</a>&nbsp;&nbsp;&nbsp;__hardfp_atof
</UL>

<P><STRONG><a name="[1ae]"></a>__I$use$fp</STRONG> (Thumb, 0 bytes, Stack size 0 bytes, iusefp.o(.text), UNUSED)

<P><STRONG><a name="[8d]"></a>_float_round</STRONG> (Thumb, 18 bytes, Stack size 0 bytes, fepilogue.o(.text))
<BR><BR>[Called By]<UL><LI><a href="#[8c]">&gt;&gt;</a>&nbsp;&nbsp;&nbsp;__aeabi_d2f
</UL>

<P><STRONG><a name="[1af]"></a>_float_epilogue</STRONG> (Thumb, 92 bytes, Stack size 4 bytes, fepilogue.o(.text), UNUSED)

<P><STRONG><a name="[85]"></a>_double_round</STRONG> (Thumb, 30 bytes, Stack size 8 bytes, depilogue.o(.text))
<BR><BR>[Stack]<UL><LI>Max Depth = 8<LI>Call Chain = _double_round
</UL>
<BR>[Called By]<UL><LI><a href="#[89]">&gt;&gt;</a>&nbsp;&nbsp;&nbsp;__aeabi_ddiv
<LI><a href="#[82]">&gt;&gt;</a>&nbsp;&nbsp;&nbsp;__aeabi_dadd
<LI><a href="#[92]">&gt;&gt;</a>&nbsp;&nbsp;&nbsp;_dsqrt
<LI><a href="#[84]">&gt;&gt;</a>&nbsp;&nbsp;&nbsp;_double_epilogue
</UL>

<P><STRONG><a name="[84]"></a>_double_epilogue</STRONG> (Thumb, 156 bytes, Stack size 32 bytes, depilogue.o(.text))
<BR><BR>[Stack]<UL><LI>Max Depth = 40<LI>Call Chain = _double_epilogue &rArr; _double_round
</UL>
<BR>[Calls]<UL><LI><a href="#[77]">&gt;&gt;</a>&nbsp;&nbsp;&nbsp;__aeabi_llsr
<LI><a href="#[78]">&gt;&gt;</a>&nbsp;&nbsp;&nbsp;__aeabi_llsl
<LI><a href="#[85]">&gt;&gt;</a>&nbsp;&nbsp;&nbsp;_double_round
</UL>
<BR>[Called By]<UL><LI><a href="#[8a]">&gt;&gt;</a>&nbsp;&nbsp;&nbsp;__aeabi_ui2d
<LI><a href="#[88]">&gt;&gt;</a>&nbsp;&nbsp;&nbsp;__aeabi_dmul
<LI><a href="#[82]">&gt;&gt;</a>&nbsp;&nbsp;&nbsp;__aeabi_dadd
<LI><a href="#[97]">&gt;&gt;</a>&nbsp;&nbsp;&nbsp;__aeabi_ul2d
<LI><a href="#[9a]">&gt;&gt;</a>&nbsp;&nbsp;&nbsp;__aeabi_i2d
</UL>

<P><STRONG><a name="[92]"></a>_dsqrt</STRONG> (Thumb, 162 bytes, Stack size 32 bytes, dsqrt.o(.text))
<BR><BR>[Stack]<UL><LI>Max Depth = 40<LI>Call Chain = _dsqrt &rArr; _double_round
</UL>
<BR>[Calls]<UL><LI><a href="#[77]">&gt;&gt;</a>&nbsp;&nbsp;&nbsp;__aeabi_llsr
<LI><a href="#[85]">&gt;&gt;</a>&nbsp;&nbsp;&nbsp;_double_round
</UL>
<BR>[Called By]<UL><LI><a href="#[180]">&gt;&gt;</a>&nbsp;&nbsp;&nbsp;sqrt
<LI><a href="#[a7]">&gt;&gt;</a>&nbsp;&nbsp;&nbsp;__hardfp_sqrt
</UL>

<P><STRONG><a name="[93]"></a>__aeabi_d2ulz</STRONG> (Thumb, 48 bytes, Stack size 0 bytes, dfixul.o(.text), UNUSED)
<BR><BR>[Calls]<UL><LI><a href="#[77]">&gt;&gt;</a>&nbsp;&nbsp;&nbsp;__aeabi_llsr
<LI><a href="#[78]">&gt;&gt;</a>&nbsp;&nbsp;&nbsp;__aeabi_llsl
</UL>
<BR>[Called By]<UL><LI><a href="#[185]">&gt;&gt;</a>&nbsp;&nbsp;&nbsp;_fp_digits
</UL>

<P><STRONG><a name="[75]"></a>__scatterload</STRONG> (Thumb, 28 bytes, Stack size 0 bytes, init.o(.text))
<BR><BR>[Calls]<UL><LI><a href="#[94]">&gt;&gt;</a>&nbsp;&nbsp;&nbsp;__main_after_scatterload
</UL>
<BR>[Called By]<UL><LI><a href="#[74]">&gt;&gt;</a>&nbsp;&nbsp;&nbsp;_main_scatterload
</UL>

<P><STRONG><a name="[1b0]"></a>__scatterload_rt2</STRONG> (Thumb, 0 bytes, Stack size 0 bytes, init.o(.text), UNUSED)

<P><STRONG><a name="[71]"></a>isspace</STRONG> (Thumb, 10 bytes, Stack size 0 bytes, isspace_c.o(.text))
<BR><BR>[Calls]<UL><LI><a href="#[95]">&gt;&gt;</a>&nbsp;&nbsp;&nbsp;__ctype_lookup
</UL>
<BR>[Address Reference Count : 2]<UL><LI> scanf_char.o(.text)
<LI> strtod.o(.text)
</UL>
<P><STRONG><a name="[8e]"></a>__vfscanf</STRONG> (Thumb, 808 bytes, Stack size 88 bytes, _scanf.o(.text))
<BR><BR>[Stack]<UL><LI>Max Depth = 192<LI>Call Chain = __vfscanf &rArr; _scanf_real
</UL>
<BR>[Calls]<UL><LI><a href="#[90]">&gt;&gt;</a>&nbsp;&nbsp;&nbsp;_scanf_real
<LI><a href="#[80]">&gt;&gt;</a>&nbsp;&nbsp;&nbsp;_scanf_int
</UL>
<BR>[Called By]<UL><LI><a href="#[7f]">&gt;&gt;</a>&nbsp;&nbsp;&nbsp;__vfscanf_char
</UL>

<P><STRONG><a name="[90]"></a>_scanf_real</STRONG> (Thumb, 0 bytes, Stack size 104 bytes, scanf_fp.o(.text))
<BR><BR>[Stack]<UL><LI>Max Depth = 104<LI>Call Chain = _scanf_real
</UL>
<BR>[Called By]<UL><LI><a href="#[8e]">&gt;&gt;</a>&nbsp;&nbsp;&nbsp;__vfscanf
<LI><a href="#[8f]">&gt;&gt;</a>&nbsp;&nbsp;&nbsp;_local_sscanf
</UL>

<P><STRONG><a name="[98]"></a>_scanf_really_real</STRONG> (Thumb, 556 bytes, Stack size 104 bytes, scanf_fp.o(.text), UNUSED)
<BR><BR>[Calls]<UL><LI><a href="#[8c]">&gt;&gt;</a>&nbsp;&nbsp;&nbsp;__aeabi_d2f
<LI><a href="#[99]">&gt;&gt;</a>&nbsp;&nbsp;&nbsp;_is_digit
<LI><a href="#[96]">&gt;&gt;</a>&nbsp;&nbsp;&nbsp;_fp_value
</UL>

<P><STRONG><a name="[9a]"></a>__aeabi_i2d</STRONG> (Thumb, 34 bytes, Stack size 16 bytes, dflti.o(.text))
<BR><BR>[Stack]<UL><LI>Max Depth = 56<LI>Call Chain = __aeabi_i2d &rArr; _double_epilogue &rArr; _double_round
</UL>
<BR>[Calls]<UL><LI><a href="#[84]">&gt;&gt;</a>&nbsp;&nbsp;&nbsp;_double_epilogue
</UL>
<BR>[Called By]<UL><LI><a href="#[182]">&gt;&gt;</a>&nbsp;&nbsp;&nbsp;__ieee754_rem_pio2
</UL>

<P><STRONG><a name="[9b]"></a>__aeabi_d2iz</STRONG> (Thumb, 62 bytes, Stack size 16 bytes, dfixi.o(.text))
<BR><BR>[Stack]<UL><LI>Max Depth = 16<LI>Call Chain = __aeabi_d2iz
</UL>
<BR>[Calls]<UL><LI><a href="#[77]">&gt;&gt;</a>&nbsp;&nbsp;&nbsp;__aeabi_llsr
</UL>
<BR>[Called By]<UL><LI><a href="#[182]">&gt;&gt;</a>&nbsp;&nbsp;&nbsp;__ieee754_rem_pio2
<LI><a href="#[184]">&gt;&gt;</a>&nbsp;&nbsp;&nbsp;__kernel_cos
</UL>

<P><STRONG><a name="[95]"></a>__ctype_lookup</STRONG> (Thumb, 34 bytes, Stack size 0 bytes, ctype_c.o(.text))
<BR><BR>[Called By]<UL><LI><a href="#[71]">&gt;&gt;</a>&nbsp;&nbsp;&nbsp;isspace
</UL>

<P><STRONG><a name="[97]"></a>__aeabi_ul2d</STRONG> (Thumb, 24 bytes, Stack size 16 bytes, dfltul.o(.text), UNUSED)
<BR><BR>[Calls]<UL><LI><a href="#[84]">&gt;&gt;</a>&nbsp;&nbsp;&nbsp;_double_epilogue
</UL>
<BR>[Called By]<UL><LI><a href="#[96]">&gt;&gt;</a>&nbsp;&nbsp;&nbsp;_fp_value
</UL>

<P><STRONG><a name="[9c]"></a>ADConvert</STRONG> (Thumb, 98 bytes, Stack size 16 bytes, bsp_batvol.o(i.ADConvert))
<BR><BR>[Stack]<UL><LI>Max Depth = 40<LI>Call Chain = ADConvert &rArr; Hal_Start_VSloar_ADC_Convert &rArr; adc_ordinary_channel_set
</UL>
<BR>[Calls]<UL><LI><a href="#[a0]">&gt;&gt;</a>&nbsp;&nbsp;&nbsp;Hal_Start_VSloar_ADC_Convert
<LI><a href="#[9d]">&gt;&gt;</a>&nbsp;&nbsp;&nbsp;Hal_Start_VBat_ADC_Convert
<LI><a href="#[a1]">&gt;&gt;</a>&nbsp;&nbsp;&nbsp;Hal_Get_ADC2_Value
<LI><a href="#[9e]">&gt;&gt;</a>&nbsp;&nbsp;&nbsp;Hal_Get_ADC1_Value
<LI><a href="#[9f]">&gt;&gt;</a>&nbsp;&nbsp;&nbsp;Arithmetic_Average
</UL>
<BR>[Called By]<UL><LI><a href="#[16d]">&gt;&gt;</a>&nbsp;&nbsp;&nbsp;SlotBranch10ms
</UL>

<P><STRONG><a name="[f6]"></a>API_Check_Xor</STRONG> (Thumb, 24 bytes, Stack size 0 bytes, bsp_rdsssend.o(i.API_Check_Xor))
<BR><BR>[Called By]<UL><LI><a href="#[be]">&gt;&gt;</a>&nbsp;&nbsp;&nbsp;Bsp_Rdss_Tx_CCTCQ
</UL>

<P><STRONG><a name="[a2]"></a>API_Funftoa</STRONG> (Thumb, 264 bytes, Stack size 24 bytes, bsp_rdsssend.o(i.API_Funftoa))
<BR><BR>[Stack]<UL><LI>Max Depth = 112<LI>Call Chain = API_Funftoa &rArr; __aeabi_drsub &rArr; __aeabi_dadd &rArr; _double_epilogue &rArr; _double_round
</UL>
<BR>[Calls]<UL><LI><a href="#[a3]">&gt;&gt;</a>&nbsp;&nbsp;&nbsp;__aeabi_cdcmple
<LI><a href="#[a4]">&gt;&gt;</a>&nbsp;&nbsp;&nbsp;__aeabi_cdrcmple
<LI><a href="#[8a]">&gt;&gt;</a>&nbsp;&nbsp;&nbsp;__aeabi_ui2d
<LI><a href="#[87]">&gt;&gt;</a>&nbsp;&nbsp;&nbsp;__aeabi_drsub
<LI><a href="#[88]">&gt;&gt;</a>&nbsp;&nbsp;&nbsp;__aeabi_dmul
<LI><a href="#[8b]">&gt;&gt;</a>&nbsp;&nbsp;&nbsp;__aeabi_d2uiz
<LI><a href="#[7b]">&gt;&gt;</a>&nbsp;&nbsp;&nbsp;__aeabi_memclr
</UL>
<BR>[Called By]<UL><LI><a href="#[ad]">&gt;&gt;</a>&nbsp;&nbsp;&nbsp;Bsp_Add_Loca_Queue
</UL>

<P><STRONG><a name="[f7]"></a>API_Hex8_To_String</STRONG> (Thumb, 44 bytes, Stack size 8 bytes, bsp_rdsssend.o(i.API_Hex8_To_String))
<BR><BR>[Stack]<UL><LI>Max Depth = 8<LI>Call Chain = API_Hex8_To_String
</UL>
<BR>[Called By]<UL><LI><a href="#[be]">&gt;&gt;</a>&nbsp;&nbsp;&nbsp;Bsp_Rdss_Tx_CCTCQ
</UL>

<P><STRONG><a name="[c8]"></a>Api_Acc_Speed</STRONG> (Thumb, 8 bytes, Stack size 0 bytes, bsp_gnssparse.o(i.Api_Acc_Speed))
<BR><BR>[Called By]<UL><LI><a href="#[c4]">&gt;&gt;</a>&nbsp;&nbsp;&nbsp;Bsp_GNSS_Data_Deal
</UL>

<P><STRONG><a name="[a5]"></a>Api_Loca_Distance</STRONG> (Thumb, 282 bytes, Stack size 72 bytes, bsp_gnssparse.o(i.Api_Loca_Distance))
<BR><BR>[Stack]<UL><LI>Max Depth = 312<LI>Call Chain = Api_Loca_Distance &rArr; __hardfp_cos &rArr; __ieee754_rem_pio2 &rArr; __aeabi_dsub &rArr; __aeabi_dadd &rArr; _double_epilogue &rArr; _double_round
</UL>
<BR>[Calls]<UL><LI><a href="#[86]">&gt;&gt;</a>&nbsp;&nbsp;&nbsp;__aeabi_dsub
<LI><a href="#[87]">&gt;&gt;</a>&nbsp;&nbsp;&nbsp;__aeabi_drsub
<LI><a href="#[88]">&gt;&gt;</a>&nbsp;&nbsp;&nbsp;__aeabi_dmul
<LI><a href="#[82]">&gt;&gt;</a>&nbsp;&nbsp;&nbsp;__aeabi_dadd
<LI><a href="#[a7]">&gt;&gt;</a>&nbsp;&nbsp;&nbsp;__hardfp_sqrt
<LI><a href="#[a6]">&gt;&gt;</a>&nbsp;&nbsp;&nbsp;__hardfp_cos
<LI><a href="#[a8]">&gt;&gt;</a>&nbsp;&nbsp;&nbsp;__hardfp_asin
</UL>
<BR>[Called By]<UL><LI><a href="#[c4]">&gt;&gt;</a>&nbsp;&nbsp;&nbsp;Bsp_GNSS_Data_Deal
</UL>

<P><STRONG><a name="[a9]"></a>Api_Location_Data_Turn</STRONG> (Thumb, 108 bytes, Stack size 32 bytes, bsp_gnssparse.o(i.Api_Location_Data_Turn))
<BR><BR>[Stack]<UL><LI>Max Depth = 120<LI>Call Chain = Api_Location_Data_Turn &rArr; __aeabi_dmul &rArr; _double_epilogue &rArr; _double_round
</UL>
<BR>[Calls]<UL><LI><a href="#[8a]">&gt;&gt;</a>&nbsp;&nbsp;&nbsp;__aeabi_ui2d
<LI><a href="#[88]">&gt;&gt;</a>&nbsp;&nbsp;&nbsp;__aeabi_dmul
<LI><a href="#[89]">&gt;&gt;</a>&nbsp;&nbsp;&nbsp;__aeabi_ddiv
<LI><a href="#[82]">&gt;&gt;</a>&nbsp;&nbsp;&nbsp;__aeabi_dadd
<LI><a href="#[8b]">&gt;&gt;</a>&nbsp;&nbsp;&nbsp;__aeabi_d2uiz
</UL>
<BR>[Called By]<UL><LI><a href="#[c4]">&gt;&gt;</a>&nbsp;&nbsp;&nbsp;Bsp_GNSS_Data_Deal
</UL>

<P><STRONG><a name="[9f]"></a>Arithmetic_Average</STRONG> (Thumb, 50 bytes, Stack size 16 bytes, bsp_batvol.o(i.Arithmetic_Average))
<BR><BR>[Stack]<UL><LI>Max Depth = 16<LI>Call Chain = Arithmetic_Average
</UL>
<BR>[Called By]<UL><LI><a href="#[9c]">&gt;&gt;</a>&nbsp;&nbsp;&nbsp;ADConvert
</UL>

<P><STRONG><a name="[aa]"></a>Bps_Start_Always_Updata_BatVol_Percent</STRONG> (Thumb, 10 bytes, Stack size 0 bytes, bsp_batvol.o(i.Bps_Start_Always_Updata_BatVol_Percent))
<BR><BR>[Stack]<UL><LI>Max Depth = 52<LI>Call Chain = Bps_Start_Always_Updata_BatVol_Percent &rArr; Hal_BatVol_Init &rArr; gpio_init
</UL>
<BR>[Calls]<UL><LI><a href="#[ab]">&gt;&gt;</a>&nbsp;&nbsp;&nbsp;Hal_BatVol_Init
</UL>
<BR>[Called By]<UL><LI><a href="#[10e]">&gt;&gt;</a>&nbsp;&nbsp;&nbsp;Bsp_Vbat_Chag_Ctrl
</UL>

<P><STRONG><a name="[ac]"></a>Bps_Start_Once_Time_Updata_BatVol_Percent</STRONG> (Thumb, 16 bytes, Stack size 0 bytes, bsp_batvol.o(i.Bps_Start_Once_Time_Updata_BatVol_Percent))
<BR><BR>[Stack]<UL><LI>Max Depth = 52<LI>Call Chain = Bps_Start_Once_Time_Updata_BatVol_Percent &rArr; Hal_BatVol_Init &rArr; gpio_init
</UL>
<BR>[Calls]<UL><LI><a href="#[ab]">&gt;&gt;</a>&nbsp;&nbsp;&nbsp;Hal_BatVol_Init
</UL>
<BR>[Called By]<UL><LI><a href="#[e7]">&gt;&gt;</a>&nbsp;&nbsp;&nbsp;Bsp_Pull_SendCtrl
<LI><a href="#[d7]">&gt;&gt;</a>&nbsp;&nbsp;&nbsp;Bsp_Nor_SOS_SendCtrl
<LI><a href="#[e1]">&gt;&gt;</a>&nbsp;&nbsp;&nbsp;Bsp_Port_InforGet_Ctrl
</UL>

<P><STRONG><a name="[ad]"></a>Bsp_Add_Loca_Queue</STRONG> (Thumb, 1576 bytes, Stack size 256 bytes, bsp_rdsssend.o(i.Bsp_Add_Loca_Queue))
<BR><BR>[Stack]<UL><LI>Max Depth = 368<LI>Call Chain = Bsp_Add_Loca_Queue &rArr; API_Funftoa &rArr; __aeabi_drsub &rArr; __aeabi_dadd &rArr; _double_epilogue &rArr; _double_round
</UL>
<BR>[Calls]<UL><LI><a href="#[b3]">&gt;&gt;</a>&nbsp;&nbsp;&nbsp;TimeTurn
<LI><a href="#[b6]">&gt;&gt;</a>&nbsp;&nbsp;&nbsp;Fundtoa
<LI><a href="#[b5]">&gt;&gt;</a>&nbsp;&nbsp;&nbsp;Bsp_Float_to_Buf
<LI><a href="#[a2]">&gt;&gt;</a>&nbsp;&nbsp;&nbsp;API_Funftoa
<LI><a href="#[a4]">&gt;&gt;</a>&nbsp;&nbsp;&nbsp;__aeabi_cdrcmple
<LI><a href="#[b4]">&gt;&gt;</a>&nbsp;&nbsp;&nbsp;__aeabi_f2d
<LI><a href="#[b7]">&gt;&gt;</a>&nbsp;&nbsp;&nbsp;__aeabi_cdcmpeq
<LI><a href="#[b1]">&gt;&gt;</a>&nbsp;&nbsp;&nbsp;Bsp_Get_Location
<LI><a href="#[b0]">&gt;&gt;</a>&nbsp;&nbsp;&nbsp;Bsp_Get_Temp
<LI><a href="#[af]">&gt;&gt;</a>&nbsp;&nbsp;&nbsp;Bsp_Get_SloarVolFloat
<LI><a href="#[ae]">&gt;&gt;</a>&nbsp;&nbsp;&nbsp;Bsp_Get_BatPercent
<LI><a href="#[b2]">&gt;&gt;</a>&nbsp;&nbsp;&nbsp;Bsp_Get_Sys_State
<LI><a href="#[b8]">&gt;&gt;</a>&nbsp;&nbsp;&nbsp;strlen
<LI><a href="#[7b]">&gt;&gt;</a>&nbsp;&nbsp;&nbsp;__aeabi_memclr
<LI><a href="#[b9]">&gt;&gt;</a>&nbsp;&nbsp;&nbsp;__aeabi_memcpy
</UL>
<BR>[Called By]<UL><LI><a href="#[e7]">&gt;&gt;</a>&nbsp;&nbsp;&nbsp;Bsp_Pull_SendCtrl
<LI><a href="#[d7]">&gt;&gt;</a>&nbsp;&nbsp;&nbsp;Bsp_Nor_SOS_SendCtrl
</UL>

<P><STRONG><a name="[ba]"></a>Bsp_BDS_Data_Send</STRONG> (Thumb, 60 bytes, Stack size 16 bytes, bsp_rdsssend.o(i.Bsp_BDS_Data_Send))
<BR><BR>[Stack]<UL><LI>Max Depth = 112<LI>Call Chain = Bsp_BDS_Data_Send &rArr; Bsp_Rdss_Tx_CCTCQ &rArr; Log_str_printf &rArr; uart2_tx_string
</UL>
<BR>[Calls]<UL><LI><a href="#[bd]">&gt;&gt;</a>&nbsp;&nbsp;&nbsp;convert_str_to_hex
<LI><a href="#[be]">&gt;&gt;</a>&nbsp;&nbsp;&nbsp;Bsp_Rdss_Tx_CCTCQ
<LI><a href="#[bc]">&gt;&gt;</a>&nbsp;&nbsp;&nbsp;Log_str_printf
<LI><a href="#[bb]">&gt;&gt;</a>&nbsp;&nbsp;&nbsp;__2printf
</UL>
<BR>[Called By]<UL><LI><a href="#[e7]">&gt;&gt;</a>&nbsp;&nbsp;&nbsp;Bsp_Pull_SendCtrl
<LI><a href="#[d7]">&gt;&gt;</a>&nbsp;&nbsp;&nbsp;Bsp_Nor_SOS_SendCtrl
</UL>

<P><STRONG><a name="[bf]"></a>Bsp_Bat_Vol_Display</STRONG> (Thumb, 98 bytes, Stack size 16 bytes, bsp_keyled.o(i.Bsp_Bat_Vol_Display))
<BR><BR>[Stack]<UL><LI>Max Depth = 16<LI>Call Chain = Bsp_Bat_Vol_Display
</UL>
<BR>[Calls]<UL><LI><a href="#[c0]">&gt;&gt;</a>&nbsp;&nbsp;&nbsp;Hal_Bat_Led_Display_Enable
<LI><a href="#[ae]">&gt;&gt;</a>&nbsp;&nbsp;&nbsp;Bsp_Get_BatPercent
</UL>
<BR>[Called By]<UL><LI><a href="#[16c]">&gt;&gt;</a>&nbsp;&nbsp;&nbsp;SlotBranch1s
</UL>

<P><STRONG><a name="[c1]"></a>Bsp_Error_Led_Display</STRONG> (Thumb, 24 bytes, Stack size 0 bytes, bsp_keyled.o(i.Bsp_Error_Led_Display))
<BR><BR>[Stack]<UL><LI>Max Depth = 16<LI>Call Chain = Bsp_Error_Led_Display &rArr; Hal_Error_Led_Display_Enable
</UL>
<BR>[Calls]<UL><LI><a href="#[c2]">&gt;&gt;</a>&nbsp;&nbsp;&nbsp;Hal_Error_Led_Display_Enable
</UL>
<BR>[Called By]<UL><LI><a href="#[16c]">&gt;&gt;</a>&nbsp;&nbsp;&nbsp;SlotBranch1s
</UL>

<P><STRONG><a name="[b5]"></a>Bsp_Float_to_Buf</STRONG> (Thumb, 10 bytes, Stack size 0 bytes, bsp_rdsssend.o(i.Bsp_Float_to_Buf))
<BR><BR>[Stack]<UL><LI>Max Depth = 24<LI>Call Chain = Bsp_Float_to_Buf &rArr; __2sprintf
</UL>
<BR>[Calls]<UL><LI><a href="#[c3]">&gt;&gt;</a>&nbsp;&nbsp;&nbsp;__2sprintf
</UL>
<BR>[Called By]<UL><LI><a href="#[ad]">&gt;&gt;</a>&nbsp;&nbsp;&nbsp;Bsp_Add_Loca_Queue
</UL>

<P><STRONG><a name="[c4]"></a>Bsp_GNSS_Data_Deal</STRONG> (Thumb, 524 bytes, Stack size 144 bytes, bsp_gnssparse.o(i.Bsp_GNSS_Data_Deal))
<BR><BR>[Stack]<UL><LI>Max Depth = 456<LI>Call Chain = Bsp_GNSS_Data_Deal &rArr; Api_Loca_Distance &rArr; __hardfp_cos &rArr; __ieee754_rem_pio2 &rArr; __aeabi_dsub &rArr; __aeabi_dadd &rArr; _double_epilogue &rArr; _double_round
</UL>
<BR>[Calls]<UL><LI><a href="#[b7]">&gt;&gt;</a>&nbsp;&nbsp;&nbsp;__aeabi_cdcmpeq
<LI><a href="#[c6]">&gt;&gt;</a>&nbsp;&nbsp;&nbsp;Bsp_Gnss_Loca_If_Vaild
<LI><a href="#[a9]">&gt;&gt;</a>&nbsp;&nbsp;&nbsp;Api_Location_Data_Turn
<LI><a href="#[a5]">&gt;&gt;</a>&nbsp;&nbsp;&nbsp;Api_Loca_Distance
<LI><a href="#[c8]">&gt;&gt;</a>&nbsp;&nbsp;&nbsp;Api_Acc_Speed
<LI><a href="#[8b]">&gt;&gt;</a>&nbsp;&nbsp;&nbsp;__aeabi_d2uiz
<LI><a href="#[c5]">&gt;&gt;</a>&nbsp;&nbsp;&nbsp;__aeabi_memclr4
<LI><a href="#[c7]">&gt;&gt;</a>&nbsp;&nbsp;&nbsp;__aeabi_memcpy4
</UL>
<BR>[Called By]<UL><LI><a href="#[c9]">&gt;&gt;</a>&nbsp;&nbsp;&nbsp;Bsp_GNSS_Data_Parse_String
</UL>

<P><STRONG><a name="[c9]"></a>Bsp_GNSS_Data_Parse_String</STRONG> (Thumb, 108 bytes, Stack size 32 bytes, bsp_gnssparse.o(i.Bsp_GNSS_Data_Parse_String))
<BR><BR>[Stack]<UL><LI>Max Depth = 488<LI>Call Chain = Bsp_GNSS_Data_Parse_String &rArr; Bsp_GNSS_Data_Deal &rArr; Api_Loca_Distance &rArr; __hardfp_cos &rArr; __ieee754_rem_pio2 &rArr; __aeabi_dsub &rArr; __aeabi_dadd &rArr; _double_epilogue &rArr; _double_round
</UL>
<BR>[Calls]<UL><LI><a href="#[bc]">&gt;&gt;</a>&nbsp;&nbsp;&nbsp;Log_str_printf
<LI><a href="#[cb]">&gt;&gt;</a>&nbsp;&nbsp;&nbsp;Bsp_Gnss_RMC_Data_Split
<LI><a href="#[c4]">&gt;&gt;</a>&nbsp;&nbsp;&nbsp;Bsp_GNSS_Data_Deal
<LI><a href="#[bb]">&gt;&gt;</a>&nbsp;&nbsp;&nbsp;__2printf
<LI><a href="#[ca]">&gt;&gt;</a>&nbsp;&nbsp;&nbsp;memcmp
</UL>
<BR>[Called By]<UL><LI><a href="#[d0]">&gt;&gt;</a>&nbsp;&nbsp;&nbsp;Bsp_Gnss_Data_Check
</UL>

<P><STRONG><a name="[cc]"></a>Bsp_GNSS_Init</STRONG> (Thumb, 14 bytes, Stack size 8 bytes, bsp_gnssparse.o(i.Bsp_GNSS_Init))
<BR><BR>[Stack]<UL><LI>Max Depth = 16<LI>Call Chain = Bsp_GNSS_Init &rArr; Bsp_GNSS_Split_Data_Init
</UL>
<BR>[Calls]<UL><LI><a href="#[ce]">&gt;&gt;</a>&nbsp;&nbsp;&nbsp;Bsp_GNSS_Split_Data_Init
<LI><a href="#[cd]">&gt;&gt;</a>&nbsp;&nbsp;&nbsp;Bsp_GNSS_Parse_Init
</UL>
<BR>[Called By]<UL><LI><a href="#[102]">&gt;&gt;</a>&nbsp;&nbsp;&nbsp;Bsp_Start_SOS_Mode
<LI><a href="#[101]">&gt;&gt;</a>&nbsp;&nbsp;&nbsp;Bsp_Start_PULL_Mode
<LI><a href="#[100]">&gt;&gt;</a>&nbsp;&nbsp;&nbsp;Bsp_Start_Normal_Mode
<LI><a href="#[ff]">&gt;&gt;</a>&nbsp;&nbsp;&nbsp;Bsp_Start_Move_Mode
</UL>

<P><STRONG><a name="[cd]"></a>Bsp_GNSS_Parse_Init</STRONG> (Thumb, 32 bytes, Stack size 8 bytes, bsp_gnssparse.o(i.Bsp_GNSS_Parse_Init))
<BR><BR>[Stack]<UL><LI>Max Depth = 8<LI>Call Chain = Bsp_GNSS_Parse_Init
</UL>
<BR>[Calls]<UL><LI><a href="#[c5]">&gt;&gt;</a>&nbsp;&nbsp;&nbsp;__aeabi_memclr4
<LI><a href="#[7b]">&gt;&gt;</a>&nbsp;&nbsp;&nbsp;__aeabi_memclr
</UL>
<BR>[Called By]<UL><LI><a href="#[d0]">&gt;&gt;</a>&nbsp;&nbsp;&nbsp;Bsp_Gnss_Data_Check
<LI><a href="#[cc]">&gt;&gt;</a>&nbsp;&nbsp;&nbsp;Bsp_GNSS_Init
</UL>

<P><STRONG><a name="[ce]"></a>Bsp_GNSS_Split_Data_Init</STRONG> (Thumb, 52 bytes, Stack size 8 bytes, bsp_gnssparse.o(i.Bsp_GNSS_Split_Data_Init))
<BR><BR>[Stack]<UL><LI>Max Depth = 8<LI>Call Chain = Bsp_GNSS_Split_Data_Init
</UL>
<BR>[Calls]<UL><LI><a href="#[c5]">&gt;&gt;</a>&nbsp;&nbsp;&nbsp;__aeabi_memclr4
</UL>
<BR>[Called By]<UL><LI><a href="#[cc]">&gt;&gt;</a>&nbsp;&nbsp;&nbsp;Bsp_GNSS_Init
</UL>

<P><STRONG><a name="[ae]"></a>Bsp_Get_BatPercent</STRONG> (Thumb, 6 bytes, Stack size 0 bytes, bsp_batvol.o(i.Bsp_Get_BatPercent))
<BR><BR>[Called By]<UL><LI><a href="#[ad]">&gt;&gt;</a>&nbsp;&nbsp;&nbsp;Bsp_Add_Loca_Queue
<LI><a href="#[10e]">&gt;&gt;</a>&nbsp;&nbsp;&nbsp;Bsp_Vbat_Chag_Ctrl
<LI><a href="#[bf]">&gt;&gt;</a>&nbsp;&nbsp;&nbsp;Bsp_Bat_Vol_Display
<LI><a href="#[e2]">&gt;&gt;</a>&nbsp;&nbsp;&nbsp;infor_rep
</UL>

<P><STRONG><a name="[f1]"></a>Bsp_Get_CardID</STRONG> (Thumb, 16 bytes, Stack size 0 bytes, bsp_config.o(i.Bsp_Get_CardID))
<BR><BR>[Called By]<UL><LI><a href="#[e9]">&gt;&gt;</a>&nbsp;&nbsp;&nbsp;Bsp_Rdss_ICP_Data_Split
</UL>

<P><STRONG><a name="[b1]"></a>Bsp_Get_Location</STRONG> (Thumb, 190 bytes, Stack size 32 bytes, bsp_gnssparse.o(i.Bsp_Get_Location))
<BR><BR>[Stack]<UL><LI>Max Depth = 56<LI>Call Chain = Bsp_Get_Location &rArr; __2printf
</UL>
<BR>[Calls]<UL><LI><a href="#[b4]">&gt;&gt;</a>&nbsp;&nbsp;&nbsp;__aeabi_f2d
<LI><a href="#[bb]">&gt;&gt;</a>&nbsp;&nbsp;&nbsp;__2printf
</UL>
<BR>[Called By]<UL><LI><a href="#[ad]">&gt;&gt;</a>&nbsp;&nbsp;&nbsp;Bsp_Add_Loca_Queue
</UL>

<P><STRONG><a name="[19e]"></a>Bsp_Get_Pow_State</STRONG> (Thumb, 6 bytes, Stack size 0 bytes, bsp_keyled.o(i.Bsp_Get_Pow_State))
<BR><BR>[Called By]<UL><LI><a href="#[166]">&gt;&gt;</a>&nbsp;&nbsp;&nbsp;open_closs_gnss
</UL>

<P><STRONG><a name="[cf]"></a>Bsp_Get_SloarVol</STRONG> (Thumb, 30 bytes, Stack size 8 bytes, bsp_batvol.o(i.Bsp_Get_SloarVol))
<BR><BR>[Stack]<UL><LI>Max Depth = 96<LI>Call Chain = Bsp_Get_SloarVol &rArr; __aeabi_dmul &rArr; _double_epilogue &rArr; _double_round
</UL>
<BR>[Calls]<UL><LI><a href="#[8a]">&gt;&gt;</a>&nbsp;&nbsp;&nbsp;__aeabi_ui2d
<LI><a href="#[88]">&gt;&gt;</a>&nbsp;&nbsp;&nbsp;__aeabi_dmul
<LI><a href="#[8b]">&gt;&gt;</a>&nbsp;&nbsp;&nbsp;__aeabi_d2uiz
</UL>
<BR>[Called By]<UL><LI><a href="#[16c]">&gt;&gt;</a>&nbsp;&nbsp;&nbsp;SlotBranch1s
</UL>

<P><STRONG><a name="[af]"></a>Bsp_Get_SloarVolFloat</STRONG> (Thumb, 32 bytes, Stack size 8 bytes, bsp_batvol.o(i.Bsp_Get_SloarVolFloat))
<BR><BR>[Stack]<UL><LI>Max Depth = 96<LI>Call Chain = Bsp_Get_SloarVolFloat &rArr; __aeabi_dmul &rArr; _double_epilogue &rArr; _double_round
</UL>
<BR>[Calls]<UL><LI><a href="#[8a]">&gt;&gt;</a>&nbsp;&nbsp;&nbsp;__aeabi_ui2d
<LI><a href="#[88]">&gt;&gt;</a>&nbsp;&nbsp;&nbsp;__aeabi_dmul
<LI><a href="#[8c]">&gt;&gt;</a>&nbsp;&nbsp;&nbsp;__aeabi_d2f
</UL>
<BR>[Called By]<UL><LI><a href="#[ad]">&gt;&gt;</a>&nbsp;&nbsp;&nbsp;Bsp_Add_Loca_Queue
</UL>

<P><STRONG><a name="[b2]"></a>Bsp_Get_Sys_State</STRONG> (Thumb, 6 bytes, Stack size 0 bytes, bsp_keyled.o(i.Bsp_Get_Sys_State))
<BR><BR>[Called By]<UL><LI><a href="#[e7]">&gt;&gt;</a>&nbsp;&nbsp;&nbsp;Bsp_Pull_SendCtrl
<LI><a href="#[d7]">&gt;&gt;</a>&nbsp;&nbsp;&nbsp;Bsp_Nor_SOS_SendCtrl
<LI><a href="#[ad]">&gt;&gt;</a>&nbsp;&nbsp;&nbsp;Bsp_Add_Loca_Queue
<LI><a href="#[162]">&gt;&gt;</a>&nbsp;&nbsp;&nbsp;open_closs_rdss
</UL>

<P><STRONG><a name="[b0]"></a>Bsp_Get_Temp</STRONG> (Thumb, 76 bytes, Stack size 8 bytes, bsp_batvol.o(i.Bsp_Get_Temp))
<BR><BR>[Stack]<UL><LI>Max Depth = 96<LI>Call Chain = Bsp_Get_Temp &rArr; __aeabi_drsub &rArr; __aeabi_dadd &rArr; _double_epilogue &rArr; _double_round
</UL>
<BR>[Calls]<UL><LI><a href="#[8a]">&gt;&gt;</a>&nbsp;&nbsp;&nbsp;__aeabi_ui2d
<LI><a href="#[87]">&gt;&gt;</a>&nbsp;&nbsp;&nbsp;__aeabi_drsub
<LI><a href="#[88]">&gt;&gt;</a>&nbsp;&nbsp;&nbsp;__aeabi_dmul
<LI><a href="#[89]">&gt;&gt;</a>&nbsp;&nbsp;&nbsp;__aeabi_ddiv
<LI><a href="#[82]">&gt;&gt;</a>&nbsp;&nbsp;&nbsp;__aeabi_dadd
</UL>
<BR>[Called By]<UL><LI><a href="#[ad]">&gt;&gt;</a>&nbsp;&nbsp;&nbsp;Bsp_Add_Loca_Queue
<LI><a href="#[16c]">&gt;&gt;</a>&nbsp;&nbsp;&nbsp;SlotBranch1s
</UL>

<P><STRONG><a name="[e3]"></a>Bsp_Get_Updata_Bat_Voltage_Once_State</STRONG> (Thumb, 6 bytes, Stack size 0 bytes, bsp_batvol.o(i.Bsp_Get_Updata_Bat_Voltage_Once_State))
<BR><BR>[Called By]<UL><LI><a href="#[e1]">&gt;&gt;</a>&nbsp;&nbsp;&nbsp;Bsp_Port_InforGet_Ctrl
</UL>

<P><STRONG><a name="[d0]"></a>Bsp_Gnss_Data_Check</STRONG> (Thumb, 90 bytes, Stack size 24 bytes, bsp_gnssparse.o(i.Bsp_Gnss_Data_Check))
<BR><BR>[Stack]<UL><LI>Max Depth = 512<LI>Call Chain = Bsp_Gnss_Data_Check &rArr; Bsp_GNSS_Data_Parse_String &rArr; Bsp_GNSS_Data_Deal &rArr; Api_Loca_Distance &rArr; __hardfp_cos &rArr; __ieee754_rem_pio2 &rArr; __aeabi_dsub &rArr; __aeabi_dadd &rArr; _double_epilogue &rArr; _double_round
</UL>
<BR>[Calls]<UL><LI><a href="#[d1]">&gt;&gt;</a>&nbsp;&nbsp;&nbsp;Gnss_Check_Xor
<LI><a href="#[cd]">&gt;&gt;</a>&nbsp;&nbsp;&nbsp;Bsp_GNSS_Parse_Init
<LI><a href="#[c9]">&gt;&gt;</a>&nbsp;&nbsp;&nbsp;Bsp_GNSS_Data_Parse_String
<LI><a href="#[c5]">&gt;&gt;</a>&nbsp;&nbsp;&nbsp;__aeabi_memclr4
<LI><a href="#[b9]">&gt;&gt;</a>&nbsp;&nbsp;&nbsp;__aeabi_memcpy
<LI><a href="#[7e]">&gt;&gt;</a>&nbsp;&nbsp;&nbsp;__0sscanf
</UL>
<BR>[Called By]<UL><LI><a href="#[d2]">&gt;&gt;</a>&nbsp;&nbsp;&nbsp;Bsp_Gnss_Parse_Byte
</UL>

<P><STRONG><a name="[c6]"></a>Bsp_Gnss_Loca_If_Vaild</STRONG> (Thumb, 24 bytes, Stack size 0 bytes, bsp_gnssparse.o(i.Bsp_Gnss_Loca_If_Vaild))
[...]
<BR><BR>[Stack]<UL><LI>Max Depth = 24<LI>Call Chain = lm_fifo_init
</UL>
<BR>[Calls]<UL><LI><a href="#[7b]">&gt;&gt;</a>&nbsp;&nbsp;&nbsp;__aeabi_memclr
</UL>
<BR>[Called By]<UL><LI><a href="#[10a]">&gt;&gt;</a>&nbsp;&nbsp;&nbsp;Bsp_Uart_Fifo_Init
</UL>

<P><STRONG><a name="[19c]"></a>lm_fifo_is_full</STRONG> (Thumb, 28 bytes, Stack size 0 bytes, api_fifo.o(i.lm_fifo_is_full))
<BR><BR>[Called By]<UL><LI><a href="#[175]">&gt;&gt;</a>&nbsp;&nbsp;&nbsp;lm_fifo_add_node_impolite
</UL>

<P><STRONG><a name="[6b]"></a>main</STRONG> (Thumb, 30 bytes, Stack size 0 bytes, main.o(i.main))
<BR><BR>[Stack]<UL><LI>Max Depth = 536<LI>Call Chain = main &rArr; Bsp_Receive_Uart1_Fifo_Data &rArr; Bsp_Gnss_Parse_Byte &rArr; Bsp_Gnss_Data_Check &rArr; Bsp_GNSS_Data_Parse_String &rArr; Bsp_GNSS_Data_Deal &rArr; Api_Loca_Distance &rArr; __hardfp_cos &rArr; __ieee754_rem_pio2 &rArr; __aeabi_dsub &rArr; __aeabi_dadd &rArr; _double_epilogue &rArr; _double_round
</UL>
<BR>[Calls]<UL><LI><a href="#[15d]">&gt;&gt;</a>&nbsp;&nbsp;&nbsp;Mcu_Hal_Init
<LI><a href="#[11b]">&gt;&gt;</a>&nbsp;&nbsp;&nbsp;Fun_Bsp_Init
<LI><a href="#[fe]">&gt;&gt;</a>&nbsp;&nbsp;&nbsp;Bsp_Receive_Uart4_Fifo_Data
<LI><a href="#[fd]">&gt;&gt;</a>&nbsp;&nbsp;&nbsp;Bsp_Receive_Uart3_Fifo_Data
<LI><a href="#[fc]">&gt;&gt;</a>&nbsp;&nbsp;&nbsp;Bsp_Receive_Uart2_Fifo_Data
<LI><a href="#[f9]">&gt;&gt;</a>&nbsp;&nbsp;&nbsp;Bsp_Receive_Uart1_Fifo_Data
<LI><a href="#[171]">&gt;&gt;</a>&nbsp;&nbsp;&nbsp;Time_Routime
</UL>
<BR>[Address Reference Count : 1]<UL><LI> entry9a.o(.ARM.Collect$$$$0000000B)
</UL>
<P><STRONG><a name="[12e]"></a>nvic_irq_disable</STRONG> (Thumb, 34 bytes, Stack size 0 bytes, at32f435_437_misc.o(i.nvic_irq_disable))
<BR><BR>[Called By]<UL><LI><a href="#[12c]">&gt;&gt;</a>&nbsp;&nbsp;&nbsp;Hal_Falsh_Jump
</UL>

<P><STRONG><a name="[153]"></a>nvic_irq_enable</STRONG> (Thumb, 118 bytes, Stack size 16 bytes, at32f435_437_misc.o(i.nvic_irq_enable))
<BR><BR>[Stack]<UL><LI>Max Depth = 16<LI>Call Chain = nvic_irq_enable
</UL>
<BR>[Called By]<UL><LI><a href="#[da]">&gt;&gt;</a>&nbsp;&nbsp;&nbsp;Hal_Uart4_Init
<LI><a href="#[159]">&gt;&gt;</a>&nbsp;&nbsp;&nbsp;Hal_Uart3_Init
<LI><a href="#[dd]">&gt;&gt;</a>&nbsp;&nbsp;&nbsp;Hal_Uart1_Init
<LI><a href="#[157]">&gt;&gt;</a>&nbsp;&nbsp;&nbsp;Hal_Uart2_Init
<LI><a href="#[169]">&gt;&gt;</a>&nbsp;&nbsp;&nbsp;lick_frequency_get
</UL>

<P><STRONG><a name="[15f]"></a>nvic_priority_group_config</STRONG> (Thumb, 26 bytes, Stack size 0 bytes, at32f435_437_misc.o(i.nvic_priority_group_config))
<BR><BR>[Called By]<UL><LI><a href="#[15d]">&gt;&gt;</a>&nbsp;&nbsp;&nbsp;Mcu_Hal_Init
</UL>

<P><STRONG><a name="[15e]"></a>nvic_vector_table_set</STRONG> (Thumb, 12 bytes, Stack size 0 bytes, at32f435_437_misc.o(i.nvic_vector_table_set))
<BR><BR>[Called By]<UL><LI><a href="#[15d]">&gt;&gt;</a>&nbsp;&nbsp;&nbsp;Mcu_Hal_Init
</UL>

<P><STRONG><a name="[166]"></a>open_closs_gnss</STRONG> (Thumb, 98 bytes, Stack size 24 bytes, bsp_config.o(i.open_closs_gnss))
<BR><BR>[Stack]<UL><LI>Max Depth = 144<LI>Call Chain = open_closs_gnss &rArr; Hal_Uart1_Init &rArr; usart_init &rArr; crm_clocks_freq_get &rArr; __aeabi_uldivmod
</UL>
<BR>[Calls]<UL><LI><a href="#[d6]">&gt;&gt;</a>&nbsp;&nbsp;&nbsp;gpio_bits_set
<LI><a href="#[d9]">&gt;&gt;</a>&nbsp;&nbsp;&nbsp;gpio_bits_reset
<LI><a href="#[db]">&gt;&gt;</a>&nbsp;&nbsp;&nbsp;Hal_Uart4_Deinit
<LI><a href="#[dd]">&gt;&gt;</a>&nbsp;&nbsp;&nbsp;Hal_Uart1_Init
<LI><a href="#[e0]">&gt;&gt;</a>&nbsp;&nbsp;&nbsp;Hal_Uart1_Deinit
<LI><a href="#[19e]">&gt;&gt;</a>&nbsp;&nbsp;&nbsp;Bsp_Get_Pow_State
<LI><a href="#[167]">&gt;&gt;</a>&nbsp;&nbsp;&nbsp;Port_Tx_Cmd_Pack
</UL>
<BR>[Called By]<UL><LI><a href="#[e6]">&gt;&gt;</a>&nbsp;&nbsp;&nbsp;Port_Rxdata_deal
</UL>

<P><STRONG><a name="[162]"></a>open_closs_rdss</STRONG> (Thumb, 110 bytes, Stack size 24 bytes, bsp_config.o(i.open_closs_rdss))
<BR><BR>[Stack]<UL><LI>Max Depth = 144<LI>Call Chain = open_closs_rdss &rArr; Hal_Uart4_Init &rArr; usart_init &rArr; crm_clocks_freq_get &rArr; __aeabi_uldivmod
</UL>
<BR>[Calls]<UL><LI><a href="#[d6]">&gt;&gt;</a>&nbsp;&nbsp;&nbsp;gpio_bits_set
<LI><a href="#[d9]">&gt;&gt;</a>&nbsp;&nbsp;&nbsp;gpio_bits_reset
<LI><a href="#[da]">&gt;&gt;</a>&nbsp;&nbsp;&nbsp;Hal_Uart4_Init
<LI><a href="#[db]">&gt;&gt;</a>&nbsp;&nbsp;&nbsp;Hal_Uart4_Deinit
<LI><a href="#[e0]">&gt;&gt;</a>&nbsp;&nbsp;&nbsp;Hal_Uart1_Deinit
<LI><a href="#[b2]">&gt;&gt;</a>&nbsp;&nbsp;&nbsp;Bsp_Get_Sys_State
<LI><a href="#[167]">&gt;&gt;</a>&nbsp;&nbsp;&nbsp;Port_Tx_Cmd_Pack
</UL>
<BR>[Called By]<UL><LI><a href="#[e6]">&gt;&gt;</a>&nbsp;&nbsp;&nbsp;Port_Rxdata_deal
</UL>

<P><STRONG><a name="[161]"></a>ota_start_rep</STRONG> (Thumb, 66 bytes, Stack size 16 bytes, bsp_config.o(i.ota_start_rep))
<BR><BR>[Stack]<UL><LI>Max Depth = 64<LI>Call Chain = ota_start_rep &rArr; Port_Tx_Cmd_Pack &rArr; uart3_tx_string
</UL>
<BR>[Calls]<UL><LI><a href="#[d6]">&gt;&gt;</a>&nbsp;&nbsp;&nbsp;gpio_bits_set
<LI><a href="#[d9]">&gt;&gt;</a>&nbsp;&nbsp;&nbsp;gpio_bits_reset
<LI><a href="#[12c]">&gt;&gt;</a>&nbsp;&nbsp;&nbsp;Hal_Falsh_Jump
<LI><a href="#[167]">&gt;&gt;</a>&nbsp;&nbsp;&nbsp;Port_Tx_Cmd_Pack
<LI><a href="#[114]">&gt;&gt;</a>&nbsp;&nbsp;&nbsp;Bsp_Write_Boot_Flag
</UL>
<BR>[Called By]<UL><LI><a href="#[e6]">&gt;&gt;</a>&nbsp;&nbsp;&nbsp;Port_Rxdata_deal
</UL>

<P><STRONG><a name="[138]"></a>pwc_battery_powered_domain_access</STRONG> (Thumb, 12 bytes, Stack size 0 bytes, at32f435_437_pwc.o(i.pwc_battery_powered_domain_access))
<BR><BR>[Called By]<UL><LI><a href="#[137]">&gt;&gt;</a>&nbsp;&nbsp;&nbsp;Hal_RTC_init
</UL>

<P><STRONG><a name="[180]"></a>sqrt</STRONG> (Thumb, 110 bytes, Stack size 32 bytes, sqrt.o(i.sqrt))
<BR><BR>[Stack]<UL><LI>Max Depth = 72<LI>Call Chain = sqrt &rArr; _dsqrt &rArr; _double_round
</UL>
<BR>[Calls]<UL><LI><a href="#[92]">&gt;&gt;</a>&nbsp;&nbsp;&nbsp;_dsqrt
<LI><a href="#[17a]">&gt;&gt;</a>&nbsp;&nbsp;&nbsp;__set_errno
</UL>
<BR>[Called By]<UL><LI><a href="#[a8]">&gt;&gt;</a>&nbsp;&nbsp;&nbsp;__hardfp_asin
</UL>

<P><STRONG><a name="[14e]"></a>system_core_clock_update</STRONG> (Thumb, 130 bytes, Stack size 24 bytes, system_at32f435_437.o(i.system_core_clock_update))
<BR><BR>[Stack]<UL><LI>Max Depth = 64<LI>Call Chain = system_core_clock_update &rArr; __aeabi_uldivmod
</UL>
<BR>[Calls]<UL><LI><a href="#[14d]">&gt;&gt;</a>&nbsp;&nbsp;&nbsp;crm_sysclk_switch_status_get
<LI><a href="#[76]">&gt;&gt;</a>&nbsp;&nbsp;&nbsp;__aeabi_uldivmod
</UL>
<BR>[Called By]<UL><LI><a href="#[144]">&gt;&gt;</a>&nbsp;&nbsp;&nbsp;Hal_System_Clock_Init
</UL>

<P><STRONG><a name="[14f]"></a>systick_clock_source_config</STRONG> (Thumb, 24 bytes, Stack size 0 bytes, at32f435_437_misc.o(i.systick_clock_source_config))
<BR><BR>[Called By]<UL><LI><a href="#[144]">&gt;&gt;</a>&nbsp;&nbsp;&nbsp;Hal_System_Clock_Init
</UL>

<P><STRONG><a name="[16f]"></a>tmr_channel_value_get</STRONG> (Thumb, 40 bytes, Stack size 0 bytes, at32f435_437_tmr.o(i.tmr_channel_value_get))
<BR><BR>[Called By]<UL><LI><a href="#[3d]">&gt;&gt;</a>&nbsp;&nbsp;&nbsp;TMR5_GLOBAL_IRQHandler
</UL>

<P><STRONG><a name="[199]"></a>tmr_counter_enable</STRONG> (Thumb, 10 bytes, Stack size 0 bytes, at32f435_437_tmr.o(i.tmr_counter_enable))
<BR><BR>[Called By]<UL><LI><a href="#[169]">&gt;&gt;</a>&nbsp;&nbsp;&nbsp;lick_frequency_get
</UL>

<P><STRONG><a name="[195]"></a>tmr_div_value_set</STRONG> (Thumb, 4 bytes, Stack size 0 bytes, at32f435_437_tmr.o(i.tmr_div_value_set))
<BR><BR>[Called By]<UL><LI><a href="#[169]">&gt;&gt;</a>&nbsp;&nbsp;&nbsp;lick_frequency_get
</UL>

<P><STRONG><a name="[196]"></a>tmr_event_sw_trigger</STRONG> (Thumb, 8 bytes, Stack size 0 bytes, at32f435_437_tmr.o(i.tmr_event_sw_trigger))
<BR><BR>[Called By]<UL><LI><a href="#[169]">&gt;&gt;</a>&nbsp;&nbsp;&nbsp;lick_frequency_get
</UL>

<P><STRONG><a name="[170]"></a>tmr_flag_clear</STRONG> (Thumb, 6 bytes, Stack size 0 bytes, at32f435_437_tmr.o(i.tmr_flag_clear))
<BR><BR>[Called By]<UL><LI><a href="#[3d]">&gt;&gt;</a>&nbsp;&nbsp;&nbsp;TMR5_GLOBAL_IRQHandler
</UL>

<P><STRONG><a name="[198]"></a>tmr_input_channel_divider_set</STRONG> (Thumb, 50 bytes, Stack size 0 bytes, at32f435_437_tmr.o(i.tmr_input_channel_divider_set))
<BR><BR>[Called By]<UL><LI><a href="#[169]">&gt;&gt;</a>&nbsp;&nbsp;&nbsp;lick_frequency_get
</UL>

<P><STRONG><a name="[197]"></a>tmr_input_channel_init</STRONG> (Thumb, 272 bytes, Stack size 8 bytes, at32f435_437_tmr.o(i.tmr_input_channel_init))
<BR><BR>[Stack]<UL><LI>Max Depth = 8<LI>Call Chain = tmr_input_channel_init
</UL>
<BR>[Called By]<UL><LI><a href="#[169]">&gt;&gt;</a>&nbsp;&nbsp;&nbsp;lick_frequency_get
</UL>

<P><STRONG><a name="[19a]"></a>tmr_interrupt_enable</STRONG> (Thumb, 22 bytes, Stack size 0 bytes, at32f435_437_tmr.o(i.tmr_interrupt_enable))
<BR><BR>[Called By]<UL><LI><a href="#[169]">&gt;&gt;</a>&nbsp;&nbsp;&nbsp;lick_frequency_get
</UL>

<P><STRONG><a name="[16e]"></a>tmr_interrupt_flag_get</STRONG> (Thumb, 20 bytes, Stack size 0 bytes, at32f435_437_tmr.o(i.tmr_interrupt_flag_get))
<BR><BR>[Called By]<UL><LI><a href="#[3d]">&gt;&gt;</a>&nbsp;&nbsp;&nbsp;TMR5_GLOBAL_IRQHandler
</UL>

<P><STRONG><a name="[194]"></a>tmr_iremap_config</STRONG> (Thumb, 30 bytes, Stack size 0 bytes, at32f435_437_tmr.o(i.tmr_iremap_config))
<BR><BR>[Called By]<UL><LI><a href="#[169]">&gt;&gt;</a>&nbsp;&nbsp;&nbsp;lick_frequency_get
</UL>

<P><STRONG><a name="[19b]"></a>tmr_reset</STRONG> (Thumb, 224 bytes, Stack size 8 bytes, at32f435_437_tmr.o(i.tmr_reset))
<BR><BR>[Stack]<UL><LI>Max Depth = 16<LI>Call Chain = tmr_reset &rArr; crm_periph_reset
</UL>
<BR>[Calls]<UL><LI><a href="#[19f]">&gt;&gt;</a>&nbsp;&nbsp;&nbsp;crm_periph_reset
</UL>
<BR>[Called By]<UL><LI><a href="#[169]">&gt;&gt;</a>&nbsp;&nbsp;&nbsp;lick_frequency_get
</UL>

<P><STRONG><a name="[15c]"></a>uart2_tx_string</STRONG> (Thumb, 46 bytes, Stack size 24 bytes, hal_uart.o(i.uart2_tx_string))
<BR><BR>[Stack]<UL><LI>Max Depth = 24<LI>Call Chain = uart2_tx_string
</UL>
<BR>[Calls]<UL><LI><a href="#[193]">&gt;&gt;</a>&nbsp;&nbsp;&nbsp;usart_flag_get
<LI><a href="#[192]">&gt;&gt;</a>&nbsp;&nbsp;&nbsp;usart_data_transmit
</UL>
<BR>[Called By]<UL><LI><a href="#[bc]">&gt;&gt;</a>&nbsp;&nbsp;&nbsp;Log_str_printf
</UL>

<P><STRONG><a name="[168]"></a>uart3_tx_string</STRONG> (Thumb, 46 bytes, Stack size 24 bytes, hal_uart.o(i.uart3_tx_string))
<BR><BR>[Stack]<UL><LI>Max Depth = 24<LI>Call Chain = uart3_tx_string
</UL>
<BR>[Calls]<UL><LI><a href="#[193]">&gt;&gt;</a>&nbsp;&nbsp;&nbsp;usart_flag_get
<LI><a href="#[192]">&gt;&gt;</a>&nbsp;&nbsp;&nbsp;usart_data_transmit
</UL>
<BR>[Called By]<UL><LI><a href="#[167]">&gt;&gt;</a>&nbsp;&nbsp;&nbsp;Port_Tx_Cmd_Pack
</UL>

<P><STRONG><a name="[f5]"></a>uart4_tx_string</STRONG> (Thumb, 46 bytes, Stack size 24 bytes, hal_uart.o(i.uart4_tx_string))
<BR><BR>[Stack]<UL><LI>Max Depth = 24<LI>Call Chain = uart4_tx_string
</UL>
<BR>[Calls]<UL><LI><a href="#[193]">&gt;&gt;</a>&nbsp;&nbsp;&nbsp;usart_flag_get
<LI><a href="#[192]">&gt;&gt;</a>&nbsp;&nbsp;&nbsp;usart_data_transmit
</UL>
<BR>[Called By]<UL><LI><a href="#[be]">&gt;&gt;</a>&nbsp;&nbsp;&nbsp;Bsp_Rdss_Tx_CCTCQ
<LI><a href="#[dc]">&gt;&gt;</a>&nbsp;&nbsp;&nbsp;Bsp_Rdss_Tx_CCICR
</UL>

<P><STRONG><a name="[174]"></a>usart_data_receive</STRONG> (Thumb, 6 bytes, Stack size 0 bytes, at32f435_437_usart.o(i.usart_data_receive))
<BR><BR>[Called By]<UL><LI><a href="#[32]">&gt;&gt;</a>&nbsp;&nbsp;&nbsp;USART3_IRQHandler
<LI><a href="#[31]">&gt;&gt;</a>&nbsp;&nbsp;&nbsp;USART2_IRQHandler
<LI><a href="#[30]">&gt;&gt;</a>&nbsp;&nbsp;&nbsp;USART1_IRQHandler
<LI><a href="#[3f]">&gt;&gt;</a>&nbsp;&nbsp;&nbsp;UART4_IRQHandler
</UL>

<P><STRONG><a name="[192]"></a>usart_data_transmit</STRONG> (Thumb, 8 bytes, Stack size 0 bytes, at32f435_437_usart.o(i.usart_data_transmit))
<BR><BR>[Called By]<UL><LI><a href="#[f5]">&gt;&gt;</a>&nbsp;&nbsp;&nbsp;uart4_tx_string
<LI><a href="#[168]">&gt;&gt;</a>&nbsp;&nbsp;&nbsp;uart3_tx_string
<LI><a href="#[15c]">&gt;&gt;</a>&nbsp;&nbsp;&nbsp;uart2_tx_string
<LI><a href="#[72]">&gt;&gt;</a>&nbsp;&nbsp;&nbsp;fputc
</UL>

<P><STRONG><a name="[150]"></a>usart_enable</STRONG> (Thumb, 10 bytes, Stack size 0 bytes, at32f435_437_usart.o(i.usart_enable))
<BR><BR>[Called By]<UL><LI><a href="#[da]">&gt;&gt;</a>&nbsp;&nbsp;&nbsp;Hal_Uart4_Init
<LI><a href="#[db]">&gt;&gt;</a>&nbsp;&nbsp;&nbsp;Hal_Uart4_Deinit
<LI><a href="#[159]">&gt;&gt;</a>&nbsp;&nbsp;&nbsp;Hal_Uart3_Init
<LI><a href="#[158]">&gt;&gt;</a>&nbsp;&nbsp;&nbsp;Hal_Uart3_Deinit
<LI><a href="#[dd]">&gt;&gt;</a>&nbsp;&nbsp;&nbsp;Hal_Uart1_Init
<LI><a href="#[e0]">&gt;&gt;</a>&nbsp;&nbsp;&nbsp;Hal_Uart1_Deinit
<LI><a href="#[157]">&gt;&gt;</a>&nbsp;&nbsp;&nbsp;Hal_Uart2_Init
</UL>

<P><STRONG><a name="[173]"></a>usart_flag_clear</STRONG> (Thumb, 16 bytes, Stack size 0 bytes, at32f435_437_usart.o(i.usart_flag_clear))
<BR><BR>[Called By]<UL><LI><a href="#[32]">&gt;&gt;</a>&nbsp;&nbsp;&nbsp;USART3_IRQHandler
<LI><a href="#[31]">&gt;&gt;</a>&nbsp;&nbsp;&nbsp;USART2_IRQHandler
<LI><a href="#[30]">&gt;&gt;</a>&nbsp;&nbsp;&nbsp;USART1_IRQHandler
<LI><a href="#[3f]">&gt;&gt;</a>&nbsp;&nbsp;&nbsp;UART4_IRQHandler
</UL>

<P><STRONG><a name="[193]"></a>usart_flag_get</STRONG> (Thumb, 10 bytes, Stack size 0 bytes, at32f435_437_usart.o(i.usart_flag_get))
<BR><BR>[Called By]<UL><LI><a href="#[f5]">&gt;&gt;</a>&nbsp;&nbsp;&nbsp;uart4_tx_string
<LI><a href="#[168]">&gt;&gt;</a>&nbsp;&nbsp;&nbsp;uart3_tx_string
<LI><a href="#[15c]">&gt;&gt;</a>&nbsp;&nbsp;&nbsp;uart2_tx_string
<LI><a href="#[72]">&gt;&gt;</a>&nbsp;&nbsp;&nbsp;fputc
</UL>

<P><STRONG><a name="[154]"></a>usart_init</STRONG> (Thumb, 124 bytes, Stack size 40 bytes, at32f435_437_usart.o(i.usart_init))
<BR><BR>[Stack]<UL><LI>Max Depth = 104<LI>Call Chain = usart_init &rArr; crm_clocks_freq_get &rArr; __aeabi_uldivmod
</UL>
<BR>[Calls]<UL><LI><a href="#[189]">&gt;&gt;</a>&nbsp;&nbsp;&nbsp;crm_clocks_freq_get
</UL>
<BR>[Called By]<UL><LI><a href="#[da]">&gt;&gt;</a>&nbsp;&nbsp;&nbsp;Hal_Uart4_Init
<LI><a href="#[159]">&gt;&gt;</a>&nbsp;&nbsp;&nbsp;Hal_Uart3_Init
<LI><a href="#[dd]">&gt;&gt;</a>&nbsp;&nbsp;&nbsp;Hal_Uart1_Init
<LI><a href="#[157]">&gt;&gt;</a>&nbsp;&nbsp;&nbsp;Hal_Uart2_Init
</UL>

<P><STRONG><a name="[151]"></a>usart_interrupt_enable</STRONG> (Thumb, 30 bytes, Stack size 8 bytes, at32f435_437_usart.o(i.usart_interrupt_enable))
<BR><BR>[Stack]<UL><LI>Max Depth = 8<LI>Call Chain = usart_interrupt_enable
</UL>
<BR>[Called By]<UL><LI><a href="#[da]">&gt;&gt;</a>&nbsp;&nbsp;&nbsp;Hal_Uart4_Init
<LI><a href="#[db]">&gt;&gt;</a>&nbsp;&nbsp;&nbsp;Hal_Uart4_Deinit
<LI><a href="#[159]">&gt;&gt;</a>&nbsp;&nbsp;&nbsp;Hal_Uart3_Init
<LI><a href="#[158]">&gt;&gt;</a>&nbsp;&nbsp;&nbsp;Hal_Uart3_Deinit
<LI><a href="#[dd]">&gt;&gt;</a>&nbsp;&nbsp;&nbsp;Hal_Uart1_Init
<LI><a href="#[e0]">&gt;&gt;</a>&nbsp;&nbsp;&nbsp;Hal_Uart1_Deinit
<LI><a href="#[157]">&gt;&gt;</a>&nbsp;&nbsp;&nbsp;Hal_Uart2_Init
</UL>

<P><STRONG><a name="[172]"></a>usart_interrupt_flag_get</STRONG> (Thumb, 140 bytes, Stack size 0 bytes, at32f435_437_usart.o(i.usart_interrupt_flag_get))
<BR><BR>[Called By]<UL><LI><a href="#[32]">&gt;&gt;</a>&nbsp;&nbsp;&nbsp;USART3_IRQHandler
<LI><a href="#[31]">&gt;&gt;</a>&nbsp;&nbsp;&nbsp;USART2_IRQHandler
<LI><a href="#[30]">&gt;&gt;</a>&nbsp;&nbsp;&nbsp;USART1_IRQHandler
<LI><a href="#[3f]">&gt;&gt;</a>&nbsp;&nbsp;&nbsp;UART4_IRQHandler
</UL>

<P><STRONG><a name="[156]"></a>usart_receiver_enable</STRONG> (Thumb, 10 bytes, Stack size 0 bytes, at32f435_437_usart.o(i.usart_receiver_enable))
<BR><BR>[Called By]<UL><LI><a href="#[da]">&gt;&gt;</a>&nbsp;&nbsp;&nbsp;Hal_Uart4_Init
<LI><a href="#[159]">&gt;&gt;</a>&nbsp;&nbsp;&nbsp;Hal_Uart3_Init
<LI><a href="#[dd]">&gt;&gt;</a>&nbsp;&nbsp;&nbsp;Hal_Uart1_Init
<LI><a href="#[157]">&gt;&gt;</a>&nbsp;&nbsp;&nbsp;Hal_Uart2_Init
</UL>

<P><STRONG><a name="[15a]"></a>usart_transmit_receive_pin_swap</STRONG> (Thumb, 10 bytes, Stack size 0 bytes, at32f435_437_usart.o(i.usart_transmit_receive_pin_swap))
<BR><BR>[Called By]<UL><LI><a href="#[159]">&gt;&gt;</a>&nbsp;&nbsp;&nbsp;Hal_Uart3_Init
</UL>

<P><STRONG><a name="[155]"></a>usart_transmitter_enable</STRONG> (Thumb, 10 bytes, Stack size 0 bytes, at32f435_437_usart.o(i.usart_transmitter_enable))
<BR><BR>[Called By]<UL><LI><a href="#[da]">&gt;&gt;</a>&nbsp;&nbsp;&nbsp;Hal_Uart4_Init
<LI><a href="#[159]">&gt;&gt;</a>&nbsp;&nbsp;&nbsp;Hal_Uart3_Init
<LI><a href="#[dd]">&gt;&gt;</a>&nbsp;&nbsp;&nbsp;Hal_Uart1_Init
<LI><a href="#[157]">&gt;&gt;</a>&nbsp;&nbsp;&nbsp;Hal_Uart2_Init
</UL>

<P><STRONG><a name="[165]"></a>versions_rep</STRONG> (Thumb, 24 bytes, Stack size 8 bytes, bsp_config.o(i.versions_rep))
<BR><BR>[Stack]<UL><LI>Max Depth = 56<LI>Call Chain = versions_rep &rArr; Port_Tx_Cmd_Pack &rArr; uart3_tx_string
</UL>
<BR>[Calls]<UL><LI><a href="#[167]">&gt;&gt;</a>&nbsp;&nbsp;&nbsp;Port_Tx_Cmd_Pack
</UL>
<BR>[Called By]<UL><LI><a href="#[e6]">&gt;&gt;</a>&nbsp;&nbsp;&nbsp;Port_Rxdata_deal
</UL>
<P>
<H3>
Local Symbols
</H3>
<P><STRONG><a name="[185]"></a>_fp_digits</STRONG> (Thumb, 366 bytes, Stack size 64 bytes, printfa.o(i._fp_digits), UNUSED)
<BR><BR>[Calls]<UL><LI><a href="#[a4]">&gt;&gt;</a>&nbsp;&nbsp;&nbsp;__aeabi_cdrcmple
<LI><a href="#[88]">&gt;&gt;</a>&nbsp;&nbsp;&nbsp;__aeabi_dmul
<LI><a href="#[89]">&gt;&gt;</a>&nbsp;&nbsp;&nbsp;__aeabi_ddiv
<LI><a href="#[82]">&gt;&gt;</a>&nbsp;&nbsp;&nbsp;__aeabi_dadd
<LI><a href="#[93]">&gt;&gt;</a>&nbsp;&nbsp;&nbsp;__aeabi_d2ulz
<LI><a href="#[76]">&gt;&gt;</a>&nbsp;&nbsp;&nbsp;__aeabi_uldivmod
</UL>
<BR>[Called By]<UL><LI><a href="#[177]">&gt;&gt;</a>&nbsp;&nbsp;&nbsp;_printf_core
</UL>

<P><STRONG><a name="[177]"></a>_printf_core</STRONG> (Thumb, 1744 bytes, Stack size 136 bytes, printfa.o(i._printf_core), UNUSED)
<BR><BR>[Calls]<UL><LI><a href="#[186]">&gt;&gt;</a>&nbsp;&nbsp;&nbsp;_printf_pre_padding
<LI><a href="#[187]">&gt;&gt;</a>&nbsp;&nbsp;&nbsp;_printf_post_padding
<LI><a href="#[185]">&gt;&gt;</a>&nbsp;&nbsp;&nbsp;_fp_digits
<LI><a href="#[76]">&gt;&gt;</a>&nbsp;&nbsp;&nbsp;__aeabi_uldivmod
<LI><a href="#[188]">&gt;&gt;</a>&nbsp;&nbsp;&nbsp;__aeabi_uidivmod
</UL>
<BR>[Called By]<UL><LI><a href="#[178]">&gt;&gt;</a>&nbsp;&nbsp;&nbsp;__0sprintf
<LI><a href="#[176]">&gt;&gt;</a>&nbsp;&nbsp;&nbsp;__0printf
</UL>

<P><STRONG><a name="[187]"></a>_printf_post_padding</STRONG> (Thumb, 36 bytes, Stack size 24 bytes, printfa.o(i._printf_post_padding), UNUSED)
<BR><BR>[Called By]<UL><LI><a href="#[177]">&gt;&gt;</a>&nbsp;&nbsp;&nbsp;_printf_core
</UL>

<P><STRONG><a name="[186]"></a>_printf_pre_padding</STRONG> (Thumb, 46 bytes, Stack size 24 bytes, printfa.o(i._printf_pre_padding), UNUSED)
<BR><BR>[Called By]<UL><LI><a href="#[177]">&gt;&gt;</a>&nbsp;&nbsp;&nbsp;_printf_core
</UL>

<P><STRONG><a name="[73]"></a>_sputc</STRONG> (Thumb, 10 bytes, Stack size 0 bytes, printfa.o(i._sputc))
<BR><BR>[Called By]<UL><LI><a href="#[178]">&gt;&gt;</a>&nbsp;&nbsp;&nbsp;__0sprintf
</UL>
<BR>[Address Reference Count : 1]<UL><LI> printfa.o(i.__0sprintf)
</UL>
<P><STRONG><a name="[70]"></a>_scanf_char_input</STRONG> (Thumb, 12 bytes, Stack size 0 bytes, scanf_char.o(.text))
<BR>[Address Reference Count : 1]<UL><LI> scanf_char.o(.text)
</UL>
<P><STRONG><a name="[8f]"></a>_local_sscanf</STRONG> (Thumb, 54 bytes, Stack size 56 bytes, strtod.o(.text))
<BR><BR>[Stack]<UL><LI>Max Depth = 160<LI>Call Chain = _local_sscanf &rArr; _scanf_real
</UL>
<BR>[Calls]<UL><LI><a href="#[90]">&gt;&gt;</a>&nbsp;&nbsp;&nbsp;_scanf_real
</UL>
<BR>[Called By]<UL><LI><a href="#[91]">&gt;&gt;</a>&nbsp;&nbsp;&nbsp;__strtod_int
</UL>

<P><STRONG><a name="[96]"></a>_fp_value</STRONG> (Thumb, 296 bytes, Stack size 64 bytes, scanf_fp.o(.text), UNUSED)
<BR><BR>[Calls]<UL><LI><a href="#[88]">&gt;&gt;</a>&nbsp;&nbsp;&nbsp;__aeabi_dmul
<LI><a href="#[89]">&gt;&gt;</a>&nbsp;&nbsp;&nbsp;__aeabi_ddiv
<LI><a href="#[97]">&gt;&gt;</a>&nbsp;&nbsp;&nbsp;__aeabi_ul2d
</UL>
<BR>[Called By]<UL><LI><a href="#[98]">&gt;&gt;</a>&nbsp;&nbsp;&nbsp;_scanf_really_real
</UL>
<P>
<H3>
Undefined Global Symbols
</H3><HR></body></html>
