<html>
<body>
<pre>
<h1>µVision Build Log</h1>
<h2>Tool Versions:</h2>
IDE-Version: ¦ÌVision V5.31.0.0
Copyright (C) 2020 ARM Ltd and ARM Germany GmbH. All rights reserved.
License Information: 1 Administrator, 1, LIC=47GU5-GV0SA-9UD4U-STUL9-5LI2I-FJC51
 
Tool Versions:
Toolchain:       MDK-ARM Plus  Version: 5.31.0.0
Toolchain Path:  D:\Keil_v5\ARM\ARMCC\Bin
C Compiler:      Armcc.exe V5.06 update 6 (build 750)
Assembler:       Armasm.exe V5.06 update 6 (build 750)
Linker/Locator:  ArmLink.exe V5.06 update 6 (build 750)
Library Manager: ArmAr.exe V5.06 update 6 (build 750)
Hex Converter:   FromElf.exe V5.06 update 6 (build 750)
CPU DLL:         SARMCM3.DLL V5.31.0.0
Dialog DLL:      DCM.DLL V1.17.3.0
Target DLL:      Segger\JL2CM3.dll V2.99.38.0
Dialog DLL:      TCM.DLL V1.46.0.0
 
<h2>Project:</h2>
E:\2024\±±¶·\SOFT\V20\001_MBA05_SOFT_V20_240807\Obj\Soft_MBA05_V01.uvprojx
Project File Date:  08/08/2024

<h2>Output:</h2>
*** Using Compiler 'V5.06 update 6 (build 750)', folder: 'D:\Keil_v5\ARM\ARMCC\Bin'
Rebuild target 'MB_A05_V01'
assembling startup_at32f435_437.s...
compiling api_fifo.c...
compiling api_common.c...
compiling system_at32f435_437.c...
compiling at32f435_437_exint.c...
compiling main.c...
compiling at32f435_437_dma.c...
compiling at32f435_437_pwc.c...
compiling at32f435_437_adc.c...
compiling at32f435_437_gpio.c...
compiling at32f435_437_flash.c...
compiling at32f435_437_crm.c...
compiling at32f435_437_misc.c...
compiling at32f435_437_ertc.c...
compiling at32f435_437_wwdt.c...
compiling at32f435_437_scfg.c...
compiling Hal_PowManage.c...
compiling at32f435_437_usart.c...
compiling Hal_Init.c...
compiling Hal_KeyLed.c...
compiling Hal_Uart.c...
compiling at32f435_437_tmr.c...
compiling Hal_Sleep.c...
compiling Hal_Flash.c...
compiling Bsp_BatVol.c...
compiling Bsp_KeyLed.c...
compiling Bsp_Init.c...
compiling Bsp_Log.c...
compiling Bsp_RdssParse.c...
compiling Sys_TimeRun.c...
compiling Bsp_GnssParse.c...
compiling croutine.c...
compiling Bsp_Task.c...
compiling list.c...
compiling event_groups.c...
compiling timers.c...
compiling heap_4.c...
compiling queue.c...
compiling stream_buffer.c...
compiling Bsp_UartRec.c...
compiling include_port.c...
compiling Bsp_Config.c...
compiling tasks.c...
compiling at32f435_437_int.c...
compiling Bsp_RdssSend.c...
linking...
Program Size: Code=21708 RO-data=1424 RW-data=212 ZI-data=15220  
FromELF: creating hex file...
After Build - User command #1: fromelf.exe --bin --output Soft_MBA05_V01.bin .\Objects\Soft_MBA05_V01.axf
".\Objects\Soft_MBA05_V01.axf" - 0 Error(s), 0 Warning(s).

<h2>Software Packages used:</h2>

Package Vendor: ArteryTek
                
                ArteryTek.AT32F435_437_DFP.2.1.8
                ArteryTek AT32F4 Series Device Support,Drivers

<h2>Collection of Component include folders:</h2>
  D:\Keil_v5\Packs\ArteryTek\AT32F435_437_DFP\2.1.8\Device\Include

<h2>Collection of Component Files used:</h2>
Build Time Elapsed:  00:00:02
</pre>
</body>
</html>
