<!doctype html public "-//w3c//dtd html 4.0 transitional//en">
<html><head>
<title>Static Call Graph - [.\Objects\Soft_MBA05_V01.axf]</title></head>
<body><HR>
<H1>Static Call Graph for image .\Objects\Soft_MBA05_V01.axf</H1><HR>
<BR><P>#&#060CALLGRAPH&#062# ARM Linker, 5060750: Last Updated: Thu Aug 08 13:52:07 2024
<BR><P>
<H3>Maximum Stack Usage =        392 bytes + Unknown(Cycles, Untraceable Function Pointers)</H3><H3>
Call chain for Maximum Stack Depth:</H3>
Nor_SOS_function &rArr; Bsp_Nor_SOS_SendCtrl &rArr; Bsp_Add_Loca_Queue &rArr; API_Funftoa &rArr; __aeabi_drsub &rArr; __aeabi_dadd &rArr; _double_epilogue &rArr; _double_round
<P>
<H3>
Mutually Recursive functions
</H3> <LI><a href="#[5f]">ACC_IRQHandler</a>&nbsp;&nbsp;&nbsp;&rArr;&nbsp;&nbsp;&nbsp;<a href="#[5f]">ACC_IRQHandler</a><BR>
 <LI><a href="#[5]">BusFault_Handler</a>&nbsp;&nbsp;&nbsp;&rArr;&nbsp;&nbsp;&nbsp;<a href="#[5]">BusFault_Handler</a><BR>
 <LI><a href="#[3]">HardFault_Handler</a>&nbsp;&nbsp;&nbsp;&rArr;&nbsp;&nbsp;&nbsp;<a href="#[3]">HardFault_Handler</a><BR>
 <LI><a href="#[76]">MagKey_Scan_function</a>&nbsp;&nbsp;&nbsp;&rArr;&nbsp;&nbsp;&nbsp;<a href="#[76]">MagKey_Scan_function</a><BR>
 <LI><a href="#[4]">MemManage_Handler</a>&nbsp;&nbsp;&nbsp;&rArr;&nbsp;&nbsp;&nbsp;<a href="#[4]">MemManage_Handler</a><BR>
 <LI><a href="#[78]">Port_InforGet_function</a>&nbsp;&nbsp;&nbsp;&rArr;&nbsp;&nbsp;&nbsp;<a href="#[78]">Port_InforGet_function</a><BR>
 <LI><a href="#[6]">UsageFault_Handler</a>&nbsp;&nbsp;&nbsp;&rArr;&nbsp;&nbsp;&nbsp;<a href="#[6]">UsageFault_Handler</a><BR>
 <LI><a href="#[71]">adc_task_function</a>&nbsp;&nbsp;&nbsp;&rArr;&nbsp;&nbsp;&nbsp;<a href="#[71]">adc_task_function</a><BR>
</UL>
<P>
<H3>
Function Pointers
</H3><UL>
 <LI><a href="#[5f]">ACC_IRQHandler</a> from startup_at32f435_437.o(.text) referenced from startup_at32f435_437.o(RESET)
 <LI><a href="#[1d]">ADC1_2_3_IRQHandler</a> from startup_at32f435_437.o(.text) referenced from startup_at32f435_437.o(RESET)
 <LI><a href="#[72]">Bat_Percent_function</a> from bsp_task.o(i.Bat_Percent_function) referenced from bsp_task.o(i.setupBatTask)
 <LI><a href="#[73]">Bat_Vol_Display_function</a> from bsp_task.o(i.Bat_Vol_Display_function) referenced from bsp_task.o(i.setupBatVolDisplaytask)
 <LI><a href="#[5]">BusFault_Handler</a> from at32f435_437_int.o(i.BusFault_Handler) referenced from startup_at32f435_437.o(RESET)
 <LI><a href="#[1f]">CAN1_RX0_IRQHandler</a> from startup_at32f435_437.o(.text) referenced from startup_at32f435_437.o(RESET)
 <LI><a href="#[20]">CAN1_RX1_IRQHandler</a> from startup_at32f435_437.o(.text) referenced from startup_at32f435_437.o(RESET)
 <LI><a href="#[21]">CAN1_SE_IRQHandler</a> from startup_at32f435_437.o(.text) referenced from startup_at32f435_437.o(RESET)
 <LI><a href="#[1e]">CAN1_TX_IRQHandler</a> from startup_at32f435_437.o(.text) referenced from startup_at32f435_437.o(RESET)
 <LI><a href="#[4b]">CAN2_RX0_IRQHandler</a> from startup_at32f435_437.o(.text) referenced from startup_at32f435_437.o(RESET)
 <LI><a href="#[4c]">CAN2_RX1_IRQHandler</a> from startup_at32f435_437.o(.text) referenced from startup_at32f435_437.o(RESET)
 <LI><a href="#[4d]">CAN2_SE_IRQHandler</a> from startup_at32f435_437.o(.text) referenced from startup_at32f435_437.o(RESET)
 <LI><a href="#[4a]">CAN2_TX_IRQHandler</a> from startup_at32f435_437.o(.text) referenced from startup_at32f435_437.o(RESET)
 <LI><a href="#[10]">CRM_IRQHandler</a> from startup_at32f435_437.o(.text) referenced from startup_at32f435_437.o(RESET)
 <LI><a href="#[43]">DMA1_Channel1_IRQHandler</a> from startup_at32f435_437.o(.text) referenced from startup_at32f435_437.o(RESET)
 <LI><a href="#[44]">DMA1_Channel2_IRQHandler</a> from startup_at32f435_437.o(.text) referenced from startup_at32f435_437.o(RESET)
 <LI><a href="#[45]">DMA1_Channel3_IRQHandler</a> from startup_at32f435_437.o(.text) referenced from startup_at32f435_437.o(RESET)
 <LI><a href="#[46]">DMA1_Channel4_IRQHandler</a> from startup_at32f435_437.o(.text) referenced from startup_at32f435_437.o(RESET)
 <LI><a href="#[47]">DMA1_Channel5_IRQHandler</a> from startup_at32f435_437.o(.text) referenced from startup_at32f435_437.o(RESET)
 <LI><a href="#[4f]">DMA1_Channel6_IRQHandler</a> from startup_at32f435_437.o(.text) referenced from startup_at32f435_437.o(RESET)
 <LI><a href="#[50]">DMA1_Channel7_IRQHandler</a> from startup_at32f435_437.o(.text) referenced from startup_at32f435_437.o(RESET)
 <LI><a href="#[64]">DMA2_Channel1_IRQHandler</a> from startup_at32f435_437.o(.text) referenced from startup_at32f435_437.o(RESET)
 <LI><a href="#[65]">DMA2_Channel2_IRQHandler</a> from startup_at32f435_437.o(.text) referenced from startup_at32f435_437.o(RESET)
 <LI><a href="#[66]">DMA2_Channel3_IRQHandler</a> from startup_at32f435_437.o(.text) referenced from startup_at32f435_437.o(RESET)
 <LI><a href="#[67]">DMA2_Channel4_IRQHandler</a> from startup_at32f435_437.o(.text) referenced from startup_at32f435_437.o(RESET)
 <LI><a href="#[68]">DMA2_Channel5_IRQHandler</a> from startup_at32f435_437.o(.text) referenced from startup_at32f435_437.o(RESET)
 <LI><a href="#[69]">DMA2_Channel6_IRQHandler</a> from startup_at32f435_437.o(.text) referenced from startup_at32f435_437.o(RESET)
 <LI><a href="#[6a]">DMA2_Channel7_IRQHandler</a> from startup_at32f435_437.o(.text) referenced from startup_at32f435_437.o(RESET)
 <LI><a href="#[5d]">DMAMUX_IRQHandler</a> from startup_at32f435_437.o(.text) referenced from startup_at32f435_437.o(RESET)
 <LI><a href="#[56]">DVP_IRQHandler</a> from startup_at32f435_437.o(.text) referenced from startup_at32f435_437.o(RESET)
 <LI><a href="#[8]">DebugMon_Handler</a> from at32f435_437_int.o(i.DebugMon_Handler) referenced from startup_at32f435_437.o(RESET)
 <LI><a href="#[16]">EDMA_Stream1_IRQHandler</a> from startup_at32f435_437.o(.text) referenced from startup_at32f435_437.o(RESET)
 <LI><a href="#[17]">EDMA_Stream2_IRQHandler</a> from startup_at32f435_437.o(.text) referenced from startup_at32f435_437.o(RESET)
 <LI><a href="#[18]">EDMA_Stream3_IRQHandler</a> from startup_at32f435_437.o(.text) referenced from startup_at32f435_437.o(RESET)
 <LI><a href="#[19]">EDMA_Stream4_IRQHandler</a> from startup_at32f435_437.o(.text) referenced from startup_at32f435_437.o(RESET)
 <LI><a href="#[1a]">EDMA_Stream5_IRQHandler</a> from startup_at32f435_437.o(.text) referenced from startup_at32f435_437.o(RESET)
 <LI><a href="#[1b]">EDMA_Stream6_IRQHandler</a> from startup_at32f435_437.o(.text) referenced from startup_at32f435_437.o(RESET)
 <LI><a href="#[1c]">EDMA_Stream7_IRQHandler</a> from startup_at32f435_437.o(.text) referenced from startup_at32f435_437.o(RESET)
 <LI><a href="#[3a]">EDMA_Stream8_IRQHandler</a> from startup_at32f435_437.o(.text) referenced from startup_at32f435_437.o(RESET)
 <LI><a href="#[48]">EMAC_IRQHandler</a> from startup_at32f435_437.o(.text) referenced from startup_at32f435_437.o(RESET)
 <LI><a href="#[49]">EMAC_WKUP_IRQHandler</a> from startup_at32f435_437.o(.text) referenced from startup_at32f435_437.o(RESET)
 <LI><a href="#[34]">ERTCAlarm_IRQHandler</a> from hal_sleep.o(i.ERTCAlarm_IRQHandler) referenced from startup_at32f435_437.o(RESET)
 <LI><a href="#[e]">ERTC_WKUP_IRQHandler</a> from startup_at32f435_437.o(.text) referenced from startup_at32f435_437.o(RESET)
 <LI><a href="#[11]">EXINT0_IRQHandler</a> from hal_keyled.o(i.EXINT0_IRQHandler) referenced from startup_at32f435_437.o(RESET)
 <LI><a href="#[33]">EXINT15_10_IRQHandler</a> from startup_at32f435_437.o(.text) referenced from startup_at32f435_437.o(RESET)
 <LI><a href="#[12]">EXINT1_IRQHandler</a> from hal_keyled.o(i.EXINT1_IRQHandler) referenced from startup_at32f435_437.o(RESET)
 <LI><a href="#[13]">EXINT2_IRQHandler</a> from startup_at32f435_437.o(.text) referenced from startup_at32f435_437.o(RESET)
 <LI><a href="#[14]">EXINT3_IRQHandler</a> from startup_at32f435_437.o(.text) referenced from startup_at32f435_437.o(RESET)
 <LI><a href="#[15]">EXINT4_IRQHandler</a> from startup_at32f435_437.o(.text) referenced from startup_at32f435_437.o(RESET)
 <LI><a href="#[22]">EXINT9_5_IRQHandler</a> from hal_keyled.o(i.EXINT9_5_IRQHandler) referenced from startup_at32f435_437.o(RESET)
 <LI><a href="#[75]">Error_Led_Display_function</a> from bsp_task.o(i.Error_Led_Display_function) referenced from bsp_task.o(i.setupErrorLedDisplaytask)
 <LI><a href="#[f]">FLASH_IRQHandler</a> from startup_at32f435_437.o(.text) referenced from startup_at32f435_437.o(RESET)
 <LI><a href="#[57]">FPU_IRQHandler</a> from startup_at32f435_437.o(.text) referenced from startup_at32f435_437.o(RESET)
 <LI><a href="#[3]">HardFault_Handler</a> from at32f435_437_int.o(i.HardFault_Handler) referenced from startup_at32f435_437.o(RESET)
 <LI><a href="#[2b]">I2C1_ERR_IRQHandler</a> from startup_at32f435_437.o(.text) referenced from startup_at32f435_437.o(RESET)
 <LI><a href="#[2a]">I2C1_EVT_IRQHandler</a> from startup_at32f435_437.o(.text) referenced from startup_at32f435_437.o(RESET)
 <LI><a href="#[2d]">I2C2_ERR_IRQHandler</a> from startup_at32f435_437.o(.text) referenced from startup_at32f435_437.o(RESET)
 <LI><a href="#[2c]">I2C2_EVT_IRQHandler</a> from startup_at32f435_437.o(.text) referenced from startup_at32f435_437.o(RESET)
 <LI><a href="#[53]">I2C3_ERR_IRQHandler</a> from startup_at32f435_437.o(.text) referenced from startup_at32f435_437.o(RESET)
 <LI><a href="#[52]">I2C3_EVT_IRQHandler</a> from startup_at32f435_437.o(.text) referenced from startup_at32f435_437.o(RESET)
 <LI><a href="#[76]">MagKey_Scan_function</a> from bsp_task.o(i.MagKey_Scan_function) referenced from bsp_task.o(i.setupMagKeyTask)
 <LI><a href="#[4]">MemManage_Handler</a> from at32f435_437_int.o(i.MemManage_Handler) referenced from startup_at32f435_437.o(RESET)
 <LI><a href="#[2]">NMI_Handler</a> from at32f435_437_int.o(i.NMI_Handler) referenced from startup_at32f435_437.o(RESET)
 <LI><a href="#[77]">Nor_SOS_function</a> from bsp_task.o(i.Nor_SOS_function) referenced from bsp_task.o(i.setupNorSOSTask)
 <LI><a href="#[4e]">OTGFS1_IRQHandler</a> from startup_at32f435_437.o(.text) referenced from startup_at32f435_437.o(RESET)
 <LI><a href="#[35]">OTGFS1_WKUP_IRQHandler</a> from startup_at32f435_437.o(.text) referenced from startup_at32f435_437.o(RESET)
 <LI><a href="#[55]">OTGFS2_IRQHandler</a> from startup_at32f435_437.o(.text) referenced from startup_at32f435_437.o(RESET)
 <LI><a href="#[54]">OTGFS2_WKUP_IRQHandler</a> from startup_at32f435_437.o(.text) referenced from startup_at32f435_437.o(RESET)
 <LI><a href="#[c]">PVM_IRQHandler</a> from startup_at32f435_437.o(.text) referenced from startup_at32f435_437.o(RESET)
 <LI><a href="#[9]">PendSV_Handler</a> from include_port.o(.emb_text) referenced from startup_at32f435_437.o(RESET)
 <LI><a href="#[78]">Port_InforGet_function</a> from bsp_task.o(i.Port_InforGet_function) referenced from bsp_task.o(i.setupPortInforGetTask)
 <LI><a href="#[79]">Pull_SendCtrl_function</a> from bsp_task.o(i.Pull_SendCtrl_function) referenced from bsp_task.o(i.setupPullSendCtrlTask)
 <LI><a href="#[5c]">QSPI1_IRQHandler</a> from startup_at32f435_437.o(.text) referenced from startup_at32f435_437.o(RESET)
 <LI><a href="#[5b]">QSPI2_IRQHandler</a> from startup_at32f435_437.o(.text) referenced from startup_at32f435_437.o(RESET)
 <LI><a href="#[1]">Reset_Handler</a> from startup_at32f435_437.o(.text) referenced from startup_at32f435_437.o(RESET)
 <LI><a href="#[3c]">SDIO1_IRQHandler</a> from startup_at32f435_437.o(.text) referenced from startup_at32f435_437.o(RESET)
 <LI><a href="#[5e]">SDIO2_IRQHandler</a> from startup_at32f435_437.o(.text) referenced from startup_at32f435_437.o(RESET)
 <LI><a href="#[2e]">SPI1_IRQHandler</a> from startup_at32f435_437.o(.text) referenced from startup_at32f435_437.o(RESET)
 <LI><a href="#[2f]">SPI2_I2S2EXT_IRQHandler</a> from startup_at32f435_437.o(.text) referenced from startup_at32f435_437.o(RESET)
 <LI><a href="#[3e]">SPI3_I2S3EXT_IRQHandler</a> from startup_at32f435_437.o(.text) referenced from startup_at32f435_437.o(RESET)
 <LI><a href="#[5a]">SPI4_IRQHandler</a> from startup_at32f435_437.o(.text) referenced from startup_at32f435_437.o(RESET)
 <LI><a href="#[7]">SVC_Handler</a> from include_port.o(.emb_text) referenced from startup_at32f435_437.o(RESET)
 <LI><a href="#[a]">SysTick_Handler</a> from include_port.o(i.SysTick_Handler) referenced from startup_at32f435_437.o(RESET)
 <LI><a href="#[7a]">Sys_State_Ctrl_function</a> from bsp_task.o(i.Sys_State_Ctrl_function) referenced from bsp_task.o(i.setupSysStateCtrltask)
 <LI><a href="#[6c]">SystemInit</a> from system_at32f435_437.o(i.SystemInit) referenced from startup_at32f435_437.o(.text)
 <LI><a href="#[d]">TAMP_STAMP_IRQHandler</a> from startup_at32f435_437.o(.text) referenced from startup_at32f435_437.o(RESET)
 <LI><a href="#[23]">TMR1_BRK_TMR9_IRQHandler</a> from startup_at32f435_437.o(.text) referenced from startup_at32f435_437.o(RESET)
 <LI><a href="#[26]">TMR1_CH_IRQHandler</a> from startup_at32f435_437.o(.text) referenced from startup_at32f435_437.o(RESET)
 <LI><a href="#[24]">TMR1_OVF_TMR10_IRQHandler</a> from startup_at32f435_437.o(.text) referenced from startup_at32f435_437.o(RESET)
 <LI><a href="#[25]">TMR1_TRG_HALL_TMR11_IRQHandler</a> from startup_at32f435_437.o(.text) referenced from startup_at32f435_437.o(RESET)
 <LI><a href="#[60]">TMR20_BRK_IRQHandler</a> from startup_at32f435_437.o(.text) referenced from startup_at32f435_437.o(RESET)
 <LI><a href="#[63]">TMR20_CH_IRQHandler</a> from startup_at32f435_437.o(.text) referenced from startup_at32f435_437.o(RESET)
 <LI><a href="#[61]">TMR20_OVF_IRQHandler</a> from startup_at32f435_437.o(.text) referenced from startup_at32f435_437.o(RESET)
 <LI><a href="#[62]">TMR20_TRG_HALL_IRQHandler</a> from startup_at32f435_437.o(.text) referenced from startup_at32f435_437.o(RESET)
 <LI><a href="#[27]">TMR2_GLOBAL_IRQHandler</a> from startup_at32f435_437.o(.text) referenced from startup_at32f435_437.o(RESET)
 <LI><a href="#[28]">TMR3_GLOBAL_IRQHandler</a> from startup_at32f435_437.o(.text) referenced from startup_at32f435_437.o(RESET)
 <LI><a href="#[29]">TMR4_GLOBAL_IRQHandler</a> from startup_at32f435_437.o(.text) referenced from startup_at32f435_437.o(RESET)
 <LI><a href="#[3d]">TMR5_GLOBAL_IRQHandler</a> from hal_sleep.o(i.TMR5_GLOBAL_IRQHandler) referenced from startup_at32f435_437.o(RESET)
 <LI><a href="#[41]">TMR6_DAC_GLOBAL_IRQHandler</a> from startup_at32f435_437.o(.text) referenced from startup_at32f435_437.o(RESET)
 <LI><a href="#[42]">TMR7_GLOBAL_IRQHandler</a> from startup_at32f435_437.o(.text) referenced from startup_at32f435_437.o(RESET)
 <LI><a href="#[36]">TMR8_BRK_TMR12_IRQHandler</a> from startup_at32f435_437.o(.text) referenced from startup_at32f435_437.o(RESET)
 <LI><a href="#[39]">TMR8_CH_IRQHandler</a> from startup_at32f435_437.o(.text) referenced from startup_at32f435_437.o(RESET)
 <LI><a href="#[37]">TMR8_OVF_TMR13_IRQHandler</a> from startup_at32f435_437.o(.text) referenced from startup_at32f435_437.o(RESET)
 <LI><a href="#[38]">TMR8_TRG_HALL_TMR14_IRQHandler</a> from startup_at32f435_437.o(.text) referenced from startup_at32f435_437.o(RESET)
 <LI><a href="#[3f]">UART4_IRQHandler</a> from bsp_uartrec.o(i.UART4_IRQHandler) referenced from startup_at32f435_437.o(RESET)
 <LI><a href="#[40]">UART5_IRQHandler</a> from startup_at32f435_437.o(.text) referenced from startup_at32f435_437.o(RESET)
 <LI><a href="#[58]">UART7_IRQHandler</a> from startup_at32f435_437.o(.text) referenced from startup_at32f435_437.o(RESET)
 <LI><a href="#[59]">UART8_IRQHandler</a> from startup_at32f435_437.o(.text) referenced from startup_at32f435_437.o(RESET)
 <LI><a href="#[30]">USART1_IRQHandler</a> from bsp_uartrec.o(i.USART1_IRQHandler) referenced from startup_at32f435_437.o(RESET)
 <LI><a href="#[31]">USART2_IRQHandler</a> from bsp_uartrec.o(i.USART2_IRQHandler) referenced from startup_at32f435_437.o(RESET)
 <LI><a href="#[32]">USART3_IRQHandler</a> from bsp_uartrec.o(i.USART3_IRQHandler) referenced from startup_at32f435_437.o(RESET)
 <LI><a href="#[51]">USART6_IRQHandler</a> from startup_at32f435_437.o(.text) referenced from startup_at32f435_437.o(RESET)
 <LI><a href="#[6]">UsageFault_Handler</a> from at32f435_437_int.o(i.UsageFault_Handler) referenced from startup_at32f435_437.o(RESET)
 <LI><a href="#[74]">Vbat_Chag_Ctrl_function</a> from bsp_task.o(i.Vbat_Chag_Ctrl_function) referenced from bsp_task.o(i.setupBspVbatChagCtrltask)
 <LI><a href="#[b]">WWDT_IRQHandler</a> from startup_at32f435_437.o(.text) referenced from startup_at32f435_437.o(RESET)
 <LI><a href="#[3b]">XMC_IRQHandler</a> from startup_at32f435_437.o(.text) referenced from startup_at32f435_437.o(RESET)
 <LI><a href="#[6d]">__main</a> from entry.o(.ARM.Collect$$$$00000000) referenced from startup_at32f435_437.o(.text)
 <LI><a href="#[6f]">_sputc</a> from printfa.o(i._sputc) referenced from printfa.o(i.__0sprintf)
 <LI><a href="#[71]">adc_task_function</a> from bsp_task.o(i.adc_task_function) referenced from bsp_task.o(i.setupADCTask)
 <LI><a href="#[6e]">fputc</a> from hal_uart.o(i.fputc) referenced from printfa.o(i.__0printf)
 <LI><a href="#[6b]">main</a> from main.o(i.main) referenced from entry9a.o(.ARM.Collect$$$$0000000B)
 <LI><a href="#[7b]">prvIdleTask</a> from tasks.o(i.prvIdleTask) referenced from tasks.o(i.vTaskStartScheduler)
 <LI><a href="#[70]">prvTaskExitError</a> from include_port.o(i.prvTaskExitError) referenced from include_port.o(i.pxPortInitialiseStack)
</UL>
<P>
<H3>
Global Symbols
</H3>
<P><STRONG><a name="[6d]"></a>__main</STRONG> (Thumb, 0 bytes, Stack size unknown bytes, entry.o(.ARM.Collect$$$$00000000))
<BR>[Address Reference Count : 1]<UL><LI> startup_at32f435_437.o(.text)
</UL>
<P><STRONG><a name="[175]"></a>_main_stk</STRONG> (Thumb, 0 bytes, Stack size unknown bytes, entry2.o(.ARM.Collect$$$$00000001))

<P><STRONG><a name="[7c]"></a>_main_scatterload</STRONG> (Thumb, 0 bytes, Stack size unknown bytes, entry5.o(.ARM.Collect$$$$00000004))
<BR><BR>[Calls]<UL><LI><a href="#[7d]">&gt;&gt;</a>&nbsp;&nbsp;&nbsp;__scatterload
</UL>

<P><STRONG><a name="[94]"></a>__main_after_scatterload</STRONG> (Thumb, 0 bytes, Stack size unknown bytes, entry5.o(.ARM.Collect$$$$00000004))
<BR><BR>[Called By]<UL><LI><a href="#[7d]">&gt;&gt;</a>&nbsp;&nbsp;&nbsp;__scatterload
</UL>

<P><STRONG><a name="[176]"></a>_main_clock</STRONG> (Thumb, 0 bytes, Stack size unknown bytes, entry7b.o(.ARM.Collect$$$$00000008))

<P><STRONG><a name="[177]"></a>_main_cpp_init</STRONG> (Thumb, 0 bytes, Stack size unknown bytes, entry8b.o(.ARM.Collect$$$$0000000A))

<P><STRONG><a name="[178]"></a>_main_init</STRONG> (Thumb, 0 bytes, Stack size unknown bytes, entry9a.o(.ARM.Collect$$$$0000000B))

<P><STRONG><a name="[179]"></a>__rt_final_cpp</STRONG> (Thumb, 0 bytes, Stack size unknown bytes, entry10a.o(.ARM.Collect$$$$0000000D))

<P><STRONG><a name="[17a]"></a>__rt_final_exit</STRONG> (Thumb, 0 bytes, Stack size unknown bytes, entry11a.o(.ARM.Collect$$$$0000000F))

<P><STRONG><a name="[7]"></a>SVC_Handler</STRONG> (Thumb, 28 bytes, Stack size 0 bytes, include_port.o(.emb_text))
<BR>[Address Reference Count : 1]<UL><LI> startup_at32f435_437.o(RESET)
</UL>
<P><STRONG><a name="[173]"></a>__asm___14_include_port_c_39a90d8d__prvStartFirstTask</STRONG> (Thumb, 36 bytes, Stack size 0 bytes, include_port.o(.emb_text))
<BR><BR>[Called By]<UL><LI><a href="#[170]">&gt;&gt;</a>&nbsp;&nbsp;&nbsp;xPortStartScheduler
</UL>

<P><STRONG><a name="[172]"></a>__asm___14_include_port_c_39a90d8d__prvEnableVFP</STRONG> (Thumb, 16 bytes, Stack size 0 bytes, include_port.o(.emb_text))
<BR><BR>[Called By]<UL><LI><a href="#[170]">&gt;&gt;</a>&nbsp;&nbsp;&nbsp;xPortStartScheduler
</UL>

<P><STRONG><a name="[9]"></a>PendSV_Handler</STRONG> (Thumb, 88 bytes, Stack size 0 bytes, include_port.o(.emb_text))
<BR><BR>[Calls]<UL><LI><a href="#[7e]">&gt;&gt;</a>&nbsp;&nbsp;&nbsp;vTaskSwitchContext
</UL>
<BR>[Address Reference Count : 1]<UL><LI> startup_at32f435_437.o(RESET)
</UL>
<P><STRONG><a name="[17b]"></a>vPortGetIPSR</STRONG> (Thumb, 6 bytes, Stack size 0 bytes, include_port.o(.emb_text), UNUSED)

<P><STRONG><a name="[1]"></a>Reset_Handler</STRONG> (Thumb, 8 bytes, Stack size 0 bytes, startup_at32f435_437.o(.text))
<BR>[Address Reference Count : 1]<UL><LI> startup_at32f435_437.o(RESET)
</UL>
<P><STRONG><a name="[5f]"></a>ACC_IRQHandler</STRONG> (Thumb, 0 bytes, Stack size 0 bytes, startup_at32f435_437.o(.text))
<BR><BR>[Calls]<UL><LI><a href="#[5f]">&gt;&gt;</a>&nbsp;&nbsp;&nbsp;ACC_IRQHandler
</UL>
<BR>[Called By]<UL><LI><a href="#[5f]">&gt;&gt;</a>&nbsp;&nbsp;&nbsp;ACC_IRQHandler
</UL>
<BR>[Address Reference Count : 1]<UL><LI> startup_at32f435_437.o(RESET)
</UL>
<P><STRONG><a name="[1d]"></a>ADC1_2_3_IRQHandler</STRONG> (Thumb, 0 bytes, Stack size 0 bytes, startup_at32f435_437.o(.text))
<BR>[Address Reference Count : 1]<UL><LI> startup_at32f435_437.o(RESET)
</UL>
<P><STRONG><a name="[1f]"></a>CAN1_RX0_IRQHandler</STRONG> (Thumb, 0 bytes, Stack size 0 bytes, startup_at32f435_437.o(.text))
<BR>[Address Reference Count : 1]<UL><LI> startup_at32f435_437.o(RESET)
</UL>
<P><STRONG><a name="[20]"></a>CAN1_RX1_IRQHandler</STRONG> (Thumb, 0 bytes, Stack size 0 bytes, startup_at32f435_437.o(.text))
<BR>[Address Reference Count : 1]<UL><LI> startup_at32f435_437.o(RESET)
</UL>
<P><STRONG><a name="[21]"></a>CAN1_SE_IRQHandler</STRONG> (Thumb, 0 bytes, Stack size 0 bytes, startup_at32f435_437.o(.text))
<BR>[Address Reference Count : 1]<UL><LI> startup_at32f435_437.o(RESET)
</UL>
<P><STRONG><a name="[1e]"></a>CAN1_TX_IRQHandler</STRONG> (Thumb, 0 bytes, Stack size 0 bytes, startup_at32f435_437.o(.text))
<BR>[Address Reference Count : 1]<UL><LI> startup_at32f435_437.o(RESET)
</UL>
<P><STRONG><a name="[4b]"></a>CAN2_RX0_IRQHandler</STRONG> (Thumb, 0 bytes, Stack size 0 bytes, startup_at32f435_437.o(.text))
<BR>[Address Reference Count : 1]<UL><LI> startup_at32f435_437.o(RESET)
</UL>
<P><STRONG><a name="[4c]"></a>CAN2_RX1_IRQHandler</STRONG> (Thumb, 0 bytes, Stack size 0 bytes, startup_at32f435_437.o(.text))
<BR>[Address Reference Count : 1]<UL><LI> startup_at32f435_437.o(RESET)
</UL>
<P><STRONG><a name="[4d]"></a>CAN2_SE_IRQHandler</STRONG> (Thumb, 0 bytes, Stack size 0 bytes, startup_at32f435_437.o(.text))
<BR>[Address Reference Count : 1]<UL><LI> startup_at32f435_437.o(RESET)
</UL>
<P><STRONG><a name="[4a]"></a>CAN2_TX_IRQHandler</STRONG> (Thumb, 0 bytes, Stack size 0 bytes, startup_at32f435_437.o(.text))
<BR>[Address Reference Count : 1]<UL><LI> startup_at32f435_437.o(RESET)
</UL>
<P><STRONG><a name="[10]"></a>CRM_IRQHandler</STRONG> (Thumb, 0 bytes, Stack size 0 bytes, startup_at32f435_437.o(.text))
<BR>[Address Reference Count : 1]<UL><LI> startup_at32f435_437.o(RESET)
</UL>
<P><STRONG><a name="[43]"></a>DMA1_Channel1_IRQHandler</STRONG> (Thumb, 0 bytes, Stack size 0 bytes, startup_at32f435_437.o(.text))
<BR>[Address Reference Count : 1]<UL><LI> startup_at32f435_437.o(RESET)
</UL>
<P><STRONG><a name="[44]"></a>DMA1_Channel2_IRQHandler</STRONG> (Thumb, 0 bytes, Stack size 0 bytes, startup_at32f435_437.o(.text))
<BR>[Address Reference Count : 1]<UL><LI> startup_at32f435_437.o(RESET)
</UL>
<P><STRONG><a name="[45]"></a>DMA1_Channel3_IRQHandler</STRONG> (Thumb, 0 bytes, Stack size 0 bytes, startup_at32f435_437.o(.text))
<BR>[Address Reference Count : 1]<UL><LI> startup_at32f435_437.o(RESET)
</UL>
<P><STRONG><a name="[46]"></a>DMA1_Channel4_IRQHandler</STRONG> (Thumb, 0 bytes, Stack size 0 bytes, startup_at32f435_437.o(.text))
<BR>[Address Reference Count : 1]<UL><LI> startup_at32f435_437.o(RESET)
</UL>
<P><STRONG><a name="[47]"></a>DMA1_Channel5_IRQHandler</STRONG> (Thumb, 0 bytes, Stack size 0 bytes, startup_at32f435_437.o(.text))
<BR>[Address Reference Count : 1]<UL><LI> startup_at32f435_437.o(RESET)
</UL>
<P><STRONG><a name="[4f]"></a>DMA1_Channel6_IRQHandler</STRONG> (Thumb, 0 bytes, Stack size 0 bytes, startup_at32f435_437.o(.text))
<BR>[Address Reference Count : 1]<UL><LI> startup_at32f435_437.o(RESET)
</UL>
<P><STRONG><a name="[50]"></a>DMA1_Channel7_IRQHandler</STRONG> (Thumb, 0 bytes, Stack size 0 bytes, startup_at32f435_437.o(.text))
<BR>[Address Reference Count : 1]<UL><LI> startup_at32f435_437.o(RESET)
</UL>
<P><STRONG><a name="[64]"></a>DMA2_Channel1_IRQHandler</STRONG> (Thumb, 0 bytes, Stack size 0 bytes, startup_at32f435_437.o(.text))
<BR>[Address Reference Count : 1]<UL><LI> startup_at32f435_437.o(RESET)
</UL>
<P><STRONG><a name="[65]"></a>DMA2_Channel2_IRQHandler</STRONG> (Thumb, 0 bytes, Stack size 0 bytes, startup_at32f435_437.o(.text))
<BR>[Address Reference Count : 1]<UL><LI> startup_at32f435_437.o(RESET)
</UL>
<P><STRONG><a name="[66]"></a>DMA2_Channel3_IRQHandler</STRONG> (Thumb, 0 bytes, Stack size 0 bytes, startup_at32f435_437.o(.text))
<BR>[Address Reference Count : 1]<UL><LI> startup_at32f435_437.o(RESET)
</UL>
<P><STRONG><a name="[67]"></a>DMA2_Channel4_IRQHandler</STRONG> (Thumb, 0 bytes, Stack size 0 bytes, startup_at32f435_437.o(.text))
<BR>[Address Reference Count : 1]<UL><LI> startup_at32f435_437.o(RESET)
</UL>
<P><STRONG><a name="[68]"></a>DMA2_Channel5_IRQHandler</STRONG> (Thumb, 0 bytes, Stack size 0 bytes, startup_at32f435_437.o(.text))
<BR>[Address Reference Count : 1]<UL><LI> startup_at32f435_437.o(RESET)
</UL>
<P><STRONG><a name="[69]"></a>DMA2_Channel6_IRQHandler</STRONG> (Thumb, 0 bytes, Stack size 0 bytes, startup_at32f435_437.o(.text))
<BR>[Address Reference Count : 1]<UL><LI> startup_at32f435_437.o(RESET)
</UL>
<P><STRONG><a name="[6a]"></a>DMA2_Channel7_IRQHandler</STRONG> (Thumb, 0 bytes, Stack size 0 bytes, startup_at32f435_437.o(.text))
<BR>[Address Reference Count : 1]<UL><LI> startup_at32f435_437.o(RESET)
</UL>
<P><STRONG><a name="[5d]"></a>DMAMUX_IRQHandler</STRONG> (Thumb, 0 bytes, Stack size 0 bytes, startup_at32f435_437.o(.text))
<BR>[Address Reference Count : 1]<UL><LI> startup_at32f435_437.o(RESET)
</UL>
<P><STRONG><a name="[56]"></a>DVP_IRQHandler</STRONG> (Thumb, 0 bytes, Stack size 0 bytes, startup_at32f435_437.o(.text))
<BR>[Address Reference Count : 1]<UL><LI> startup_at32f435_437.o(RESET)
</UL>
<P><STRONG><a name="[16]"></a>EDMA_Stream1_IRQHandler</STRONG> (Thumb, 0 bytes, Stack size 0 bytes, startup_at32f435_437.o(.text))
<BR>[Address Reference Count : 1]<UL><LI> startup_at32f435_437.o(RESET)
</UL>
<P><STRONG><a name="[17]"></a>EDMA_Stream2_IRQHandler</STRONG> (Thumb, 0 bytes, Stack size 0 bytes, startup_at32f435_437.o(.text))
<BR>[Address Reference Count : 1]<UL><LI> startup_at32f435_437.o(RESET)
</UL>
<P><STRONG><a name="[18]"></a>EDMA_Stream3_IRQHandler</STRONG> (Thumb, 0 bytes, Stack size 0 bytes, startup_at32f435_437.o(.text))
<BR>[Address Reference Count : 1]<UL><LI> startup_at32f435_437.o(RESET)
</UL>
<P><STRONG><a name="[19]"></a>EDMA_Stream4_IRQHandler</STRONG> (Thumb, 0 bytes, Stack size 0 bytes, startup_at32f435_437.o(.text))
<BR>[Address Reference Count : 1]<UL><LI> startup_at32f435_437.o(RESET)
</UL>
<P><STRONG><a name="[1a]"></a>EDMA_Stream5_IRQHandler</STRONG> (Thumb, 0 bytes, Stack size 0 bytes, startup_at32f435_437.o(.text))
<BR>[Address Reference Count : 1]<UL><LI> startup_at32f435_437.o(RESET)
</UL>
<P><STRONG><a name="[1b]"></a>EDMA_Stream6_IRQHandler</STRONG> (Thumb, 0 bytes, Stack size 0 bytes, startup_at32f435_437.o(.text))
<BR>[Address Reference Count : 1]<UL><LI> startup_at32f435_437.o(RESET)
</UL>
<P><STRONG><a name="[1c]"></a>EDMA_Stream7_IRQHandler</STRONG> (Thumb, 0 bytes, Stack size 0 bytes, startup_at32f435_437.o(.text))
<BR>[Address Reference Count : 1]<UL><LI> startup_at32f435_437.o(RESET)
</UL>
<P><STRONG><a name="[3a]"></a>EDMA_Stream8_IRQHandler</STRONG> (Thumb, 0 bytes, Stack size 0 bytes, startup_at32f435_437.o(.text))
<BR>[Address Reference Count : 1]<UL><LI> startup_at32f435_437.o(RESET)
</UL>
<P><STRONG><a name="[48]"></a>EMAC_IRQHandler</STRONG> (Thumb, 0 bytes, Stack size 0 bytes, startup_at32f435_437.o(.text))
<BR>[Address Reference Count : 1]<UL><LI> startup_at32f435_437.o(RESET)
</UL>
<P><STRONG><a name="[49]"></a>EMAC_WKUP_IRQHandler</STRONG> (Thumb, 0 bytes, Stack size 0 bytes, startup_at32f435_437.o(.text))
<BR>[Address Reference Count : 1]<UL><LI> startup_at32f435_437.o(RESET)
</UL>
<P><STRONG><a name="[e]"></a>ERTC_WKUP_IRQHandler</STRONG> (Thumb, 0 bytes, Stack size 0 bytes, startup_at32f435_437.o(.text))
<BR>[Address Reference Count : 1]<UL><LI> startup_at32f435_437.o(RESET)
</UL>
<P><STRONG><a name="[33]"></a>EXINT15_10_IRQHandler</STRONG> (Thumb, 0 bytes, Stack size 0 bytes, startup_at32f435_437.o(.text))
<BR>[Address Reference Count : 1]<UL><LI> startup_at32f435_437.o(RESET)
</UL>
<P><STRONG><a name="[13]"></a>EXINT2_IRQHandler</STRONG> (Thumb, 0 bytes, Stack size 0 bytes, startup_at32f435_437.o(.text))
<BR>[Address Reference Count : 1]<UL><LI> startup_at32f435_437.o(RESET)
</UL>
<P><STRONG><a name="[14]"></a>EXINT3_IRQHandler</STRONG> (Thumb, 0 bytes, Stack size 0 bytes, startup_at32f435_437.o(.text))
<BR>[Address Reference Count : 1]<UL><LI> startup_at32f435_437.o(RESET)
</UL>
<P><STRONG><a name="[15]"></a>EXINT4_IRQHandler</STRONG> (Thumb, 0 bytes, Stack size 0 bytes, startup_at32f435_437.o(.text))
<BR>[Address Reference Count : 1]<UL><LI> startup_at32f435_437.o(RESET)
</UL>
<P><STRONG><a name="[f]"></a>FLASH_IRQHandler</STRONG> (Thumb, 0 bytes, Stack size 0 bytes, startup_at32f435_437.o(.text))
<BR>[Address Reference Count : 1]<UL><LI> startup_at32f435_437.o(RESET)
</UL>
<P><STRONG><a name="[57]"></a>FPU_IRQHandler</STRONG> (Thumb, 0 bytes, Stack size 0 bytes, startup_at32f435_437.o(.text))
<BR>[Address Reference Count : 1]<UL><LI> startup_at32f435_437.o(RESET)
</UL>
<P><STRONG><a name="[2b]"></a>I2C1_ERR_IRQHandler</STRONG> (Thumb, 0 bytes, Stack size 0 bytes, startup_at32f435_437.o(.text))
<BR>[Address Reference Count : 1]<UL><LI> startup_at32f435_437.o(RESET)
</UL>
<P><STRONG><a name="[2a]"></a>I2C1_EVT_IRQHandler</STRONG> (Thumb, 0 bytes, Stack size 0 bytes, startup_at32f435_437.o(.text))
<BR>[Address Reference Count : 1]<UL><LI> startup_at32f435_437.o(RESET)
</UL>
<P><STRONG><a name="[2d]"></a>I2C2_ERR_IRQHandler</STRONG> (Thumb, 0 bytes, Stack size 0 bytes, startup_at32f435_437.o(.text))
<BR>[Address Reference Count : 1]<UL><LI> startup_at32f435_437.o(RESET)
</UL>
<P><STRONG><a name="[2c]"></a>I2C2_EVT_IRQHandler</STRONG> (Thumb, 0 bytes, Stack size 0 bytes, startup_at32f435_437.o(.text))
<BR>[Address Reference Count : 1]<UL><LI> startup_at32f435_437.o(RESET)
</UL>
<P><STRONG><a name="[53]"></a>I2C3_ERR_IRQHandler</STRONG> (Thumb, 0 bytes, Stack size 0 bytes, startup_at32f435_437.o(.text))
<BR>[Address Reference Count : 1]<UL><LI> startup_at32f435_437.o(RESET)
</UL>
<P><STRONG><a name="[52]"></a>I2C3_EVT_IRQHandler</STRONG> (Thumb, 0 bytes, Stack size 0 bytes, startup_at32f435_437.o(.text))
<BR>[Address Reference Count : 1]<UL><LI> startup_at32f435_437.o(RESET)
</UL>
<P><STRONG><a name="[4e]"></a>OTGFS1_IRQHandler</STRONG> (Thumb, 0 bytes, Stack size 0 bytes, startup_at32f435_437.o(.text))
<BR>[Address Reference Count : 1]<UL><LI> startup_at32f435_437.o(RESET)
</UL>
<P><STRONG><a name="[35]"></a>OTGFS1_WKUP_IRQHandler</STRONG> (Thumb, 0 bytes, Stack size 0 bytes, startup_at32f435_437.o(.text))
<BR>[Address Reference Count : 1]<UL><LI> startup_at32f435_437.o(RESET)
</UL>
<P><STRONG><a name="[55]"></a>OTGFS2_IRQHandler</STRONG> (Thumb, 0 bytes, Stack size 0 bytes, startup_at32f435_437.o(.text))
<BR>[Address Reference Count : 1]<UL><LI> startup_at32f435_437.o(RESET)
</UL>
<P><STRONG><a name="[54]"></a>OTGFS2_WKUP_IRQHandler</STRONG> (Thumb, 0 bytes, Stack size 0 bytes, startup_at32f435_437.o(.text))
<BR>[Address Reference Count : 1]<UL><LI> startup_at32f435_437.o(RESET)
</UL>
<P><STRONG><a name="[c]"></a>PVM_IRQHandler</STRONG> (Thumb, 0 bytes, Stack size 0 bytes, startup_at32f435_437.o(.text))
<BR>[Address Reference Count : 1]<UL><LI> startup_at32f435_437.o(RESET)
</UL>
<P><STRONG><a name="[5c]"></a>QSPI1_IRQHandler</STRONG> (Thumb, 0 bytes, Stack size 0 bytes, startup_at32f435_437.o(.text))
<BR>[Address Reference Count : 1]<UL><LI> startup_at32f435_437.o(RESET)
</UL>
<P><STRONG><a name="[5b]"></a>QSPI2_IRQHandler</STRONG> (Thumb, 0 bytes, Stack size 0 bytes, startup_at32f435_437.o(.text))
<BR>[Address Reference Count : 1]<UL><LI> startup_at32f435_437.o(RESET)
</UL>
<P><STRONG><a name="[3c]"></a>SDIO1_IRQHandler</STRONG> (Thumb, 0 bytes, Stack size 0 bytes, startup_at32f435_437.o(.text))
<BR>[Address Reference Count : 1]<UL><LI> startup_at32f435_437.o(RESET)
</UL>
<P><STRONG><a name="[5e]"></a>SDIO2_IRQHandler</STRONG> (Thumb, 0 bytes, Stack size 0 bytes, startup_at32f435_437.o(.text))
<BR>[Address Reference Count : 1]<UL><LI> startup_at32f435_437.o(RESET)
</UL>
<P><STRONG><a name="[2e]"></a>SPI1_IRQHandler</STRONG> (Thumb, 0 bytes, Stack size 0 bytes, startup_at32f435_437.o(.text))
<BR>[Address Reference Count : 1]<UL><LI> startup_at32f435_437.o(RESET)
</UL>
<P><STRONG><a name="[2f]"></a>SPI2_I2S2EXT_IRQHandler</STRONG> (Thumb, 0 bytes, Stack size 0 bytes, startup_at32f435_437.o(.text))
<BR>[Address Reference Count : 1]<UL><LI> startup_at32f435_437.o(RESET)
</UL>
<P><STRONG><a name="[3e]"></a>SPI3_I2S3EXT_IRQHandler</STRONG> (Thumb, 0 bytes, Stack size 0 bytes, startup_at32f435_437.o(.text))
<BR>[Address Reference Count : 1]<UL><LI> startup_at32f435_437.o(RESET)
</UL>
<P><STRONG><a name="[5a]"></a>SPI4_IRQHandler</STRONG> (Thumb, 0 bytes, Stack size 0 bytes, startup_at32f435_437.o(.text))
<BR>[Address Reference Count : 1]<UL><LI> startup_at32f435_437.o(RESET)
</UL>
<P><STRONG><a name="[d]"></a>TAMP_STAMP_IRQHandler</STRONG> (Thumb, 0 bytes, Stack size 0 bytes, startup_at32f435_437.o(.text))
<BR>[Address Reference Count : 1]<UL><LI> startup_at32f435_437.o(RESET)
</UL>
<P><STRONG><a name="[23]"></a>TMR1_BRK_TMR9_IRQHandler</STRONG> (Thumb, 0 bytes, Stack size 0 bytes, startup_at32f435_437.o(.text))
<BR>[Address Reference Count : 1]<UL><LI> startup_at32f435_437.o(RESET)
</UL>
<P><STRONG><a name="[26]"></a>TMR1_CH_IRQHandler</STRONG> (Thumb, 0 bytes, Stack size 0 bytes, startup_at32f435_437.o(.text))
<BR>[Address Reference Count : 1]<UL><LI> startup_at32f435_437.o(RESET)
</UL>
<P><STRONG><a name="[24]"></a>TMR1_OVF_TMR10_IRQHandler</STRONG> (Thumb, 0 bytes, Stack size 0 bytes, startup_at32f435_437.o(.text))
<BR>[Address Reference Count : 1]<UL><LI> startup_at32f435_437.o(RESET)
</UL>
<P><STRONG><a name="[25]"></a>TMR1_TRG_HALL_TMR11_IRQHandler</STRONG> (Thumb, 0 bytes, Stack size 0 bytes, startup_at32f435_437.o(.text))
<BR>[Address Reference Count : 1]<UL><LI> startup_at32f435_437.o(RESET)
</UL>
<P><STRONG><a name="[60]"></a>TMR20_BRK_IRQHandler</STRONG> (Thumb, 0 bytes, Stack size 0 bytes, startup_at32f435_437.o(.text))
<BR>[Address Reference Count : 1]<UL><LI> startup_at32f435_437.o(RESET)
</UL>
<P><STRONG><a name="[63]"></a>TMR20_CH_IRQHandler</STRONG> (Thumb, 0 bytes, Stack size 0 bytes, startup_at32f435_437.o(.text))
<BR>[Address Reference Count : 1]<UL><LI> startup_at32f435_437.o(RESET)
</UL>
<P><STRONG><a name="[61]"></a>TMR20_OVF_IRQHandler</STRONG> (Thumb, 0 bytes, Stack size 0 bytes, startup_at32f435_437.o(.text))
<BR>[Address Reference Count : 1]<UL><LI> startup_at32f435_437.o(RESET)
</UL>
<P><STRONG><a name="[62]"></a>TMR20_TRG_HALL_IRQHandler</STRONG> (Thumb, 0 bytes, Stack size 0 bytes, startup_at32f435_437.o(.text))
<BR>[Address Reference Count : 1]<UL><LI> startup_at32f435_437.o(RESET)
</UL>
<P><STRONG><a name="[27]"></a>TMR2_GLOBAL_IRQHandler</STRONG> (Thumb, 0 bytes, Stack size 0 bytes, startup_at32f435_437.o(.text))
<BR>[Address Reference Count : 1]<UL><LI> startup_at32f435_437.o(RESET)
</UL>
<P><STRONG><a name="[28]"></a>TMR3_GLOBAL_IRQHandler</STRONG> (Thumb, 0 bytes, Stack size 0 bytes, startup_at32f435_437.o(.text))
<BR>[Address Reference Count : 1]<UL><LI> startup_at32f435_437.o(RESET)
</UL>
<P><STRONG><a name="[29]"></a>TMR4_GLOBAL_IRQHandler</STRONG> (Thumb, 0 bytes, Stack size 0 bytes, startup_at32f435_437.o(.text))
<BR>[Address Reference Count : 1]<UL><LI> startup_at32f435_437.o(RESET)
</UL>
<P><STRONG><a name="[41]"></a>TMR6_DAC_GLOBAL_IRQHandler</STRONG> (Thumb, 0 bytes, Stack size 0 bytes, startup_at32f435_437.o(.text))
<BR>[Address Reference Count : 1]<UL><LI> startup_at32f435_437.o(RESET)
</UL>
<P><STRONG><a name="[42]"></a>TMR7_GLOBAL_IRQHandler</STRONG> (Thumb, 0 bytes, Stack size 0 bytes, startup_at32f435_437.o(.text))
<BR>[Address Reference Count : 1]<UL><LI> startup_at32f435_437.o(RESET)
</UL>
<P><STRONG><a name="[36]"></a>TMR8_BRK_TMR12_IRQHandler</STRONG> (Thumb, 0 bytes, Stack size 0 bytes, startup_at32f435_437.o(.text))
<BR>[Address Reference Count : 1]<UL><LI> startup_at32f435_437.o(RESET)
</UL>
<P><STRONG><a name="[39]"></a>TMR8_CH_IRQHandler</STRONG> (Thumb, 0 bytes, Stack size 0 bytes, startup_at32f435_437.o(.text))
<BR>[Address Reference Count : 1]<UL><LI> startup_at32f435_437.o(RESET)
</UL>
<P><STRONG><a name="[37]"></a>TMR8_OVF_TMR13_IRQHandler</STRONG> (Thumb, 0 bytes, Stack size 0 bytes, startup_at32f435_437.o(.text))
<BR>[Address Reference Count : 1]<UL><LI> startup_at32f435_437.o(RESET)
</UL>
<P><STRONG><a name="[38]"></a>TMR8_TRG_HALL_TMR14_IRQHandler</STRONG> (Thumb, 0 bytes, Stack size 0 bytes, startup_at32f435_437.o(.text))
<BR>[Address Reference Count : 1]<UL><LI> startup_at32f435_437.o(RESET)
</UL>
<P><STRONG><a name="[40]"></a>UART5_IRQHandler</STRONG> (Thumb, 0 bytes, Stack size 0 bytes, startup_at32f435_437.o(.text))
<BR>[Address Reference Count : 1]<UL><LI> startup_at32f435_437.o(RESET)
</UL>
<P><STRONG><a name="[58]"></a>UART7_IRQHandler</STRONG> (Thumb, 0 bytes, Stack size 0 bytes, startup_at32f435_437.o(.text))
<BR>[Address Reference Count : 1]<UL><LI> startup_at32f435_437.o(RESET)
</UL>
<P><STRONG><a name="[59]"></a>UART8_IRQHandler</STRONG> (Thumb, 0 bytes, Stack size 0 bytes, startup_at32f435_437.o(.text))
<BR>[Address Reference Count : 1]<UL><LI> startup_at32f435_437.o(RESET)
</UL>
<P><STRONG><a name="[51]"></a>USART6_IRQHandler</STRONG> (Thumb, 0 bytes, Stack size 0 bytes, startup_at32f435_437.o(.text))
<BR>[Address Reference Count : 1]<UL><LI> startup_at32f435_437.o(RESET)
</UL>
<P><STRONG><a name="[b]"></a>WWDT_IRQHandler</STRONG> (Thumb, 0 bytes, Stack size 0 bytes, startup_at32f435_437.o(.text))
<BR>[Address Reference Count : 1]<UL><LI> startup_at32f435_437.o(RESET)
</UL>
<P><STRONG><a name="[3b]"></a>XMC_IRQHandler</STRONG> (Thumb, 0 bytes, Stack size 0 bytes, startup_at32f435_437.o(.text))
<BR>[Address Reference Count : 1]<UL><LI> startup_at32f435_437.o(RESET)
</UL>
<P><STRONG><a name="[7f]"></a>__aeabi_uldivmod</STRONG> (Thumb, 98 bytes, Stack size 40 bytes, uldiv.o(.text))
<BR><BR>[Stack]<UL><LI>Max Depth = 40<LI>Call Chain = __aeabi_uldivmod
</UL>
<BR>[Calls]<UL><LI><a href="#[80]">&gt;&gt;</a>&nbsp;&nbsp;&nbsp;__aeabi_llsr
<LI><a href="#[81]">&gt;&gt;</a>&nbsp;&nbsp;&nbsp;__aeabi_llsl
</UL>
<BR>[Called By]<UL><LI><a href="#[128]">&gt;&gt;</a>&nbsp;&nbsp;&nbsp;system_core_clock_update
<LI><a href="#[14d]">&gt;&gt;</a>&nbsp;&nbsp;&nbsp;crm_clocks_freq_get
<LI><a href="#[147]">&gt;&gt;</a>&nbsp;&nbsp;&nbsp;_printf_core
<LI><a href="#[149]">&gt;&gt;</a>&nbsp;&nbsp;&nbsp;_fp_digits
</UL>

<P><STRONG><a name="[82]"></a>mktime</STRONG> (Thumb, 150 bytes, Stack size 16 bytes, mktime.o(.text))
<BR><BR>[Stack]<UL><LI>Max Depth = 24<LI>Call Chain = mktime &rArr; _localtime
</UL>
<BR>[Calls]<UL><LI><a href="#[83]">&gt;&gt;</a>&nbsp;&nbsp;&nbsp;_localtime
</UL>
<BR>[Called By]<UL><LI><a href="#[aa]">&gt;&gt;</a>&nbsp;&nbsp;&nbsp;TimeTurn
</UL>

<P><STRONG><a name="[b0]"></a>__aeabi_memcpy</STRONG> (Thumb, 36 bytes, Stack size 0 bytes, memcpya.o(.text))
<BR><BR>[Called By]<UL><LI><a href="#[145]">&gt;&gt;</a>&nbsp;&nbsp;&nbsp;lm_fifo_add_node_impolite
<LI><a href="#[13a]">&gt;&gt;</a>&nbsp;&nbsp;&nbsp;Port_Tx_Cmd_Pack
<LI><a href="#[b3]">&gt;&gt;</a>&nbsp;&nbsp;&nbsp;Bsp_Rdss_Tx_CCTCQ
<LI><a href="#[a4]">&gt;&gt;</a>&nbsp;&nbsp;&nbsp;Bsp_Add_Loca_Queue
</UL>

<P><STRONG><a name="[cf]"></a>__aeabi_memcpy4</STRONG> (Thumb, 0 bytes, Stack size 0 bytes, memcpya.o(.text))
<BR><BR>[Called By]<UL><LI><a href="#[c4]">&gt;&gt;</a>&nbsp;&nbsp;&nbsp;Bsp_Rdss_Tx_CCICR
</UL>

<P><STRONG><a name="[17c]"></a>__aeabi_memcpy8</STRONG> (Thumb, 0 bytes, Stack size 0 bytes, memcpya.o(.text), UNUSED)

<P><STRONG><a name="[85]"></a>__aeabi_memset</STRONG> (Thumb, 14 bytes, Stack size 0 bytes, memseta.o(.text))
<BR><BR>[Called By]<UL><LI><a href="#[86]">&gt;&gt;</a>&nbsp;&nbsp;&nbsp;memset
<LI><a href="#[84]">&gt;&gt;</a>&nbsp;&nbsp;&nbsp;__aeabi_memclr
</UL>

<P><STRONG><a name="[17d]"></a>__aeabi_memset4</STRONG> (Thumb, 0 bytes, Stack size 0 bytes, memseta.o(.text), UNUSED)

<P><STRONG><a name="[17e]"></a>__aeabi_memset8</STRONG> (Thumb, 0 bytes, Stack size 0 bytes, memseta.o(.text), UNUSED)

<P><STRONG><a name="[84]"></a>__aeabi_memclr</STRONG> (Thumb, 4 bytes, Stack size 0 bytes, memseta.o(.text))
<BR><BR>[Calls]<UL><LI><a href="#[85]">&gt;&gt;</a>&nbsp;&nbsp;&nbsp;__aeabi_memset
</UL>
<BR>[Called By]<UL><LI><a href="#[ef]">&gt;&gt;</a>&nbsp;&nbsp;&nbsp;lm_fifo_init
<LI><a href="#[cd]">&gt;&gt;</a>&nbsp;&nbsp;&nbsp;Bsp_RDSS_Parse_Init
<LI><a href="#[b9]">&gt;&gt;</a>&nbsp;&nbsp;&nbsp;Bsp_GNSS_Parse_Init
<LI><a href="#[a4]">&gt;&gt;</a>&nbsp;&nbsp;&nbsp;Bsp_Add_Loca_Queue
<LI><a href="#[9b]">&gt;&gt;</a>&nbsp;&nbsp;&nbsp;API_Funftoa
</UL>

<P><STRONG><a name="[bb]"></a>__aeabi_memclr4</STRONG> (Thumb, 0 bytes, Stack size 0 bytes, memseta.o(.text))
<BR><BR>[Called By]<UL><LI><a href="#[ce]">&gt;&gt;</a>&nbsp;&nbsp;&nbsp;Bsp_RDSS_Split_Data_Init
<LI><a href="#[cd]">&gt;&gt;</a>&nbsp;&nbsp;&nbsp;Bsp_RDSS_Parse_Init
<LI><a href="#[ba]">&gt;&gt;</a>&nbsp;&nbsp;&nbsp;Bsp_GNSS_Split_Data_Init
<LI><a href="#[b9]">&gt;&gt;</a>&nbsp;&nbsp;&nbsp;Bsp_GNSS_Parse_Init
<LI><a href="#[c9]">&gt;&gt;</a>&nbsp;&nbsp;&nbsp;infor_rep
<LI><a href="#[13a]">&gt;&gt;</a>&nbsp;&nbsp;&nbsp;Port_Tx_Cmd_Pack
<LI><a href="#[b3]">&gt;&gt;</a>&nbsp;&nbsp;&nbsp;Bsp_Rdss_Tx_CCTCQ
</UL>

<P><STRONG><a name="[17f]"></a>__aeabi_memclr8</STRONG> (Thumb, 0 bytes, Stack size 0 bytes, memseta.o(.text), UNUSED)

<P><STRONG><a name="[86]"></a>memset</STRONG> (Thumb, 18 bytes, Stack size 8 bytes, memseta.o(.text), UNUSED)
<BR><BR>[Calls]<UL><LI><a href="#[85]">&gt;&gt;</a>&nbsp;&nbsp;&nbsp;__aeabi_memset
</UL>

<P><STRONG><a name="[af]"></a>strlen</STRONG> (Thumb, 14 bytes, Stack size 0 bytes, strlen.o(.text))
<BR><BR>[Called By]<UL><LI><a href="#[b3]">&gt;&gt;</a>&nbsp;&nbsp;&nbsp;Bsp_Rdss_Tx_CCTCQ
<LI><a href="#[a4]">&gt;&gt;</a>&nbsp;&nbsp;&nbsp;Bsp_Add_Loca_Queue
</UL>

<P><STRONG><a name="[87]"></a>__aeabi_dadd</STRONG> (Thumb, 322 bytes, Stack size 48 bytes, dadd.o(.text))
<BR><BR>[Stack]<UL><LI>Max Depth = 88<LI>Call Chain = __aeabi_dadd &rArr; _double_epilogue &rArr; _double_round
</UL>
<BR>[Calls]<UL><LI><a href="#[88]">&gt;&gt;</a>&nbsp;&nbsp;&nbsp;__aeabi_lasr
<LI><a href="#[81]">&gt;&gt;</a>&nbsp;&nbsp;&nbsp;__aeabi_llsl
<LI><a href="#[8a]">&gt;&gt;</a>&nbsp;&nbsp;&nbsp;_double_round
<LI><a href="#[89]">&gt;&gt;</a>&nbsp;&nbsp;&nbsp;_double_epilogue
</UL>
<BR>[Called By]<UL><LI><a href="#[8b]">&gt;&gt;</a>&nbsp;&nbsp;&nbsp;__aeabi_dsub
<LI><a href="#[8c]">&gt;&gt;</a>&nbsp;&nbsp;&nbsp;__aeabi_drsub
<LI><a href="#[a7]">&gt;&gt;</a>&nbsp;&nbsp;&nbsp;Bsp_Get_Temp
<LI><a href="#[149]">&gt;&gt;</a>&nbsp;&nbsp;&nbsp;_fp_digits
</UL>

<P><STRONG><a name="[8b]"></a>__aeabi_dsub</STRONG> (Thumb, 6 bytes, Stack size 0 bytes, dadd.o(.text), UNUSED)
<BR><BR>[Calls]<UL><LI><a href="#[87]">&gt;&gt;</a>&nbsp;&nbsp;&nbsp;__aeabi_dadd
</UL>

<P><STRONG><a name="[8c]"></a>__aeabi_drsub</STRONG> (Thumb, 6 bytes, Stack size 0 bytes, dadd.o(.text))
<BR><BR>[Stack]<UL><LI>Max Depth = 88<LI>Call Chain = __aeabi_drsub &rArr; __aeabi_dadd &rArr; _double_epilogue &rArr; _double_round
</UL>
<BR>[Calls]<UL><LI><a href="#[87]">&gt;&gt;</a>&nbsp;&nbsp;&nbsp;__aeabi_dadd
</UL>
<BR>[Called By]<UL><LI><a href="#[a7]">&gt;&gt;</a>&nbsp;&nbsp;&nbsp;Bsp_Get_Temp
<LI><a href="#[9b]">&gt;&gt;</a>&nbsp;&nbsp;&nbsp;API_Funftoa
</UL>

<P><STRONG><a name="[8d]"></a>__aeabi_dmul</STRONG> (Thumb, 228 bytes, Stack size 48 bytes, dmul.o(.text))
<BR><BR>[Stack]<UL><LI>Max Depth = 88<LI>Call Chain = __aeabi_dmul &rArr; _double_epilogue &rArr; _double_round
</UL>
<BR>[Calls]<UL><LI><a href="#[89]">&gt;&gt;</a>&nbsp;&nbsp;&nbsp;_double_epilogue
</UL>
<BR>[Called By]<UL><LI><a href="#[9e]">&gt;&gt;</a>&nbsp;&nbsp;&nbsp;Bsp_Updata_Bat_Percent
<LI><a href="#[a7]">&gt;&gt;</a>&nbsp;&nbsp;&nbsp;Bsp_Get_Temp
<LI><a href="#[a6]">&gt;&gt;</a>&nbsp;&nbsp;&nbsp;Bsp_Get_SloarVolFloat
<LI><a href="#[9b]">&gt;&gt;</a>&nbsp;&nbsp;&nbsp;API_Funftoa
<LI><a href="#[149]">&gt;&gt;</a>&nbsp;&nbsp;&nbsp;_fp_digits
</UL>

<P><STRONG><a name="[8e]"></a>__aeabi_ddiv</STRONG> (Thumb, 222 bytes, Stack size 32 bytes, ddiv.o(.text))
<BR><BR>[Stack]<UL><LI>Max Depth = 40<LI>Call Chain = __aeabi_ddiv &rArr; _double_round
</UL>
<BR>[Calls]<UL><LI><a href="#[8a]">&gt;&gt;</a>&nbsp;&nbsp;&nbsp;_double_round
</UL>
<BR>[Called By]<UL><LI><a href="#[a7]">&gt;&gt;</a>&nbsp;&nbsp;&nbsp;Bsp_Get_Temp
<LI><a href="#[149]">&gt;&gt;</a>&nbsp;&nbsp;&nbsp;_fp_digits
</UL>

<P><STRONG><a name="[8f]"></a>__aeabi_ui2d</STRONG> (Thumb, 26 bytes, Stack size 16 bytes, dfltui.o(.text))
<BR><BR>[Stack]<UL><LI>Max Depth = 56<LI>Call Chain = __aeabi_ui2d &rArr; _double_epilogue &rArr; _double_round
</UL>
<BR>[Calls]<UL><LI><a href="#[89]">&gt;&gt;</a>&nbsp;&nbsp;&nbsp;_double_epilogue
</UL>
<BR>[Called By]<UL><LI><a href="#[9e]">&gt;&gt;</a>&nbsp;&nbsp;&nbsp;Bsp_Updata_Bat_Percent
<LI><a href="#[a7]">&gt;&gt;</a>&nbsp;&nbsp;&nbsp;Bsp_Get_Temp
<LI><a href="#[a6]">&gt;&gt;</a>&nbsp;&nbsp;&nbsp;Bsp_Get_SloarVolFloat
<LI><a href="#[9b]">&gt;&gt;</a>&nbsp;&nbsp;&nbsp;API_Funftoa
</UL>

<P><STRONG><a name="[90]"></a>__aeabi_d2uiz</STRONG> (Thumb, 50 bytes, Stack size 8 bytes, dfixui.o(.text))
<BR><BR>[Stack]<UL><LI>Max Depth = 8<LI>Call Chain = __aeabi_d2uiz
</UL>
<BR>[Calls]<UL><LI><a href="#[80]">&gt;&gt;</a>&nbsp;&nbsp;&nbsp;__aeabi_llsr
</UL>
<BR>[Called By]<UL><LI><a href="#[9e]">&gt;&gt;</a>&nbsp;&nbsp;&nbsp;Bsp_Updata_Bat_Percent
<LI><a href="#[9b]">&gt;&gt;</a>&nbsp;&nbsp;&nbsp;API_Funftoa
</UL>

<P><STRONG><a name="[ab]"></a>__aeabi_f2d</STRONG> (Thumb, 38 bytes, Stack size 0 bytes, f2d.o(.text))
<BR><BR>[Called By]<UL><LI><a href="#[a4]">&gt;&gt;</a>&nbsp;&nbsp;&nbsp;Bsp_Add_Loca_Queue
</UL>

<P><STRONG><a name="[ae]"></a>__aeabi_cdcmpeq</STRONG> (Thumb, 0 bytes, Stack size 0 bytes, cdcmple.o(.text))
<BR><BR>[Called By]<UL><LI><a href="#[a4]">&gt;&gt;</a>&nbsp;&nbsp;&nbsp;Bsp_Add_Loca_Queue
</UL>

<P><STRONG><a name="[9c]"></a>__aeabi_cdcmple</STRONG> (Thumb, 48 bytes, Stack size 0 bytes, cdcmple.o(.text))
<BR><BR>[Called By]<UL><LI><a href="#[9b]">&gt;&gt;</a>&nbsp;&nbsp;&nbsp;API_Funftoa
</UL>

<P><STRONG><a name="[9d]"></a>__aeabi_cdrcmple</STRONG> (Thumb, 48 bytes, Stack size 0 bytes, cdrcmple.o(.text))
<BR><BR>[Called By]<UL><LI><a href="#[a4]">&gt;&gt;</a>&nbsp;&nbsp;&nbsp;Bsp_Add_Loca_Queue
<LI><a href="#[9b]">&gt;&gt;</a>&nbsp;&nbsp;&nbsp;API_Funftoa
<LI><a href="#[149]">&gt;&gt;</a>&nbsp;&nbsp;&nbsp;_fp_digits
</UL>

<P><STRONG><a name="[91]"></a>__aeabi_d2f</STRONG> (Thumb, 56 bytes, Stack size 8 bytes, d2f.o(.text))
<BR><BR>[Stack]<UL><LI>Max Depth = 8<LI>Call Chain = __aeabi_d2f
</UL>
<BR>[Calls]<UL><LI><a href="#[92]">&gt;&gt;</a>&nbsp;&nbsp;&nbsp;_float_round
</UL>
<BR>[Called By]<UL><LI><a href="#[a6]">&gt;&gt;</a>&nbsp;&nbsp;&nbsp;Bsp_Get_SloarVolFloat
</UL>

<P><STRONG><a name="[180]"></a>__aeabi_uidiv</STRONG> (Thumb, 0 bytes, Stack size 12 bytes, uidiv.o(.text), UNUSED)

<P><STRONG><a name="[14c]"></a>__aeabi_uidivmod</STRONG> (Thumb, 44 bytes, Stack size 12 bytes, uidiv.o(.text), UNUSED)
<BR><BR>[Called By]<UL><LI><a href="#[147]">&gt;&gt;</a>&nbsp;&nbsp;&nbsp;_printf_core
</UL>

<P><STRONG><a name="[81]"></a>__aeabi_llsl</STRONG> (Thumb, 30 bytes, Stack size 0 bytes, llshl.o(.text))
<BR><BR>[Called By]<UL><LI><a href="#[87]">&gt;&gt;</a>&nbsp;&nbsp;&nbsp;__aeabi_dadd
<LI><a href="#[7f]">&gt;&gt;</a>&nbsp;&nbsp;&nbsp;__aeabi_uldivmod
<LI><a href="#[89]">&gt;&gt;</a>&nbsp;&nbsp;&nbsp;_double_epilogue
<LI><a href="#[93]">&gt;&gt;</a>&nbsp;&nbsp;&nbsp;__aeabi_d2ulz
</UL>

<P><STRONG><a name="[181]"></a>_ll_shift_l</STRONG> (Thumb, 0 bytes, Stack size 0 bytes, llshl.o(.text), UNUSED)

<P><STRONG><a name="[80]"></a>__aeabi_llsr</STRONG> (Thumb, 32 bytes, Stack size 0 bytes, llushr.o(.text))
<BR><BR>[Called By]<UL><LI><a href="#[90]">&gt;&gt;</a>&nbsp;&nbsp;&nbsp;__aeabi_d2uiz
<LI><a href="#[7f]">&gt;&gt;</a>&nbsp;&nbsp;&nbsp;__aeabi_uldivmod
<LI><a href="#[89]">&gt;&gt;</a>&nbsp;&nbsp;&nbsp;_double_epilogue
<LI><a href="#[93]">&gt;&gt;</a>&nbsp;&nbsp;&nbsp;__aeabi_d2ulz
</UL>

<P><STRONG><a name="[182]"></a>_ll_ushift_r</STRONG> (Thumb, 0 bytes, Stack size 0 bytes, llushr.o(.text), UNUSED)

<P><STRONG><a name="[88]"></a>__aeabi_lasr</STRONG> (Thumb, 36 bytes, Stack size 0 bytes, llsshr.o(.text))
<BR><BR>[Called By]<UL><LI><a href="#[87]">&gt;&gt;</a>&nbsp;&nbsp;&nbsp;__aeabi_dadd
</UL>

<P><STRONG><a name="[183]"></a>_ll_sshift_r</STRONG> (Thumb, 0 bytes, Stack size 0 bytes, llsshr.o(.text), UNUSED)

<P><STRONG><a name="[83]"></a>_localtime</STRONG> (Thumb, 134 bytes, Stack size 8 bytes, localtime_i.o(.text))
<BR><BR>[Stack]<UL><LI>Max Depth = 8<LI>Call Chain = _localtime
</UL>
<BR>[Called By]<UL><LI><a href="#[82]">&gt;&gt;</a>&nbsp;&nbsp;&nbsp;mktime
</UL>

<P><STRONG><a name="[184]"></a>__I$use$fp</STRONG> (Thumb, 0 bytes, Stack size 0 bytes, iusefp.o(.text), UNUSED)

<P><STRONG><a name="[92]"></a>_float_round</STRONG> (Thumb, 18 bytes, Stack size 0 bytes, fepilogue.o(.text))
<BR><BR>[Called By]<UL><LI><a href="#[91]">&gt;&gt;</a>&nbsp;&nbsp;&nbsp;__aeabi_d2f
</UL>

<P><STRONG><a name="[185]"></a>_float_epilogue</STRONG> (Thumb, 92 bytes, Stack size 4 bytes, fepilogue.o(.text), UNUSED)

<P><STRONG><a name="[8a]"></a>_double_round</STRONG> (Thumb, 30 bytes, Stack size 8 bytes, depilogue.o(.text))
<BR><BR>[Stack]<UL><LI>Max Depth = 8<LI>Call Chain = _double_round
</UL>
<BR>[Called By]<UL><LI><a href="#[8e]">&gt;&gt;</a>&nbsp;&nbsp;&nbsp;__aeabi_ddiv
<LI><a href="#[87]">&gt;&gt;</a>&nbsp;&nbsp;&nbsp;__aeabi_dadd
<LI><a href="#[89]">&gt;&gt;</a>&nbsp;&nbsp;&nbsp;_double_epilogue
</UL>

<P><STRONG><a name="[89]"></a>_double_epilogue</STRONG> (Thumb, 156 bytes, Stack size 32 bytes, depilogue.o(.text))
<BR><BR>[Stack]<UL><LI>Max Depth = 40<LI>Call Chain = _double_epilogue &rArr; _double_round
</UL>
<BR>[Calls]<UL><LI><a href="#[80]">&gt;&gt;</a>&nbsp;&nbsp;&nbsp;__aeabi_llsr
<LI><a href="#[81]">&gt;&gt;</a>&nbsp;&nbsp;&nbsp;__aeabi_llsl
<LI><a href="#[8a]">&gt;&gt;</a>&nbsp;&nbsp;&nbsp;_double_round
</UL>
<BR>[Called By]<UL><LI><a href="#[8f]">&gt;&gt;</a>&nbsp;&nbsp;&nbsp;__aeabi_ui2d
<LI><a href="#[8d]">&gt;&gt;</a>&nbsp;&nbsp;&nbsp;__aeabi_dmul
<LI><a href="#[87]">&gt;&gt;</a>&nbsp;&nbsp;&nbsp;__aeabi_dadd
</UL>

<P><STRONG><a name="[93]"></a>__aeabi_d2ulz</STRONG> (Thumb, 48 bytes, Stack size 0 bytes, dfixul.o(.text), UNUSED)
<BR><BR>[Calls]<UL><LI><a href="#[80]">&gt;&gt;</a>&nbsp;&nbsp;&nbsp;__aeabi_llsr
<LI><a href="#[81]">&gt;&gt;</a>&nbsp;&nbsp;&nbsp;__aeabi_llsl
</UL>
<BR>[Called By]<UL><LI><a href="#[149]">&gt;&gt;</a>&nbsp;&nbsp;&nbsp;_fp_digits
</UL>

<P><STRONG><a name="[7d]"></a>__scatterload</STRONG> (Thumb, 28 bytes, Stack size 0 bytes, init.o(.text))
<BR><BR>[Calls]<UL><LI><a href="#[94]">&gt;&gt;</a>&nbsp;&nbsp;&nbsp;__main_after_scatterload
</UL>
<BR>[Called By]<UL><LI><a href="#[7c]">&gt;&gt;</a>&nbsp;&nbsp;&nbsp;_main_scatterload
</UL>

<P><STRONG><a name="[186]"></a>__scatterload_rt2</STRONG> (Thumb, 0 bytes, Stack size 0 bytes, init.o(.text), UNUSED)

<P><STRONG><a name="[95]"></a>ADConvert</STRONG> (Thumb, 98 bytes, Stack size 16 bytes, bsp_batvol.o(i.ADConvert))
<BR><BR>[Stack]<UL><LI>Max Depth = 40<LI>Call Chain = ADConvert &rArr; Hal_Start_VSloar_ADC_Convert &rArr; adc_ordinary_channel_set
</UL>
<BR>[Calls]<UL><LI><a href="#[99]">&gt;&gt;</a>&nbsp;&nbsp;&nbsp;Hal_Start_VSloar_ADC_Convert
<LI><a href="#[96]">&gt;&gt;</a>&nbsp;&nbsp;&nbsp;Hal_Start_VBat_ADC_Convert
<LI><a href="#[9a]">&gt;&gt;</a>&nbsp;&nbsp;&nbsp;Hal_Get_ADC2_Value
<LI><a href="#[97]">&gt;&gt;</a>&nbsp;&nbsp;&nbsp;Hal_Get_ADC1_Value
<LI><a href="#[98]">&gt;&gt;</a>&nbsp;&nbsp;&nbsp;Arithmetic_Average
</UL>
<BR>[Called By]<UL><LI><a href="#[71]">&gt;&gt;</a>&nbsp;&nbsp;&nbsp;adc_task_function
</UL>

<P><STRONG><a name="[d1]"></a>API_Check_Xor</STRONG> (Thumb, 24 bytes, Stack size 0 bytes, bsp_rdsssend.o(i.API_Check_Xor))
<BR><BR>[Called By]<UL><LI><a href="#[b3]">&gt;&gt;</a>&nbsp;&nbsp;&nbsp;Bsp_Rdss_Tx_CCTCQ
</UL>

<P><STRONG><a name="[9b]"></a>API_Funftoa</STRONG> (Thumb, 264 bytes, Stack size 24 bytes, bsp_rdsssend.o(i.API_Funftoa))
<BR><BR>[Stack]<UL><LI>Max Depth = 112<LI>Call Chain = API_Funftoa &rArr; __aeabi_drsub &rArr; __aeabi_dadd &rArr; _double_epilogue &rArr; _double_round
</UL>
<BR>[Calls]<UL><LI><a href="#[9d]">&gt;&gt;</a>&nbsp;&nbsp;&nbsp;__aeabi_cdrcmple
<LI><a href="#[8f]">&gt;&gt;</a>&nbsp;&nbsp;&nbsp;__aeabi_ui2d
<LI><a href="#[8c]">&gt;&gt;</a>&nbsp;&nbsp;&nbsp;__aeabi_drsub
<LI><a href="#[8d]">&gt;&gt;</a>&nbsp;&nbsp;&nbsp;__aeabi_dmul
<LI><a href="#[90]">&gt;&gt;</a>&nbsp;&nbsp;&nbsp;__aeabi_d2uiz
<LI><a href="#[9c]">&gt;&gt;</a>&nbsp;&nbsp;&nbsp;__aeabi_cdcmple
<LI><a href="#[84]">&gt;&gt;</a>&nbsp;&nbsp;&nbsp;__aeabi_memclr
</UL>
<BR>[Called By]<UL><LI><a href="#[a4]">&gt;&gt;</a>&nbsp;&nbsp;&nbsp;Bsp_Add_Loca_Queue
</UL>

<P><STRONG><a name="[d2]"></a>API_Hex8_To_String</STRONG> (Thumb, 44 bytes, Stack size 8 bytes, bsp_rdsssend.o(i.API_Hex8_To_String))
<BR><BR>[Stack]<UL><LI>Max Depth = 8<LI>Call Chain = API_Hex8_To_String
</UL>
<BR>[Called By]<UL><LI><a href="#[b3]">&gt;&gt;</a>&nbsp;&nbsp;&nbsp;Bsp_Rdss_Tx_CCTCQ
</UL>

<P><STRONG><a name="[98]"></a>Arithmetic_Average</STRONG> (Thumb, 50 bytes, Stack size 16 bytes, bsp_batvol.o(i.Arithmetic_Average))
<BR><BR>[Stack]<UL><LI>Max Depth = 16<LI>Call Chain = Arithmetic_Average
</UL>
<BR>[Called By]<UL><LI><a href="#[95]">&gt;&gt;</a>&nbsp;&nbsp;&nbsp;ADConvert
</UL>

<P><STRONG><a name="[72]"></a>Bat_Percent_function</STRONG> (Thumb, 16 bytes, Stack size 0 bytes, bsp_task.o(i.Bat_Percent_function))
<BR><BR>[Stack]<UL><LI>Max Depth = 112<LI>Call Chain = Bat_Percent_function &rArr; Bsp_Updata_Bat_Percent &rArr; __aeabi_dmul &rArr; _double_epilogue &rArr; _double_round
</UL>
<BR>[Calls]<UL><LI><a href="#[9e]">&gt;&gt;</a>&nbsp;&nbsp;&nbsp;Bsp_Updata_Bat_Percent
<LI><a href="#[9f]">&gt;&gt;</a>&nbsp;&nbsp;&nbsp;vTaskDelay
</UL>
<BR>[Address Reference Count : 1]<UL><LI> bsp_task.o(i.setupBatTask)
</UL>
<P><STRONG><a name="[73]"></a>Bat_Vol_Display_function</STRONG> (Thumb, 16 bytes, Stack size 0 bytes, bsp_task.o(i.Bat_Vol_Display_function))
<BR><BR>[Stack]<UL><LI>Max Depth = 64<LI>Call Chain = Bat_Vol_Display_function &rArr; vTaskDelay &rArr; xTaskResumeAll &rArr; xTaskIncrementTick
</UL>
<BR>[Calls]<UL><LI><a href="#[a0]">&gt;&gt;</a>&nbsp;&nbsp;&nbsp;Bsp_Bat_Vol_Display
<LI><a href="#[9f]">&gt;&gt;</a>&nbsp;&nbsp;&nbsp;vTaskDelay
</UL>
<BR>[Address Reference Count : 1]<UL><LI> bsp_task.o(i.setupBatVolDisplaytask)
</UL>
<P><STRONG><a name="[a1]"></a>Bps_Start_Always_Updata_BatVol_Percent</STRONG> (Thumb, 10 bytes, Stack size 0 bytes, bsp_batvol.o(i.Bps_Start_Always_Updata_BatVol_Percent))
<BR><BR>[Stack]<UL><LI>Max Depth = 52<LI>Call Chain = Bps_Start_Always_Updata_BatVol_Percent &rArr; Hal_BatVol_Init &rArr; gpio_init
</UL>
<BR>[Calls]<UL><LI><a href="#[a2]">&gt;&gt;</a>&nbsp;&nbsp;&nbsp;Hal_BatVol_Init
</UL>
<BR>[Called By]<UL><LI><a href="#[f1]">&gt;&gt;</a>&nbsp;&nbsp;&nbsp;Bsp_Vbat_Chag_Ctrl
</UL>

<P><STRONG><a name="[a3]"></a>Bps_Start_Once_Time_Updata_BatVol_Percent</STRONG> (Thumb, 16 bytes, Stack size 0 bytes, bsp_batvol.o(i.Bps_Start_Once_Time_Updata_BatVol_Percent))
<BR><BR>[Stack]<UL><LI>Max Depth = 52<LI>Call Chain = Bps_Start_Once_Time_Updata_BatVol_Percent &rArr; Hal_BatVol_Init &rArr; gpio_init
</UL>
<BR>[Calls]<UL><LI><a href="#[a2]">&gt;&gt;</a>&nbsp;&nbsp;&nbsp;Hal_BatVol_Init
</UL>
<BR>[Called By]<UL><LI><a href="#[c8]">&gt;&gt;</a>&nbsp;&nbsp;&nbsp;Bsp_Port_InforGet_Ctrl
<LI><a href="#[cb]">&gt;&gt;</a>&nbsp;&nbsp;&nbsp;Bsp_Pull_SendCtrl
<LI><a href="#[bf]">&gt;&gt;</a>&nbsp;&nbsp;&nbsp;Bsp_Nor_SOS_SendCtrl
</UL>

<P><STRONG><a name="[a4]"></a>Bsp_Add_Loca_Queue</STRONG> (Thumb, 1576 bytes, Stack size 256 bytes, bsp_rdsssend.o(i.Bsp_Add_Loca_Queue))
<BR><BR>[Stack]<UL><LI>Max Depth = 368<LI>Call Chain = Bsp_Add_Loca_Queue &rArr; API_Funftoa &rArr; __aeabi_drsub &rArr; __aeabi_dadd &rArr; _double_epilogue &rArr; _double_round
</UL>
<BR>[Calls]<UL><LI><a href="#[aa]">&gt;&gt;</a>&nbsp;&nbsp;&nbsp;TimeTurn
<LI><a href="#[ad]">&gt;&gt;</a>&nbsp;&nbsp;&nbsp;Fundtoa
<LI><a href="#[9d]">&gt;&gt;</a>&nbsp;&nbsp;&nbsp;__aeabi_cdrcmple
<LI><a href="#[ae]">&gt;&gt;</a>&nbsp;&nbsp;&nbsp;__aeabi_cdcmpeq
<LI><a href="#[a8]">&gt;&gt;</a>&nbsp;&nbsp;&nbsp;Bsp_Get_Location
<LI><a href="#[a7]">&gt;&gt;</a>&nbsp;&nbsp;&nbsp;Bsp_Get_Temp
<LI><a href="#[a6]">&gt;&gt;</a>&nbsp;&nbsp;&nbsp;Bsp_Get_SloarVolFloat
<LI><a href="#[a5]">&gt;&gt;</a>&nbsp;&nbsp;&nbsp;Bsp_Get_BatPercent
<LI><a href="#[a9]">&gt;&gt;</a>&nbsp;&nbsp;&nbsp;Bsp_Get_Sys_State
<LI><a href="#[ab]">&gt;&gt;</a>&nbsp;&nbsp;&nbsp;__aeabi_f2d
<LI><a href="#[ac]">&gt;&gt;</a>&nbsp;&nbsp;&nbsp;Bsp_Float_to_Buf
<LI><a href="#[9b]">&gt;&gt;</a>&nbsp;&nbsp;&nbsp;API_Funftoa
<LI><a href="#[af]">&gt;&gt;</a>&nbsp;&nbsp;&nbsp;strlen
<LI><a href="#[84]">&gt;&gt;</a>&nbsp;&nbsp;&nbsp;__aeabi_memclr
<LI><a href="#[b0]">&gt;&gt;</a>&nbsp;&nbsp;&nbsp;__aeabi_memcpy
</UL>
<BR>[Called By]<UL><LI><a href="#[cb]">&gt;&gt;</a>&nbsp;&nbsp;&nbsp;Bsp_Pull_SendCtrl
<LI><a href="#[bf]">&gt;&gt;</a>&nbsp;&nbsp;&nbsp;Bsp_Nor_SOS_SendCtrl
</UL>

<P><STRONG><a name="[b1]"></a>Bsp_BDS_Data_Send</STRONG> (Thumb, 42 bytes, Stack size 16 bytes, bsp_rdsssend.o(i.Bsp_BDS_Data_Send))
<BR><BR>[Stack]<UL><LI>Max Depth = 104<LI>Call Chain = Bsp_BDS_Data_Send &rArr; Bsp_Rdss_Tx_CCTCQ &rArr; uart4_tx_string
</UL>
<BR>[Calls]<UL><LI><a href="#[b2]">&gt;&gt;</a>&nbsp;&nbsp;&nbsp;convert_str_to_hex
<LI><a href="#[b3]">&gt;&gt;</a>&nbsp;&nbsp;&nbsp;Bsp_Rdss_Tx_CCTCQ
</UL>
<BR>[Called By]<UL><LI><a href="#[cb]">&gt;&gt;</a>&nbsp;&nbsp;&nbsp;Bsp_Pull_SendCtrl
<LI><a href="#[bf]">&gt;&gt;</a>&nbsp;&nbsp;&nbsp;Bsp_Nor_SOS_SendCtrl
</UL>

<P><STRONG><a name="[a0]"></a>Bsp_Bat_Vol_Display</STRONG> (Thumb, 98 bytes, Stack size 16 bytes, bsp_keyled.o(i.Bsp_Bat_Vol_Display))
<BR><BR>[Stack]<UL><LI>Max Depth = 16<LI>Call Chain = Bsp_Bat_Vol_Display
</UL>
<BR>[Calls]<UL><LI><a href="#[b4]">&gt;&gt;</a>&nbsp;&nbsp;&nbsp;Hal_Bat_Led_Display_Enable
<LI><a href="#[a5]">&gt;&gt;</a>&nbsp;&nbsp;&nbsp;Bsp_Get_BatPercent
</UL>
<BR>[Called By]<UL><LI><a href="#[73]">&gt;&gt;</a>&nbsp;&nbsp;&nbsp;Bat_Vol_Display_function
</UL>

<P><STRONG><a name="[b5]"></a>Bsp_Error_Led_Display</STRONG> (Thumb, 24 bytes, Stack size 0 bytes, bsp_keyled.o(i.Bsp_Error_Led_Display))
<BR><BR>[Stack]<UL><LI>Max Depth = 16<LI>Call Chain = Bsp_Error_Led_Display &rArr; Hal_Error_Led_Display_Enable
</UL>
<BR>[Calls]<UL><LI><a href="#[b6]">&gt;&gt;</a>&nbsp;&nbsp;&nbsp;Hal_Error_Led_Display_Enable
</UL>
<BR>[Called By]<UL><LI><a href="#[75]">&gt;&gt;</a>&nbsp;&nbsp;&nbsp;Error_Led_Display_function
</UL>

<P><STRONG><a name="[ac]"></a>Bsp_Float_to_Buf</STRONG> (Thumb, 10 bytes, Stack size 0 bytes, bsp_rdsssend.o(i.Bsp_Float_to_Buf))
<BR><BR>[Stack]<UL><LI>Max Depth = 24<LI>Call Chain = Bsp_Float_to_Buf &rArr; __2sprintf
</UL>
<BR>[Calls]<UL><LI><a href="#[b7]">&gt;&gt;</a>&nbsp;&nbsp;&nbsp;__2sprintf
</UL>
<BR>[Called By]<UL><LI><a href="#[a4]">&gt;&gt;</a>&nbsp;&nbsp;&nbsp;Bsp_Add_Loca_Queue
</UL>

<P><STRONG><a name="[b8]"></a>Bsp_GNSS_Init</STRONG> (Thumb, 14 bytes, Stack size 8 bytes, bsp_gnssparse.o(i.Bsp_GNSS_Init))
<BR><BR>[Stack]<UL><LI>Max Depth = 16<LI>Call Chain = Bsp_GNSS_Init &rArr; Bsp_GNSS_Split_Data_Init
</UL>
<BR>[Calls]<UL><LI><a href="#[ba]">&gt;&gt;</a>&nbsp;&nbsp;&nbsp;Bsp_GNSS_Split_Data_Init
<LI><a href="#[b9]">&gt;&gt;</a>&nbsp;&nbsp;&nbsp;Bsp_GNSS_Parse_Init
</UL>
<BR>[Called By]<UL><LI><a href="#[d7]">&gt;&gt;</a>&nbsp;&nbsp;&nbsp;Bsp_Start_SOS_Mode
<LI><a href="#[d6]">&gt;&gt;</a>&nbsp;&nbsp;&nbsp;Bsp_Start_PULL_Mode
<LI><a href="#[d5]">&gt;&gt;</a>&nbsp;&nbsp;&nbsp;Bsp_Start_Normal_Mode
<LI><a href="#[d4]">&gt;&gt;</a>&nbsp;&nbsp;&nbsp;Bsp_Start_Move_Mode
</UL>

<P><STRONG><a name="[b9]"></a>Bsp_GNSS_Parse_Init</STRONG> (Thumb, 32 bytes, Stack size 8 bytes, bsp_gnssparse.o(i.Bsp_GNSS_Parse_Init))
<BR><BR>[Stack]<UL><LI>Max Depth = 8<LI>Call Chain = Bsp_GNSS_Parse_Init
</UL>
<BR>[Calls]<UL><LI><a href="#[bb]">&gt;&gt;</a>&nbsp;&nbsp;&nbsp;__aeabi_memclr4
<LI><a href="#[84]">&gt;&gt;</a>&nbsp;&nbsp;&nbsp;__aeabi_memclr
</UL>
<BR>[Called By]<UL><LI><a href="#[b8]">&gt;&gt;</a>&nbsp;&nbsp;&nbsp;Bsp_GNSS_Init
</UL>

<P><STRONG><a name="[ba]"></a>Bsp_GNSS_Split_Data_Init</STRONG> (Thumb, 52 bytes, Stack size 8 bytes, bsp_gnssparse.o(i.Bsp_GNSS_Split_Data_Init))
<BR><BR>[Stack]<UL><LI>Max Depth = 8<LI>Call Chain = Bsp_GNSS_Split_Data_Init
</UL>
<BR>[Calls]<UL><LI><a href="#[bb]">&gt;&gt;</a>&nbsp;&nbsp;&nbsp;__aeabi_memclr4
</UL>
<BR>[Called By]<UL><LI><a href="#[b8]">&gt;&gt;</a>&nbsp;&nbsp;&nbsp;Bsp_GNSS_Init
</UL>

<P><STRONG><a name="[a5]"></a>Bsp_Get_BatPercent</STRONG> (Thumb, 6 bytes, Stack size 0 bytes, bsp_batvol.o(i.Bsp_Get_BatPercent))
<BR><BR>[Called By]<UL><LI><a href="#[f1]">&gt;&gt;</a>&nbsp;&nbsp;&nbsp;Bsp_Vbat_Chag_Ctrl
<LI><a href="#[a0]">&gt;&gt;</a>&nbsp;&nbsp;&nbsp;Bsp_Bat_Vol_Display
<LI><a href="#[c9]">&gt;&gt;</a>&nbsp;&nbsp;&nbsp;infor_rep
<LI><a href="#[a4]">&gt;&gt;</a>&nbsp;&nbsp;&nbsp;Bsp_Add_Loca_Queue
</UL>

<P><STRONG><a name="[a8]"></a>Bsp_Get_Location</STRONG> (Thumb, 62 bytes, Stack size 0 bytes, bsp_gnssparse.o(i.Bsp_Get_Location))
<BR><BR>[Called By]<UL><LI><a href="#[a4]">&gt;&gt;</a>&nbsp;&nbsp;&nbsp;Bsp_Add_Loca_Queue
</UL>

<P><STRONG><a name="[a6]"></a>Bsp_Get_SloarVolFloat</STRONG> (Thumb, 32 bytes, Stack size 8 bytes, bsp_batvol.o(i.Bsp_Get_SloarVolFloat))
<BR><BR>[Stack]<UL><LI>Max Depth = 96<LI>Call Chain = Bsp_Get_SloarVolFloat &rArr; __aeabi_dmul &rArr; _double_epilogue &rArr; _double_round
</UL>
<BR>[Calls]<UL><LI><a href="#[8f]">&gt;&gt;</a>&nbsp;&nbsp;&nbsp;__aeabi_ui2d
<LI><a href="#[8d]">&gt;&gt;</a>&nbsp;&nbsp;&nbsp;__aeabi_dmul
<LI><a href="#[91]">&gt;&gt;</a>&nbsp;&nbsp;&nbsp;__aeabi_d2f
</UL>
<BR>[Called By]<UL><LI><a href="#[a4]">&gt;&gt;</a>&nbsp;&nbsp;&nbsp;Bsp_Add_Loca_Queue
</UL>

<P><STRONG><a name="[a9]"></a>Bsp_Get_Sys_State</STRONG> (Thumb, 6 bytes, Stack size 0 bytes, bsp_keyled.o(i.Bsp_Get_Sys_State))
<BR><BR>[Called By]<UL><LI><a href="#[cb]">&gt;&gt;</a>&nbsp;&nbsp;&nbsp;Bsp_Pull_SendCtrl
<LI><a href="#[bf]">&gt;&gt;</a>&nbsp;&nbsp;&nbsp;Bsp_Nor_SOS_SendCtrl
<LI><a href="#[a4]">&gt;&gt;</a>&nbsp;&nbsp;&nbsp;Bsp_Add_Loca_Queue
</UL>

<P><STRONG><a name="[a7]"></a>Bsp_Get_Temp</STRONG> (Thumb, 76 bytes, Stack size 8 bytes, bsp_batvol.o(i.Bsp_Get_Temp))
<BR><BR>[Stack]<UL><LI>Max Depth = 96<LI>Call Chain = Bsp_Get_Temp &rArr; __aeabi_drsub &rArr; __aeabi_dadd &rArr; _double_epilogue &rArr; _double_round
</UL>
<BR>[Calls]<UL><LI><a href="#[8f]">&gt;&gt;</a>&nbsp;&nbsp;&nbsp;__aeabi_ui2d
<LI><a href="#[8c]">&gt;&gt;</a>&nbsp;&nbsp;&nbsp;__aeabi_drsub
<LI><a href="#[8d]">&gt;&gt;</a>&nbsp;&nbsp;&nbsp;__aeabi_dmul
<LI><a href="#[8e]">&gt;&gt;</a>&nbsp;&nbsp;&nbsp;__aeabi_ddiv
<LI><a href="#[87]">&gt;&gt;</a>&nbsp;&nbsp;&nbsp;__aeabi_dadd
</UL>
<BR>[Called By]<UL><LI><a href="#[a4]">&gt;&gt;</a>&nbsp;&nbsp;&nbsp;Bsp_Add_Loca_Queue
</UL>

<P><STRONG><a name="[ca]"></a>Bsp_Get_Updata_Bat_Voltage_Once_State</STRONG> (Thumb, 6 bytes, Stack size 0 bytes, bsp_batvol.o(i.Bsp_Get_Updata_Bat_Voltage_Once_State))
<BR><BR>[Called By]<UL><LI><a href="#[c8]">&gt;&gt;</a>&nbsp;&nbsp;&nbsp;Bsp_Port_InforGet_Ctrl
</UL>

<P><STRONG><a name="[bc]"></a>Bsp_MagKey_Scan</STRONG> (Thumb, 70 bytes, Stack size 16 bytes, bsp_keyled.o(i.Bsp_MagKey_Scan))
<BR><BR>[Stack]<UL><LI>Max Depth = 24<LI>Call Chain = Bsp_MagKey_Scan &rArr; Hal_Get_MagKey_State
</UL>
<BR>[Calls]<UL><LI><a href="#[be]">&gt;&gt;</a>&nbsp;&nbsp;&nbsp;gpio_bits_set
<LI><a href="#[bd]">&gt;&gt;</a>&nbsp;&nbsp;&nbsp;Hal_Get_MagKey_State
</UL>
<BR>[Called By]<UL><LI><a href="#[76]">&gt;&gt;</a>&nbsp;&nbsp;&nbsp;MagKey_Scan_function
</UL>

<P><STRONG><a name="[bf]"></a>Bsp_Nor_SOS_SendCtrl</STRONG> (Thumb, 346 bytes, Stack size 24 bytes, bsp_rdsssend.o(i.Bsp_Nor_SOS_SendCtrl))
<BR><BR>[Stack]<UL><LI>Max Depth = 392<LI>Call Chain = Bsp_Nor_SOS_SendCtrl &rArr; Bsp_Add_Loca_Queue &rArr; API_Funftoa &rArr; __aeabi_drsub &rArr; __aeabi_dadd &rArr; _double_epilogue &rArr; _double_round
</UL>
<BR>[Calls]<UL><LI><a href="#[be]">&gt;&gt;</a>&nbsp;&nbsp;&nbsp;gpio_bits_set
<LI><a href="#[c1]">&gt;&gt;</a>&nbsp;&nbsp;&nbsp;gpio_bits_reset
<LI><a href="#[c2]">&gt;&gt;</a>&nbsp;&nbsp;&nbsp;Hal_Uart4_Init
<LI><a href="#[c3]">&gt;&gt;</a>&nbsp;&nbsp;&nbsp;Hal_Uart4_Deinit
<LI><a href="#[c5]">&gt;&gt;</a>&nbsp;&nbsp;&nbsp;Hal_Uart1_Init
<LI><a href="#[c7]">&gt;&gt;</a>&nbsp;&nbsp;&nbsp;Hal_Uart1_Deinit
<LI><a href="#[c6]">&gt;&gt;</a>&nbsp;&nbsp;&nbsp;Bsp_Rdss_Signal_Is_Ok
<LI><a href="#[a3]">&gt;&gt;</a>&nbsp;&nbsp;&nbsp;Bps_Start_Once_Time_Updata_BatVol_Percent
<LI><a href="#[a9]">&gt;&gt;</a>&nbsp;&nbsp;&nbsp;Bsp_Get_Sys_State
<LI><a href="#[c0]">&gt;&gt;</a>&nbsp;&nbsp;&nbsp;Bsp_Read_ID
<LI><a href="#[c4]">&gt;&gt;</a>&nbsp;&nbsp;&nbsp;Bsp_Rdss_Tx_CCICR
<LI><a href="#[b1]">&gt;&gt;</a>&nbsp;&nbsp;&nbsp;Bsp_BDS_Data_Send
<LI><a href="#[a4]">&gt;&gt;</a>&nbsp;&nbsp;&nbsp;Bsp_Add_Loca_Queue
</UL>
<BR>[Called By]<UL><LI><a href="#[77]">&gt;&gt;</a>&nbsp;&nbsp;&nbsp;Nor_SOS_function
</UL>

<P><STRONG><a name="[c8]"></a>Bsp_Port_InforGet_Ctrl</STRONG> (Thumb, 166 bytes, Stack size 24 bytes, bsp_config.o(i.Bsp_Port_InforGet_Ctrl))
<BR><BR>[Stack]<UL><LI>Max Depth = 144<LI>Call Chain = Bsp_Port_InforGet_Ctrl &rArr; Hal_Uart4_Init &rArr; usart_init &rArr; crm_clocks_freq_get &rArr; __aeabi_uldivmod
</UL>
<BR>[Calls]<UL><LI><a href="#[be]">&gt;&gt;</a>&nbsp;&nbsp;&nbsp;gpio_bits_set
<LI><a href="#[c1]">&gt;&gt;</a>&nbsp;&nbsp;&nbsp;gpio_bits_reset
<LI><a href="#[c2]">&gt;&gt;</a>&nbsp;&nbsp;&nbsp;Hal_Uart4_Init
<LI><a href="#[c3]">&gt;&gt;</a>&nbsp;&nbsp;&nbsp;Hal_Uart4_Deinit
<LI><a href="#[ca]">&gt;&gt;</a>&nbsp;&nbsp;&nbsp;Bsp_Get_Updata_Bat_Voltage_Once_State
<LI><a href="#[a3]">&gt;&gt;</a>&nbsp;&nbsp;&nbsp;Bps_Start_Once_Time_Updata_BatVol_Percent
<LI><a href="#[c9]">&gt;&gt;</a>&nbsp;&nbsp;&nbsp;infor_rep
<LI><a href="#[c4]">&gt;&gt;</a>&nbsp;&nbsp;&nbsp;Bsp_Rdss_Tx_CCICR
</UL>
<BR>[Called By]<UL><LI><a href="#[78]">&gt;&gt;</a>&nbsp;&nbsp;&nbsp;Port_InforGet_function
</UL>

<P><STRONG><a name="[cb]"></a>Bsp_Pull_SendCtrl</STRONG> (Thumb, 300 bytes, Stack size 24 bytes, bsp_rdsssend.o(i.Bsp_Pull_SendCtrl))
<BR><BR>[Stack]<UL><LI>Max Depth = 392<LI>Call Chain = Bsp_Pull_SendCtrl &rArr; Bsp_Add_Loca_Queue &rArr; API_Funftoa &rArr; __aeabi_drsub &rArr; __aeabi_dadd &rArr; _double_epilogue &rArr; _double_round
</UL>
<BR>[Calls]<UL><LI><a href="#[be]">&gt;&gt;</a>&nbsp;&nbsp;&nbsp;gpio_bits_set
<LI><a href="#[c1]">&gt;&gt;</a>&nbsp;&nbsp;&nbsp;gpio_bits_reset
<LI><a href="#[c2]">&gt;&gt;</a>&nbsp;&nbsp;&nbsp;Hal_Uart4_Init
<LI><a href="#[c3]">&gt;&gt;</a>&nbsp;&nbsp;&nbsp;Hal_Uart4_Deinit
<LI><a href="#[c5]">&gt;&gt;</a>&nbsp;&nbsp;&nbsp;Hal_Uart1_Init
<LI><a href="#[c7]">&gt;&gt;</a>&nbsp;&nbsp;&nbsp;Hal_Uart1_Deinit
<LI><a href="#[c6]">&gt;&gt;</a>&nbsp;&nbsp;&nbsp;Bsp_Rdss_Signal_Is_Ok
<LI><a href="#[a3]">&gt;&gt;</a>&nbsp;&nbsp;&nbsp;Bps_Start_Once_Time_Updata_BatVol_Percent
<LI><a href="#[a9]">&gt;&gt;</a>&nbsp;&nbsp;&nbsp;Bsp_Get_Sys_State
<LI><a href="#[c0]">&gt;&gt;</a>&nbsp;&nbsp;&nbsp;Bsp_Read_ID
<LI><a href="#[c4]">&gt;&gt;</a>&nbsp;&nbsp;&nbsp;Bsp_Rdss_Tx_CCICR
<LI><a href="#[b1]">&gt;&gt;</a>&nbsp;&nbsp;&nbsp;Bsp_BDS_Data_Send
<LI><a href="#[a4]">&gt;&gt;</a>&nbsp;&nbsp;&nbsp;Bsp_Add_Loca_Queue
</UL>
<BR>[Called By]<UL><LI><a href="#[79]">&gt;&gt;</a>&nbsp;&nbsp;&nbsp;Pull_SendCtrl_function
</UL>

<P><STRONG><a name="[cc]"></a>Bsp_RDSS_Init</STRONG> (Thumb, 14 bytes, Stack size 8 bytes, bsp_rdssparse.o(i.Bsp_RDSS_Init))
<BR><BR>[Stack]<UL><LI>Max Depth = 16<LI>Call Chain = Bsp_RDSS_Init &rArr; Bsp_RDSS_Parse_Init
</UL>
<BR>[Calls]<UL><LI><a href="#[ce]">&gt;&gt;</a>&nbsp;&nbsp;&nbsp;Bsp_RDSS_Split_Data_Init
<LI><a href="#[cd]">&gt;&gt;</a>&nbsp;&nbsp;&nbsp;Bsp_RDSS_Parse_Init
</UL>
<BR>[Called By]<UL><LI><a href="#[d7]">&gt;&gt;</a>&nbsp;&nbsp;&nbsp;Bsp_Start_SOS_Mode
<LI><a href="#[d6]">&gt;&gt;</a>&nbsp;&nbsp;&nbsp;Bsp_Start_PULL_Mode
<LI><a href="#[d5]">&gt;&gt;</a>&nbsp;&nbsp;&nbsp;Bsp_Start_Normal_Mode
<LI><a href="#[d4]">&gt;&gt;</a>&nbsp;&nbsp;&nbsp;Bsp_Start_Move_Mode
</UL>

<P><STRONG><a name="[cd]"></a>Bsp_RDSS_Parse_Init</STRONG> (Thumb, 34 bytes, Stack size 8 bytes, bsp_rdssparse.o(i.Bsp_RDSS_Parse_Init))
<BR><BR>[Stack]<UL><LI>Max Depth = 8<LI>Call Chain = Bsp_RDSS_Parse_Init
</UL>
<BR>[Calls]<UL><LI><a href="#[bb]">&gt;&gt;</a>&nbsp;&nbsp;&nbsp;__aeabi_memclr4
<LI><a href="#[84]">&gt;&gt;</a>&nbsp;&nbsp;&nbsp;__aeabi_memclr
</UL>
<BR>[Called By]<UL><LI><a href="#[cc]">&gt;&gt;</a>&nbsp;&nbsp;&nbsp;Bsp_RDSS_Init
</UL>

<P><STRONG><a name="[ce]"></a>Bsp_RDSS_Split_Data_Init</STRONG> (Thumb, 8 bytes, Stack size 0 bytes, bsp_rdssparse.o(i.Bsp_RDSS_Split_Data_Init))
<BR><BR>[Calls]<UL><LI><a href="#[bb]">&gt;&gt;</a>&nbsp;&nbsp;&nbsp;__aeabi_memclr4
</UL>
<BR>[Called By]<UL><LI><a href="#[cc]">&gt;&gt;</a>&nbsp;&nbsp;&nbsp;Bsp_RDSS_Init
</UL>

<P><STRONG><a name="[c6]"></a>Bsp_Rdss_Signal_Is_Ok</STRONG> (Thumb, 16 bytes, Stack size 0 bytes, bsp_rdssparse.o(i.Bsp_Rdss_Signal_Is_Ok))
<BR><BR>[Called By]<UL><LI><a href="#[cb]">&gt;&gt;</a>&nbsp;&nbsp;&nbsp;Bsp_Pull_SendCtrl
<LI><a href="#[bf]">&gt;&gt;</a>&nbsp;&nbsp;&nbsp;Bsp_Nor_SOS_SendCtrl
</UL>

<P><STRONG><a name="[c4]"></a>Bsp_Rdss_Tx_CCICR</STRONG> (Thumb, 26 bytes, Stack size 24 bytes, bsp_rdsssend.o(i.Bsp_Rdss_Tx_CCICR))
<BR><BR>[Stack]<UL><LI>Max Depth = 48<LI>Call Chain = Bsp_Rdss_Tx_CCICR &rArr; uart4_tx_string
</UL>
<BR>[Calls]<UL><LI><a href="#[d0]">&gt;&gt;</a>&nbsp;&nbsp;&nbsp;uart4_tx_string
<LI><a href="#[cf]">&gt;&gt;</a>&nbsp;&nbsp;&nbsp;__aeabi_memcpy4
</UL>
<BR>[Called By]<UL><LI><a href="#[c8]">&gt;&gt;</a>&nbsp;&nbsp;&nbsp;Bsp_Port_InforGet_Ctrl
<LI><a href="#[cb]">&gt;&gt;</a>&nbsp;&nbsp;&nbsp;Bsp_Pull_SendCtrl
<LI><a href="#[bf]">&gt;&gt;</a>&nbsp;&nbsp;&nbsp;Bsp_Nor_SOS_SendCtrl
</UL>

<P><STRONG><a name="[b3]"></a>Bsp_Rdss_Tx_CCTCQ</STRONG> (Thumb, 332 bytes, Stack size 64 bytes, bsp_rdsssend.o(i.Bsp_Rdss_Tx_CCTCQ))
<BR><BR>[Stack]<UL><LI>Max Depth = 88<LI>Call Chain = Bsp_Rdss_Tx_CCTCQ &rArr; uart4_tx_string
</UL>
<BR>[Calls]<UL><LI><a href="#[d0]">&gt;&gt;</a>&nbsp;&nbsp;&nbsp;uart4_tx_string
<LI><a href="#[d2]">&gt;&gt;</a>&nbsp;&nbsp;&nbsp;API_Hex8_To_String
<LI><a href="#[d1]">&gt;&gt;</a>&nbsp;&nbsp;&nbsp;API_Check_Xor
<LI><a href="#[af]">&gt;&gt;</a>&nbsp;&nbsp;&nbsp;strlen
<LI><a href="#[bb]">&gt;&gt;</a>&nbsp;&nbsp;&nbsp;__aeabi_memclr4
<LI><a href="#[b0]">&gt;&gt;</a>&nbsp;&nbsp;&nbsp;__aeabi_memcpy
</UL>
<BR>[Called By]<UL><LI><a href="#[b1]">&gt;&gt;</a>&nbsp;&nbsp;&nbsp;Bsp_BDS_Data_Send
</UL>

<P><STRONG><a name="[c0]"></a>Bsp_Read_ID</STRONG> (Thumb, 6 bytes, Stack size 0 bytes, bsp_config.o(i.Bsp_Read_ID))
<BR><BR>[Calls]<UL><LI><a href="#[d3]">&gt;&gt;</a>&nbsp;&nbsp;&nbsp;Hal_Flash_Read_Word
</UL>
<BR>[Called By]<UL><LI><a href="#[c9]">&gt;&gt;</a>&nbsp;&nbsp;&nbsp;infor_rep
<LI><a href="#[cb]">&gt;&gt;</a>&nbsp;&nbsp;&nbsp;Bsp_Pull_SendCtrl
<LI><a href="#[bf]">&gt;&gt;</a>&nbsp;&nbsp;&nbsp;Bsp_Nor_SOS_SendCtrl
</UL>

<P><STRONG><a name="[d4]"></a>Bsp_Start_Move_Mode</STRONG> (Thumb, 54 bytes, Stack size 8 bytes, bsp_rdsssend.o(i.Bsp_Start_Move_Mode))
<BR><BR>[Stack]<UL><LI>Max Depth = 24<LI>Call Chain = Bsp_Start_Move_Mode &rArr; Hal_Uart4_Deinit &rArr; usart_interrupt_enable
</UL>
<BR>[Calls]<UL><LI><a href="#[be]">&gt;&gt;</a>&nbsp;&nbsp;&nbsp;gpio_bits_set
<LI><a href="#[c1]">&gt;&gt;</a>&nbsp;&nbsp;&nbsp;gpio_bits_reset
<LI><a href="#[c3]">&gt;&gt;</a>&nbsp;&nbsp;&nbsp;Hal_Uart4_Deinit
<LI><a href="#[c7]">&gt;&gt;</a>&nbsp;&nbsp;&nbsp;Hal_Uart1_Deinit
<LI><a href="#[cc]">&gt;&gt;</a>&nbsp;&nbsp;&nbsp;Bsp_RDSS_Init
<LI><a href="#[b8]">&gt;&gt;</a>&nbsp;&nbsp;&nbsp;Bsp_GNSS_Init
</UL>
<BR>[Called By]<UL><LI><a href="#[dd]">&gt;&gt;</a>&nbsp;&nbsp;&nbsp;Key_Start_Move_Mode
</UL>

<P><STRONG><a name="[d5]"></a>Bsp_Start_Normal_Mode</STRONG> (Thumb, 54 bytes, Stack size 8 bytes, bsp_rdsssend.o(i.Bsp_Start_Normal_Mode))
<BR><BR>[Stack]<UL><LI>Max Depth = 24<LI>Call Chain = Bsp_Start_Normal_Mode &rArr; Hal_Uart4_Deinit &rArr; usart_interrupt_enable
</UL>
<BR>[Calls]<UL><LI><a href="#[be]">&gt;&gt;</a>&nbsp;&nbsp;&nbsp;gpio_bits_set
<LI><a href="#[c1]">&gt;&gt;</a>&nbsp;&nbsp;&nbsp;gpio_bits_reset
<LI><a href="#[c3]">&gt;&gt;</a>&nbsp;&nbsp;&nbsp;Hal_Uart4_Deinit
<LI><a href="#[c7]">&gt;&gt;</a>&nbsp;&nbsp;&nbsp;Hal_Uart1_Deinit
<LI><a href="#[cc]">&gt;&gt;</a>&nbsp;&nbsp;&nbsp;Bsp_RDSS_Init
<LI><a href="#[b8]">&gt;&gt;</a>&nbsp;&nbsp;&nbsp;Bsp_GNSS_Init
</UL>
<BR>[Called By]<UL><LI><a href="#[df]">&gt;&gt;</a>&nbsp;&nbsp;&nbsp;Key_Start_Normal_Mode
</UL>

<P><STRONG><a name="[d6]"></a>Bsp_Start_PULL_Mode</STRONG> (Thumb, 54 bytes, Stack size 8 bytes, bsp_rdsssend.o(i.Bsp_Start_PULL_Mode))
<BR><BR>[Stack]<UL><LI>Max Depth = 24<LI>Call Chain = Bsp_Start_PULL_Mode &rArr; Hal_Uart4_Deinit &rArr; usart_interrupt_enable
</UL>
<BR>[Calls]<UL><LI><a href="#[be]">&gt;&gt;</a>&nbsp;&nbsp;&nbsp;gpio_bits_set
<LI><a href="#[c1]">&gt;&gt;</a>&nbsp;&nbsp;&nbsp;gpio_bits_reset
<LI><a href="#[c3]">&gt;&gt;</a>&nbsp;&nbsp;&nbsp;Hal_Uart4_Deinit
<LI><a href="#[c7]">&gt;&gt;</a>&nbsp;&nbsp;&nbsp;Hal_Uart1_Deinit
<LI><a href="#[cc]">&gt;&gt;</a>&nbsp;&nbsp;&nbsp;Bsp_RDSS_Init
<LI><a href="#[b8]">&gt;&gt;</a>&nbsp;&nbsp;&nbsp;Bsp_GNSS_Init
</UL>
<BR>[Called By]<UL><LI><a href="#[de]">&gt;&gt;</a>&nbsp;&nbsp;&nbsp;Key_Start_PULL_Mode
</UL>

<P><STRONG><a name="[d7]"></a>Bsp_Start_SOS_Mode</STRONG> (Thumb, 54 bytes, Stack size 8 bytes, bsp_rdsssend.o(i.Bsp_Start_SOS_Mode))
<BR><BR>[Stack]<UL><LI>Max Depth = 24<LI>Call Chain = Bsp_Start_SOS_Mode &rArr; Hal_Uart4_Deinit &rArr; usart_interrupt_enable
</UL>
<BR>[Calls]<UL><LI><a href="#[be]">&gt;&gt;</a>&nbsp;&nbsp;&nbsp;gpio_bits_set
<LI><a href="#[c1]">&gt;&gt;</a>&nbsp;&nbsp;&nbsp;gpio_bits_reset
<LI><a href="#[c3]">&gt;&gt;</a>&nbsp;&nbsp;&nbsp;Hal_Uart4_Deinit
<LI><a href="#[c7]">&gt;&gt;</a>&nbsp;&nbsp;&nbsp;Hal_Uart1_Deinit
<LI><a href="#[cc]">&gt;&gt;</a>&nbsp;&nbsp;&nbsp;Bsp_RDSS_Init
<LI><a href="#[b8]">&gt;&gt;</a>&nbsp;&nbsp;&nbsp;Bsp_GNSS_Init
</UL>
<BR>[Called By]<UL><LI><a href="#[dc]">&gt;&gt;</a>&nbsp;&nbsp;&nbsp;Key_Start_SOS_Mode
</UL>

<P><STRONG><a name="[d8]"></a>Bsp_Sys_State_Ctrl</STRONG> (Thumb, 230 bytes, Stack size 16 bytes, bsp_keyled.o(i.Bsp_Sys_State_Ctrl))
<BR><BR>[Stack]<UL><LI>Max Depth = 40<LI>Call Chain = Bsp_Sys_State_Ctrl &rArr; Key_Start_SOS_Mode &rArr; Bsp_Start_SOS_Mode &rArr; Hal_Uart4_Deinit &rArr; usart_interrupt_enable
</UL>
<BR>[Calls]<UL><LI><a href="#[db]">&gt;&gt;</a>&nbsp;&nbsp;&nbsp;Hal_Get_SlideKey_State
<LI><a href="#[d9]">&gt;&gt;</a>&nbsp;&nbsp;&nbsp;Hal_Get_SideKey_State
<LI><a href="#[da]">&gt;&gt;</a>&nbsp;&nbsp;&nbsp;Hal_Get_BotKey_State
<LI><a href="#[dc]">&gt;&gt;</a>&nbsp;&nbsp;&nbsp;Key_Start_SOS_Mode
<LI><a href="#[de]">&gt;&gt;</a>&nbsp;&nbsp;&nbsp;Key_Start_PULL_Mode
<LI><a href="#[df]">&gt;&gt;</a>&nbsp;&nbsp;&nbsp;Key_Start_Normal_Mode
<LI><a href="#[dd]">&gt;&gt;</a>&nbsp;&nbsp;&nbsp;Key_Start_Move_Mode
</UL>
<BR>[Called By]<UL><LI><a href="#[7a]">&gt;&gt;</a>&nbsp;&nbsp;&nbsp;Sys_State_Ctrl_function
</UL>

<P><STRONG><a name="[e0]"></a>Bsp_Task</STRONG> (Thumb, 58 bytes, Stack size 8 bytes, bsp_task.o(i.Bsp_Task))
<BR><BR>[Stack]<UL><LI>Max Depth = 168<LI>Call Chain = Bsp_Task &rArr; vTaskStartScheduler &rArr; xTaskCreate &rArr; pvPortMalloc &rArr; xTaskResumeAll &rArr; xTaskIncrementTick
</UL>
<BR>[Calls]<UL><LI><a href="#[ec]">&gt;&gt;</a>&nbsp;&nbsp;&nbsp;vTaskStartScheduler
<LI><a href="#[ed]">&gt;&gt;</a>&nbsp;&nbsp;&nbsp;vPortExitCritical
<LI><a href="#[e1]">&gt;&gt;</a>&nbsp;&nbsp;&nbsp;vPortEnterCritical
<LI><a href="#[e9]">&gt;&gt;</a>&nbsp;&nbsp;&nbsp;setupSysStateCtrltask
<LI><a href="#[e7]">&gt;&gt;</a>&nbsp;&nbsp;&nbsp;setupPullSendCtrlTask
<LI><a href="#[e5]">&gt;&gt;</a>&nbsp;&nbsp;&nbsp;setupPortInforGetTask
<LI><a href="#[e6]">&gt;&gt;</a>&nbsp;&nbsp;&nbsp;setupNorSOSTask
<LI><a href="#[e4]">&gt;&gt;</a>&nbsp;&nbsp;&nbsp;setupMagKeyTask
<LI><a href="#[eb]">&gt;&gt;</a>&nbsp;&nbsp;&nbsp;setupErrorLedDisplaytask
<LI><a href="#[ea]">&gt;&gt;</a>&nbsp;&nbsp;&nbsp;setupBspVbatChagCtrltask
<LI><a href="#[e8]">&gt;&gt;</a>&nbsp;&nbsp;&nbsp;setupBatVolDisplaytask
<LI><a href="#[e3]">&gt;&gt;</a>&nbsp;&nbsp;&nbsp;setupBatTask
<LI><a href="#[e2]">&gt;&gt;</a>&nbsp;&nbsp;&nbsp;setupADCTask
</UL>
<BR>[Called By]<UL><LI><a href="#[6b]">&gt;&gt;</a>&nbsp;&nbsp;&nbsp;main
</UL>

<P><STRONG><a name="[ee]"></a>Bsp_Uart_Fifo_Init</STRONG> (Thumb, 66 bytes, Stack size 8 bytes, bsp_uartrec.o(i.Bsp_Uart_Fifo_Init))
<BR><BR>[Stack]<UL><LI>Max Depth = 32<LI>Call Chain = Bsp_Uart_Fifo_Init &rArr; lm_fifo_init
</UL>
<BR>[Calls]<UL><LI><a href="#[ef]">&gt;&gt;</a>&nbsp;&nbsp;&nbsp;lm_fifo_init
</UL>
<BR>[Called By]<UL><LI><a href="#[fb]">&gt;&gt;</a>&nbsp;&nbsp;&nbsp;Fun_Bsp_Init
</UL>

<P><STRONG><a name="[9e]"></a>Bsp_Updata_Bat_Percent</STRONG> (Thumb, 138 bytes, Stack size 24 bytes, bsp_batvol.o(i.Bsp_Updata_Bat_Percent))
<BR><BR>[Stack]<UL><LI>Max Depth = 112<LI>Call Chain = Bsp_Updata_Bat_Percent &rArr; __aeabi_dmul &rArr; _double_epilogue &rArr; _double_round
</UL>
<BR>[Calls]<UL><LI><a href="#[f0]">&gt;&gt;</a>&nbsp;&nbsp;&nbsp;Hal_ADC_Deinit
<LI><a href="#[8f]">&gt;&gt;</a>&nbsp;&nbsp;&nbsp;__aeabi_ui2d
<LI><a href="#[8d]">&gt;&gt;</a>&nbsp;&nbsp;&nbsp;__aeabi_dmul
<LI><a href="#[90]">&gt;&gt;</a>&nbsp;&nbsp;&nbsp;__aeabi_d2uiz
</UL>
<BR>[Called By]<UL><LI><a href="#[72]">&gt;&gt;</a>&nbsp;&nbsp;&nbsp;Bat_Percent_function
</UL>

<P><STRONG><a name="[f1]"></a>Bsp_Vbat_Chag_Ctrl</STRONG> (Thumb, 248 bytes, Stack size 24 bytes, bsp_keyled.o(i.Bsp_Vbat_Chag_Ctrl))
<BR><BR>[Stack]<UL><LI>Max Depth = 152<LI>Call Chain = Bsp_Vbat_Chag_Ctrl &rArr; Sys_Start_Charge_Mode &rArr; Hal_Uart3_Init &rArr; usart_init &rArr; crm_clocks_freq_get &rArr; __aeabi_uldivmod
</UL>
<BR>[Calls]<UL><LI><a href="#[f3]">&gt;&gt;</a>&nbsp;&nbsp;&nbsp;Hal_Get_USB_In_State
<LI><a href="#[f2]">&gt;&gt;</a>&nbsp;&nbsp;&nbsp;Hal_Get_ChagFull_State
<LI><a href="#[f5]">&gt;&gt;</a>&nbsp;&nbsp;&nbsp;Hal_Bat_Led_Heartbeat
<LI><a href="#[b4]">&gt;&gt;</a>&nbsp;&nbsp;&nbsp;Hal_Bat_Led_Display_Enable
<LI><a href="#[a5]">&gt;&gt;</a>&nbsp;&nbsp;&nbsp;Bsp_Get_BatPercent
<LI><a href="#[a1]">&gt;&gt;</a>&nbsp;&nbsp;&nbsp;Bps_Start_Always_Updata_BatVol_Percent
<LI><a href="#[f6]">&gt;&gt;</a>&nbsp;&nbsp;&nbsp;Sys_Stop_Charge_Mode
<LI><a href="#[f4]">&gt;&gt;</a>&nbsp;&nbsp;&nbsp;Sys_Start_Charge_Mode
</UL>
<BR>[Called By]<UL><LI><a href="#[74]">&gt;&gt;</a>&nbsp;&nbsp;&nbsp;Vbat_Chag_Ctrl_function
</UL>

<P><STRONG><a name="[5]"></a>BusFault_Handler</STRONG> (Thumb, 2 bytes, Stack size 0 bytes, at32f435_437_int.o(i.BusFault_Handler))
<BR><BR>[Calls]<UL><LI><a href="#[5]">&gt;&gt;</a>&nbsp;&nbsp;&nbsp;BusFault_Handler
</UL>
<BR>[Called By]<UL><LI><a href="#[5]">&gt;&gt;</a>&nbsp;&nbsp;&nbsp;BusFault_Handler
</UL>
<BR>[Address Reference Count : 1]<UL><LI> startup_at32f435_437.o(RESET)
</UL>
<P><STRONG><a name="[8]"></a>DebugMon_Handler</STRONG> (Thumb, 2 bytes, Stack size 0 bytes, at32f435_437_int.o(i.DebugMon_Handler))
<BR>[Address Reference Count : 1]<UL><LI> startup_at32f435_437.o(RESET)
</UL>
<P><STRONG><a name="[34]"></a>ERTCAlarm_IRQHandler</STRONG> (Thumb, 34 bytes, Stack size 8 bytes, hal_sleep.o(i.ERTCAlarm_IRQHandler))
<BR><BR>[Stack]<UL><LI>Max Depth = 16<LI>Call Chain = ERTCAlarm_IRQHandler &rArr; ertc_interrupt_flag_get
</UL>
<BR>[Calls]<UL><LI><a href="#[f9]">&gt;&gt;</a>&nbsp;&nbsp;&nbsp;exint_flag_clear
<LI><a href="#[f7]">&gt;&gt;</a>&nbsp;&nbsp;&nbsp;ertc_interrupt_flag_get
<LI><a href="#[f8]">&gt;&gt;</a>&nbsp;&nbsp;&nbsp;ertc_flag_clear
</UL>
[...]
<LI><a href="#[31]">&gt;&gt;</a>&nbsp;&nbsp;&nbsp;USART2_IRQHandler
<LI><a href="#[30]">&gt;&gt;</a>&nbsp;&nbsp;&nbsp;USART1_IRQHandler
<LI><a href="#[3f]">&gt;&gt;</a>&nbsp;&nbsp;&nbsp;UART4_IRQHandler
</UL>

<P><STRONG><a name="[151]"></a>usart_data_transmit</STRONG> (Thumb, 8 bytes, Stack size 0 bytes, at32f435_437_usart.o(i.usart_data_transmit))
<BR><BR>[Called By]<UL><LI><a href="#[d0]">&gt;&gt;</a>&nbsp;&nbsp;&nbsp;uart4_tx_string
<LI><a href="#[13c]">&gt;&gt;</a>&nbsp;&nbsp;&nbsp;uart3_tx_string
<LI><a href="#[6e]">&gt;&gt;</a>&nbsp;&nbsp;&nbsp;fputc
</UL>

<P><STRONG><a name="[12a]"></a>usart_enable</STRONG> (Thumb, 10 bytes, Stack size 0 bytes, at32f435_437_usart.o(i.usart_enable))
<BR><BR>[Called By]<UL><LI><a href="#[c2]">&gt;&gt;</a>&nbsp;&nbsp;&nbsp;Hal_Uart4_Init
<LI><a href="#[c3]">&gt;&gt;</a>&nbsp;&nbsp;&nbsp;Hal_Uart4_Deinit
<LI><a href="#[132]">&gt;&gt;</a>&nbsp;&nbsp;&nbsp;Hal_Uart3_Deinit
<LI><a href="#[c5]">&gt;&gt;</a>&nbsp;&nbsp;&nbsp;Hal_Uart1_Init
<LI><a href="#[c7]">&gt;&gt;</a>&nbsp;&nbsp;&nbsp;Hal_Uart1_Deinit
<LI><a href="#[133]">&gt;&gt;</a>&nbsp;&nbsp;&nbsp;Hal_Uart3_Init
<LI><a href="#[131]">&gt;&gt;</a>&nbsp;&nbsp;&nbsp;Hal_Uart2_Init
</UL>

<P><STRONG><a name="[143]"></a>usart_flag_clear</STRONG> (Thumb, 16 bytes, Stack size 0 bytes, at32f435_437_usart.o(i.usart_flag_clear))
<BR><BR>[Called By]<UL><LI><a href="#[32]">&gt;&gt;</a>&nbsp;&nbsp;&nbsp;USART3_IRQHandler
<LI><a href="#[31]">&gt;&gt;</a>&nbsp;&nbsp;&nbsp;USART2_IRQHandler
<LI><a href="#[30]">&gt;&gt;</a>&nbsp;&nbsp;&nbsp;USART1_IRQHandler
<LI><a href="#[3f]">&gt;&gt;</a>&nbsp;&nbsp;&nbsp;UART4_IRQHandler
</UL>

<P><STRONG><a name="[152]"></a>usart_flag_get</STRONG> (Thumb, 10 bytes, Stack size 0 bytes, at32f435_437_usart.o(i.usart_flag_get))
<BR><BR>[Called By]<UL><LI><a href="#[d0]">&gt;&gt;</a>&nbsp;&nbsp;&nbsp;uart4_tx_string
<LI><a href="#[13c]">&gt;&gt;</a>&nbsp;&nbsp;&nbsp;uart3_tx_string
<LI><a href="#[6e]">&gt;&gt;</a>&nbsp;&nbsp;&nbsp;fputc
</UL>

<P><STRONG><a name="[12e]"></a>usart_init</STRONG> (Thumb, 124 bytes, Stack size 40 bytes, at32f435_437_usart.o(i.usart_init))
<BR><BR>[Stack]<UL><LI>Max Depth = 104<LI>Call Chain = usart_init &rArr; crm_clocks_freq_get &rArr; __aeabi_uldivmod
</UL>
<BR>[Calls]<UL><LI><a href="#[14d]">&gt;&gt;</a>&nbsp;&nbsp;&nbsp;crm_clocks_freq_get
</UL>
<BR>[Called By]<UL><LI><a href="#[c2]">&gt;&gt;</a>&nbsp;&nbsp;&nbsp;Hal_Uart4_Init
<LI><a href="#[c5]">&gt;&gt;</a>&nbsp;&nbsp;&nbsp;Hal_Uart1_Init
<LI><a href="#[133]">&gt;&gt;</a>&nbsp;&nbsp;&nbsp;Hal_Uart3_Init
<LI><a href="#[131]">&gt;&gt;</a>&nbsp;&nbsp;&nbsp;Hal_Uart2_Init
</UL>

<P><STRONG><a name="[12b]"></a>usart_interrupt_enable</STRONG> (Thumb, 30 bytes, Stack size 8 bytes, at32f435_437_usart.o(i.usart_interrupt_enable))
<BR><BR>[Stack]<UL><LI>Max Depth = 8<LI>Call Chain = usart_interrupt_enable
</UL>
<BR>[Called By]<UL><LI><a href="#[c2]">&gt;&gt;</a>&nbsp;&nbsp;&nbsp;Hal_Uart4_Init
<LI><a href="#[c3]">&gt;&gt;</a>&nbsp;&nbsp;&nbsp;Hal_Uart4_Deinit
<LI><a href="#[132]">&gt;&gt;</a>&nbsp;&nbsp;&nbsp;Hal_Uart3_Deinit
<LI><a href="#[c5]">&gt;&gt;</a>&nbsp;&nbsp;&nbsp;Hal_Uart1_Init
<LI><a href="#[c7]">&gt;&gt;</a>&nbsp;&nbsp;&nbsp;Hal_Uart1_Deinit
<LI><a href="#[133]">&gt;&gt;</a>&nbsp;&nbsp;&nbsp;Hal_Uart3_Init
<LI><a href="#[131]">&gt;&gt;</a>&nbsp;&nbsp;&nbsp;Hal_Uart2_Init
</UL>

<P><STRONG><a name="[142]"></a>usart_interrupt_flag_get</STRONG> (Thumb, 140 bytes, Stack size 0 bytes, at32f435_437_usart.o(i.usart_interrupt_flag_get))
<BR><BR>[Called By]<UL><LI><a href="#[32]">&gt;&gt;</a>&nbsp;&nbsp;&nbsp;USART3_IRQHandler
<LI><a href="#[31]">&gt;&gt;</a>&nbsp;&nbsp;&nbsp;USART2_IRQHandler
<LI><a href="#[30]">&gt;&gt;</a>&nbsp;&nbsp;&nbsp;USART1_IRQHandler
<LI><a href="#[3f]">&gt;&gt;</a>&nbsp;&nbsp;&nbsp;UART4_IRQHandler
</UL>

<P><STRONG><a name="[130]"></a>usart_receiver_enable</STRONG> (Thumb, 10 bytes, Stack size 0 bytes, at32f435_437_usart.o(i.usart_receiver_enable))
<BR><BR>[Called By]<UL><LI><a href="#[c2]">&gt;&gt;</a>&nbsp;&nbsp;&nbsp;Hal_Uart4_Init
<LI><a href="#[c5]">&gt;&gt;</a>&nbsp;&nbsp;&nbsp;Hal_Uart1_Init
<LI><a href="#[133]">&gt;&gt;</a>&nbsp;&nbsp;&nbsp;Hal_Uart3_Init
<LI><a href="#[131]">&gt;&gt;</a>&nbsp;&nbsp;&nbsp;Hal_Uart2_Init
</UL>

<P><STRONG><a name="[134]"></a>usart_transmit_receive_pin_swap</STRONG> (Thumb, 10 bytes, Stack size 0 bytes, at32f435_437_usart.o(i.usart_transmit_receive_pin_swap))
<BR><BR>[Called By]<UL><LI><a href="#[133]">&gt;&gt;</a>&nbsp;&nbsp;&nbsp;Hal_Uart3_Init
</UL>

<P><STRONG><a name="[12f]"></a>usart_transmitter_enable</STRONG> (Thumb, 10 bytes, Stack size 0 bytes, at32f435_437_usart.o(i.usart_transmitter_enable))
<BR><BR>[Called By]<UL><LI><a href="#[c2]">&gt;&gt;</a>&nbsp;&nbsp;&nbsp;Hal_Uart4_Init
<LI><a href="#[c5]">&gt;&gt;</a>&nbsp;&nbsp;&nbsp;Hal_Uart1_Init
<LI><a href="#[133]">&gt;&gt;</a>&nbsp;&nbsp;&nbsp;Hal_Uart3_Init
<LI><a href="#[131]">&gt;&gt;</a>&nbsp;&nbsp;&nbsp;Hal_Uart2_Init
</UL>

<P><STRONG><a name="[15f]"></a>uxListRemove</STRONG> (Thumb, 38 bytes, Stack size 0 bytes, list.o(i.uxListRemove))
<BR><BR>[Called By]<UL><LI><a href="#[16d]">&gt;&gt;</a>&nbsp;&nbsp;&nbsp;xTaskResumeAll
<LI><a href="#[13e]">&gt;&gt;</a>&nbsp;&nbsp;&nbsp;xTaskIncrementTick
<LI><a href="#[7b]">&gt;&gt;</a>&nbsp;&nbsp;&nbsp;prvIdleTask
<LI><a href="#[15e]">&gt;&gt;</a>&nbsp;&nbsp;&nbsp;prvAddCurrentTaskToDelayedList
</UL>

<P><STRONG><a name="[163]"></a>vListInitialise</STRONG> (Thumb, 22 bytes, Stack size 0 bytes, list.o(i.vListInitialise))
<BR><BR>[Called By]<UL><LI><a href="#[162]">&gt;&gt;</a>&nbsp;&nbsp;&nbsp;prvAddNewTaskToReadyList
</UL>

<P><STRONG><a name="[167]"></a>vListInitialiseItem</STRONG> (Thumb, 6 bytes, Stack size 0 bytes, list.o(i.vListInitialiseItem))
<BR><BR>[Called By]<UL><LI><a href="#[166]">&gt;&gt;</a>&nbsp;&nbsp;&nbsp;prvInitialiseNewTask
</UL>

<P><STRONG><a name="[161]"></a>vListInsert</STRONG> (Thumb, 48 bytes, Stack size 12 bytes, list.o(i.vListInsert))
<BR><BR>[Stack]<UL><LI>Max Depth = 12<LI>Call Chain = vListInsert
</UL>
<BR>[Called By]<UL><LI><a href="#[15e]">&gt;&gt;</a>&nbsp;&nbsp;&nbsp;prvAddCurrentTaskToDelayedList
</UL>

<P><STRONG><a name="[160]"></a>vListInsertEnd</STRONG> (Thumb, 24 bytes, Stack size 0 bytes, list.o(i.vListInsertEnd))
<BR><BR>[Called By]<UL><LI><a href="#[16d]">&gt;&gt;</a>&nbsp;&nbsp;&nbsp;xTaskResumeAll
<LI><a href="#[13e]">&gt;&gt;</a>&nbsp;&nbsp;&nbsp;xTaskIncrementTick
<LI><a href="#[162]">&gt;&gt;</a>&nbsp;&nbsp;&nbsp;prvAddNewTaskToReadyList
<LI><a href="#[15e]">&gt;&gt;</a>&nbsp;&nbsp;&nbsp;prvAddCurrentTaskToDelayedList
</UL>

<P><STRONG><a name="[e1]"></a>vPortEnterCritical</STRONG> (Thumb, 54 bytes, Stack size 0 bytes, include_port.o(i.vPortEnterCritical))
<BR><BR>[Called By]<UL><LI><a href="#[e0]">&gt;&gt;</a>&nbsp;&nbsp;&nbsp;Bsp_Task
<LI><a href="#[16d]">&gt;&gt;</a>&nbsp;&nbsp;&nbsp;xTaskResumeAll
<LI><a href="#[7b]">&gt;&gt;</a>&nbsp;&nbsp;&nbsp;prvIdleTask
<LI><a href="#[162]">&gt;&gt;</a>&nbsp;&nbsp;&nbsp;prvAddNewTaskToReadyList
</UL>

<P><STRONG><a name="[ed]"></a>vPortExitCritical</STRONG> (Thumb, 34 bytes, Stack size 0 bytes, include_port.o(i.vPortExitCritical))
<BR><BR>[Called By]<UL><LI><a href="#[e0]">&gt;&gt;</a>&nbsp;&nbsp;&nbsp;Bsp_Task
<LI><a href="#[16d]">&gt;&gt;</a>&nbsp;&nbsp;&nbsp;xTaskResumeAll
<LI><a href="#[7b]">&gt;&gt;</a>&nbsp;&nbsp;&nbsp;prvIdleTask
<LI><a href="#[162]">&gt;&gt;</a>&nbsp;&nbsp;&nbsp;prvAddNewTaskToReadyList
</UL>

<P><STRONG><a name="[165]"></a>vPortFree</STRONG> (Thumb, 94 bytes, Stack size 16 bytes, heap_4.o(i.vPortFree))
<BR><BR>[Stack]<UL><LI>Max Depth = 72<LI>Call Chain = vPortFree &rArr; xTaskResumeAll &rArr; xTaskIncrementTick
</UL>
<BR>[Calls]<UL><LI><a href="#[16d]">&gt;&gt;</a>&nbsp;&nbsp;&nbsp;xTaskResumeAll
<LI><a href="#[16a]">&gt;&gt;</a>&nbsp;&nbsp;&nbsp;vTaskSuspendAll
<LI><a href="#[16c]">&gt;&gt;</a>&nbsp;&nbsp;&nbsp;prvInsertBlockIntoFreeList
</UL>
<BR>[Called By]<UL><LI><a href="#[16e]">&gt;&gt;</a>&nbsp;&nbsp;&nbsp;xTaskCreate
<LI><a href="#[164]">&gt;&gt;</a>&nbsp;&nbsp;&nbsp;prvDeleteTCB
</UL>

<P><STRONG><a name="[171]"></a>vPortSetupTimerInterrupt</STRONG> (Thumb, 32 bytes, Stack size 0 bytes, include_port.o(i.vPortSetupTimerInterrupt))
<BR><BR>[Called By]<UL><LI><a href="#[170]">&gt;&gt;</a>&nbsp;&nbsp;&nbsp;xPortStartScheduler
</UL>

<P><STRONG><a name="[9f]"></a>vTaskDelay</STRONG> (Thumb, 66 bytes, Stack size 8 bytes, tasks.o(i.vTaskDelay))
<BR><BR>[Stack]<UL><LI>Max Depth = 64<LI>Call Chain = vTaskDelay &rArr; xTaskResumeAll &rArr; xTaskIncrementTick
</UL>
<BR>[Calls]<UL><LI><a href="#[16d]">&gt;&gt;</a>&nbsp;&nbsp;&nbsp;xTaskResumeAll
<LI><a href="#[16a]">&gt;&gt;</a>&nbsp;&nbsp;&nbsp;vTaskSuspendAll
<LI><a href="#[15e]">&gt;&gt;</a>&nbsp;&nbsp;&nbsp;prvAddCurrentTaskToDelayedList
</UL>
<BR>[Called By]<UL><LI><a href="#[71]">&gt;&gt;</a>&nbsp;&nbsp;&nbsp;adc_task_function
<LI><a href="#[74]">&gt;&gt;</a>&nbsp;&nbsp;&nbsp;Vbat_Chag_Ctrl_function
<LI><a href="#[7a]">&gt;&gt;</a>&nbsp;&nbsp;&nbsp;Sys_State_Ctrl_function
<LI><a href="#[79]">&gt;&gt;</a>&nbsp;&nbsp;&nbsp;Pull_SendCtrl_function
<LI><a href="#[78]">&gt;&gt;</a>&nbsp;&nbsp;&nbsp;Port_InforGet_function
<LI><a href="#[77]">&gt;&gt;</a>&nbsp;&nbsp;&nbsp;Nor_SOS_function
<LI><a href="#[76]">&gt;&gt;</a>&nbsp;&nbsp;&nbsp;MagKey_Scan_function
<LI><a href="#[75]">&gt;&gt;</a>&nbsp;&nbsp;&nbsp;Error_Led_Display_function
<LI><a href="#[73]">&gt;&gt;</a>&nbsp;&nbsp;&nbsp;Bat_Vol_Display_function
<LI><a href="#[72]">&gt;&gt;</a>&nbsp;&nbsp;&nbsp;Bat_Percent_function
</UL>

<P><STRONG><a name="[ec]"></a>vTaskStartScheduler</STRONG> (Thumb, 86 bytes, Stack size 24 bytes, tasks.o(i.vTaskStartScheduler))
<BR><BR>[Stack]<UL><LI>Max Depth = 160<LI>Call Chain = vTaskStartScheduler &rArr; xTaskCreate &rArr; pvPortMalloc &rArr; xTaskResumeAll &rArr; xTaskIncrementTick
</UL>
<BR>[Calls]<UL><LI><a href="#[16e]">&gt;&gt;</a>&nbsp;&nbsp;&nbsp;xTaskCreate
<LI><a href="#[170]">&gt;&gt;</a>&nbsp;&nbsp;&nbsp;xPortStartScheduler
</UL>
<BR>[Called By]<UL><LI><a href="#[e0]">&gt;&gt;</a>&nbsp;&nbsp;&nbsp;Bsp_Task
</UL>

<P><STRONG><a name="[16a]"></a>vTaskSuspendAll</STRONG> (Thumb, 10 bytes, Stack size 0 bytes, tasks.o(i.vTaskSuspendAll))
<BR><BR>[Called By]<UL><LI><a href="#[165]">&gt;&gt;</a>&nbsp;&nbsp;&nbsp;vPortFree
<LI><a href="#[169]">&gt;&gt;</a>&nbsp;&nbsp;&nbsp;pvPortMalloc
<LI><a href="#[9f]">&gt;&gt;</a>&nbsp;&nbsp;&nbsp;vTaskDelay
</UL>

<P><STRONG><a name="[7e]"></a>vTaskSwitchContext</STRONG> (Thumb, 82 bytes, Stack size 0 bytes, tasks.o(i.vTaskSwitchContext))
<BR><BR>[Called By]<UL><LI><a href="#[9]">&gt;&gt;</a>&nbsp;&nbsp;&nbsp;PendSV_Handler
</UL>

<P><STRONG><a name="[170]"></a>xPortStartScheduler</STRONG> (Thumb, 222 bytes, Stack size 16 bytes, include_port.o(i.xPortStartScheduler))
<BR><BR>[Stack]<UL><LI>Max Depth = 16<LI>Call Chain = xPortStartScheduler
</UL>
<BR>[Calls]<UL><LI><a href="#[171]">&gt;&gt;</a>&nbsp;&nbsp;&nbsp;vPortSetupTimerInterrupt
<LI><a href="#[172]">&gt;&gt;</a>&nbsp;&nbsp;&nbsp;__asm___14_include_port_c_39a90d8d__prvEnableVFP
<LI><a href="#[173]">&gt;&gt;</a>&nbsp;&nbsp;&nbsp;__asm___14_include_port_c_39a90d8d__prvStartFirstTask
</UL>
<BR>[Called By]<UL><LI><a href="#[ec]">&gt;&gt;</a>&nbsp;&nbsp;&nbsp;vTaskStartScheduler
</UL>

<P><STRONG><a name="[16e]"></a>xTaskCreate</STRONG> (Thumb, 86 bytes, Stack size 56 bytes, tasks.o(i.xTaskCreate))
<BR><BR>[Stack]<UL><LI>Max Depth = 136<LI>Call Chain = xTaskCreate &rArr; pvPortMalloc &rArr; xTaskResumeAll &rArr; xTaskIncrementTick
</UL>
<BR>[Calls]<UL><LI><a href="#[165]">&gt;&gt;</a>&nbsp;&nbsp;&nbsp;vPortFree
<LI><a href="#[169]">&gt;&gt;</a>&nbsp;&nbsp;&nbsp;pvPortMalloc
<LI><a href="#[166]">&gt;&gt;</a>&nbsp;&nbsp;&nbsp;prvInitialiseNewTask
<LI><a href="#[162]">&gt;&gt;</a>&nbsp;&nbsp;&nbsp;prvAddNewTaskToReadyList
</UL>
<BR>[Called By]<UL><LI><a href="#[ec]">&gt;&gt;</a>&nbsp;&nbsp;&nbsp;vTaskStartScheduler
<LI><a href="#[e9]">&gt;&gt;</a>&nbsp;&nbsp;&nbsp;setupSysStateCtrltask
<LI><a href="#[e7]">&gt;&gt;</a>&nbsp;&nbsp;&nbsp;setupPullSendCtrlTask
<LI><a href="#[e5]">&gt;&gt;</a>&nbsp;&nbsp;&nbsp;setupPortInforGetTask
<LI><a href="#[e6]">&gt;&gt;</a>&nbsp;&nbsp;&nbsp;setupNorSOSTask
<LI><a href="#[e4]">&gt;&gt;</a>&nbsp;&nbsp;&nbsp;setupMagKeyTask
<LI><a href="#[eb]">&gt;&gt;</a>&nbsp;&nbsp;&nbsp;setupErrorLedDisplaytask
<LI><a href="#[ea]">&gt;&gt;</a>&nbsp;&nbsp;&nbsp;setupBspVbatChagCtrltask
<LI><a href="#[e8]">&gt;&gt;</a>&nbsp;&nbsp;&nbsp;setupBatVolDisplaytask
<LI><a href="#[e3]">&gt;&gt;</a>&nbsp;&nbsp;&nbsp;setupBatTask
<LI><a href="#[e2]">&gt;&gt;</a>&nbsp;&nbsp;&nbsp;setupADCTask
</UL>

<P><STRONG><a name="[13e]"></a>xTaskIncrementTick</STRONG> (Thumb, 194 bytes, Stack size 24 bytes, tasks.o(i.xTaskIncrementTick))
<BR><BR>[Stack]<UL><LI>Max Depth = 24<LI>Call Chain = xTaskIncrementTick
</UL>
<BR>[Calls]<UL><LI><a href="#[160]">&gt;&gt;</a>&nbsp;&nbsp;&nbsp;vListInsertEnd
<LI><a href="#[15f]">&gt;&gt;</a>&nbsp;&nbsp;&nbsp;uxListRemove
<LI><a href="#[174]">&gt;&gt;</a>&nbsp;&nbsp;&nbsp;prvResetNextTaskUnblockTime
</UL>
<BR>[Called By]<UL><LI><a href="#[16d]">&gt;&gt;</a>&nbsp;&nbsp;&nbsp;xTaskResumeAll
<LI><a href="#[a]">&gt;&gt;</a>&nbsp;&nbsp;&nbsp;SysTick_Handler
</UL>

<P><STRONG><a name="[16d]"></a>xTaskResumeAll</STRONG> (Thumb, 182 bytes, Stack size 32 bytes, tasks.o(i.xTaskResumeAll))
<BR><BR>[Stack]<UL><LI>Max Depth = 56<LI>Call Chain = xTaskResumeAll &rArr; xTaskIncrementTick
</UL>
<BR>[Calls]<UL><LI><a href="#[160]">&gt;&gt;</a>&nbsp;&nbsp;&nbsp;vListInsertEnd
<LI><a href="#[15f]">&gt;&gt;</a>&nbsp;&nbsp;&nbsp;uxListRemove
<LI><a href="#[ed]">&gt;&gt;</a>&nbsp;&nbsp;&nbsp;vPortExitCritical
<LI><a href="#[e1]">&gt;&gt;</a>&nbsp;&nbsp;&nbsp;vPortEnterCritical
<LI><a href="#[13e]">&gt;&gt;</a>&nbsp;&nbsp;&nbsp;xTaskIncrementTick
<LI><a href="#[174]">&gt;&gt;</a>&nbsp;&nbsp;&nbsp;prvResetNextTaskUnblockTime
</UL>
<BR>[Called By]<UL><LI><a href="#[165]">&gt;&gt;</a>&nbsp;&nbsp;&nbsp;vPortFree
<LI><a href="#[169]">&gt;&gt;</a>&nbsp;&nbsp;&nbsp;pvPortMalloc
<LI><a href="#[9f]">&gt;&gt;</a>&nbsp;&nbsp;&nbsp;vTaskDelay
</UL>
<P>
<H3>
Local Symbols
</H3>
<P><STRONG><a name="[15e]"></a>prvAddCurrentTaskToDelayedList</STRONG> (Thumb, 102 bytes, Stack size 24 bytes, tasks.o(i.prvAddCurrentTaskToDelayedList))
<BR><BR>[Stack]<UL><LI>Max Depth = 36<LI>Call Chain = prvAddCurrentTaskToDelayedList &rArr; vListInsert
</UL>
<BR>[Calls]<UL><LI><a href="#[160]">&gt;&gt;</a>&nbsp;&nbsp;&nbsp;vListInsertEnd
<LI><a href="#[161]">&gt;&gt;</a>&nbsp;&nbsp;&nbsp;vListInsert
<LI><a href="#[15f]">&gt;&gt;</a>&nbsp;&nbsp;&nbsp;uxListRemove
</UL>
<BR>[Called By]<UL><LI><a href="#[9f]">&gt;&gt;</a>&nbsp;&nbsp;&nbsp;vTaskDelay
</UL>

<P><STRONG><a name="[162]"></a>prvAddNewTaskToReadyList</STRONG> (Thumb, 194 bytes, Stack size 24 bytes, tasks.o(i.prvAddNewTaskToReadyList))
<BR><BR>[Stack]<UL><LI>Max Depth = 24<LI>Call Chain = prvAddNewTaskToReadyList
</UL>
<BR>[Calls]<UL><LI><a href="#[160]">&gt;&gt;</a>&nbsp;&nbsp;&nbsp;vListInsertEnd
<LI><a href="#[163]">&gt;&gt;</a>&nbsp;&nbsp;&nbsp;vListInitialise
<LI><a href="#[ed]">&gt;&gt;</a>&nbsp;&nbsp;&nbsp;vPortExitCritical
<LI><a href="#[e1]">&gt;&gt;</a>&nbsp;&nbsp;&nbsp;vPortEnterCritical
</UL>
<BR>[Called By]<UL><LI><a href="#[16e]">&gt;&gt;</a>&nbsp;&nbsp;&nbsp;xTaskCreate
</UL>

<P><STRONG><a name="[164]"></a>prvDeleteTCB</STRONG> (Thumb, 20 bytes, Stack size 8 bytes, tasks.o(i.prvDeleteTCB))
<BR><BR>[Stack]<UL><LI>Max Depth = 80<LI>Call Chain = prvDeleteTCB &rArr; vPortFree &rArr; xTaskResumeAll &rArr; xTaskIncrementTick
</UL>
<BR>[Calls]<UL><LI><a href="#[165]">&gt;&gt;</a>&nbsp;&nbsp;&nbsp;vPortFree
</UL>
<BR>[Called By]<UL><LI><a href="#[7b]">&gt;&gt;</a>&nbsp;&nbsp;&nbsp;prvIdleTask
</UL>

<P><STRONG><a name="[7b]"></a>prvIdleTask</STRONG> (Thumb, 82 bytes, Stack size 0 bytes, tasks.o(i.prvIdleTask))
<BR><BR>[Stack]<UL><LI>Max Depth = 80<LI>Call Chain = prvIdleTask &rArr; prvDeleteTCB &rArr; vPortFree &rArr; xTaskResumeAll &rArr; xTaskIncrementTick
</UL>
<BR>[Calls]<UL><LI><a href="#[15f]">&gt;&gt;</a>&nbsp;&nbsp;&nbsp;uxListRemove
<LI><a href="#[ed]">&gt;&gt;</a>&nbsp;&nbsp;&nbsp;vPortExitCritical
<LI><a href="#[e1]">&gt;&gt;</a>&nbsp;&nbsp;&nbsp;vPortEnterCritical
<LI><a href="#[164]">&gt;&gt;</a>&nbsp;&nbsp;&nbsp;prvDeleteTCB
</UL>
<BR>[Address Reference Count : 1]<UL><LI> tasks.o(i.vTaskStartScheduler)
</UL>
<P><STRONG><a name="[166]"></a>prvInitialiseNewTask</STRONG> (Thumb, 148 bytes, Stack size 32 bytes, tasks.o(i.prvInitialiseNewTask))
<BR><BR>[Stack]<UL><LI>Max Depth = 40<LI>Call Chain = prvInitialiseNewTask &rArr; pxPortInitialiseStack
</UL>
<BR>[Calls]<UL><LI><a href="#[167]">&gt;&gt;</a>&nbsp;&nbsp;&nbsp;vListInitialiseItem
<LI><a href="#[168]">&gt;&gt;</a>&nbsp;&nbsp;&nbsp;pxPortInitialiseStack
</UL>
<BR>[Called By]<UL><LI><a href="#[16e]">&gt;&gt;</a>&nbsp;&nbsp;&nbsp;xTaskCreate
</UL>

<P><STRONG><a name="[174]"></a>prvResetNextTaskUnblockTime</STRONG> (Thumb, 24 bytes, Stack size 0 bytes, tasks.o(i.prvResetNextTaskUnblockTime))
<BR><BR>[Called By]<UL><LI><a href="#[16d]">&gt;&gt;</a>&nbsp;&nbsp;&nbsp;xTaskResumeAll
<LI><a href="#[13e]">&gt;&gt;</a>&nbsp;&nbsp;&nbsp;xTaskIncrementTick
</UL>

<P><STRONG><a name="[16b]"></a>prvHeapInit</STRONG> (Thumb, 66 bytes, Stack size 0 bytes, heap_4.o(i.prvHeapInit))
<BR><BR>[Called By]<UL><LI><a href="#[169]">&gt;&gt;</a>&nbsp;&nbsp;&nbsp;pvPortMalloc
</UL>

<P><STRONG><a name="[16c]"></a>prvInsertBlockIntoFreeList</STRONG> (Thumb, 72 bytes, Stack size 12 bytes, heap_4.o(i.prvInsertBlockIntoFreeList))
<BR><BR>[Stack]<UL><LI>Max Depth = 12<LI>Call Chain = prvInsertBlockIntoFreeList
</UL>
<BR>[Called By]<UL><LI><a href="#[165]">&gt;&gt;</a>&nbsp;&nbsp;&nbsp;vPortFree
<LI><a href="#[169]">&gt;&gt;</a>&nbsp;&nbsp;&nbsp;pvPortMalloc
</UL>

<P><STRONG><a name="[70]"></a>prvTaskExitError</STRONG> (Thumb, 36 bytes, Stack size 0 bytes, include_port.o(i.prvTaskExitError))
<BR>[Address Reference Count : 1]<UL><LI> include_port.o(i.pxPortInitialiseStack)
</UL>
<P><STRONG><a name="[149]"></a>_fp_digits</STRONG> (Thumb, 366 bytes, Stack size 64 bytes, printfa.o(i._fp_digits), UNUSED)
<BR><BR>[Calls]<UL><LI><a href="#[9d]">&gt;&gt;</a>&nbsp;&nbsp;&nbsp;__aeabi_cdrcmple
<LI><a href="#[8d]">&gt;&gt;</a>&nbsp;&nbsp;&nbsp;__aeabi_dmul
<LI><a href="#[8e]">&gt;&gt;</a>&nbsp;&nbsp;&nbsp;__aeabi_ddiv
<LI><a href="#[87]">&gt;&gt;</a>&nbsp;&nbsp;&nbsp;__aeabi_dadd
<LI><a href="#[7f]">&gt;&gt;</a>&nbsp;&nbsp;&nbsp;__aeabi_uldivmod
<LI><a href="#[93]">&gt;&gt;</a>&nbsp;&nbsp;&nbsp;__aeabi_d2ulz
</UL>
<BR>[Called By]<UL><LI><a href="#[147]">&gt;&gt;</a>&nbsp;&nbsp;&nbsp;_printf_core
</UL>

<P><STRONG><a name="[147]"></a>_printf_core</STRONG> (Thumb, 1744 bytes, Stack size 136 bytes, printfa.o(i._printf_core), UNUSED)
<BR><BR>[Calls]<UL><LI><a href="#[7f]">&gt;&gt;</a>&nbsp;&nbsp;&nbsp;__aeabi_uldivmod
<LI><a href="#[14c]">&gt;&gt;</a>&nbsp;&nbsp;&nbsp;__aeabi_uidivmod
<LI><a href="#[14a]">&gt;&gt;</a>&nbsp;&nbsp;&nbsp;_printf_pre_padding
<LI><a href="#[14b]">&gt;&gt;</a>&nbsp;&nbsp;&nbsp;_printf_post_padding
<LI><a href="#[149]">&gt;&gt;</a>&nbsp;&nbsp;&nbsp;_fp_digits
</UL>
<BR>[Called By]<UL><LI><a href="#[148]">&gt;&gt;</a>&nbsp;&nbsp;&nbsp;__0sprintf
<LI><a href="#[146]">&gt;&gt;</a>&nbsp;&nbsp;&nbsp;__0printf
</UL>

<P><STRONG><a name="[14b]"></a>_printf_post_padding</STRONG> (Thumb, 36 bytes, Stack size 24 bytes, printfa.o(i._printf_post_padding), UNUSED)
<BR><BR>[Called By]<UL><LI><a href="#[147]">&gt;&gt;</a>&nbsp;&nbsp;&nbsp;_printf_core
</UL>

<P><STRONG><a name="[14a]"></a>_printf_pre_padding</STRONG> (Thumb, 46 bytes, Stack size 24 bytes, printfa.o(i._printf_pre_padding), UNUSED)
<BR><BR>[Called By]<UL><LI><a href="#[147]">&gt;&gt;</a>&nbsp;&nbsp;&nbsp;_printf_core
</UL>

<P><STRONG><a name="[6f]"></a>_sputc</STRONG> (Thumb, 10 bytes, Stack size 0 bytes, printfa.o(i._sputc))
<BR><BR>[Called By]<UL><LI><a href="#[148]">&gt;&gt;</a>&nbsp;&nbsp;&nbsp;__0sprintf
</UL>
<BR>[Address Reference Count : 1]<UL><LI> printfa.o(i.__0sprintf)
</UL><P>
<H3>
Undefined Global Symbols
</H3><HR></body></html>
