Component: ARM Compiler 5.06 update 6 (build 750) Tool: armlink [4d35ed]

==============================================================================

Section Cross References

    api_common.o(i.TimeTurn) refers to mktime.o(.text) for mktime
    api_common.o(i.print_multi_hex_16) refers to printfa.o(i.__0printf) for __2printf
    api_common.o(i.print_multi_hex_32) refers to printfa.o(i.__0printf) for __2printf
    api_common.o(i.print_multi_hex_8) refers to printfa.o(i.__0printf) for __2printf
    api_common.o(i.print_single_hex_16) refers to printfa.o(i.__0printf) for __2printf
    api_common.o(i.print_single_hex_32) refers to printfa.o(i.__0printf) for __2printf
    api_common.o(i.print_single_hex_8) refers to printfa.o(i.__0printf) for __2printf
    api_fifo.o(i.lm_fifo_add_node_impolite) refers to api_fifo.o(i.lm_fifo_is_full) for lm_fifo_is_full
    api_fifo.o(i.lm_fifo_add_node_impolite) refers to api_fifo.o(i.lm_fifo_delete_node_for_ISR) for lm_fifo_delete_node_for_ISR
    api_fifo.o(i.lm_fifo_add_node_impolite) refers to memcpya.o(.text) for __aeabi_memcpy
    api_fifo.o(i.lm_fifo_init) refers to memseta.o(.text) for __aeabi_memclr
    system_at32f435_437.o(i.system_core_clock_update) refers to at32f435_437_crm.o(i.crm_sysclk_switch_status_get) for crm_sysclk_switch_status_get
    system_at32f435_437.o(i.system_core_clock_update) refers to uldiv.o(.text) for __aeabi_uldivmod
    system_at32f435_437.o(i.system_core_clock_update) refers to system_at32f435_437.o(.data) for .data
    system_at32f435_437.o(i.system_core_clock_update) refers to system_at32f435_437.o(.constdata) for .constdata
    startup_at32f435_437.o(RESET) refers to startup_at32f435_437.o(STACK) for __initial_sp
    startup_at32f435_437.o(RESET) refers to startup_at32f435_437.o(.text) for Reset_Handler
    startup_at32f435_437.o(RESET) refers to sys_timerun.o(i.SysTick_Handler) for SysTick_Handler
    startup_at32f435_437.o(RESET) refers to hal_keyled.o(i.EXINT0_IRQHandler) for EXINT0_IRQHandler
    startup_at32f435_437.o(RESET) refers to hal_keyled.o(i.EXINT1_IRQHandler) for EXINT1_IRQHandler
    startup_at32f435_437.o(RESET) refers to hal_keyled.o(i.EXINT9_5_IRQHandler) for EXINT9_5_IRQHandler
    startup_at32f435_437.o(RESET) refers to bsp_uartrec.o(i.USART1_IRQHandler) for USART1_IRQHandler
    startup_at32f435_437.o(RESET) refers to bsp_uartrec.o(i.USART2_IRQHandler) for USART2_IRQHandler
    startup_at32f435_437.o(RESET) refers to bsp_uartrec.o(i.USART3_IRQHandler) for USART3_IRQHandler
    startup_at32f435_437.o(RESET) refers to hal_sleep.o(i.ERTCAlarm_IRQHandler) for ERTCAlarm_IRQHandler
    startup_at32f435_437.o(RESET) refers to hal_sleep.o(i.TMR5_GLOBAL_IRQHandler) for TMR5_GLOBAL_IRQHandler
    startup_at32f435_437.o(RESET) refers to bsp_uartrec.o(i.UART4_IRQHandler) for UART4_IRQHandler
    startup_at32f435_437.o(.text) refers to system_at32f435_437.o(i.SystemInit) for SystemInit
    startup_at32f435_437.o(.text) refers to entry.o(.ARM.Collect$$$$00000000) for __main
    at32f435_437_adc.o(i.adc_reset) refers to at32f435_437_crm.o(i.crm_periph_reset) for crm_periph_reset
    at32f435_437_crm.o(i.crm_clocks_freq_get) refers to at32f435_437_crm.o(i.crm_sysclk_switch_status_get) for crm_sysclk_switch_status_get
    at32f435_437_crm.o(i.crm_clocks_freq_get) refers to uldiv.o(.text) for __aeabi_uldivmod
    at32f435_437_crm.o(i.crm_clocks_freq_get) refers to at32f435_437_crm.o(.constdata) for .constdata
    at32f435_437_crm.o(i.crm_hext_stable_wait) refers to at32f435_437_crm.o(i.crm_flag_get) for crm_flag_get
    at32f435_437_crm.o(i.crm_hick_sclk_frequency_select) refers to at32f435_437_crm.o(i.crm_hick_divider_select) for crm_hick_divider_select
    at32f435_437_crm.o(i.crm_usb_clock_source_select) refers to at32f435_437_crm.o(i.crm_hick_sclk_frequency_select) for crm_hick_sclk_frequency_select
    at32f435_437_ertc.o(i.ertc_alarm_enable) refers to at32f435_437_ertc.o(i.ertc_write_protect_disable) for ertc_write_protect_disable
    at32f435_437_ertc.o(i.ertc_alarm_enable) refers to at32f435_437_ertc.o(i.ertc_wait_flag) for ertc_wait_flag
    at32f435_437_ertc.o(i.ertc_alarm_get) refers to at32f435_437_ertc.o(i.ertc_bcd_to_num) for ertc_bcd_to_num
    at32f435_437_ertc.o(i.ertc_alarm_mask_set) refers to at32f435_437_ertc.o(i.ertc_write_protect_disable) for ertc_write_protect_disable
    at32f435_437_ertc.o(i.ertc_alarm_set) refers to at32f435_437_ertc.o(i.ertc_num_to_bcd) for ertc_num_to_bcd
    at32f435_437_ertc.o(i.ertc_alarm_set) refers to at32f435_437_ertc.o(i.ertc_write_protect_disable) for ertc_write_protect_disable
    at32f435_437_ertc.o(i.ertc_alarm_sub_second_set) refers to at32f435_437_ertc.o(i.ertc_write_protect_disable) for ertc_write_protect_disable
    at32f435_437_ertc.o(i.ertc_alarm_week_date_select) refers to at32f435_437_ertc.o(i.ertc_write_protect_disable) for ertc_write_protect_disable
[...]
    I2C1_ERR_IRQHandler                      0x0800423b   Thumb Code     0  startup_at32f435_437.o(.text)
    I2C1_EVT_IRQHandler                      0x0800423b   Thumb Code     0  startup_at32f435_437.o(.text)
    I2C2_ERR_IRQHandler                      0x0800423b   Thumb Code     0  startup_at32f435_437.o(.text)
    I2C2_EVT_IRQHandler                      0x0800423b   Thumb Code     0  startup_at32f435_437.o(.text)
    I2C3_ERR_IRQHandler                      0x0800423b   Thumb Code     0  startup_at32f435_437.o(.text)
    I2C3_EVT_IRQHandler                      0x0800423b   Thumb Code     0  startup_at32f435_437.o(.text)
    OTGFS1_IRQHandler                        0x0800423b   Thumb Code     0  startup_at32f435_437.o(.text)
    OTGFS1_WKUP_IRQHandler                   0x0800423b   Thumb Code     0  startup_at32f435_437.o(.text)
    OTGFS2_IRQHandler                        0x0800423b   Thumb Code     0  startup_at32f435_437.o(.text)
    OTGFS2_WKUP_IRQHandler                   0x0800423b   Thumb Code     0  startup_at32f435_437.o(.text)
    PVM_IRQHandler                           0x0800423b   Thumb Code     0  startup_at32f435_437.o(.text)
    QSPI1_IRQHandler                         0x0800423b   Thumb Code     0  startup_at32f435_437.o(.text)
    QSPI2_IRQHandler                         0x0800423b   Thumb Code     0  startup_at32f435_437.o(.text)
    SDIO1_IRQHandler                         0x0800423b   Thumb Code     0  startup_at32f435_437.o(.text)
    SDIO2_IRQHandler                         0x0800423b   Thumb Code     0  startup_at32f435_437.o(.text)
    SPI1_IRQHandler                          0x0800423b   Thumb Code     0  startup_at32f435_437.o(.text)
    SPI2_I2S2EXT_IRQHandler                  0x0800423b   Thumb Code     0  startup_at32f435_437.o(.text)
    SPI3_I2S3EXT_IRQHandler                  0x0800423b   Thumb Code     0  startup_at32f435_437.o(.text)
    SPI4_IRQHandler                          0x0800423b   Thumb Code     0  startup_at32f435_437.o(.text)
    TAMP_STAMP_IRQHandler                    0x0800423b   Thumb Code     0  startup_at32f435_437.o(.text)
    TMR1_BRK_TMR9_IRQHandler                 0x0800423b   Thumb Code     0  startup_at32f435_437.o(.text)
    TMR1_CH_IRQHandler                       0x0800423b   Thumb Code     0  startup_at32f435_437.o(.text)
    TMR1_OVF_TMR10_IRQHandler                0x0800423b   Thumb Code     0  startup_at32f435_437.o(.text)
    TMR1_TRG_HALL_TMR11_IRQHandler           0x0800423b   Thumb Code     0  startup_at32f435_437.o(.text)
    TMR20_BRK_IRQHandler                     0x0800423b   Thumb Code     0  startup_at32f435_437.o(.text)
    TMR20_CH_IRQHandler                      0x0800423b   Thumb Code     0  startup_at32f435_437.o(.text)
    TMR20_OVF_IRQHandler                     0x0800423b   Thumb Code     0  startup_at32f435_437.o(.text)
    TMR20_TRG_HALL_IRQHandler                0x0800423b   Thumb Code     0  startup_at32f435_437.o(.text)
    TMR2_GLOBAL_IRQHandler                   0x0800423b   Thumb Code     0  startup_at32f435_437.o(.text)
    TMR3_GLOBAL_IRQHandler                   0x0800423b   Thumb Code     0  startup_at32f435_437.o(.text)
    TMR4_GLOBAL_IRQHandler                   0x0800423b   Thumb Code     0  startup_at32f435_437.o(.text)
    TMR6_DAC_GLOBAL_IRQHandler               0x0800423b   Thumb Code     0  startup_at32f435_437.o(.text)
    TMR7_GLOBAL_IRQHandler                   0x0800423b   Thumb Code     0  startup_at32f435_437.o(.text)
    TMR8_BRK_TMR12_IRQHandler                0x0800423b   Thumb Code     0  startup_at32f435_437.o(.text)
    TMR8_CH_IRQHandler                       0x0800423b   Thumb Code     0  startup_at32f435_437.o(.text)
    TMR8_OVF_TMR13_IRQHandler                0x0800423b   Thumb Code     0  startup_at32f435_437.o(.text)
    TMR8_TRG_HALL_TMR14_IRQHandler           0x0800423b   Thumb Code     0  startup_at32f435_437.o(.text)
    UART5_IRQHandler                         0x0800423b   Thumb Code     0  startup_at32f435_437.o(.text)
    UART7_IRQHandler                         0x0800423b   Thumb Code     0  startup_at32f435_437.o(.text)
    UART8_IRQHandler                         0x0800423b   Thumb Code     0  startup_at32f435_437.o(.text)
    USART6_IRQHandler                        0x0800423b   Thumb Code     0  startup_at32f435_437.o(.text)
    WWDT_IRQHandler                          0x0800423b   Thumb Code     0  startup_at32f435_437.o(.text)
    XMC_IRQHandler                           0x0800423b   Thumb Code     0  startup_at32f435_437.o(.text)
    __aeabi_uldivmod                         0x08004245   Thumb Code    98  uldiv.o(.text)
    mktime                                   0x080042a9   Thumb Code   150  mktime.o(.text)
    __aeabi_memcpy                           0x08004351   Thumb Code    36  memcpya.o(.text)
    __aeabi_memcpy4                          0x08004351   Thumb Code     0  memcpya.o(.text)
    __aeabi_memcpy8                          0x08004351   Thumb Code     0  memcpya.o(.text)
    __aeabi_memset                           0x08004375   Thumb Code    14  memseta.o(.text)
    __aeabi_memset4                          0x08004375   Thumb Code     0  memseta.o(.text)
    __aeabi_memset8                          0x08004375   Thumb Code     0  memseta.o(.text)
    __aeabi_memclr                           0x08004383   Thumb Code     4  memseta.o(.text)
    __aeabi_memclr4                          0x08004383   Thumb Code     0  memseta.o(.text)
    __aeabi_memclr8                          0x08004383   Thumb Code     0  memseta.o(.text)
    _memset$wrapper                          0x08004387   Thumb Code    18  memseta.o(.text)
    strlen                                   0x08004399   Thumb Code    14  strlen.o(.text)
    memcmp                                   0x080043a7   Thumb Code    26  memcmp.o(.text)
    __0sscanf                                0x080043c1   Thumb Code    48  __0sscanf.o(.text)
    _scanf_int                               0x080043f9   Thumb Code   332  _scanf_int.o(.text)
    __aeabi_dadd                             0x08004545   Thumb Code   322  dadd.o(.text)
    __aeabi_dsub                             0x08004687   Thumb Code     6  dadd.o(.text)
    __aeabi_drsub                            0x0800468d   Thumb Code     6  dadd.o(.text)
    __aeabi_dmul                             0x08004693   Thumb Code   228  dmul.o(.text)
    __aeabi_ddiv                             0x08004777   Thumb Code   222  ddiv.o(.text)
    __aeabi_ui2d                             0x08004855   Thumb Code    26  dfltui.o(.text)
    __aeabi_d2uiz                            0x0800486f   Thumb Code    50  dfixui.o(.text)
    __aeabi_f2d                              0x080048a1   Thumb Code    38  f2d.o(.text)
    __aeabi_cdcmpeq                          0x080048c9   Thumb Code     0  cdcmple.o(.text)
    __aeabi_cdcmple                          0x080048c9   Thumb Code    48  cdcmple.o(.text)
    __aeabi_cdrcmple                         0x080048f9   Thumb Code    48  cdrcmple.o(.text)
    __aeabi_d2f                              0x08004929   Thumb Code    56  d2f.o(.text)
    __aeabi_uidiv                            0x08004961   Thumb Code     0  uidiv.o(.text)
    __aeabi_uidivmod                         0x08004961   Thumb Code    44  uidiv.o(.text)
    __aeabi_llsl                             0x0800498d   Thumb Code    30  llshl.o(.text)
    _ll_shift_l                              0x0800498d   Thumb Code     0  llshl.o(.text)
    __aeabi_llsr                             0x080049ab   Thumb Code    32  llushr.o(.text)
    _ll_ushift_r                             0x080049ab   Thumb Code     0  llushr.o(.text)
    __aeabi_lasr                             0x080049cb   Thumb Code    36  llsshr.o(.text)
    _ll_sshift_r                             0x080049cb   Thumb Code     0  llsshr.o(.text)
    _localtime                               0x080049f1   Thumb Code   134  localtime_i.o(.text)
    _chval                                   0x08004a7d   Thumb Code    28  _chval.o(.text)
    __vfscanf_char                           0x08004aa5   Thumb Code    20  scanf_char.o(.text)
    _sgetc                                   0x08004ac1   Thumb Code    30  _sgetc.o(.text)
    _sbackspace                              0x08004adf   Thumb Code    34  _sgetc.o(.text)
    __strtod_int                             0x08004b37   Thumb Code    90  strtod.o(.text)
    __I$use$fp                               0x08004b9d   Thumb Code     0  iusefp.o(.text)
    _float_round                             0x08004b9d   Thumb Code    18  fepilogue.o(.text)
    _float_epilogue                          0x08004baf   Thumb Code    92  fepilogue.o(.text)
    _double_round                            0x08004c0b   Thumb Code    30  depilogue.o(.text)
    _double_epilogue                         0x08004c29   Thumb Code   156  depilogue.o(.text)
    _dsqrt                                   0x08004cc5   Thumb Code   162  dsqrt.o(.text)
    __aeabi_d2ulz                            0x08004d67   Thumb Code    48  dfixul.o(.text)
    __scatterload                            0x08004d99   Thumb Code    28  init.o(.text)
    __scatterload_rt2                        0x08004d99   Thumb Code     0  init.o(.text)
    isspace                                  0x08004dbd   Thumb Code    10  isspace_c.o(.text)
    __vfscanf                                0x08004dc9   Thumb Code   808  _scanf.o(.text)
    _scanf_real                              0x0800521d   Thumb Code     0  scanf_fp.o(.text)
    _scanf_really_real                       0x0800521d   Thumb Code   556  scanf_fp.o(.text)
    __aeabi_i2d                              0x08005455   Thumb Code    34  dflti.o(.text)
    __aeabi_d2iz                             0x08005477   Thumb Code    62  dfixi.o(.text)
    __ctype_lookup                           0x080054b5   Thumb Code    34  ctype_c.o(.text)
    __aeabi_ul2d                             0x080054dd   Thumb Code    24  dfltul.o(.text)
    ADConvert                                0x080054f5   Thumb Code    98  bsp_batvol.o(i.ADConvert)
    API_Check_Xor                            0x08005561   Thumb Code    24  bsp_rdsssend.o(i.API_Check_Xor)
    API_Funftoa                              0x08005579   Thumb Code   264  bsp_rdsssend.o(i.API_Funftoa)
    API_Hex8_To_String                       0x080056a1   Thumb Code    44  bsp_rdsssend.o(i.API_Hex8_To_String)
    Api_Acc_Speed                            0x080056cd   Thumb Code     8  bsp_gnssparse.o(i.Api_Acc_Speed)
    Api_Loca_Distance                        0x080056d5   Thumb Code   282  bsp_gnssparse.o(i.Api_Loca_Distance)
    Api_Location_Data_Turn                   0x08005811   Thumb Code   108  bsp_gnssparse.o(i.Api_Location_Data_Turn)
    Arithmetic_Average                       0x08005891   Thumb Code    50  bsp_batvol.o(i.Arithmetic_Average)
    Bps_Start_Always_Updata_BatVol_Percent   0x080058c5   Thumb Code    10  bsp_batvol.o(i.Bps_Start_Always_Updata_BatVol_Percent)
    Bps_Start_Once_Time_Updata_BatVol_Percent 0x080058d5   Thumb Code    16  bsp_batvol.o(i.Bps_Start_Once_Time_Updata_BatVol_Percent)
    Bsp_Add_Loca_Queue                       0x080058e9   Thumb Code  1576  bsp_rdsssend.o(i.Bsp_Add_Loca_Queue)
    Bsp_BDS_Data_Send                        0x08005f11   Thumb Code    60  bsp_rdsssend.o(i.Bsp_BDS_Data_Send)
    Bsp_Bat_Vol_Display                      0x08005f5d   Thumb Code    98  bsp_keyled.o(i.Bsp_Bat_Vol_Display)
    Bsp_Error_Led_Display                    0x08005fc5   Thumb Code    24  bsp_keyled.o(i.Bsp_Error_Led_Display)
    Bsp_Float_to_Buf                         0x08005fe1   Thumb Code    10  bsp_rdsssend.o(i.Bsp_Float_to_Buf)
    Bsp_GNSS_Data_Deal                       0x08005ff5   Thumb Code   524  bsp_gnssparse.o(i.Bsp_GNSS_Data_Deal)
    Bsp_GNSS_Data_Parse_String               0x08006211   Thumb Code   108  bsp_gnssparse.o(i.Bsp_GNSS_Data_Parse_String)
    Bsp_GNSS_Init                            0x080062b1   Thumb Code    14  bsp_gnssparse.o(i.Bsp_GNSS_Init)
    Bsp_GNSS_Parse_Init                      0x080062c1   Thumb Code    32  bsp_gnssparse.o(i.Bsp_GNSS_Parse_Init)
    Bsp_GNSS_Split_Data_Init                 0x080062e9   Thumb Code    52  bsp_gnssparse.o(i.Bsp_GNSS_Split_Data_Init)
    Bsp_Get_BatPercent                       0x08006325   Thumb Code     6  bsp_batvol.o(i.Bsp_Get_BatPercent)
    Bsp_Get_CardID                           0x08006331   Thumb Code    16  bsp_config.o(i.Bsp_Get_CardID)
    Bsp_Get_Location                         0x08006345   Thumb Code   190  bsp_gnssparse.o(i.Bsp_Get_Location)
    Bsp_Get_Pow_State                        0x08006485   Thumb Code     6  bsp_keyled.o(i.Bsp_Get_Pow_State)
    Bsp_Get_SloarVol                         0x08006491   Thumb Code    30  bsp_batvol.o(i.Bsp_Get_SloarVol)
    Bsp_Get_SloarVolFloat                    0x080064bd   Thumb Code    32  bsp_batvol.o(i.Bsp_Get_SloarVolFloat)
    Bsp_Get_Sys_State                        0x080064e9   Thumb Code     6  bsp_keyled.o(i.Bsp_Get_Sys_State)
    Bsp_Get_Temp                             0x080064f5   Thumb Code    76  bsp_batvol.o(i.Bsp_Get_Temp)
    Bsp_Get_Updata_Bat_Voltage_Once_State    0x0800656d   Thumb Code     6  bsp_batvol.o(i.Bsp_Get_Updata_Bat_Voltage_Once_State)
    Bsp_Gnss_Data_Check                      0x08006579   Thumb Code    90  bsp_gnssparse.o(i.Bsp_Gnss_Data_Check)
    Bsp_Gnss_Loca_If_Vaild                   0x080065e1   Thumb Code    24  bsp_gnssparse.o(i.Bsp_Gnss_Loca_If_Vaild)
    Bsp_Gnss_Parse_Byte                      0x080065fd   Thumb Code    72  bsp_gnssparse.o(i.Bsp_Gnss_Parse_Byte)
    Bsp_Gnss_RMC_Data_Split                  0x08006649   Thumb Code   366  bsp_gnssparse.o(i.Bsp_Gnss_RMC_Data_Split)
    Bsp_MagKey_Scan                          0x080067bd   Thumb Code    76  bsp_keyled.o(i.Bsp_MagKey_Scan)
    Bsp_Nor_SOS_SendCtrl                     0x0800682d   Thumb Code   406  bsp_rdsssend.o(i.Bsp_Nor_SOS_SendCtrl)
    Bsp_Port_InforGet_Ctrl                   0x08006b0d   Thumb Code   166  bsp_config.o(i.Bsp_Port_InforGet_Ctrl)
    Bsp_Port_Parse_Byte                      0x08006bbd   Thumb Code   104  bsp_config.o(i.Bsp_Port_Parse_Byte)
    Bsp_Pull_SendCtrl                        0x08006c29   Thumb Code   372  bsp_rdsssend.o(i.Bsp_Pull_SendCtrl)
    Bsp_RDSS_Data_Parse_String               0x08006e7d   Thumb Code   132  bsp_rdssparse.o(i.Bsp_RDSS_Data_Parse_String)
    Bsp_RDSS_Init                            0x08006f65   Thumb Code    14  bsp_rdssparse.o(i.Bsp_RDSS_Init)
    Bsp_RDSS_Parse_Init                      0x08006f75   Thumb Code    34  bsp_rdssparse.o(i.Bsp_RDSS_Parse_Init)
    Bsp_RDSS_Split_Data_Init                 0x08006f9d   Thumb Code     8  bsp_rdssparse.o(i.Bsp_RDSS_Split_Data_Init)
    Bsp_Rdss_Data_Check                      0x08006fa9   Thumb Code    90  bsp_rdssparse.o(i.Bsp_Rdss_Data_Check)
    Bsp_Rdss_ICP_Data_Split                  0x08007011   Thumb Code   158  bsp_rdssparse.o(i.Bsp_Rdss_ICP_Data_Split)
    Bsp_Rdss_PWI_Data_Split                  0x080070d5   Thumb Code   398  bsp_rdssparse.o(i.Bsp_Rdss_PWI_Data_Split)
    Bsp_Rdss_Parse_Byte                      0x08007269   Thumb Code    72  bsp_rdssparse.o(i.Bsp_Rdss_Parse_Byte)
    Bsp_Rdss_Signal_Is_Ok                    0x080072b5   Thumb Code    16  bsp_rdssparse.o(i.Bsp_Rdss_Signal_Is_Ok)
    Bsp_Rdss_Signal_Valid                    0x080072c9   Thumb Code    68  bsp_rdssparse.o(i.Bsp_Rdss_Signal_Valid)
    Bsp_Rdss_Tx_CCICR                        0x08007319   Thumb Code    26  bsp_rdsssend.o(i.Bsp_Rdss_Tx_CCICR)
    Bsp_Rdss_Tx_CCTCQ                        0x08007349   Thumb Code   348  bsp_rdsssend.o(i.Bsp_Rdss_Tx_CCTCQ)
    Bsp_Read_ID                              0x080074d5   Thumb Code     6  bsp_config.o(i.Bsp_Read_ID)
    Bsp_Receive_Uart1_Fifo_Data              0x080074e1   Thumb Code    32  bsp_uartrec.o(i.Bsp_Receive_Uart1_Fifo_Data)
    Bsp_Receive_Uart2_Fifo_Data              0x08007505   Thumb Code    24  bsp_uartrec.o(i.Bsp_Receive_Uart2_Fifo_Data)
    Bsp_Receive_Uart3_Fifo_Data              0x08007521   Thumb Code    32  bsp_uartrec.o(i.Bsp_Receive_Uart3_Fifo_Data)
    Bsp_Receive_Uart4_Fifo_Data              0x08007545   Thumb Code    32  bsp_uartrec.o(i.Bsp_Receive_Uart4_Fifo_Data)
    Bsp_Send_Get_CardID                      0x08007569   Thumb Code    22  bsp_rdsssend.o(i.Bsp_Send_Get_CardID)
    Bsp_Start_Move_Mode                      0x08007585   Thumb Code    54  bsp_rdsssend.o(i.Bsp_Start_Move_Mode)
    Bsp_Start_Normal_Mode                    0x080075c5   Thumb Code    54  bsp_rdsssend.o(i.Bsp_Start_Normal_Mode)
    Bsp_Start_PULL_Mode                      0x08007605   Thumb Code    54  bsp_rdsssend.o(i.Bsp_Start_PULL_Mode)
    Bsp_Start_SOS_Mode                       0x08007645   Thumb Code    54  bsp_rdsssend.o(i.Bsp_Start_SOS_Mode)
    Bsp_Sys_State_Ctrl                       0x08007685   Thumb Code   228  bsp_keyled.o(i.Bsp_Sys_State_Ctrl)
    Bsp_Uart_Fifo_Init                       0x08007781   Thumb Code    66  bsp_uartrec.o(i.Bsp_Uart_Fifo_Init)
    Bsp_Updata_Bat_Percent                   0x080077d5   Thumb Code   138  bsp_batvol.o(i.Bsp_Updata_Bat_Percent)
    Bsp_Vbat_Chag_Ctrl                       0x08007875   Thumb Code   244  bsp_keyled.o(i.Bsp_Vbat_Chag_Ctrl)
    Bsp_Write_Boot_Flag                      0x0800796d   Thumb Code     8  bsp_config.o(i.Bsp_Write_Boot_Flag)
    Bsp_Write_ID                             0x0800797d   Thumb Code     8  bsp_config.o(i.Bsp_Write_ID)
    ERTCAlarm_IRQHandler                     0x08007989   Thumb Code    34  hal_sleep.o(i.ERTCAlarm_IRQHandler)
    EXINT0_IRQHandler                        0x080079ab   Thumb Code    24  hal_keyled.o(i.EXINT0_IRQHandler)
    EXINT1_IRQHandler                        0x080079c3   Thumb Code    24  hal_keyled.o(i.EXINT1_IRQHandler)
    EXINT9_5_IRQHandler                      0x080079db   Thumb Code    24  hal_keyled.o(i.EXINT9_5_IRQHandler)
    Fun_Bsp_Init                             0x080079f3   Thumb Code     4  bsp_init.o(i.Fun_Bsp_Init)
    Fundtoa                                  0x080079f9   Thumb Code    40  api_common.o(i.Fundtoa)
    Gnss_Check_Xor                           0x08007a21   Thumb Code    24  bsp_gnssparse.o(i.Gnss_Check_Xor)
    Hal_ADC_Deinit                           0x08007a39   Thumb Code    22  hal_powmanage.o(i.Hal_ADC_Deinit)
    Hal_BatVol_Init                          0x08007a59   Thumb Code   208  hal_powmanage.o(i.Hal_BatVol_Init)
    Hal_Bat_Led_Display_Enable               0x08007b39   Thumb Code    62  hal_keyled.o(i.Hal_Bat_Led_Display_Enable)
    Hal_Bat_Led_Heartbeat                    0x08007b81   Thumb Code    34  hal_keyled.o(i.Hal_Bat_Led_Heartbeat)
    Hal_Charge_Init                          0x08007ba5   Thumb Code    90  hal_powmanage.o(i.Hal_Charge_Init)
    Hal_Error_Led_Display_Enable             0x08007c05   Thumb Code    54  hal_keyled.o(i.Hal_Error_Led_Display_Enable)
    Hal_Falsh_Jump                           0x08007c41   Thumb Code   150  hal_flash.o(i.Hal_Falsh_Jump)
    Hal_Flash_Read_Word                      0x08007ce9   Thumb Code     4  hal_flash.o(i.Hal_Flash_Read_Word)
    Hal_Flash_Write_Word                     0x08007ced   Thumb Code    28  hal_flash.o(i.Hal_Flash_Write_Word)
    Hal_Get_ADC1_Value                       0x08007d09   Thumb Code     6  hal_powmanage.o(i.Hal_Get_ADC1_Value)
    Hal_Get_ADC2_Value                       0x08007d15   Thumb Code     6  hal_powmanage.o(i.Hal_Get_ADC2_Value)
    Hal_Get_ChagFull_State                   0x08007d21   Thumb Code    22  hal_powmanage.o(i.Hal_Get_ChagFull_State)
    Hal_Get_MagKey_State                     0x08007d3d   Thumb Code    22  hal_keyled.o(i.Hal_Get_MagKey_State)
    Hal_Get_SideKey_State                    0x08007d59   Thumb Code    20  hal_keyled.o(i.Hal_Get_SideKey_State)
    Hal_Get_SlideKey_State                   0x08007d71   Thumb Code    18  hal_keyled.o(i.Hal_Get_SlideKey_State)
    Hal_Get_USB_In_State                     0x08007d89   Thumb Code    22  hal_powmanage.o(i.Hal_Get_USB_In_State)
    Hal_Key_Init                             0x08007da5   Thumb Code    76  hal_keyled.o(i.Hal_Key_Init)
    Hal_Led_Init                             0x08007df9   Thumb Code   146  hal_keyled.o(i.Hal_Led_Init)
    Hal_Pow_Switch_Init                      0x08007e99   Thumb Code   140  hal_powmanage.o(i.Hal_Pow_Switch_Init)
    Hal_RTC_init                             0x08007f31   Thumb Code   118  hal_sleep.o(i.Hal_RTC_init)
    Hal_Start_VBat_ADC_Convert               0x08007fb1   Thumb Code    28  hal_powmanage.o(i.Hal_Start_VBat_ADC_Convert)
    Hal_Start_VSloar_ADC_Convert             0x08007fd1   Thumb Code    28  hal_powmanage.o(i.Hal_Start_VSloar_ADC_Convert)
    Hal_System_Clock_Init                    0x08007ff1   Thumb Code   230  hal_init.o(i.Hal_System_Clock_Init)
    Hal_Uart1_Deinit                         0x080080f5   Thumb Code    26  hal_uart.o(i.Hal_Uart1_Deinit)
    Hal_Uart1_Init                           0x08008119   Thumb Code   146  hal_uart.o(i.Hal_Uart1_Init)
    Hal_Uart2_Init                           0x080081bd   Thumb Code   146  hal_uart.o(i.Hal_Uart2_Init)
    Hal_Uart3_Deinit                         0x08008261   Thumb Code    26  hal_uart.o(i.Hal_Uart3_Deinit)
    Hal_Uart3_Init                           0x08008285   Thumb Code   154  hal_uart.o(i.Hal_Uart3_Init)
    Hal_Uart4_Deinit                         0x08008331   Thumb Code    26  hal_uart.o(i.Hal_Uart4_Deinit)
    Hal_Uart4_Init                           0x08008355   Thumb Code   146  hal_uart.o(i.Hal_Uart4_Init)
    Heartbeat_BAT1_Led                       0x080083f9   Thumb Code    36  hal_keyled.o(i.Heartbeat_BAT1_Led)
    Heartbeat_BAT2_Led                       0x08008421   Thumb Code    36  hal_keyled.o(i.Heartbeat_BAT2_Led)
    Heartbeat_BAT3_Led                       0x08008449   Thumb Code    36  hal_keyled.o(i.Heartbeat_BAT3_Led)
    Heartbeat_BAT4_Led                       0x08008471   Thumb Code    32  hal_keyled.o(i.Heartbeat_BAT4_Led)
    Key_Start_Move_Mode                      0x08008495   Thumb Code    22  bsp_keyled.o(i.Key_Start_Move_Mode)
    Key_Start_Normal_Mode                    0x080084c5   Thumb Code    22  bsp_keyled.o(i.Key_Start_Normal_Mode)
    Key_Start_PULL_Mode                      0x080084f5   Thumb Code    22  bsp_keyled.o(i.Key_Start_PULL_Mode)
    Key_Start_SOS_Mode                       0x08008525   Thumb Code    22  bsp_keyled.o(i.Key_Start_SOS_Mode)
    Log_str_printf                           0x08008551   Thumb Code    16  bsp_log.o(i.Log_str_printf)
    Mcu_Hal_Init                             0x08008565   Thumb Code    60  hal_init.o(i.Mcu_Hal_Init)
    Port_Checksum                            0x080085a1   Thumb Code    26  bsp_config.o(i.Port_Checksum)
    Port_Rxdata_deal                         0x080085bd   Thumb Code   114  bsp_config.o(i.Port_Rxdata_deal)
    Port_Tx_Cmd_Pack                         0x08008649   Thumb Code    70  bsp_config.o(i.Port_Tx_Cmd_Pack)
    RTC_Fre_Calib                            0x08008695   Thumb Code    32  hal_sleep.o(i.RTC_Fre_Calib)
    RTC_Printf                               0x080086b9   Thumb Code    26  hal_sleep.o(i.RTC_Printf)
    Rdss_Check_Xor                           0x080086f5   Thumb Code    24  bsp_rdssparse.o(i.Rdss_Check_Xor)
    SlotBranch100ms                          0x0800870d   Thumb Code    46  sys_timerun.o(i.SlotBranch100ms)
    SlotBranch10ms                           0x08008741   Thumb Code    62  sys_timerun.o(i.SlotBranch10ms)
    SlotBranch1s                             0x08008785   Thumb Code   106  sys_timerun.o(i.SlotBranch1s)
    SysTick_Handler                          0x08008811   Thumb Code    14  sys_timerun.o(i.SysTick_Handler)
    Sys_Start_Charge_Mode                    0x08008825   Thumb Code    30  bsp_keyled.o(i.Sys_Start_Charge_Mode)
    Sys_Stop_Charge_Mode                     0x08008861   Thumb Code    22  bsp_keyled.o(i.Sys_Stop_Charge_Mode)
    SystemInit                               0x08008891   Thumb Code    92  system_at32f435_437.o(i.SystemInit)
    TMR5_GLOBAL_IRQHandler                   0x080088fd   Thumb Code    76  hal_sleep.o(i.TMR5_GLOBAL_IRQHandler)
    TimeTurn                                 0x08008951   Thumb Code   106  api_common.o(i.TimeTurn)
    Time_Routime                             0x080089c1   Thumb Code    20  sys_timerun.o(i.Time_Routime)
    UART4_IRQHandler                         0x080089d9   Thumb Code    64  bsp_uartrec.o(i.UART4_IRQHandler)
    USART1_IRQHandler                        0x08008a21   Thumb Code    64  bsp_uartrec.o(i.USART1_IRQHandler)
    USART2_IRQHandler                        0x08008a69   Thumb Code    64  bsp_uartrec.o(i.USART2_IRQHandler)
    USART3_IRQHandler                        0x08008ab1   Thumb Code    64  bsp_uartrec.o(i.USART3_IRQHandler)
    __0printf                                0x08008af9   Thumb Code    22  printfa.o(i.__0printf)
    __1printf                                0x08008af9   Thumb Code     0  printfa.o(i.__0printf)
    __2printf                                0x08008af9   Thumb Code     0  printfa.o(i.__0printf)
    __c89printf                              0x08008af9   Thumb Code     0  printfa.o(i.__0printf)
    printf                                   0x08008af9   Thumb Code     0  printfa.o(i.__0printf)
    __0sprintf                               0x08008b19   Thumb Code    34  printfa.o(i.__0sprintf)
    __1sprintf                               0x08008b19   Thumb Code     0  printfa.o(i.__0sprintf)
    __2sprintf                               0x08008b19   Thumb Code     0  printfa.o(i.__0sprintf)
    __c89sprintf                             0x08008b19   Thumb Code     0  printfa.o(i.__0sprintf)
    sprintf                                  0x08008b19   Thumb Code     0  printfa.o(i.__0sprintf)
    __ARM_fpclassify                         0x08008b41   Thumb Code    48  fpclassify.o(i.__ARM_fpclassify)
    __hardfp_asin                            0x08008b71   Thumb Code   770  asin.o(i.__hardfp_asin)
    __hardfp_atof                            0x08008ed1   Thumb Code    44  atof.o(i.__hardfp_atof)
    __hardfp_cos                             0x08008f09   Thumb Code   180  cos.o(i.__hardfp_cos)
    __hardfp_sqrt                            0x08008fd1   Thumb Code   122  sqrt.o(i.__hardfp_sqrt)
    __ieee754_rem_pio2                       0x08009051   Thumb Code   938  rred.o(i.__ieee754_rem_pio2)
    __kernel_cos                             0x08009489   Thumb Code   322  cos_i.o(i.__kernel_cos)
    __kernel_poly                            0x080095f9   Thumb Code   248  poly.o(i.__kernel_poly)
    __kernel_sin                             0x080096f1   Thumb Code   280  sin_i.o(i.__kernel_sin)
    __mathlib_dbl_infnan                     0x08009821   Thumb Code    20  dunder.o(i.__mathlib_dbl_infnan)
    __mathlib_dbl_invalid                    0x08009839   Thumb Code    24  dunder.o(i.__mathlib_dbl_invalid)
    __mathlib_dbl_underflow                  0x08009859   Thumb Code    24  dunder.o(i.__mathlib_dbl_underflow)
    __read_errno                             0x08009879   Thumb Code     6  errno.o(i.__read_errno)
    __scatterload_copy                       0x08009885   Thumb Code    14  handlers.o(i.__scatterload_copy)
    __scatterload_null                       0x08009893   Thumb Code     2  handlers.o(i.__scatterload_null)
    __scatterload_zeroinit                   0x08009895   Thumb Code    14  handlers.o(i.__scatterload_zeroinit)
    __set_errno                              0x080098a5   Thumb Code     6  errno.o(i.__set_errno)
    _is_digit                                0x08009a35   Thumb Code    14  scanf_fp.o(i._is_digit)
    adc_base_config                          0x0800a17d   Thumb Code    44  at32f435_437_adc.o(i.adc_base_config)
    adc_base_default_para_init               0x0800a1a9   Thumb Code    14  at32f435_437_adc.o(i.adc_base_default_para_init)
    adc_common_config                        0x0800a1b9   Thumb Code   126  at32f435_437_adc.o(i.adc_common_config)
    adc_common_default_para_init             0x0800a23d   Thumb Code    18  at32f435_437_adc.o(i.adc_common_default_para_init)
    adc_enable                               0x0800a24f   Thumb Code    10  at32f435_437_adc.o(i.adc_enable)
    adc_ordinary_channel_set                 0x0800a259   Thumb Code   116  at32f435_437_adc.o(i.adc_ordinary_channel_set)
    adc_ordinary_conversion_data_get         0x0800a2cd   Thumb Code     6  at32f435_437_adc.o(i.adc_ordinary_conversion_data_get)
    adc_ordinary_software_trigger_enable     0x0800a2d3   Thumb Code    10  at32f435_437_adc.o(i.adc_ordinary_software_trigger_enable)
    app_clear_sys_status                     0x0800a2dd   Thumb Code   160  hal_flash.o(i.app_clear_sys_status)
    convert_str_to_hex                       0x0800a381   Thumb Code    72  api_common.o(i.convert_str_to_hex)
    convert_str_to_uint32                    0x0800a3c9   Thumb Code    50  api_common.o(i.convert_str_to_uint32)
    crm_ahb_div_set                          0x0800a3fd   Thumb Code    12  at32f435_437_crm.o(i.crm_ahb_div_set)
    crm_apb1_div_set                         0x0800a40d   Thumb Code    12  at32f435_437_crm.o(i.crm_apb1_div_set)
    crm_apb2_div_set                         0x0800a41d   Thumb Code    12  at32f435_437_crm.o(i.crm_apb2_div_set)
    crm_auto_step_mode_enable                0x0800a42d   Thumb Code    22  at32f435_437_crm.o(i.crm_auto_step_mode_enable)
    crm_battery_powered_domain_reset         0x0800a449   Thumb Code    12  at32f435_437_crm.o(i.crm_battery_powered_domain_reset)
    crm_clock_source_enable                  0x0800a459   Thumb Code    62  at32f435_437_crm.o(i.crm_clock_source_enable)
    crm_clocks_freq_get                      0x0800a49d   Thumb Code   164  at32f435_437_crm.o(i.crm_clocks_freq_get)
    crm_ertc_clock_enable                    0x0800a555   Thumb Code    12  at32f435_437_crm.o(i.crm_ertc_clock_enable)
    crm_ertc_clock_select                    0x0800a565   Thumb Code    26  at32f435_437_crm.o(i.crm_ertc_clock_select)
    crm_flag_get                             0x0800a585   Thumb Code    30  at32f435_437_crm.o(i.crm_flag_get)
    crm_hext_stable_wait                     0x0800a5a9   Thumb Code    40  at32f435_437_crm.o(i.crm_hext_stable_wait)
    crm_periph_clock_enable                  0x0800a5d1   Thumb Code    38  at32f435_437_crm.o(i.crm_periph_clock_enable)
    crm_periph_reset                         0x0800a5fd   Thumb Code    38  at32f435_437_crm.o(i.crm_periph_reset)
    crm_pll_config                           0x0800a629   Thumb Code    52  at32f435_437_crm.o(i.crm_pll_config)
    crm_reset                                0x0800a661   Thumb Code    74  at32f435_437_crm.o(i.crm_reset)
    crm_sysclk_switch                        0x0800a6b9   Thumb Code    52  at32f435_437_crm.o(i.crm_sysclk_switch)
    crm_sysclk_switch_status_get             0x0800a6f1   Thumb Code    10  at32f435_437_crm.o(i.crm_sysclk_switch_status_get)
    ertc_bcd_to_num                          0x0800a701   Thumb Code    18  at32f435_437_ertc.o(i.ertc_bcd_to_num)
    ertc_calendar_get                        0x0800a715   Thumb Code   108  at32f435_437_ertc.o(i.ertc_calendar_get)
    ertc_date_set                            0x0800a785   Thumb Code   116  at32f435_437_ertc.o(i.ertc_date_set)
    ertc_divider_set                         0x0800a7fd   Thumb Code    60  at32f435_437_ertc.o(i.ertc_divider_set)
    ertc_flag_clear                          0x0800a83d   Thumb Code    22  at32f435_437_ertc.o(i.ertc_flag_clear)
    ertc_hour_mode_set                       0x0800a859   Thumb Code    52  at32f435_437_ertc.o(i.ertc_hour_mode_set)
    ertc_init_mode_enter                     0x0800a891   Thumb Code    46  at32f435_437_ertc.o(i.ertc_init_mode_enter)
    ertc_interrupt_flag_get                  0x0800a8c5   Thumb Code   116  at32f435_437_ertc.o(i.ertc_interrupt_flag_get)
    ertc_num_to_bcd                          0x0800a93d   Thumb Code    22  at32f435_437_ertc.o(i.ertc_num_to_bcd)
    ertc_reset                               0x0800a955   Thumb Code   116  at32f435_437_ertc.o(i.ertc_reset)
    ertc_time_set                            0x0800a9d1   Thumb Code   116  at32f435_437_ertc.o(i.ertc_time_set)
    ertc_wait_update                         0x0800aa49   Thumb Code    40  at32f435_437_ertc.o(i.ertc_wait_update)
    ertc_write_protect_disable               0x0800aa75   Thumb Code    12  at32f435_437_ertc.o(i.ertc_write_protect_disable)
    exint_flag_clear                         0x0800aa85   Thumb Code     6  at32f435_437_exint.o(i.exint_flag_clear)
    exint_interrupt_flag_get                 0x0800aa91   Thumb Code    24  at32f435_437_exint.o(i.exint_interrupt_flag_get)
    fabs                                     0x0800aaad   Thumb Code    24  fabs.o(i.fabs)
    flash_bank1_operation_status_get         0x0800aac5   Thumb Code    34  at32f435_437_flash.o(i.flash_bank1_operation_status_get)
    flash_bank1_operation_wait_for           0x0800aaed   Thumb Code    34  at32f435_437_flash.o(i.flash_bank1_operation_wait_for)
    flash_bank2_operation_status_get         0x0800ab11   Thumb Code    34  at32f435_437_flash.o(i.flash_bank2_operation_status_get)
    flash_bank2_operation_wait_for           0x0800ab39   Thumb Code    34  at32f435_437_flash.o(i.flash_bank2_operation_wait_for)
    flash_sector_erase                       0x0800ab5d   Thumb Code   100  at32f435_437_flash.o(i.flash_sector_erase)
    flash_unlock                             0x0800abc9   Thumb Code    20  at32f435_437_flash.o(i.flash_unlock)
    flash_word_program                       0x0800abe9   Thumb Code    80  at32f435_437_flash.o(i.flash_word_program)
    fputc                                    0x0800ac41   Thumb Code    30  hal_uart.o(i.fputc)
    gpio_bits_reset                          0x0800ac65   Thumb Code     4  at32f435_437_gpio.o(i.gpio_bits_reset)
    gpio_bits_set                            0x0800ac69   Thumb Code     4  at32f435_437_gpio.o(i.gpio_bits_set)
    gpio_bits_write                          0x0800ac6d   Thumb Code    10  at32f435_437_gpio.o(i.gpio_bits_write)
    gpio_default_para_init                   0x0800ac77   Thumb Code    20  at32f435_437_gpio.o(i.gpio_default_para_init)
    gpio_init                                0x0800ac8b   Thumb Code   100  at32f435_437_gpio.o(i.gpio_init)
    gpio_input_data_bit_read                 0x0800acef   Thumb Code    14  at32f435_437_gpio.o(i.gpio_input_data_bit_read)
    gpio_output_data_bit_read                0x0800acfd   Thumb Code    14  at32f435_437_gpio.o(i.gpio_output_data_bit_read)
    gpio_pin_mux_config                      0x0800ad0b   Thumb Code    48  at32f435_437_gpio.o(i.gpio_pin_mux_config)
    id_write                                 0x0800ad3b   Thumb Code   100  bsp_config.o(i.id_write)
    infor_get                                0x0800ada1   Thumb Code    18  bsp_config.o(i.infor_get)
    infor_rep                                0x0800adb9   Thumb Code    98  bsp_config.o(i.infor_rep)
    lick_frequency_get                       0x0800ae21   Thumb Code   160  hal_sleep.o(i.lick_frequency_get)
    lm_fifo_add_node_impolite                0x0800aed1   Thumb Code    56  api_fifo.o(i.lm_fifo_add_node_impolite)
    lm_fifo_delete_node                      0x0800af09   Thumb Code    32  api_fifo.o(i.lm_fifo_delete_node)
    lm_fifo_delete_node_for_ISR              0x0800af29   Thumb Code    32  api_fifo.o(i.lm_fifo_delete_node_for_ISR)
    lm_fifo_get_node                         0x0800af49   Thumb Code    24  api_fifo.o(i.lm_fifo_get_node)
    lm_fifo_init                             0x0800af61   Thumb Code    38  api_fifo.o(i.lm_fifo_init)
    lm_fifo_is_full                          0x0800af87   Thumb Code    28  api_fifo.o(i.lm_fifo_is_full)
    main                                     0x0800afa3   Thumb Code    30  main.o(i.main)
    nvic_irq_disable                         0x0800afc1   Thumb Code    34  at32f435_437_misc.o(i.nvic_irq_disable)
    nvic_irq_enable                          0x0800afe5   Thumb Code   118  at32f435_437_misc.o(i.nvic_irq_enable)
    nvic_priority_group_config               0x0800b061   Thumb Code    26  at32f435_437_misc.o(i.nvic_priority_group_config)
    nvic_vector_table_set                    0x0800b085   Thumb Code    12  at32f435_437_misc.o(i.nvic_vector_table_set)
    open_closs_gnss                          0x0800b099   Thumb Code    98  bsp_config.o(i.open_closs_gnss)
    open_closs_rdss                          0x0800b105   Thumb Code   110  bsp_config.o(i.open_closs_rdss)
    ota_start_rep                            0x0800b17d   Thumb Code    66  bsp_config.o(i.ota_start_rep)
    pwc_battery_powered_domain_access        0x0800b1c9   Thumb Code    12  at32f435_437_pwc.o(i.pwc_battery_powered_domain_access)
    sqrt                                     0x0800b1d9   Thumb Code   110  sqrt.o(i.sqrt)
    system_core_clock_update                 0x0800b249   Thumb Code   130  system_at32f435_437.o(i.system_core_clock_update)
    systick_clock_source_config              0x0800b2e5   Thumb Code    24  at32f435_437_misc.o(i.systick_clock_source_config)
    tmr_channel_value_get                    0x0800b2fd   Thumb Code    40  at32f435_437_tmr.o(i.tmr_channel_value_get)
    tmr_counter_enable                       0x0800b325   Thumb Code    10  at32f435_437_tmr.o(i.tmr_counter_enable)
    tmr_div_value_set                        0x0800b32f   Thumb Code     4  at32f435_437_tmr.o(i.tmr_div_value_set)
    tmr_event_sw_trigger                     0x0800b333   Thumb Code     8  at32f435_437_tmr.o(i.tmr_event_sw_trigger)
    tmr_flag_clear                           0x0800b33b   Thumb Code     6  at32f435_437_tmr.o(i.tmr_flag_clear)
    tmr_input_channel_divider_set            0x0800b341   Thumb Code    50  at32f435_437_tmr.o(i.tmr_input_channel_divider_set)
    tmr_input_channel_init                   0x0800b373   Thumb Code   272  at32f435_437_tmr.o(i.tmr_input_channel_init)
    tmr_interrupt_enable                     0x0800b483   Thumb Code    22  at32f435_437_tmr.o(i.tmr_interrupt_enable)
    tmr_interrupt_flag_get                   0x0800b499   Thumb Code    20  at32f435_437_tmr.o(i.tmr_interrupt_flag_get)
    tmr_iremap_config                        0x0800b4ad   Thumb Code    30  at32f435_437_tmr.o(i.tmr_iremap_config)
    tmr_reset                                0x0800b4d1   Thumb Code   224  at32f435_437_tmr.o(i.tmr_reset)
    uart2_tx_string                          0x0800b5f1   Thumb Code    46  hal_uart.o(i.uart2_tx_string)
    uart3_tx_string                          0x0800b625   Thumb Code    46  hal_uart.o(i.uart3_tx_string)
    uart4_tx_string                          0x0800b659   Thumb Code    46  hal_uart.o(i.uart4_tx_string)
    usart_data_receive                       0x0800b68d   Thumb Code     6  at32f435_437_usart.o(i.usart_data_receive)
    usart_data_transmit                      0x0800b693   Thumb Code     8  at32f435_437_usart.o(i.usart_data_transmit)
    usart_enable                             0x0800b69b   Thumb Code    10  at32f435_437_usart.o(i.usart_enable)
    usart_flag_clear                         0x0800b6a5   Thumb Code    16  at32f435_437_usart.o(i.usart_flag_clear)
    usart_flag_get                           0x0800b6b5   Thumb Code    10  at32f435_437_usart.o(i.usart_flag_get)
    usart_init                               0x0800b6c1   Thumb Code   124  at32f435_437_usart.o(i.usart_init)
    usart_interrupt_enable                   0x0800b745   Thumb Code    30  at32f435_437_usart.o(i.usart_interrupt_enable)
    usart_interrupt_flag_get                 0x0800b763   Thumb Code   140  at32f435_437_usart.o(i.usart_interrupt_flag_get)
    usart_receiver_enable                    0x0800b7ef   Thumb Code    10  at32f435_437_usart.o(i.usart_receiver_enable)
    usart_transmit_receive_pin_swap          0x0800b7f9   Thumb Code    10  at32f435_437_usart.o(i.usart_transmit_receive_pin_swap)
    usart_transmitter_enable                 0x0800b803   Thumb Code    10  at32f435_437_usart.o(i.usart_transmitter_enable)
    versions_rep                             0x0800b80d   Thumb Code    24  bsp_config.o(i.versions_rep)
    BufBAT                                   0x0800b860   Data         200  bsp_batvol.o(.constdata)
    tGNSSType                                0x0800b928   Data          33  bsp_gnssparse.o(.constdata)
    tRDSSType                                0x0800b949   Data          22  bsp_rdssparse.o(.constdata)
    __ctype_categories                       0x0800baec   Data          64  ctype_c.o(.constdata)
    Region$$Table$$Base                      0x0800be8c   Number         0  anon$$obj.o(Region$$Table)
    Region$$Table$$Limit                     0x0800beac   Number         0  anon$$obj.o(Region$$Table)
    system_core_clock                        0x20000000   Data           4  system_at32f435_437.o(.data)
    __stdout                                 0x20000004   Data           4  hal_uart.o(.data)
    systick_index                            0x20000008   Data           4  hal_sleep.o(.data)
    lick_freq                                0x2000000c   Data           4  hal_sleep.o(.data)
    capture_number                           0x20000010   Data           4  hal_sleep.o(.data)
    period_value                             0x20000014   Data           4  hal_sleep.o(.data)
    tmp_c4                                   0x20000018   Data           4  hal_sleep.o(.data)
    timertc                                  0x2000001c   Data           8  hal_sleep.o(.data)
    Jump_To_Application                      0x20000024   Data           4  hal_flash.o(.data)
    u8MagKey_State                           0x20000028   Data           1  bsp_keyled.o(.data)
    u8PowOnState                             0x20000029   Data           1  bsp_keyled.o(.data)
    u16MagKey_Count                          0x2000002a   Data           2  bsp_keyled.o(.data)
    u16PercentB                              0x2000002c   Data           2  bsp_keyled.o(.data)
    tVbatChag_Ctrl                           0x2000002e   Data           6  bsp_keyled.o(.data)
    tBatVolCtrl                              0x20000034   Data           8  bsp_batvol.o(.data)
    u16LocaTempNum                           0x2000003c   Data           2  bsp_gnssparse.o(.data)
    u16LocaValidNum                          0x2000003e   Data           2  bsp_gnssparse.o(.data)
    u16LocaValidNum_B                        0x20000040   Data           2  bsp_gnssparse.o(.data)
    u8UartMode                               0x20000042   Data           1  bsp_config.o(.data)
    u81msTime                                0x20000044   Data           1  sys_timerun.o(.data)
    u810msBranch                             0x20000045   Data           1  sys_timerun.o(.data)
    u8100msBranch                            0x20000046   Data           1  sys_timerun.o(.data)
    u81sBranch                               0x20000047   Data           1  sys_timerun.o(.data)
    s_u32SysTickTime                         0x20000048   Data           4  sys_timerun.o(.data)
    tSysState_Ctrl                           0x20000050   Data          12  bsp_keyled.o(.bss)
    uart1_rx_fifo_ctrl                       0x2000005c   Data          20  bsp_uartrec.o(.bss)
    uart2_rx_fifo_ctrl                       0x20000070   Data          20  bsp_uartrec.o(.bss)
    uart3_rx_fifo_ctrl                       0x20000084   Data          20  bsp_uartrec.o(.bss)
    uart4_rx_fifo_ctrl                       0x20000098   Data          20  bsp_uartrec.o(.bss)
    uart1_rx_buf                             0x200000ac   Data         500  bsp_uartrec.o(.bss)
    uart2_rx_buf                             0x200002a0   Data         500  bsp_uartrec.o(.bss)
    uart3_rx_buf                             0x20000494   Data         500  bsp_uartrec.o(.bss)
    uart4_rx_buf                             0x20000688   Data         500  bsp_uartrec.o(.bss)
    tADCFilter                               0x2000087c   Data          20  bsp_batvol.o(.bss)
    tGNSSRxCtrl                              0x20000890   Data         204  bsp_gnssparse.o(.bss)
    tRMCParseData                            0x20000960   Data          56  bsp_gnssparse.o(.bss)
    tCharRMCdata                             0x20000998   Data          63  bsp_gnssparse.o(.bss)
    tGNSSdataCtr                             0x200009d8   Data          40  bsp_gnssparse.o(.bss)
    tGNSSdataTmp                             0x20000a00   Data          40  bsp_gnssparse.o(.bss)
    Buf_GnssSplit                            0x20000a28   Data         200  bsp_gnssparse.o(.bss)
    tRdssSignal                              0x20000af0   Data          40  bsp_rdssparse.o(.bss)
    tRDSSRxCtrl                              0x20000b18   Data         204  bsp_rdssparse.o(.bss)
    Buf_RdssSplit                            0x20000be4   Data         200  bsp_rdssparse.o(.bss)
    tSendCtrl                                0x20000cb0   Data         408  bsp_rdsssend.o(.bss)
    SendBuf                                  0x20000e48   Data        2000  bsp_rdsssend.o(.bss)
    u8TxPORTBuf                              0x20001618   Data         100  bsp_config.o(.bss)
    tInforGet                                0x2000167c   Data          16  bsp_config.o(.bss)
    tPortRxCtrl                              0x2000168c   Data         101  bsp_config.o(.bss)
    __initial_sp                             0x20001af8   Data           0  startup_at32f435_437.o(STACK)



==============================================================================

Memory Map of the image

  Image Entry point : 0x0800420d

  Load Region LR_IROM1 (Base: 0x08004000, Size: 0x00007efc, Max: 0x000fb000, ABSOLUTE)

    Execution Region ER_IROM1 (Exec base: 0x08004000, Load base: 0x08004000, Size: 0x00007eac, Max: 0x000fb000, ABSOLUTE)

    Exec Addr    Load Addr    Size         Type   Attr      Idx    E Section Name        Object

    0x08004000   0x08004000   0x0000020c   Data   RO          308    RESET               startup_at32f435_437.o
    0x0800420c   0x0800420c   0x00000000   Code   RO         4196  * .ARM.Collect$$$$00000000  mc_w.l(entry.o)
    0x0800420c   0x0800420c   0x00000004   Code   RO         4535    .ARM.Collect$$$$00000001  mc_w.l(entry2.o)
    0x08004210   0x08004210   0x00000004   Code   RO         4538    .ARM.Collect$$$$00000004  mc_w.l(entry5.o)
    0x08004214   0x08004214   0x00000000   Code   RO         4540    .ARM.Collect$$$$00000008  mc_w.l(entry7b.o)
    0x08004214   0x08004214   0x00000000   Code   RO         4542    .ARM.Collect$$$$0000000A  mc_w.l(entry8b.o)
    0x08004214   0x08004214   0x00000008   Code   RO         4543    .ARM.Collect$$$$0000000B  mc_w.l(entry9a.o)
    0x0800421c   0x0800421c   0x00000000   Code   RO         4545    .ARM.Collect$$$$0000000D  mc_w.l(entry10a.o)
    0x0800421c   0x0800421c   0x00000000   Code   RO         4547    .ARM.Collect$$$$0000000F  mc_w.l(entry11a.o)
    0x0800421c   0x0800421c   0x00000004   Code   RO         4536    .ARM.Collect$$$$00002712  mc_w.l(entry2.o)
    0x08004220   0x08004220   0x00000024   Code   RO          309    .text               startup_at32f435_437.o
    0x08004244   0x08004244   0x00000062   Code   RO         4199    .text               mc_w.l(uldiv.o)
    0x080042a6   0x080042a6   0x00000002   PAD
    0x080042a8   0x080042a8   0x000000a8   Code   RO         4201    .text               mc_w.l(mktime.o)
    0x08004350   0x08004350   0x00000024   Code   RO         4204    .text               mc_w.l(memcpya.o)
    0x08004374   0x08004374   0x00000024   Code   RO         4206    .text               mc_w.l(memseta.o)
    0x08004398   0x08004398   0x0000000e   Code   RO         4208    .text               mc_w.l(strlen.o)
    0x080043a6   0x080043a6   0x0000001a   Code   RO         4210    .text               mc_w.l(memcmp.o)
    0x080043c0   0x080043c0   0x00000038   Code   RO         4475    .text               mc_w.l(__0sscanf.o)
    0x080043f8   0x080043f8   0x0000014c   Code   RO         4477    .text               mc_w.l(_scanf_int.o)
    0x08004544   0x08004544   0x0000014e   Code   RO         4479    .text               mf_w.l(dadd.o)
    0x08004692   0x08004692   0x000000e4   Code   RO         4481    .text               mf_w.l(dmul.o)
    0x08004776   0x08004776   0x000000de   Code   RO         4483    .text               mf_w.l(ddiv.o)
    0x08004854   0x08004854   0x0000001a   Code   RO         4485    .text               mf_w.l(dfltui.o)
    0x0800486e   0x0800486e   0x00000032   Code   RO         4487    .text               mf_w.l(dfixui.o)
    0x080048a0   0x080048a0   0x00000026   Code   RO         4489    .text               mf_w.l(f2d.o)
    0x080048c6   0x080048c6   0x00000002   PAD
    0x080048c8   0x080048c8   0x00000030   Code   RO         4491    .text               mf_w.l(cdcmple.o)
    0x080048f8   0x080048f8   0x00000030   Code   RO         4493    .text               mf_w.l(cdrcmple.o)
    0x08004928   0x08004928   0x00000038   Code   RO         4495    .text               mf_w.l(d2f.o)
    0x08004960   0x08004960   0x0000002c   Code   RO         4549    .text               mc_w.l(uidiv.o)
    0x0800498c   0x0800498c   0x0000001e   Code   RO         4551    .text               mc_w.l(llshl.o)
    0x080049aa   0x080049aa   0x00000020   Code   RO         4553    .text               mc_w.l(llushr.o)
    0x080049ca   0x080049ca   0x00000024   Code   RO         4555    .text               mc_w.l(llsshr.o)
    0x080049ee   0x080049ee   0x00000002   PAD
    0x080049f0   0x080049f0   0x0000008c   Code   RO         4560    .text               mc_w.l(localtime_i.o)
    0x08004a7c   0x08004a7c   0x0000001c   Code   RO         4570    .text               mc_w.l(_chval.o)
    0x08004a98   0x08004a98   0x00000028   Code   RO         4572    .text               mc_w.l(scanf_char.o)
    0x08004ac0   0x08004ac0   0x00000040   Code   RO         4574    .text               mc_w.l(_sgetc.o)
    0x08004b00   0x08004b00   0x0000009c   Code   RO         4576    .text               mc_w.l(strtod.o)
    0x08004b9c   0x08004b9c   0x00000000   Code   RO         4578    .text               mc_w.l(iusefp.o)
    0x08004b9c   0x08004b9c   0x0000006e   Code   RO         4579    .text               mf_w.l(fepilogue.o)
    0x08004c0a   0x08004c0a   0x000000ba   Code   RO         4581    .text               mf_w.l(depilogue.o)
    0x08004cc4   0x08004cc4   0x000000a2   Code   RO         4585    .text               mf_w.l(dsqrt.o)
    0x08004d66   0x08004d66   0x00000030   Code   RO         4587    .text               mf_w.l(dfixul.o)
    0x08004d96   0x08004d96   0x00000002   PAD
    0x08004d98   0x08004d98   0x00000024   Code   RO         4589    .text               mc_w.l(init.o)
    0x08004dbc   0x08004dbc   0x0000000a   Code   RO         4591    .text               mc_w.l(isspace_c.o)
    0x08004dc6   0x08004dc6   0x00000002   PAD
    0x08004dc8   0x08004dc8   0x0000032c   Code   RO         4593    .text               mc_w.l(_scanf.o)
    0x080050f4   0x080050f4   0x00000360   Code   RO         4595    .text               mc_w.l(scanf_fp.o)
    0x08005454   0x08005454   0x00000022   Code   RO         4599    .text               mf_w.l(dflti.o)
    0x08005476   0x08005476   0x0000003e   Code   RO         4601    .text               mf_w.l(dfixi.o)
    0x080054b4   0x080054b4   0x00000028   Code   RO         4603    .text               mc_w.l(ctype_c.o)
    0x080054dc   0x080054dc   0x00000018   Code   RO         4606    .text               mf_w.l(dfltul.o)
    0x080054f4   0x080054f4   0x0000006c   Code   RO         3514    i.ADConvert         bsp_batvol.o
    0x08005560   0x08005560   0x00000018   Code   RO         3819    i.API_Check_Xor     bsp_rdsssend.o
    0x08005578   0x08005578   0x00000128   Code   RO         3820    i.API_Funftoa       bsp_rdsssend.o
    0x080056a0   0x080056a0   0x0000002c   Code   RO         3821    i.API_Hex8_To_String  bsp_rdsssend.o
    0x080056cc   0x080056cc   0x00000008   Code   RO         3635    i.Api_Acc_Speed     bsp_gnssparse.o
    0x080056d4   0x080056d4   0x0000013c   Code   RO         3636    i.Api_Loca_Distance  bsp_gnssparse.o
    0x08005810   0x08005810   0x00000080   Code   RO         3637    i.Api_Location_Data_Turn  bsp_gnssparse.o
    0x08005890   0x08005890   0x00000032   Code   RO         3515    i.Arithmetic_Average  bsp_batvol.o
    0x080058c2   0x080058c2   0x00000002   PAD
    0x080058c4   0x080058c4   0x00000010   Code   RO         3516    i.Bps_Start_Always_Updata_BatVol_Percent  bsp_batvol.o
    0x080058d4   0x080058d4   0x00000014   Code   RO         3517    i.Bps_Start_Once_Time_Updata_BatVol_Percent  bsp_batvol.o
    0x080058e8   0x080058e8   0x00000628   Code   RO         3822    i.Bsp_Add_Loca_Queue  bsp_rdsssend.o
    0x08005f10   0x08005f10   0x0000004c   Code   RO         3823    i.Bsp_BDS_Data_Send  bsp_rdsssend.o
    0x08005f5c   0x08005f5c   0x00000068   Code   RO         3310    i.Bsp_Bat_Vol_Display  bsp_keyled.o
    0x08005fc4   0x08005fc4   0x0000001c   Code   RO         3311    i.Bsp_Error_Led_Display  bsp_keyled.o
    0x08005fe0   0x08005fe0   0x00000014   Code   RO         3824    i.Bsp_Float_to_Buf  bsp_rdsssend.o
    0x08005ff4   0x08005ff4   0x0000021c   Code   RO         3638    i.Bsp_GNSS_Data_Deal  bsp_gnssparse.o
    0x08006210   0x08006210   0x000000a0   Code   RO         3639    i.Bsp_GNSS_Data_Parse_String  bsp_gnssparse.o
    0x080062b0   0x080062b0   0x0000000e   Code   RO         3640    i.Bsp_GNSS_Init     bsp_gnssparse.o
    0x080062be   0x080062be   0x00000002   PAD
    0x080062c0   0x080062c0   0x00000028   Code   RO         3641    i.Bsp_GNSS_Parse_Init  bsp_gnssparse.o
    0x080062e8   0x080062e8   0x0000003c   Code   RO         3642    i.Bsp_GNSS_Split_Data_Init  bsp_gnssparse.o
    0x08006324   0x08006324   0x0000000c   Code   RO         3520    i.Bsp_Get_BatPercent  bsp_batvol.o
    0x08006330   0x08006330   0x00000014   Code   RO         3961    i.Bsp_Get_CardID    bsp_config.o
    0x08006344   0x08006344   0x00000140   Code   RO         3643    i.Bsp_Get_Location  bsp_gnssparse.o
    0x08006484   0x08006484   0x0000000c   Code   RO         3312    i.Bsp_Get_Pow_State  bsp_keyled.o
    0x08006490   0x08006490   0x0000002c   Code   RO         3523    i.Bsp_Get_SloarVol  bsp_batvol.o
    0x080064bc   0x080064bc   0x0000002c   Code   RO         3524    i.Bsp_Get_SloarVolFloat  bsp_batvol.o
    0x080064e8   0x080064e8   0x0000000c   Code   RO         3313    i.Bsp_Get_Sys_State  bsp_keyled.o
    0x080064f4   0x080064f4   0x00000078   Code   RO         3525    i.Bsp_Get_Temp      bsp_batvol.o
    0x0800656c   0x0800656c   0x0000000c   Code   RO         3526    i.Bsp_Get_Updata_Bat_Voltage_Once_State  bsp_batvol.o
    0x08006578   0x08006578   0x00000068   Code   RO         3644    i.Bsp_Gnss_Data_Check  bsp_gnssparse.o
    0x080065e0   0x080065e0   0x0000001c   Code   RO         3645    i.Bsp_Gnss_Loca_If_Vaild  bsp_gnssparse.o
    0x080065fc   0x080065fc   0x0000004c   Code   RO         3646    i.Bsp_Gnss_Parse_Byte  bsp_gnssparse.o
    0x08006648   0x08006648   0x00000174   Code   RO         3647    i.Bsp_Gnss_RMC_Data_Split  bsp_gnssparse.o
    0x080067bc   0x080067bc   0x00000070   Code   RO         3314    i.Bsp_MagKey_Scan   bsp_keyled.o
    0x0800682c   0x0800682c   0x000002e0   Code   RO         3826    i.Bsp_Nor_SOS_SendCtrl  bsp_rdsssend.o
    0x08006b0c   0x08006b0c   0x000000b0   Code   RO         3963    i.Bsp_Port_InforGet_Ctrl  bsp_config.o
    0x08006bbc   0x08006bbc   0x0000006c   Code   RO         3965    i.Bsp_Port_Parse_Byte  bsp_config.o
    0x08006c28   0x08006c28   0x00000254   Code   RO         3827    i.Bsp_Pull_SendCtrl  bsp_rdsssend.o
    0x08006e7c   0x08006e7c   0x000000e8   Code   RO         3738    i.Bsp_RDSS_Data_Parse_String  bsp_rdssparse.o
    0x08006f64   0x08006f64   0x0000000e   Code   RO         3739    i.Bsp_RDSS_Init     bsp_rdssparse.o
    0x08006f72   0x08006f72   0x00000002   PAD
    0x08006f74   0x08006f74   0x00000028   Code   RO         3740    i.Bsp_RDSS_Parse_Init  bsp_rdssparse.o
    0x08006f9c   0x08006f9c   0x0000000c   Code   RO         3741    i.Bsp_RDSS_Split_Data_Init  bsp_rdssparse.o
    0x08006fa8   0x08006fa8   0x00000068   Code   RO         3742    i.Bsp_Rdss_Data_Check  bsp_rdssparse.o
    0x08007010   0x08007010   0x000000c4   Code   RO         3743    i.Bsp_Rdss_ICP_Data_Split  bsp_rdssparse.o
    0x080070d4   0x080070d4   0x00000194   Code   RO         3744    i.Bsp_Rdss_PWI_Data_Split  bsp_rdssparse.o
    0x08007268   0x08007268   0x0000004c   Code   RO         3745    i.Bsp_Rdss_Parse_Byte  bsp_rdssparse.o
    0x080072b4   0x080072b4   0x00000014   Code   RO         3746    i.Bsp_Rdss_Signal_Is_Ok  bsp_rdssparse.o
    0x080072c8   0x080072c8   0x00000050   Code   RO         3747    i.Bsp_Rdss_Signal_Valid  bsp_rdssparse.o
    0x08007318   0x08007318   0x00000030   Code   RO         3828    i.Bsp_Rdss_Tx_CCICR  bsp_rdsssend.o
    0x08007348   0x08007348   0x0000018c   Code   RO         3829    i.Bsp_Rdss_Tx_CCTCQ  bsp_rdsssend.o
    0x080074d4   0x080074d4   0x0000000c   Code   RO         3966    i.Bsp_Read_ID       bsp_config.o
    0x080074e0   0x080074e0   0x00000024   Code   RO         3430    i.Bsp_Receive_Uart1_Fifo_Data  bsp_uartrec.o
    0x08007504   0x08007504   0x0000001c   Code   RO         3431    i.Bsp_Receive_Uart2_Fifo_Data  bsp_uartrec.o
    0x08007520   0x08007520   0x00000024   Code   RO         3432    i.Bsp_Receive_Uart3_Fifo_Data  bsp_uartrec.o
    0x08007544   0x08007544   0x00000024   Code   RO         3433    i.Bsp_Receive_Uart4_Fifo_Data  bsp_uartrec.o
    0x08007568   0x08007568   0x0000001c   Code   RO         3830    i.Bsp_Send_Get_CardID  bsp_rdsssend.o
    0x08007584   0x08007584   0x00000040   Code   RO         3831    i.Bsp_Start_Move_Mode  bsp_rdsssend.o
    0x080075c4   0x080075c4   0x00000040   Code   RO         3832    i.Bsp_Start_Normal_Mode  bsp_rdsssend.o
    0x08007604   0x08007604   0x00000040   Code   RO         3833    i.Bsp_Start_PULL_Mode  bsp_rdsssend.o
    0x08007644   0x08007644   0x00000040   Code   RO         3834    i.Bsp_Start_SOS_Mode  bsp_rdsssend.o
    0x08007684   0x08007684   0x000000fc   Code   RO         3316    i.Bsp_Sys_State_Ctrl  bsp_keyled.o
    0x08007780   0x08007780   0x00000054   Code   RO         3434    i.Bsp_Uart_Fifo_Init  bsp_uartrec.o
    0x080077d4   0x080077d4   0x000000a0   Code   RO         3528    i.Bsp_Updata_Bat_Percent  bsp_batvol.o
    0x08007874   0x08007874   0x000000f8   Code   RO         3317    i.Bsp_Vbat_Chag_Ctrl  bsp_keyled.o
    0x0800796c   0x0800796c   0x00000010   Code   RO         3967    i.Bsp_Write_Boot_Flag  bsp_config.o
    0x0800797c   0x0800797c   0x0000000c   Code   RO         3968    i.Bsp_Write_ID      bsp_config.o
    0x08007988   0x08007988   0x00000022   Code   RO         3109    i.ERTCAlarm_IRQHandler  hal_sleep.o
    0x080079aa   0x080079aa   0x00000018   Code   RO         2690    i.EXINT0_IRQHandler  hal_keyled.o
    0x080079c2   0x080079c2   0x00000018   Code   RO         2691    i.EXINT1_IRQHandler  hal_keyled.o
    0x080079da   0x080079da   0x00000018   Code   RO         2692    i.EXINT9_5_IRQHandler  hal_keyled.o
    0x080079f2   0x080079f2   0x00000004   Code   RO         3620    i.Fun_Bsp_Init      bsp_init.o
    0x080079f6   0x080079f6   0x00000002   PAD
    0x080079f8   0x080079f8   0x00000028   Code   RO            1    i.Fundtoa           api_common.o
    0x08007a20   0x08007a20   0x00000018   Code   RO         3648    i.Gnss_Check_Xor    bsp_gnssparse.o
    0x08007a38   0x08007a38   0x00000020   Code   RO         2892    i.Hal_ADC_Deinit    hal_powmanage.o
    0x08007a58   0x08007a58   0x000000e0   Code   RO         2893    i.Hal_BatVol_Init   hal_powmanage.o
    0x08007b38   0x08007b38   0x00000048   Code   RO         2693    i.Hal_Bat_Led_Display_Enable  hal_keyled.o
    0x08007b80   0x08007b80   0x00000022   Code   RO         2694    i.Hal_Bat_Led_Heartbeat  hal_keyled.o
    0x08007ba2   0x08007ba2   0x00000002   PAD
    0x08007ba4   0x08007ba4   0x00000060   Code   RO         2894    i.Hal_Charge_Init   hal_powmanage.o
    0x08007c04   0x08007c04   0x0000003c   Code   RO         2695    i.Hal_Error_Led_Display_Enable  hal_keyled.o
    0x08007c40   0x08007c40   0x000000a8   Code   RO         3236    i.Hal_Falsh_Jump    hal_flash.o
    0x08007ce8   0x08007ce8   0x00000004   Code   RO         3239    i.Hal_Flash_Read_Word  hal_flash.o
    0x08007cec   0x08007cec   0x0000001c   Code   RO         3241    i.Hal_Flash_Write_Word  hal_flash.o
    0x08007d08   0x08007d08   0x0000000c   Code   RO         2895    i.Hal_Get_ADC1_Value  hal_powmanage.o
    0x08007d14   0x08007d14   0x0000000c   Code   RO         2896    i.Hal_Get_ADC2_Value  hal_powmanage.o
    0x08007d20   0x08007d20   0x0000001c   Code   RO         2897    i.Hal_Get_ChagFull_State  hal_powmanage.o
    0x08007d3c   0x08007d3c   0x0000001c   Code   RO         2703    i.Hal_Get_MagKey_State  hal_keyled.o
    0x08007d58   0x08007d58   0x00000018   Code   RO         2704    i.Hal_Get_SideKey_State  hal_keyled.o
    0x08007d70   0x08007d70   0x00000018   Code   RO         2705    i.Hal_Get_SlideKey_State  hal_keyled.o
    0x08007d88   0x08007d88   0x0000001c   Code   RO         2898    i.Hal_Get_USB_In_State  hal_powmanage.o
    0x08007da4   0x08007da4   0x00000054   Code   RO         2706    i.Hal_Key_Init      hal_keyled.o
    0x08007df8   0x08007df8   0x000000a0   Code   RO         2707    i.Hal_Led_Init      hal_keyled.o
    0x08007e98   0x08007e98   0x00000098   Code   RO         2899    i.Hal_Pow_Switch_Init  hal_powmanage.o
    0x08007f30   0x08007f30   0x00000080   Code   RO         3116    i.Hal_RTC_init      hal_sleep.o
    0x08007fb0   0x08007fb0   0x00000020   Code   RO         2900    i.Hal_Start_VBat_ADC_Convert  hal_powmanage.o
    0x08007fd0   0x08007fd0   0x00000020   Code   RO         2901    i.Hal_Start_VSloar_ADC_Convert  hal_powmanage.o
    0x08007ff0   0x08007ff0   0x00000104   Code   RO         2840    i.Hal_System_Clock_Init  hal_init.o
    0x080080f4   0x080080f4   0x00000024   Code   RO         2970    i.Hal_Uart1_Deinit  hal_uart.o
    0x08008118   0x08008118   0x000000a4   Code   RO         2971    i.Hal_Uart1_Init    hal_uart.o
    0x080081bc   0x080081bc   0x000000a4   Code   RO         2973    i.Hal_Uart2_Init    hal_uart.o
    0x08008260   0x08008260   0x00000024   Code   RO         2974    i.Hal_Uart3_Deinit  hal_uart.o
    0x08008284   0x08008284   0x000000ac   Code   RO         2975    i.Hal_Uart3_Init    hal_uart.o
    0x08008330   0x08008330   0x00000024   Code   RO         2976    i.Hal_Uart4_Deinit  hal_uart.o
    0x08008354   0x08008354   0x000000a4   Code   RO         2977    i.Hal_Uart4_Init    hal_uart.o
    0x080083f8   0x080083f8   0x00000028   Code   RO         2708    i.Heartbeat_BAT1_Led  hal_keyled.o
    0x08008420   0x08008420   0x00000028   Code   RO         2709    i.Heartbeat_BAT2_Led  hal_keyled.o
    0x08008448   0x08008448   0x00000028   Code   RO         2710    i.Heartbeat_BAT3_Led  hal_keyled.o
    0x08008470   0x08008470   0x00000024   Code   RO         2711    i.Heartbeat_BAT4_Led  hal_keyled.o
    0x08008494   0x08008494   0x00000030   Code   RO         3318    i.Key_Start_Move_Mode  bsp_keyled.o
    0x080084c4   0x080084c4   0x00000030   Code   RO         3319    i.Key_Start_Normal_Mode  bsp_keyled.o
    0x080084f4   0x080084f4   0x00000030   Code   RO         3320    i.Key_Start_PULL_Mode  bsp_keyled.o
    0x08008524   0x08008524   0x0000002c   Code   RO         3321    i.Key_Start_SOS_Mode  bsp_keyled.o
    0x08008550   0x08008550   0x00000014   Code   RO         3942    i.Log_str_printf    bsp_log.o
    0x08008564   0x08008564   0x0000003c   Code   RO         2841    i.Mcu_Hal_Init      hal_init.o
    0x080085a0   0x080085a0   0x0000001a   Code   RO         3969    i.Port_Checksum     bsp_config.o
    0x080085ba   0x080085ba   0x00000002   PAD
    0x080085bc   0x080085bc   0x0000008c   Code   RO         3970    i.Port_Rxdata_deal  bsp_config.o
    0x08008648   0x08008648   0x0000004c   Code   RO         3971    i.Port_Tx_Cmd_Pack  bsp_config.o
    0x08008694   0x08008694   0x00000024   Code   RO         3120    i.RTC_Fre_Calib     hal_sleep.o
    0x080086b8   0x080086b8   0x0000003c   Code   RO         3121    i.RTC_Printf        hal_sleep.o
    0x080086f4   0x080086f4   0x00000018   Code   RO         3748    i.Rdss_Check_Xor    bsp_rdssparse.o
    0x0800870c   0x0800870c   0x00000034   Code   RO         4102    i.SlotBranch100ms   sys_timerun.o
    0x08008740   0x08008740   0x00000044   Code   RO         4103    i.SlotBranch10ms    sys_timerun.o
    0x08008784   0x08008784   0x0000008c   Code   RO         4105    i.SlotBranch1s      sys_timerun.o
    0x08008810   0x08008810   0x00000014   Code   RO         4106    i.SysTick_Handler   sys_timerun.o
    0x08008824   0x08008824   0x0000003c   Code   RO         3322    i.Sys_Start_Charge_Mode  bsp_keyled.o
    0x08008860   0x08008860   0x00000030   Code   RO         3323    i.Sys_Stop_Charge_Mode  bsp_keyled.o
    0x08008890   0x08008890   0x0000006c   Code   RO          162    i.SystemInit        system_at32f435_437.o
    0x080088fc   0x080088fc   0x00000054   Code   RO         3122    i.TMR5_GLOBAL_IRQHandler  hal_sleep.o
    0x08008950   0x08008950   0x00000070   Code   RO            2    i.TimeTurn          api_common.o
    0x080089c0   0x080089c0   0x00000018   Code   RO         4107    i.Time_Routime      sys_timerun.o
    0x080089d8   0x080089d8   0x00000048   Code   RO         3435    i.UART4_IRQHandler  bsp_uartrec.o
    0x08008a20   0x08008a20   0x00000048   Code   RO         3436    i.USART1_IRQHandler  bsp_uartrec.o
    0x08008a68   0x08008a68   0x00000048   Code   RO         3437    i.USART2_IRQHandler  bsp_uartrec.o
    0x08008ab0   0x08008ab0   0x00000048   Code   RO         3438    i.USART3_IRQHandler  bsp_uartrec.o
    0x08008af8   0x08008af8   0x00000020   Code   RO         4447    i.__0printf         mc_w.l(printfa.o)
    0x08008b18   0x08008b18   0x00000028   Code   RO         4449    i.__0sprintf        mc_w.l(printfa.o)
    0x08008b40   0x08008b40   0x00000030   Code   RO         4520    i.__ARM_fpclassify  m_wm.l(fpclassify.o)
    0x08008b70   0x08008b70   0x00000360   Code   RO         4152    i.__hardfp_asin     m_wm.l(asin.o)
    0x08008ed0   0x08008ed0   0x00000038   Code   RO         4166    i.__hardfp_atof     m_wm.l(atof.o)
    0x08008f08   0x08008f08   0x000000c8   Code   RO         4172    i.__hardfp_cos      m_wm.l(cos.o)
    0x08008fd0   0x08008fd0   0x0000007a   Code   RO         4184    i.__hardfp_sqrt     m_wm.l(sqrt.o)
    0x0800904a   0x0800904a   0x00000006   PAD
    0x08009050   0x08009050   0x00000438   Code   RO         4524    i.__ieee754_rem_pio2  m_wm.l(rred.o)
    0x08009488   0x08009488   0x00000170   Code   RO         4497    i.__kernel_cos      m_wm.l(cos_i.o)
    0x080095f8   0x080095f8   0x000000f8   Code   RO         4522    i.__kernel_poly     m_wm.l(poly.o)
    0x080096f0   0x080096f0   0x00000130   Code   RO         4529    i.__kernel_sin      m_wm.l(sin_i.o)
    0x08009820   0x08009820   0x00000014   Code   RO         4501    i.__mathlib_dbl_infnan  m_wm.l(dunder.o)
    0x08009834   0x08009834   0x00000004   PAD
    0x08009838   0x08009838   0x00000020   Code   RO         4503    i.__mathlib_dbl_invalid  m_wm.l(dunder.o)
    0x08009858   0x08009858   0x00000020   Code   RO         4506    i.__mathlib_dbl_underflow  m_wm.l(dunder.o)
    0x08009878   0x08009878   0x0000000c   Code   RO         4564    i.__read_errno      mc_w.l(errno.o)
    0x08009884   0x08009884   0x0000000e   Code   RO         4610    i.__scatterload_copy  mc_w.l(handlers.o)
    0x08009892   0x08009892   0x00000002   Code   RO         4611    i.__scatterload_null  mc_w.l(handlers.o)
    0x08009894   0x08009894   0x0000000e   Code   RO         4612    i.__scatterload_zeroinit  mc_w.l(handlers.o)
    0x080098a2   0x080098a2   0x00000002   PAD
    0x080098a4   0x080098a4   0x0000000c   Code   RO         4565    i.__set_errno       mc_w.l(errno.o)
    0x080098b0   0x080098b0   0x00000184   Code   RO         4454    i._fp_digits        mc_w.l(printfa.o)
    0x08009a34   0x08009a34   0x0000000e   Code   RO         4597    i._is_digit         mc_w.l(scanf_fp.o)
    0x08009a42   0x08009a42   0x00000002   PAD
    0x08009a44   0x08009a44   0x000006dc   Code   RO         4455    i._printf_core      mc_w.l(printfa.o)
    0x0800a120   0x0800a120   0x00000024   Code   RO         4456    i._printf_post_padding  mc_w.l(printfa.o)
    0x0800a144   0x0800a144   0x0000002e   Code   RO         4457    i._printf_pre_padding  mc_w.l(printfa.o)
    0x0800a172   0x0800a172   0x0000000a   Code   RO         4459    i._sputc            mc_w.l(printfa.o)
    0x0800a17c   0x0800a17c   0x0000002c   Code   RO          316    i.adc_base_config   at32f435_437_adc.o
    0x0800a1a8   0x0800a1a8   0x0000000e   Code   RO          317    i.adc_base_default_para_init  at32f435_437_adc.o
    0x0800a1b6   0x0800a1b6   0x00000002   PAD
    0x0800a1b8   0x0800a1b8   0x00000084   Code   RO          324    i.adc_common_config  at32f435_437_adc.o
    0x0800a23c   0x0800a23c   0x00000012   Code   RO          325    i.adc_common_default_para_init  at32f435_437_adc.o
    0x0800a24e   0x0800a24e   0x0000000a   Code   RO          330    i.adc_enable        at32f435_437_adc.o
    0x0800a258   0x0800a258   0x00000074   Code   RO          336    i.adc_ordinary_channel_set  at32f435_437_adc.o
    0x0800a2cc   0x0800a2cc   0x00000006   Code   RO          337    i.adc_ordinary_conversion_data_get  at32f435_437_adc.o
    0x0800a2d2   0x0800a2d2   0x0000000a   Code   RO          344    i.adc_ordinary_software_trigger_enable  at32f435_437_adc.o
    0x0800a2dc   0x0800a2dc   0x000000a4   Code   RO         3242    i.app_clear_sys_status  hal_flash.o
    0x0800a380   0x0800a380   0x00000048   Code   RO            7    i.convert_str_to_hex  api_common.o
    0x0800a3c8   0x0800a3c8   0x00000032   Code   RO            8    i.convert_str_to_uint32  api_common.o
    0x0800a3fa   0x0800a3fa   0x00000002   PAD
    0x0800a3fc   0x0800a3fc   0x00000010   Code   RO          620    i.crm_ahb_div_set   at32f435_437_crm.o
    0x0800a40c   0x0800a40c   0x00000010   Code   RO          621    i.crm_apb1_div_set  at32f435_437_crm.o
    0x0800a41c   0x0800a41c   0x00000010   Code   RO          622    i.crm_apb2_div_set  at32f435_437_crm.o
    0x0800a42c   0x0800a42c   0x0000001c   Code   RO          623    i.crm_auto_step_mode_enable  at32f435_437_crm.o
    0x0800a448   0x0800a448   0x00000010   Code   RO          624    i.crm_battery_powered_domain_reset  at32f435_437_crm.o
    0x0800a458   0x0800a458   0x00000044   Code   RO          630    i.crm_clock_source_enable  at32f435_437_crm.o
    0x0800a49c   0x0800a49c   0x000000b8   Code   RO          631    i.crm_clocks_freq_get  at32f435_437_crm.o
    0x0800a554   0x0800a554   0x00000010   Code   RO          633    i.crm_ertc_clock_enable  at32f435_437_crm.o
    0x0800a564   0x0800a564   0x00000020   Code   RO          634    i.crm_ertc_clock_select  at32f435_437_crm.o
    0x0800a584   0x0800a584   0x00000024   Code   RO          636    i.crm_flag_get      at32f435_437_crm.o
    0x0800a5a8   0x0800a5a8   0x00000028   Code   RO          638    i.crm_hext_stable_wait  at32f435_437_crm.o
    0x0800a5d0   0x0800a5d0   0x0000002c   Code   RO          646    i.crm_periph_clock_enable  at32f435_437_crm.o
    0x0800a5fc   0x0800a5fc   0x0000002c   Code   RO          648    i.crm_periph_reset  at32f435_437_crm.o
    0x0800a628   0x0800a628   0x00000038   Code   RO          649    i.crm_pll_config    at32f435_437_crm.o
    0x0800a660   0x0800a660   0x00000058   Code   RO          651    i.crm_reset         at32f435_437_crm.o
    0x0800a6b8   0x0800a6b8   0x00000038   Code   RO          652    i.crm_sysclk_switch  at32f435_437_crm.o
    0x0800a6f0   0x0800a6f0   0x00000010   Code   RO          653    i.crm_sysclk_switch_status_get  at32f435_437_crm.o
    0x0800a700   0x0800a700   0x00000012   Code   RO         1027    i.ertc_bcd_to_num   at32f435_437_ertc.o
    0x0800a712   0x0800a712   0x00000002   PAD
    0x0800a714   0x0800a714   0x00000070   Code   RO         1032    i.ertc_calendar_get  at32f435_437_ertc.o
    0x0800a784   0x0800a784   0x00000078   Code   RO         1035    i.ertc_date_set     at32f435_437_ertc.o
    0x0800a7fc   0x0800a7fc   0x00000040   Code   RO         1039    i.ertc_divider_set  at32f435_437_ertc.o
    0x0800a83c   0x0800a83c   0x0000001c   Code   RO         1040    i.ertc_flag_clear   at32f435_437_ertc.o
    0x0800a858   0x0800a858   0x00000038   Code   RO         1042    i.ertc_hour_mode_set  at32f435_437_ertc.o
    0x0800a890   0x0800a890   0x00000034   Code   RO         1043    i.ertc_init_mode_enter  at32f435_437_ertc.o
    0x0800a8c4   0x0800a8c4   0x00000078   Code   RO         1046    i.ertc_interrupt_flag_get  at32f435_437_ertc.o
    0x0800a93c   0x0800a93c   0x00000016   Code   RO         1048    i.ertc_num_to_bcd   at32f435_437_ertc.o
    0x0800a952   0x0800a952   0x00000002   PAD
    0x0800a954   0x0800a954   0x0000007c   Code   RO         1051    i.ertc_reset        at32f435_437_ertc.o
    0x0800a9d0   0x0800a9d0   0x00000078   Code   RO         1063    i.ertc_time_set     at32f435_437_ertc.o
    0x0800aa48   0x0800aa48   0x0000002c   Code   RO         1070    i.ertc_wait_update  at32f435_437_ertc.o
    0x0800aa74   0x0800aa74   0x00000010   Code   RO         1075    i.ertc_write_protect_disable  at32f435_437_ertc.o
    0x0800aa84   0x0800aa84   0x0000000c   Code   RO         1376    i.exint_flag_clear  at32f435_437_exint.o
    0x0800aa90   0x0800aa90   0x0000001c   Code   RO         1380    i.exint_interrupt_flag_get  at32f435_437_exint.o
    0x0800aaac   0x0800aaac   0x00000018   Code   RO         4516    i.fabs              m_wm.l(fabs.o)
    0x0800aac4   0x0800aac4   0x00000028   Code   RO         1448    i.flash_bank1_operation_status_get  at32f435_437_flash.o
    0x0800aaec   0x0800aaec   0x00000022   Code   RO         1449    i.flash_bank1_operation_wait_for  at32f435_437_flash.o
    0x0800ab0e   0x0800ab0e   0x00000002   PAD
    0x0800ab10   0x0800ab10   0x00000028   Code   RO         1453    i.flash_bank2_operation_status_get  at32f435_437_flash.o
    0x0800ab38   0x0800ab38   0x00000022   Code   RO         1454    i.flash_bank2_operation_wait_for  at32f435_437_flash.o
    0x0800ab5a   0x0800ab5a   0x00000002   PAD
    0x0800ab5c   0x0800ab5c   0x0000006c   Code   RO         1474    i.flash_sector_erase  at32f435_437_flash.o
    0x0800abc8   0x0800abc8   0x00000020   Code   RO         1484    i.flash_unlock      at32f435_437_flash.o
    0x0800abe8   0x0800abe8   0x00000058   Code   RO         1487    i.flash_word_program  at32f435_437_flash.o
    0x0800ac40   0x0800ac40   0x00000024   Code   RO         2980    i.fputc             hal_uart.o
    0x0800ac64   0x0800ac64   0x00000004   Code   RO         1714    i.gpio_bits_reset   at32f435_437_gpio.o
    0x0800ac68   0x0800ac68   0x00000004   Code   RO         1715    i.gpio_bits_set     at32f435_437_gpio.o
    0x0800ac6c   0x0800ac6c   0x0000000a   Code   RO         1716    i.gpio_bits_write   at32f435_437_gpio.o
    0x0800ac76   0x0800ac76   0x00000014   Code   RO         1717    i.gpio_default_para_init  at32f435_437_gpio.o
    0x0800ac8a   0x0800ac8a   0x00000064   Code   RO         1718    i.gpio_init         at32f435_437_gpio.o
    0x0800acee   0x0800acee   0x0000000e   Code   RO         1719    i.gpio_input_data_bit_read  at32f435_437_gpio.o
    0x0800acfc   0x0800acfc   0x0000000e   Code   RO         1721    i.gpio_output_data_bit_read  at32f435_437_gpio.o
    0x0800ad0a   0x0800ad0a   0x00000030   Code   RO         1723    i.gpio_pin_mux_config  at32f435_437_gpio.o
    0x0800ad3a   0x0800ad3a   0x00000064   Code   RO         3972    i.id_write          bsp_config.o
    0x0800ad9e   0x0800ad9e   0x00000002   PAD
    0x0800ada0   0x0800ada0   0x00000018   Code   RO         3973    i.infor_get         bsp_config.o
    0x0800adb8   0x0800adb8   0x00000068   Code   RO         3974    i.infor_rep         bsp_config.o
    0x0800ae20   0x0800ae20   0x000000b0   Code   RO         3124    i.lick_frequency_get  hal_sleep.o
    0x0800aed0   0x0800aed0   0x00000038   Code   RO          115    i.lm_fifo_add_node_impolite  api_fifo.o
    0x0800af08   0x0800af08   0x00000020   Code   RO          116    i.lm_fifo_delete_node  api_fifo.o
    0x0800af28   0x0800af28   0x00000020   Code   RO          117    i.lm_fifo_delete_node_for_ISR  api_fifo.o
    0x0800af48   0x0800af48   0x00000018   Code   RO          118    i.lm_fifo_get_node  api_fifo.o
    0x0800af60   0x0800af60   0x00000026   Code   RO          119    i.lm_fifo_init      api_fifo.o
    0x0800af86   0x0800af86   0x0000001c   Code   RO          120    i.lm_fifo_is_full   api_fifo.o
    0x0800afa2   0x0800afa2   0x0000001e   Code   RO         4087    i.main              main.o
    0x0800afc0   0x0800afc0   0x00000022   Code   RO         1900    i.nvic_irq_disable  at32f435_437_misc.o
    0x0800afe2   0x0800afe2   0x00000002   PAD
    0x0800afe4   0x0800afe4   0x0000007c   Code   RO         1901    i.nvic_irq_enable   at32f435_437_misc.o
    0x0800b060   0x0800b060   0x00000024   Code   RO         1903    i.nvic_priority_group_config  at32f435_437_misc.o
    0x0800b084   0x0800b084   0x00000014   Code   RO         1905    i.nvic_vector_table_set  at32f435_437_misc.o
    0x0800b098   0x0800b098   0x0000006c   Code   RO         3975    i.open_closs_gnss   bsp_config.o
    0x0800b104   0x0800b104   0x00000078   Code   RO         3976    i.open_closs_rdss   bsp_config.o
    0x0800b17c   0x0800b17c   0x0000004c   Code   RO         3977    i.ota_start_rep     bsp_config.o
    0x0800b1c8   0x0800b1c8   0x00000010   Code   RO         1816    i.pwc_battery_powered_domain_access  at32f435_437_pwc.o
    0x0800b1d8   0x0800b1d8   0x0000006e   Code   RO         4186    i.sqrt              m_wm.l(sqrt.o)
    0x0800b246   0x0800b246   0x00000002   PAD
    0x0800b248   0x0800b248   0x0000009c   Code   RO          163    i.system_core_clock_update  system_at32f435_437.o
    0x0800b2e4   0x0800b2e4   0x00000018   Code   RO         1906    i.systick_clock_source_config  at32f435_437_misc.o
    0x0800b2fc   0x0800b2fc   0x00000028   Code   RO         1972    i.tmr_channel_value_get  at32f435_437_tmr.o
    0x0800b324   0x0800b324   0x0000000a   Code   RO         1976    i.tmr_counter_enable  at32f435_437_tmr.o
    0x0800b32e   0x0800b32e   0x00000004   Code   RO         1980    i.tmr_div_value_set  at32f435_437_tmr.o
    0x0800b332   0x0800b332   0x00000008   Code   RO         1984    i.tmr_event_sw_trigger  at32f435_437_tmr.o
    0x0800b33a   0x0800b33a   0x00000006   Code   RO         1988    i.tmr_flag_clear    at32f435_437_tmr.o
    0x0800b340   0x0800b340   0x00000032   Code   RO         1992    i.tmr_input_channel_divider_set  at32f435_437_tmr.o
    0x0800b372   0x0800b372   0x00000110   Code   RO         1994    i.tmr_input_channel_init  at32f435_437_tmr.o
    0x0800b482   0x0800b482   0x00000016   Code   RO         1997    i.tmr_interrupt_enable  at32f435_437_tmr.o
    0x0800b498   0x0800b498   0x00000014   Code   RO         1998    i.tmr_interrupt_flag_get  at32f435_437_tmr.o
    0x0800b4ac   0x0800b4ac   0x00000024   Code   RO         1999    i.tmr_iremap_config  at32f435_437_tmr.o
    0x0800b4d0   0x0800b4d0   0x00000120   Code   RO         2017    i.tmr_reset         at32f435_437_tmr.o
    0x0800b5f0   0x0800b5f0   0x00000034   Code   RO         2984    i.uart2_tx_string   hal_uart.o
    0x0800b624   0x0800b624   0x00000034   Code   RO         2986    i.uart3_tx_string   hal_uart.o
    0x0800b658   0x0800b658   0x00000034   Code   RO         2988    i.uart4_tx_string   hal_uart.o
    0x0800b68c   0x0800b68c   0x00000006   Code   RO         2334    i.usart_data_receive  at32f435_437_usart.o
    0x0800b692   0x0800b692   0x00000008   Code   RO         2335    i.usart_data_transmit  at32f435_437_usart.o
    0x0800b69a   0x0800b69a   0x0000000a   Code   RO         2339    i.usart_enable      at32f435_437_usart.o
    0x0800b6a4   0x0800b6a4   0x00000010   Code   RO         2340    i.usart_flag_clear  at32f435_437_usart.o
    0x0800b6b4   0x0800b6b4   0x0000000a   Code   RO         2341    i.usart_flag_get    at32f435_437_usart.o
    0x0800b6be   0x0800b6be   0x00000002   PAD
    0x0800b6c0   0x0800b6c0   0x00000084   Code   RO         2344    i.usart_init        at32f435_437_usart.o
    0x0800b744   0x0800b744   0x0000001e   Code   RO         2345    i.usart_interrupt_enable  at32f435_437_usart.o
    0x0800b762   0x0800b762   0x0000008c   Code   RO         2346    i.usart_interrupt_flag_get  at32f435_437_usart.o
    0x0800b7ee   0x0800b7ee   0x0000000a   Code   RO         2352    i.usart_receiver_enable  at32f435_437_usart.o
    0x0800b7f8   0x0800b7f8   0x0000000a   Code   RO         2361    i.usart_transmit_receive_pin_swap  at32f435_437_usart.o
    0x0800b802   0x0800b802   0x0000000a   Code   RO         2362    i.usart_transmitter_enable  at32f435_437_usart.o
    0x0800b80c   0x0800b80c   0x00000018   Code   RO         3978    i.versions_rep      bsp_config.o
    0x0800b824   0x0800b824   0x00000016   Data   RO          164    .constdata          system_at32f435_437.o
    0x0800b83a   0x0800b83a   0x00000026   Data   RO          656    .constdata          at32f435_437_crm.o
    0x0800b860   0x0800b860   0x000000c8   Data   RO         3530    .constdata          bsp_batvol.o
    0x0800b928   0x0800b928   0x00000021   Data   RO         3650    .constdata          bsp_gnssparse.o
    0x0800b949   0x0800b949   0x00000016   Data   RO         3750    .constdata          bsp_rdssparse.o
    0x0800b95f   0x0800b95f   0x00000001   PAD
    0x0800b960   0x0800b960   0x00000050   Data   RO         4155    .constdata          m_wm.l(asin.o)
    0x0800b9b0   0x0800b9b0   0x0000000c   Data   RO         4202    .constdata          mc_w.l(mktime.o)
    0x0800b9bc   0x0800b9bc   0x00000004   PAD
    0x0800b9c0   0x0800b9c0   0x00000030   Data   RO         4498    .constdata          m_wm.l(cos_i.o)
    0x0800b9f0   0x0800b9f0   0x000000c8   Data   RO         4526    .constdata          m_wm.l(rred.o)
    0x0800bab8   0x0800bab8   0x00000028   Data   RO         4530    .constdata          m_wm.l(sin_i.o)
    0x0800bae0   0x0800bae0   0x0000000c   Data   RO         4561    .constdata          mc_w.l(localtime_i.o)
    0x0800baec   0x0800baec   0x00000040   Data   RO         4604    .constdata          mc_w.l(ctype_c.o)
    0x0800bb2c   0x0800bb2c   0x00000360   Data   RO         3836    .conststring        bsp_rdsssend.o
    0x0800be8c   0x0800be8c   0x00000020   Data   RO         4608    Region$$Table       anon$$obj.o


    Execution Region RW_IRAM1 (Exec base: 0x20000000, Load base: 0x0800beac, Size: 0x00001af8, Max: 0x00060000, ABSOLUTE)

    Exec Addr    Load Addr    Size         Type   Attr      Idx    E Section Name        Object

    0x20000000   0x0800beac   0x00000004   Data   RW          165    .data               system_at32f435_437.o
    0x20000004   0x0800beb0   0x00000004   Data   RW         2989    .data               hal_uart.o
    0x20000008   0x0800beb4   0x0000001c   Data   RW         3125    .data               hal_sleep.o
    0x20000024   0x0800bed0   0x00000004   Data   RW         3243    .data               hal_flash.o
    0x20000028   0x0800bed4   0x0000000c   Data   RW         3325    .data               bsp_keyled.o
    0x20000034   0x0800bee0   0x00000008   Data   RW         3531    .data               bsp_batvol.o
    0x2000003c   0x0800bee8   0x00000006   Data   RW         3651    .data               bsp_gnssparse.o
    0x20000042   0x0800beee   0x00000001   Data   RW         3980    .data               bsp_config.o
    0x20000043   0x0800beef   0x00000001   PAD
    0x20000044   0x0800bef0   0x00000008   Data   RW         4108    .data               sys_timerun.o
    0x2000004c   0x0800bef8   0x00000004   Data   RW         4566    .data               mc_w.l(errno.o)
    0x20000050        -       0x0000000c   Zero   RW         3324    .bss                bsp_keyled.o
    0x2000005c        -       0x00000820   Zero   RW         3439    .bss                bsp_uartrec.o
    0x2000087c        -       0x00000014   Zero   RW         3529    .bss                bsp_batvol.o
    0x20000890        -       0x00000260   Zero   RW         3649    .bss                bsp_gnssparse.o
    0x20000af0        -       0x000001bc   Zero   RW         3749    .bss                bsp_rdssparse.o
    0x20000cac   0x0800befc   0x00000004   PAD
    0x20000cb0        -       0x00000968   Zero   RW         3835    .bss                bsp_rdsssend.o
    0x20001618        -       0x000000d9   Zero   RW         3979    .bss                bsp_config.o
    0x200016f1   0x0800befc   0x00000007   PAD
    0x200016f8        -       0x00000400   Zero   RW          306    STACK               startup_at32f435_437.o


==============================================================================

Image component sizes


      Code (inc. data)   RO Data    RW Data    ZI Data      Debug   Object Name

       274          6          0          0          0       9206   api_common.o
       210          0          0          0          0       4954   api_fifo.o
       350          6          0          0          0       5560   at32f435_437_adc.o
       772        110         38          0          0      11315   at32f435_437_crm.o
       896         52          0          0          0       9743   at32f435_437_ertc.o
        40         10          0          0          0       1230   at32f435_437_exint.o
       376         40          0          0          0       5589   at32f435_437_flash.o
       214          0          0          0          0       5710   at32f435_437_gpio.o
       238         24          0          0          0      33699   at32f435_437_misc.o
        16          4          0          0          0        580   at32f435_437_pwc.o
       756         78          0          0          0       8126   at32f435_437_tmr.o
       382          8          0          0          0       7612   at32f435_437_usart.o
       586        124        200          8         20       6820   bsp_batvol.o
      1142        110          0          1        217      11564   bsp_config.o
      2190        306         33          6        608      11193   bsp_gnssparse.o
         4          0          0          0          0        471   bsp_init.o
      1064        248          0         12         12      12203   bsp_keyled.o
        20          4          0          0          0       1089   bsp_log.o
      1202        188         22          0        444       9377   bsp_rdssparse.o
      4096        772        864          0       2408      13345   bsp_rdsssend.o
       508         66          0          0       2080      10334   bsp_uartrec.o
       364         22          0          4          0       8926   hal_flash.o
       320         30          0          0          0      32014   hal_init.o
       714         70          0          0          0       9338   hal_keyled.o
       648         76          0          0          0       5873   hal_powmanage.o
       518         72          0         28          0       5081   hal_sleep.o
       964        126          0          4          0       8545   hal_uart.o
        30          0          0          0          0        499   main.o
        36          8        524          0       1024        896   startup_at32f435_437.o
       304         86          0          8          0       4118   sys_timerun.o
       264         42         22          4          0      79560   system_at32f435_437.o

    ----------------------------------------------------------------------
     19528       2688       1736         76       6824     334570   Object Totals
         0          0         32          0          0          0   (incl. Generated)
        30          0          1          1         11          0   (incl. Padding)

    ----------------------------------------------------------------------

      Code (inc. data)   RO Data    RW Data    ZI Data      Debug   Library Member Name

       864         94         80          0          0        280   asin.o
        56         12          0          0          0        132   atof.o
       200         20          0          0          0        164   cos.o
       368         46         48          0          0        200   cos_i.o
        84         16          0          0          0        372   dunder.o
        24          0          0          0          0        124   fabs.o
        48          0          0          0          0        124   fpclassify.o
       248          0          0          0          0        152   poly.o
      1080        142        200          0          0        188   rred.o
       304         24         40          0          0        208   sin_i.o
       232          0          0          0          0        296   sqrt.o
        56          8          0          0          0         84   __0sscanf.o
        28          0          0          0          0         68   _chval.o
       812          4          0          0          0        112   _scanf.o
       332          0          0          0          0         96   _scanf_int.o
        64          0          0          0          0         84   _sgetc.o
        40          6         64          0          0         68   ctype_c.o
         0          0          0          0          0          0   entry.o
         0          0          0          0          0          0   entry10a.o
         0          0          0          0          0          0   entry11a.o
         8          4          0          0          0          0   entry2.o
         4          0          0          0          0          0   entry5.o
         0          0          0          0          0          0   entry7b.o
         0          0          0          0          0          0   entry8b.o
         8          4          0          0          0          0   entry9a.o
        24         12          0          4          0        136   errno.o
        30          0          0          0          0          0   handlers.o
        36          8          0          0          0         68   init.o
        10          0          0          0          0         68   isspace_c.o
         0          0          0          0          0          0   iusefp.o
        30          0          0          0          0         68   llshl.o
        36          0          0          0          0         68   llsshr.o
        32          0          0          0          0         68   llushr.o
       140          6         12          0          0         76   localtime_i.o
        26          0          0          0          0         80   memcmp.o
        36          0          0          0          0         68   memcpya.o
        36          0          0          0          0        108   memseta.o
       168         18         12          0          0         80   mktime.o
      2308         96          0          0          0        604   printfa.o
        40          8          0          0          0         84   scanf_char.o
       878         12          0          0          0        216   scanf_fp.o
        14          0          0          0          0         68   strlen.o
       156         12          0          0          0        120   strtod.o
        44          0          0          0          0         80   uidiv.o
        98          0          0          0          0         92   uldiv.o
        48          0          0          0          0         68   cdcmple.o
        48          0          0          0          0         68   cdrcmple.o
        56          0          0          0          0         88   d2f.o
       334          0          0          0          0        148   dadd.o
       222          0          0          0          0        100   ddiv.o
       186          0          0          0          0        176   depilogue.o
        62          0          0          0          0         80   dfixi.o
        50          0          0          0          0         76   dfixui.o
        48          0          0          0          0         68   dfixul.o
        34          0          0          0          0         76   dflti.o
        26          0          0          0          0         76   dfltui.o
        24          0          0          0          0         76   dfltul.o
       228          0          0          0          0         96   dmul.o
       162          0          0          0          0        100   dsqrt.o
        38          0          0          0          0         68   f2d.o
       110          0          0          0          0        168   fepilogue.o

    ----------------------------------------------------------------------
     10704        552        460          4          0       6436   Library Totals
        26          0          4          0          0          0   (incl. Padding)

    ----------------------------------------------------------------------

      Code (inc. data)   RO Data    RW Data    ZI Data      Debug   Library Name

      3508        354        368          0          0       2240   m_wm.l
      5494        198         88          4          0       2664   mc_w.l
      1676          0          0          0          0       1532   mf_w.l

    ----------------------------------------------------------------------
     10704        552        460          4          0       6436   Library Totals

    ----------------------------------------------------------------------

==============================================================================


      Code (inc. data)   RO Data    RW Data    ZI Data      Debug   

     30232       3240       2196         80       6824     314322   Grand Totals
     30232       3240       2196         80       6824     314322   ELF Image Totals
     30232       3240       2196         80          0          0   ROM Totals

==============================================================================

    Total RO  Size (Code + RO Data)                32428 (  31.67kB)
    Total RW  Size (RW Data + ZI Data)              6904 (   6.74kB)
    Total ROM Size (Code + RO Data + RW Data)      32508 (  31.75kB)

==============================================================================

