Component: ARM Compiler 5.06 update 6 (build 750) Tool: armlink [4d35ed]

==============================================================================

Section Cross References

    api_common.o(i.TimeTurn) refers to mktime.o(.text) for mktime
    api_common.o(i.print_multi_hex_16) refers to printfa.o(i.__0printf) for __2printf
    api_common.o(i.print_multi_hex_32) refers to printfa.o(i.__0printf) for __2printf
    api_common.o(i.print_multi_hex_8) refers to printfa.o(i.__0printf) for __2printf
    api_common.o(i.print_single_hex_16) refers to printfa.o(i.__0printf) for __2printf
    api_common.o(i.print_single_hex_32) refers to printfa.o(i.__0printf) for __2printf
    api_common.o(i.print_single_hex_8) refers to printfa.o(i.__0printf) for __2printf
    api_fifo.o(i.lm_fifo_add_node_impolite) refers to api_fifo.o(i.lm_fifo_is_full) for lm_fifo_is_full
    api_fifo.o(i.lm_fifo_add_node_impolite) refers to api_fifo.o(i.lm_fifo_delete_node_for_ISR) for lm_fifo_delete_node_for_ISR
    api_fifo.o(i.lm_fifo_add_node_impolite) refers to memcpya.o(.text) for __aeabi_memcpy
    api_fifo.o(i.lm_fifo_init) refers to memseta.o(.text) for __aeabi_memclr
    main.o(i.main) refers to hal_init.o(i.Mcu_Hal_Init) for Mcu_Hal_Init
    main.o(i.main) refers to bsp_init.o(i.Fun_Bsp_Init) for Fun_Bsp_Init
    main.o(i.main) refers to bsp_task.o(i.Bsp_Task) for Bsp_Task
    main.o(i.main) refers to printfa.o(i.__0printf) for __2printf
    system_at32f435_437.o(i.system_core_clock_update) refers to at32f435_437_crm.o(i.crm_sysclk_switch_status_get) for crm_sysclk_switch_status_get
    system_at32f435_437.o(i.system_core_clock_update) refers to uldiv.o(.text) for __aeabi_uldivmod
    system_at32f435_437.o(i.system_core_clock_update) refers to system_at32f435_437.o(.data) for .data
    system_at32f435_437.o(i.system_core_clock_update) refers to system_at32f435_437.o(.constdata) for .constdata
    startup_at32f435_437.o(RESET) refers to startup_at32f435_437.o(STACK) for __initial_sp
    startup_at32f435_437.o(RESET) refers to startup_at32f435_437.o(.text) for Reset_Handler
    startup_at32f435_437.o(RESET) refers to at32f435_437_int.o(i.NMI_Handler) for NMI_Handler
    startup_at32f435_437.o(RESET) refers to at32f435_437_int.o(i.HardFault_Handler) for HardFault_Handler
    startup_at32f435_437.o(RESET) refers to at32f435_437_int.o(i.MemManage_Handler) for MemManage_Handler
    startup_at32f435_437.o(RESET) refers to at32f435_437_int.o(i.BusFault_Handler) for BusFault_Handler
    startup_at32f435_437.o(RESET) refers to at32f435_437_int.o(i.UsageFault_Handler) for UsageFault_Handler
    startup_at32f435_437.o(RESET) refers to include_port.o(.emb_text) for SVC_Handler
    startup_at32f435_437.o(RESET) refers to at32f435_437_int.o(i.DebugMon_Handler) for DebugMon_Handler
    startup_at32f435_437.o(RESET) refers to include_port.o(i.SysTick_Handler) for SysTick_Handler
    startup_at32f435_437.o(RESET) refers to hal_keyled.o(i.EXINT0_IRQHandler) for EXINT0_IRQHandler
    startup_at32f435_437.o(RESET) refers to hal_keyled.o(i.EXINT1_IRQHandler) for EXINT1_IRQHandler
    startup_at32f435_437.o(RESET) refers to hal_keyled.o(i.EXINT9_5_IRQHandler) for EXINT9_5_IRQHandler
    startup_at32f435_437.o(RESET) refers to bsp_uartrec.o(i.USART1_IRQHandler) for USART1_IRQHandler
    startup_at32f435_437.o(RESET) refers to bsp_uartrec.o(i.USART2_IRQHandler) for USART2_IRQHandler
    startup_at32f435_437.o(RESET) refers to bsp_uartrec.o(i.USART3_IRQHandler) for USART3_IRQHandler
    startup_at32f435_437.o(RESET) refers to hal_sleep.o(i.ERTCAlarm_IRQHandler) for ERTCAlarm_IRQHandler
    startup_at32f435_437.o(RESET) refers to hal_sleep.o(i.TMR5_GLOBAL_IRQHandler) for TMR5_GLOBAL_IRQHandler
    startup_at32f435_437.o(RESET) refers to bsp_uartrec.o(i.UART4_IRQHandler) for UART4_IRQHandler
    startup_at32f435_437.o(.text) refers to system_at32f435_437.o(i.SystemInit) for SystemInit
    startup_at32f435_437.o(.text) refers to entry.o(.ARM.Collect$$$$00000000) for __main
    at32f435_437_adc.o(i.adc_reset) refers to at32f435_437_crm.o(i.crm_periph_reset) for crm_periph_reset
    at32f435_437_crm.o(i.crm_clocks_freq_get) refers to at32f435_437_crm.o(i.crm_sysclk_switch_status_get) for crm_sysclk_switch_status_get
    at32f435_437_crm.o(i.crm_clocks_freq_get) refers to uldiv.o(.text) for __aeabi_uldivmod
    at32f435_437_crm.o(i.crm_clocks_freq_get) refers to at32f435_437_crm.o(.constdata) for .constdata
    at32f435_437_crm.o(i.crm_hext_stable_wait) refers to at32f435_437_crm.o(i.crm_flag_get) for crm_flag_get
    at32f435_437_crm.o(i.crm_hick_sclk_frequency_select) refers to at32f435_437_crm.o(i.crm_hick_divider_select) for crm_hick_divider_select
    at32f435_437_crm.o(i.crm_usb_clock_source_select) refers to at32f435_437_crm.o(i.crm_hick_sclk_frequency_select) for crm_hick_sclk_frequency_select
    at32f435_437_ertc.o(i.ertc_alarm_enable) refers to at32f435_437_ertc.o(i.ertc_write_protect_disable) for ertc_write_protect_disable
[...]
    _printf_a                                0x00000000   Number         0  stubs.o ABSOLUTE
    _printf_c                                0x00000000   Number         0  stubs.o ABSOLUTE
    _printf_charcount                        0x00000000   Number         0  stubs.o ABSOLUTE
    _printf_d                                0x00000000   Number         0  stubs.o ABSOLUTE
    _printf_e                                0x00000000   Number         0  stubs.o ABSOLUTE
    _printf_f                                0x00000000   Number         0  stubs.o ABSOLUTE
    _printf_flags                            0x00000000   Number         0  stubs.o ABSOLUTE
    _printf_fp_dec                           0x00000000   Number         0  stubs.o ABSOLUTE
    _printf_fp_hex                           0x00000000   Number         0  stubs.o ABSOLUTE
    _printf_g                                0x00000000   Number         0  stubs.o ABSOLUTE
    _printf_i                                0x00000000   Number         0  stubs.o ABSOLUTE
    _printf_int_dec                          0x00000000   Number         0  stubs.o ABSOLUTE
    _printf_l                                0x00000000   Number         0  stubs.o ABSOLUTE
    _printf_lc                               0x00000000   Number         0  stubs.o ABSOLUTE
    _printf_ll                               0x00000000   Number         0  stubs.o ABSOLUTE
    _printf_lld                              0x00000000   Number         0  stubs.o ABSOLUTE
    _printf_lli                              0x00000000   Number         0  stubs.o ABSOLUTE
    _printf_llo                              0x00000000   Number         0  stubs.o ABSOLUTE
    _printf_llu                              0x00000000   Number         0  stubs.o ABSOLUTE
    _printf_llx                              0x00000000   Number         0  stubs.o ABSOLUTE
    _printf_longlong_dec                     0x00000000   Number         0  stubs.o ABSOLUTE
    _printf_longlong_hex                     0x00000000   Number         0  stubs.o ABSOLUTE
    _printf_longlong_oct                     0x00000000   Number         0  stubs.o ABSOLUTE
    _printf_ls                               0x00000000   Number         0  stubs.o ABSOLUTE
    _printf_mbtowc                           0x00000000   Number         0  stubs.o ABSOLUTE
    _printf_n                                0x00000000   Number         0  stubs.o ABSOLUTE
    _printf_o                                0x00000000   Number         0  stubs.o ABSOLUTE
    _printf_p                                0x00000000   Number         0  stubs.o ABSOLUTE
    _printf_percent                          0x00000000   Number         0  stubs.o ABSOLUTE
    _printf_pre_padding                      0x00000000   Number         0  stubs.o ABSOLUTE
    _printf_return_value                     0x00000000   Number         0  stubs.o ABSOLUTE
    _printf_s                                0x00000000   Number         0  stubs.o ABSOLUTE
    _printf_sizespec                         0x00000000   Number         0  stubs.o ABSOLUTE
    _printf_str                              0x00000000   Number         0  stubs.o ABSOLUTE
    _printf_truncate_signed                  0x00000000   Number         0  stubs.o ABSOLUTE
    _printf_truncate_unsigned                0x00000000   Number         0  stubs.o ABSOLUTE
    _printf_u                                0x00000000   Number         0  stubs.o ABSOLUTE
    _printf_wc                               0x00000000   Number         0  stubs.o ABSOLUTE
    _printf_wctomb                           0x00000000   Number         0  stubs.o ABSOLUTE
    _printf_widthprec                        0x00000000   Number         0  stubs.o ABSOLUTE
    _printf_x                                0x00000000   Number         0  stubs.o ABSOLUTE
    __cpp_initialize__aeabi_                  - Undefined Weak Reference
    __cxa_finalize                            - Undefined Weak Reference
    __decompress                              - Undefined Weak Reference
    _clock_init                               - Undefined Weak Reference
    _microlib_exit                            - Undefined Weak Reference
    _scanf_longlong                           - Undefined Weak Reference
    _scanf_string                             - Undefined Weak Reference
    __Vectors_Size                           0x0000020c   Number         0  startup_at32f435_437.o ABSOLUTE
    __Vectors                                0x08004000   Data           4  startup_at32f435_437.o(RESET)
    __Vectors_End                            0x0800420c   Data           0  startup_at32f435_437.o(RESET)
    __main                                   0x0800420d   Thumb Code     0  entry.o(.ARM.Collect$$$$00000000)
    _main_stk                                0x0800420d   Thumb Code     0  entry2.o(.ARM.Collect$$$$00000001)
    _main_scatterload                        0x08004211   Thumb Code     0  entry5.o(.ARM.Collect$$$$00000004)
    __main_after_scatterload                 0x08004215   Thumb Code     0  entry5.o(.ARM.Collect$$$$00000004)
    _main_clock                              0x08004215   Thumb Code     0  entry7b.o(.ARM.Collect$$$$00000008)
    _main_cpp_init                           0x08004215   Thumb Code     0  entry8b.o(.ARM.Collect$$$$0000000A)
    _main_init                               0x08004215   Thumb Code     0  entry9a.o(.ARM.Collect$$$$0000000B)
    __rt_final_cpp                           0x0800421d   Thumb Code     0  entry10a.o(.ARM.Collect$$$$0000000D)
    __rt_final_exit                          0x0800421d   Thumb Code     0  entry11a.o(.ARM.Collect$$$$0000000F)
    SVC_Handler                              0x08004221   Thumb Code    28  include_port.o(.emb_text)
    __asm___14_include_port_c_39a90d8d__prvStartFirstTask 0x08004241   Thumb Code    36  include_port.o(.emb_text)
    __asm___14_include_port_c_39a90d8d__prvEnableVFP 0x08004269   Thumb Code    16  include_port.o(.emb_text)
    PendSV_Handler                           0x0800427d   Thumb Code    88  include_port.o(.emb_text)
    vPortGetIPSR                             0x080042d9   Thumb Code     6  include_port.o(.emb_text)
    Reset_Handler                            0x080042e1   Thumb Code     8  startup_at32f435_437.o(.text)
    ACC_IRQHandler                           0x080042fb   Thumb Code     0  startup_at32f435_437.o(.text)
    ADC1_2_3_IRQHandler                      0x080042fb   Thumb Code     0  startup_at32f435_437.o(.text)
    CAN1_RX0_IRQHandler                      0x080042fb   Thumb Code     0  startup_at32f435_437.o(.text)
    CAN1_RX1_IRQHandler                      0x080042fb   Thumb Code     0  startup_at32f435_437.o(.text)
    CAN1_SE_IRQHandler                       0x080042fb   Thumb Code     0  startup_at32f435_437.o(.text)
    CAN1_TX_IRQHandler                       0x080042fb   Thumb Code     0  startup_at32f435_437.o(.text)
    CAN2_RX0_IRQHandler                      0x080042fb   Thumb Code     0  startup_at32f435_437.o(.text)
    CAN2_RX1_IRQHandler                      0x080042fb   Thumb Code     0  startup_at32f435_437.o(.text)
    CAN2_SE_IRQHandler                       0x080042fb   Thumb Code     0  startup_at32f435_437.o(.text)
    CAN2_TX_IRQHandler                       0x080042fb   Thumb Code     0  startup_at32f435_437.o(.text)
    CRM_IRQHandler                           0x080042fb   Thumb Code     0  startup_at32f435_437.o(.text)
    DMA1_Channel1_IRQHandler                 0x080042fb   Thumb Code     0  startup_at32f435_437.o(.text)
    DMA1_Channel2_IRQHandler                 0x080042fb   Thumb Code     0  startup_at32f435_437.o(.text)
    DMA1_Channel3_IRQHandler                 0x080042fb   Thumb Code     0  startup_at32f435_437.o(.text)
    DMA1_Channel4_IRQHandler                 0x080042fb   Thumb Code     0  startup_at32f435_437.o(.text)
    DMA1_Channel5_IRQHandler                 0x080042fb   Thumb Code     0  startup_at32f435_437.o(.text)
    DMA1_Channel6_IRQHandler                 0x080042fb   Thumb Code     0  startup_at32f435_437.o(.text)
    DMA1_Channel7_IRQHandler                 0x080042fb   Thumb Code     0  startup_at32f435_437.o(.text)
    DMA2_Channel1_IRQHandler                 0x080042fb   Thumb Code     0  startup_at32f435_437.o(.text)
    DMA2_Channel2_IRQHandler                 0x080042fb   Thumb Code     0  startup_at32f435_437.o(.text)
    DMA2_Channel3_IRQHandler                 0x080042fb   Thumb Code     0  startup_at32f435_437.o(.text)
    DMA2_Channel4_IRQHandler                 0x080042fb   Thumb Code     0  startup_at32f435_437.o(.text)
    DMA2_Channel5_IRQHandler                 0x080042fb   Thumb Code     0  startup_at32f435_437.o(.text)
    DMA2_Channel6_IRQHandler                 0x080042fb   Thumb Code     0  startup_at32f435_437.o(.text)
    DMA2_Channel7_IRQHandler                 0x080042fb   Thumb Code     0  startup_at32f435_437.o(.text)
    DMAMUX_IRQHandler                        0x080042fb   Thumb Code     0  startup_at32f435_437.o(.text)
    DVP_IRQHandler                           0x080042fb   Thumb Code     0  startup_at32f435_437.o(.text)
    EDMA_Stream1_IRQHandler                  0x080042fb   Thumb Code     0  startup_at32f435_437.o(.text)
    EDMA_Stream2_IRQHandler                  0x080042fb   Thumb Code     0  startup_at32f435_437.o(.text)
    EDMA_Stream3_IRQHandler                  0x080042fb   Thumb Code     0  startup_at32f435_437.o(.text)
    EDMA_Stream4_IRQHandler                  0x080042fb   Thumb Code     0  startup_at32f435_437.o(.text)
    EDMA_Stream5_IRQHandler                  0x080042fb   Thumb Code     0  startup_at32f435_437.o(.text)
    EDMA_Stream6_IRQHandler                  0x080042fb   Thumb Code     0  startup_at32f435_437.o(.text)
    EDMA_Stream7_IRQHandler                  0x080042fb   Thumb Code     0  startup_at32f435_437.o(.text)
    EDMA_Stream8_IRQHandler                  0x080042fb   Thumb Code     0  startup_at32f435_437.o(.text)
    EMAC_IRQHandler                          0x080042fb   Thumb Code     0  startup_at32f435_437.o(.text)
    EMAC_WKUP_IRQHandler                     0x080042fb   Thumb Code     0  startup_at32f435_437.o(.text)
    ERTC_WKUP_IRQHandler                     0x080042fb   Thumb Code     0  startup_at32f435_437.o(.text)
    EXINT15_10_IRQHandler                    0x080042fb   Thumb Code     0  startup_at32f435_437.o(.text)
    EXINT2_IRQHandler                        0x080042fb   Thumb Code     0  startup_at32f435_437.o(.text)
    EXINT3_IRQHandler                        0x080042fb   Thumb Code     0  startup_at32f435_437.o(.text)
    EXINT4_IRQHandler                        0x080042fb   Thumb Code     0  startup_at32f435_437.o(.text)
    FLASH_IRQHandler                         0x080042fb   Thumb Code     0  startup_at32f435_437.o(.text)
    FPU_IRQHandler                           0x080042fb   Thumb Code     0  startup_at32f435_437.o(.text)
    I2C1_ERR_IRQHandler                      0x080042fb   Thumb Code     0  startup_at32f435_437.o(.text)
    I2C1_EVT_IRQHandler                      0x080042fb   Thumb Code     0  startup_at32f435_437.o(.text)
    I2C2_ERR_IRQHandler                      0x080042fb   Thumb Code     0  startup_at32f435_437.o(.text)
    I2C2_EVT_IRQHandler                      0x080042fb   Thumb Code     0  startup_at32f435_437.o(.text)
    I2C3_ERR_IRQHandler                      0x080042fb   Thumb Code     0  startup_at32f435_437.o(.text)
    I2C3_EVT_IRQHandler                      0x080042fb   Thumb Code     0  startup_at32f435_437.o(.text)
    OTGFS1_IRQHandler                        0x080042fb   Thumb Code     0  startup_at32f435_437.o(.text)
    OTGFS1_WKUP_IRQHandler                   0x080042fb   Thumb Code     0  startup_at32f435_437.o(.text)
    OTGFS2_IRQHandler                        0x080042fb   Thumb Code     0  startup_at32f435_437.o(.text)
    OTGFS2_WKUP_IRQHandler                   0x080042fb   Thumb Code     0  startup_at32f435_437.o(.text)
    PVM_IRQHandler                           0x080042fb   Thumb Code     0  startup_at32f435_437.o(.text)
    QSPI1_IRQHandler                         0x080042fb   Thumb Code     0  startup_at32f435_437.o(.text)
    QSPI2_IRQHandler                         0x080042fb   Thumb Code     0  startup_at32f435_437.o(.text)
    SDIO1_IRQHandler                         0x080042fb   Thumb Code     0  startup_at32f435_437.o(.text)
    SDIO2_IRQHandler                         0x080042fb   Thumb Code     0  startup_at32f435_437.o(.text)
    SPI1_IRQHandler                          0x080042fb   Thumb Code     0  startup_at32f435_437.o(.text)
    SPI2_I2S2EXT_IRQHandler                  0x080042fb   Thumb Code     0  startup_at32f435_437.o(.text)
    SPI3_I2S3EXT_IRQHandler                  0x080042fb   Thumb Code     0  startup_at32f435_437.o(.text)
    SPI4_IRQHandler                          0x080042fb   Thumb Code     0  startup_at32f435_437.o(.text)
    TAMP_STAMP_IRQHandler                    0x080042fb   Thumb Code     0  startup_at32f435_437.o(.text)
    TMR1_BRK_TMR9_IRQHandler                 0x080042fb   Thumb Code     0  startup_at32f435_437.o(.text)
    TMR1_CH_IRQHandler                       0x080042fb   Thumb Code     0  startup_at32f435_437.o(.text)
    TMR1_OVF_TMR10_IRQHandler                0x080042fb   Thumb Code     0  startup_at32f435_437.o(.text)
    TMR1_TRG_HALL_TMR11_IRQHandler           0x080042fb   Thumb Code     0  startup_at32f435_437.o(.text)
    TMR20_BRK_IRQHandler                     0x080042fb   Thumb Code     0  startup_at32f435_437.o(.text)
    TMR20_CH_IRQHandler                      0x080042fb   Thumb Code     0  startup_at32f435_437.o(.text)
    TMR20_OVF_IRQHandler                     0x080042fb   Thumb Code     0  startup_at32f435_437.o(.text)
    TMR20_TRG_HALL_IRQHandler                0x080042fb   Thumb Code     0  startup_at32f435_437.o(.text)
    TMR2_GLOBAL_IRQHandler                   0x080042fb   Thumb Code     0  startup_at32f435_437.o(.text)
    TMR3_GLOBAL_IRQHandler                   0x080042fb   Thumb Code     0  startup_at32f435_437.o(.text)
    TMR4_GLOBAL_IRQHandler                   0x080042fb   Thumb Code     0  startup_at32f435_437.o(.text)
    TMR6_DAC_GLOBAL_IRQHandler               0x080042fb   Thumb Code     0  startup_at32f435_437.o(.text)
    TMR7_GLOBAL_IRQHandler                   0x080042fb   Thumb Code     0  startup_at32f435_437.o(.text)
    TMR8_BRK_TMR12_IRQHandler                0x080042fb   Thumb Code     0  startup_at32f435_437.o(.text)
    TMR8_CH_IRQHandler                       0x080042fb   Thumb Code     0  startup_at32f435_437.o(.text)
    TMR8_OVF_TMR13_IRQHandler                0x080042fb   Thumb Code     0  startup_at32f435_437.o(.text)
    TMR8_TRG_HALL_TMR14_IRQHandler           0x080042fb   Thumb Code     0  startup_at32f435_437.o(.text)
    UART5_IRQHandler                         0x080042fb   Thumb Code     0  startup_at32f435_437.o(.text)
    UART7_IRQHandler                         0x080042fb   Thumb Code     0  startup_at32f435_437.o(.text)
    UART8_IRQHandler                         0x080042fb   Thumb Code     0  startup_at32f435_437.o(.text)
    USART6_IRQHandler                        0x080042fb   Thumb Code     0  startup_at32f435_437.o(.text)
    WWDT_IRQHandler                          0x080042fb   Thumb Code     0  startup_at32f435_437.o(.text)
    XMC_IRQHandler                           0x080042fb   Thumb Code     0  startup_at32f435_437.o(.text)
    __aeabi_uldivmod                         0x08004305   Thumb Code    98  uldiv.o(.text)
    mktime                                   0x08004369   Thumb Code   150  mktime.o(.text)
    __aeabi_memcpy                           0x08004411   Thumb Code    36  memcpya.o(.text)
    __aeabi_memcpy4                          0x08004411   Thumb Code     0  memcpya.o(.text)
    __aeabi_memcpy8                          0x08004411   Thumb Code     0  memcpya.o(.text)
    __aeabi_memset                           0x08004435   Thumb Code    14  memseta.o(.text)
    __aeabi_memset4                          0x08004435   Thumb Code     0  memseta.o(.text)
    __aeabi_memset8                          0x08004435   Thumb Code     0  memseta.o(.text)
    __aeabi_memclr                           0x08004443   Thumb Code     4  memseta.o(.text)
    __aeabi_memclr4                          0x08004443   Thumb Code     0  memseta.o(.text)
    __aeabi_memclr8                          0x08004443   Thumb Code     0  memseta.o(.text)
    memset                                   0x08004447   Thumb Code    18  memseta.o(.text)
    strlen                                   0x08004459   Thumb Code    14  strlen.o(.text)
    __aeabi_dadd                             0x08004467   Thumb Code   322  dadd.o(.text)
    __aeabi_dsub                             0x080045a9   Thumb Code     6  dadd.o(.text)
    __aeabi_drsub                            0x080045af   Thumb Code     6  dadd.o(.text)
    __aeabi_dmul                             0x080045b5   Thumb Code   228  dmul.o(.text)
    __aeabi_ddiv                             0x08004699   Thumb Code   222  ddiv.o(.text)
    __aeabi_ui2d                             0x08004777   Thumb Code    26  dfltui.o(.text)
    __aeabi_d2uiz                            0x08004791   Thumb Code    50  dfixui.o(.text)
    __aeabi_f2d                              0x080047c3   Thumb Code    38  f2d.o(.text)
    __aeabi_cdcmpeq                          0x080047e9   Thumb Code     0  cdcmple.o(.text)
    __aeabi_cdcmple                          0x080047e9   Thumb Code    48  cdcmple.o(.text)
    __aeabi_cdrcmple                         0x08004819   Thumb Code    48  cdrcmple.o(.text)
    __aeabi_d2f                              0x08004849   Thumb Code    56  d2f.o(.text)
    __aeabi_uidiv                            0x08004881   Thumb Code     0  uidiv.o(.text)
    __aeabi_uidivmod                         0x08004881   Thumb Code    44  uidiv.o(.text)
    __aeabi_llsl                             0x080048ad   Thumb Code    30  llshl.o(.text)
    _ll_shift_l                              0x080048ad   Thumb Code     0  llshl.o(.text)
    __aeabi_llsr                             0x080048cb   Thumb Code    32  llushr.o(.text)
    _ll_ushift_r                             0x080048cb   Thumb Code     0  llushr.o(.text)
    __aeabi_lasr                             0x080048eb   Thumb Code    36  llsshr.o(.text)
    _ll_sshift_r                             0x080048eb   Thumb Code     0  llsshr.o(.text)
    _localtime                               0x08004911   Thumb Code   134  localtime_i.o(.text)
    __I$use$fp                               0x0800499d   Thumb Code     0  iusefp.o(.text)
    _float_round                             0x0800499d   Thumb Code    18  fepilogue.o(.text)
    _float_epilogue                          0x080049af   Thumb Code    92  fepilogue.o(.text)
    _double_round                            0x08004a0b   Thumb Code    30  depilogue.o(.text)
    _double_epilogue                         0x08004a29   Thumb Code   156  depilogue.o(.text)
    __aeabi_d2ulz                            0x08004ac5   Thumb Code    48  dfixul.o(.text)
    __scatterload                            0x08004af5   Thumb Code    28  init.o(.text)
    __scatterload_rt2                        0x08004af5   Thumb Code     0  init.o(.text)
    ADConvert                                0x08004b19   Thumb Code    98  bsp_batvol.o(i.ADConvert)
    API_Check_Xor                            0x08004b85   Thumb Code    24  bsp_rdsssend.o(i.API_Check_Xor)
    API_Funftoa                              0x08004b9d   Thumb Code   264  bsp_rdsssend.o(i.API_Funftoa)
    API_Hex8_To_String                       0x08004cc5   Thumb Code    44  bsp_rdsssend.o(i.API_Hex8_To_String)
    Arithmetic_Average                       0x08004cf1   Thumb Code    50  bsp_batvol.o(i.Arithmetic_Average)
    Bat_Percent_function                     0x08004d23   Thumb Code    16  bsp_task.o(i.Bat_Percent_function)
    Bat_Vol_Display_function                 0x08004d33   Thumb Code    16  bsp_task.o(i.Bat_Vol_Display_function)
    Bps_Start_Always_Updata_BatVol_Percent   0x08004d45   Thumb Code    10  bsp_batvol.o(i.Bps_Start_Always_Updata_BatVol_Percent)
    Bps_Start_Once_Time_Updata_BatVol_Percent 0x08004d55   Thumb Code    16  bsp_batvol.o(i.Bps_Start_Once_Time_Updata_BatVol_Percent)
    Bsp_Add_Loca_Queue                       0x08004d69   Thumb Code  1576  bsp_rdsssend.o(i.Bsp_Add_Loca_Queue)
    Bsp_BDS_Data_Send                        0x08005391   Thumb Code    42  bsp_rdsssend.o(i.Bsp_BDS_Data_Send)
    Bsp_Bat_Vol_Display                      0x080053c1   Thumb Code    98  bsp_keyled.o(i.Bsp_Bat_Vol_Display)
    Bsp_Error_Led_Display                    0x08005429   Thumb Code    24  bsp_keyled.o(i.Bsp_Error_Led_Display)
    Bsp_Float_to_Buf                         0x08005445   Thumb Code    10  bsp_rdsssend.o(i.Bsp_Float_to_Buf)
    Bsp_GNSS_Init                            0x08005459   Thumb Code    14  bsp_gnssparse.o(i.Bsp_GNSS_Init)
    Bsp_GNSS_Parse_Init                      0x08005469   Thumb Code    32  bsp_gnssparse.o(i.Bsp_GNSS_Parse_Init)
    Bsp_GNSS_Split_Data_Init                 0x08005491   Thumb Code    52  bsp_gnssparse.o(i.Bsp_GNSS_Split_Data_Init)
    Bsp_Get_BatPercent                       0x080054cd   Thumb Code     6  bsp_batvol.o(i.Bsp_Get_BatPercent)
    Bsp_Get_Location                         0x080054d9   Thumb Code    62  bsp_gnssparse.o(i.Bsp_Get_Location)
    Bsp_Get_SloarVolFloat                    0x08005521   Thumb Code    32  bsp_batvol.o(i.Bsp_Get_SloarVolFloat)
    Bsp_Get_Sys_State                        0x0800554d   Thumb Code     6  bsp_keyled.o(i.Bsp_Get_Sys_State)
    Bsp_Get_Temp                             0x08005559   Thumb Code    76  bsp_batvol.o(i.Bsp_Get_Temp)
    Bsp_Get_Updata_Bat_Voltage_Once_State    0x080055d1   Thumb Code     6  bsp_batvol.o(i.Bsp_Get_Updata_Bat_Voltage_Once_State)
    Bsp_MagKey_Scan                          0x080055dd   Thumb Code    70  bsp_keyled.o(i.Bsp_MagKey_Scan)
    Bsp_Nor_SOS_SendCtrl                     0x08005631   Thumb Code   346  bsp_rdsssend.o(i.Bsp_Nor_SOS_SendCtrl)
    Bsp_Port_InforGet_Ctrl                   0x08005795   Thumb Code   166  bsp_config.o(i.Bsp_Port_InforGet_Ctrl)
    Bsp_Pull_SendCtrl                        0x08005845   Thumb Code   300  bsp_rdsssend.o(i.Bsp_Pull_SendCtrl)
    Bsp_RDSS_Init                            0x08005979   Thumb Code    14  bsp_rdssparse.o(i.Bsp_RDSS_Init)
    Bsp_RDSS_Parse_Init                      0x08005989   Thumb Code    34  bsp_rdssparse.o(i.Bsp_RDSS_Parse_Init)
    Bsp_RDSS_Split_Data_Init                 0x080059b1   Thumb Code     8  bsp_rdssparse.o(i.Bsp_RDSS_Split_Data_Init)
    Bsp_Rdss_Signal_Is_Ok                    0x080059bd   Thumb Code    16  bsp_rdssparse.o(i.Bsp_Rdss_Signal_Is_Ok)
    Bsp_Rdss_Tx_CCICR                        0x080059d1   Thumb Code    26  bsp_rdsssend.o(i.Bsp_Rdss_Tx_CCICR)
    Bsp_Rdss_Tx_CCTCQ                        0x08005a01   Thumb Code   332  bsp_rdsssend.o(i.Bsp_Rdss_Tx_CCTCQ)
    Bsp_Read_ID                              0x08005b71   Thumb Code     6  bsp_config.o(i.Bsp_Read_ID)
    Bsp_Start_Move_Mode                      0x08005b7d   Thumb Code    54  bsp_rdsssend.o(i.Bsp_Start_Move_Mode)
    Bsp_Start_Normal_Mode                    0x08005bbd   Thumb Code    54  bsp_rdsssend.o(i.Bsp_Start_Normal_Mode)
    Bsp_Start_PULL_Mode                      0x08005bfd   Thumb Code    54  bsp_rdsssend.o(i.Bsp_Start_PULL_Mode)
    Bsp_Start_SOS_Mode                       0x08005c3d   Thumb Code    54  bsp_rdsssend.o(i.Bsp_Start_SOS_Mode)
    Bsp_Sys_State_Ctrl                       0x08005c7d   Thumb Code   230  bsp_keyled.o(i.Bsp_Sys_State_Ctrl)
    Bsp_Task                                 0x08005d6d   Thumb Code    58  bsp_task.o(i.Bsp_Task)
    Bsp_Uart_Fifo_Init                       0x08005da9   Thumb Code    66  bsp_uartrec.o(i.Bsp_Uart_Fifo_Init)
    Bsp_Updata_Bat_Percent                   0x08005dfd   Thumb Code   138  bsp_batvol.o(i.Bsp_Updata_Bat_Percent)
    Bsp_Vbat_Chag_Ctrl                       0x08005e9d   Thumb Code   248  bsp_keyled.o(i.Bsp_Vbat_Chag_Ctrl)
    BusFault_Handler                         0x08005f99   Thumb Code     2  at32f435_437_int.o(i.BusFault_Handler)
    DebugMon_Handler                         0x08005f9b   Thumb Code     2  at32f435_437_int.o(i.DebugMon_Handler)
    ERTCAlarm_IRQHandler                     0x08005f9d   Thumb Code    34  hal_sleep.o(i.ERTCAlarm_IRQHandler)
    EXINT0_IRQHandler                        0x08005fbf   Thumb Code    24  hal_keyled.o(i.EXINT0_IRQHandler)
    EXINT1_IRQHandler                        0x08005fd7   Thumb Code    24  hal_keyled.o(i.EXINT1_IRQHandler)
    EXINT9_5_IRQHandler                      0x08005fef   Thumb Code    24  hal_keyled.o(i.EXINT9_5_IRQHandler)
    Error_Led_Display_function               0x08006007   Thumb Code    16  bsp_task.o(i.Error_Led_Display_function)
    Fun_Bsp_Init                             0x08006017   Thumb Code     4  bsp_init.o(i.Fun_Bsp_Init)
    Fundtoa                                  0x0800601d   Thumb Code    40  api_common.o(i.Fundtoa)
    Hal_ADC_Deinit                           0x08006045   Thumb Code    22  hal_powmanage.o(i.Hal_ADC_Deinit)
    Hal_BatVol_Init                          0x08006065   Thumb Code   208  hal_powmanage.o(i.Hal_BatVol_Init)
    Hal_Bat_Led_Display_Enable               0x08006145   Thumb Code    62  hal_keyled.o(i.Hal_Bat_Led_Display_Enable)
    Hal_Bat_Led_Heartbeat                    0x0800618d   Thumb Code    34  hal_keyled.o(i.Hal_Bat_Led_Heartbeat)
    Hal_Charge_Init                          0x080061b1   Thumb Code    90  hal_powmanage.o(i.Hal_Charge_Init)
    Hal_Error_Led_Display_Enable             0x08006211   Thumb Code    54  hal_keyled.o(i.Hal_Error_Led_Display_Enable)
    Hal_Flash_Read_Word                      0x0800624d   Thumb Code     4  hal_flash.o(i.Hal_Flash_Read_Word)
    Hal_Get_ADC1_Value                       0x08006251   Thumb Code     6  hal_powmanage.o(i.Hal_Get_ADC1_Value)
    Hal_Get_ADC2_Value                       0x0800625d   Thumb Code     6  hal_powmanage.o(i.Hal_Get_ADC2_Value)
    Hal_Get_BotKey_State                     0x08006269   Thumb Code    18  hal_keyled.o(i.Hal_Get_BotKey_State)
    Hal_Get_ChagFull_State                   0x08006281   Thumb Code    22  hal_powmanage.o(i.Hal_Get_ChagFull_State)
    Hal_Get_MagKey_State                     0x0800629d   Thumb Code    22  hal_keyled.o(i.Hal_Get_MagKey_State)
    Hal_Get_SideKey_State                    0x080062b9   Thumb Code    20  hal_keyled.o(i.Hal_Get_SideKey_State)
    Hal_Get_SlideKey_State                   0x080062d1   Thumb Code    18  hal_keyled.o(i.Hal_Get_SlideKey_State)
    Hal_Get_USB_In_State                     0x080062e9   Thumb Code    22  hal_powmanage.o(i.Hal_Get_USB_In_State)
    Hal_Key_Init                             0x08006305   Thumb Code    76  hal_keyled.o(i.Hal_Key_Init)
    Hal_Led_Init                             0x08006359   Thumb Code   146  hal_keyled.o(i.Hal_Led_Init)
    Hal_Pow_Switch_Init                      0x080063f9   Thumb Code   140  hal_powmanage.o(i.Hal_Pow_Switch_Init)
    Hal_RTC_init                             0x08006491   Thumb Code   118  hal_sleep.o(i.Hal_RTC_init)
    Hal_Start_VBat_ADC_Convert               0x08006511   Thumb Code    28  hal_powmanage.o(i.Hal_Start_VBat_ADC_Convert)
    Hal_Start_VSloar_ADC_Convert             0x08006531   Thumb Code    28  hal_powmanage.o(i.Hal_Start_VSloar_ADC_Convert)
    Hal_System_Clock_Init                    0x08006551   Thumb Code   230  hal_init.o(i.Hal_System_Clock_Init)
    Hal_Uart1_Deinit                         0x08006655   Thumb Code    26  hal_uart.o(i.Hal_Uart1_Deinit)
    Hal_Uart1_Init                           0x08006679   Thumb Code   146  hal_uart.o(i.Hal_Uart1_Init)
    Hal_Uart2_Init                           0x0800671d   Thumb Code   146  hal_uart.o(i.Hal_Uart2_Init)
    Hal_Uart3_Deinit                         0x080067c1   Thumb Code    26  hal_uart.o(i.Hal_Uart3_Deinit)
    Hal_Uart3_Init                           0x080067e5   Thumb Code   154  hal_uart.o(i.Hal_Uart3_Init)
    Hal_Uart4_Deinit                         0x08006891   Thumb Code    26  hal_uart.o(i.Hal_Uart4_Deinit)
    Hal_Uart4_Init                           0x080068b5   Thumb Code   146  hal_uart.o(i.Hal_Uart4_Init)
    HardFault_Handler                        0x08006959   Thumb Code     2  at32f435_437_int.o(i.HardFault_Handler)
    Heartbeat_BAT1_Led                       0x0800695d   Thumb Code    36  hal_keyled.o(i.Heartbeat_BAT1_Led)
    Heartbeat_BAT2_Led                       0x08006985   Thumb Code    36  hal_keyled.o(i.Heartbeat_BAT2_Led)
    Heartbeat_BAT3_Led                       0x080069ad   Thumb Code    36  hal_keyled.o(i.Heartbeat_BAT3_Led)
    Heartbeat_BAT4_Led                       0x080069d5   Thumb Code    32  hal_keyled.o(i.Heartbeat_BAT4_Led)
    Key_Start_Move_Mode                      0x080069f9   Thumb Code    10  bsp_keyled.o(i.Key_Start_Move_Mode)
    Key_Start_Normal_Mode                    0x08006a09   Thumb Code    10  bsp_keyled.o(i.Key_Start_Normal_Mode)
    Key_Start_PULL_Mode                      0x08006a19   Thumb Code    10  bsp_keyled.o(i.Key_Start_PULL_Mode)
    Key_Start_SOS_Mode                       0x08006a29   Thumb Code    10  bsp_keyled.o(i.Key_Start_SOS_Mode)
    MagKey_Scan_function                     0x08006a39   Thumb Code    12  bsp_task.o(i.MagKey_Scan_function)
    Mcu_Hal_Init                             0x08006a45   Thumb Code    64  hal_init.o(i.Mcu_Hal_Init)
    MemManage_Handler                        0x08006a85   Thumb Code     2  at32f435_437_int.o(i.MemManage_Handler)
    NMI_Handler                              0x08006a87   Thumb Code     2  at32f435_437_int.o(i.NMI_Handler)
    Nor_SOS_function                         0x08006a89   Thumb Code    16  bsp_task.o(i.Nor_SOS_function)
    Port_Checksum                            0x08006a99   Thumb Code    26  bsp_config.o(i.Port_Checksum)
    Port_InforGet_function                   0x08006ab3   Thumb Code    12  bsp_task.o(i.Port_InforGet_function)
    Port_Tx_Cmd_Pack                         0x08006ac1   Thumb Code    70  bsp_config.o(i.Port_Tx_Cmd_Pack)
    Pull_SendCtrl_function                   0x08006b0d   Thumb Code    16  bsp_task.o(i.Pull_SendCtrl_function)
    RTC_Fre_Calib                            0x08006b1d   Thumb Code    32  hal_sleep.o(i.RTC_Fre_Calib)
    SysTick_Handler                          0x08006b41   Thumb Code    38  include_port.o(i.SysTick_Handler)
    Sys_Start_Charge_Mode                    0x08006b6d   Thumb Code    24  bsp_keyled.o(i.Sys_Start_Charge_Mode)
    Sys_State_Ctrl_function                  0x08006b8d   Thumb Code    16  bsp_task.o(i.Sys_State_Ctrl_function)
    Sys_Stop_Charge_Mode                     0x08006b9d   Thumb Code    10  bsp_keyled.o(i.Sys_Stop_Charge_Mode)
    SystemInit                               0x08006bad   Thumb Code    92  system_at32f435_437.o(i.SystemInit)
    TMR5_GLOBAL_IRQHandler                   0x08006c19   Thumb Code    76  hal_sleep.o(i.TMR5_GLOBAL_IRQHandler)
    TimeTurn                                 0x08006c6d   Thumb Code   106  api_common.o(i.TimeTurn)
    UART4_IRQHandler                         0x08006cdd   Thumb Code    64  bsp_uartrec.o(i.UART4_IRQHandler)
    USART1_IRQHandler                        0x08006d25   Thumb Code    64  bsp_uartrec.o(i.USART1_IRQHandler)
    USART2_IRQHandler                        0x08006d6d   Thumb Code    64  bsp_uartrec.o(i.USART2_IRQHandler)
    USART3_IRQHandler                        0x08006db5   Thumb Code    64  bsp_uartrec.o(i.USART3_IRQHandler)
    UsageFault_Handler                       0x08006dfd   Thumb Code     2  at32f435_437_int.o(i.UsageFault_Handler)
    Vbat_Chag_Ctrl_function                  0x08006dff   Thumb Code    16  bsp_task.o(i.Vbat_Chag_Ctrl_function)
    __0printf                                0x08006e11   Thumb Code    22  printfa.o(i.__0printf)
    __1printf                                0x08006e11   Thumb Code     0  printfa.o(i.__0printf)
    __2printf                                0x08006e11   Thumb Code     0  printfa.o(i.__0printf)
    __c89printf                              0x08006e11   Thumb Code     0  printfa.o(i.__0printf)
    printf                                   0x08006e11   Thumb Code     0  printfa.o(i.__0printf)
    __0sprintf                               0x08006e31   Thumb Code    34  printfa.o(i.__0sprintf)
    __1sprintf                               0x08006e31   Thumb Code     0  printfa.o(i.__0sprintf)
    __2sprintf                               0x08006e31   Thumb Code     0  printfa.o(i.__0sprintf)
    __c89sprintf                             0x08006e31   Thumb Code     0  printfa.o(i.__0sprintf)
    sprintf                                  0x08006e31   Thumb Code     0  printfa.o(i.__0sprintf)
    __scatterload_copy                       0x08006e59   Thumb Code    14  handlers.o(i.__scatterload_copy)
    __scatterload_null                       0x08006e67   Thumb Code     2  handlers.o(i.__scatterload_null)
    __scatterload_zeroinit                   0x08006e69   Thumb Code    14  handlers.o(i.__scatterload_zeroinit)
    adc_base_config                          0x08007735   Thumb Code    44  at32f435_437_adc.o(i.adc_base_config)
    adc_base_default_para_init               0x08007761   Thumb Code    14  at32f435_437_adc.o(i.adc_base_default_para_init)
    adc_common_config                        0x08007771   Thumb Code   126  at32f435_437_adc.o(i.adc_common_config)
    adc_common_default_para_init             0x080077f5   Thumb Code    18  at32f435_437_adc.o(i.adc_common_default_para_init)
    adc_enable                               0x08007807   Thumb Code    10  at32f435_437_adc.o(i.adc_enable)
    adc_ordinary_channel_set                 0x08007811   Thumb Code   116  at32f435_437_adc.o(i.adc_ordinary_channel_set)
    adc_ordinary_conversion_data_get         0x08007885   Thumb Code     6  at32f435_437_adc.o(i.adc_ordinary_conversion_data_get)
    adc_ordinary_software_trigger_enable     0x0800788b   Thumb Code    10  at32f435_437_adc.o(i.adc_ordinary_software_trigger_enable)
    adc_task_function                        0x08007895   Thumb Code    12  bsp_task.o(i.adc_task_function)
    convert_str_to_hex                       0x080078a1   Thumb Code    72  api_common.o(i.convert_str_to_hex)
    crm_ahb_div_set                          0x080078e9   Thumb Code    12  at32f435_437_crm.o(i.crm_ahb_div_set)
    crm_apb1_div_set                         0x080078f9   Thumb Code    12  at32f435_437_crm.o(i.crm_apb1_div_set)
    crm_apb2_div_set                         0x08007909   Thumb Code    12  at32f435_437_crm.o(i.crm_apb2_div_set)
    crm_auto_step_mode_enable                0x08007919   Thumb Code    22  at32f435_437_crm.o(i.crm_auto_step_mode_enable)
    crm_battery_powered_domain_reset         0x08007935   Thumb Code    12  at32f435_437_crm.o(i.crm_battery_powered_domain_reset)
    crm_clock_source_enable                  0x08007945   Thumb Code    62  at32f435_437_crm.o(i.crm_clock_source_enable)
    crm_clocks_freq_get                      0x08007989   Thumb Code   164  at32f435_437_crm.o(i.crm_clocks_freq_get)
    crm_ertc_clock_enable                    0x08007a41   Thumb Code    12  at32f435_437_crm.o(i.crm_ertc_clock_enable)
    crm_ertc_clock_select                    0x08007a51   Thumb Code    26  at32f435_437_crm.o(i.crm_ertc_clock_select)
    crm_flag_get                             0x08007a71   Thumb Code    30  at32f435_437_crm.o(i.crm_flag_get)
    crm_hext_stable_wait                     0x08007a95   Thumb Code    40  at32f435_437_crm.o(i.crm_hext_stable_wait)
    crm_periph_clock_enable                  0x08007abd   Thumb Code    38  at32f435_437_crm.o(i.crm_periph_clock_enable)
    crm_periph_reset                         0x08007ae9   Thumb Code    38  at32f435_437_crm.o(i.crm_periph_reset)
    crm_pll_config                           0x08007b15   Thumb Code    52  at32f435_437_crm.o(i.crm_pll_config)
    crm_reset                                0x08007b4d   Thumb Code    74  at32f435_437_crm.o(i.crm_reset)
    crm_sysclk_switch                        0x08007ba5   Thumb Code    52  at32f435_437_crm.o(i.crm_sysclk_switch)
    crm_sysclk_switch_status_get             0x08007bdd   Thumb Code    10  at32f435_437_crm.o(i.crm_sysclk_switch_status_get)
    ertc_date_set                            0x08007bed   Thumb Code   116  at32f435_437_ertc.o(i.ertc_date_set)
    ertc_divider_set                         0x08007c65   Thumb Code    60  at32f435_437_ertc.o(i.ertc_divider_set)
    ertc_flag_clear                          0x08007ca5   Thumb Code    22  at32f435_437_ertc.o(i.ertc_flag_clear)
    ertc_hour_mode_set                       0x08007cc1   Thumb Code    52  at32f435_437_ertc.o(i.ertc_hour_mode_set)
    ertc_init_mode_enter                     0x08007cf9   Thumb Code    46  at32f435_437_ertc.o(i.ertc_init_mode_enter)
    ertc_interrupt_flag_get                  0x08007d2d   Thumb Code   116  at32f435_437_ertc.o(i.ertc_interrupt_flag_get)
    ertc_num_to_bcd                          0x08007da5   Thumb Code    22  at32f435_437_ertc.o(i.ertc_num_to_bcd)
    ertc_reset                               0x08007dbd   Thumb Code   116  at32f435_437_ertc.o(i.ertc_reset)
    ertc_time_set                            0x08007e39   Thumb Code   116  at32f435_437_ertc.o(i.ertc_time_set)
    ertc_wait_update                         0x08007eb1   Thumb Code    40  at32f435_437_ertc.o(i.ertc_wait_update)
    ertc_write_protect_disable               0x08007edd   Thumb Code    12  at32f435_437_ertc.o(i.ertc_write_protect_disable)
    exint_flag_clear                         0x08007eed   Thumb Code     6  at32f435_437_exint.o(i.exint_flag_clear)
    exint_interrupt_flag_get                 0x08007ef9   Thumb Code    24  at32f435_437_exint.o(i.exint_interrupt_flag_get)
    fputc                                    0x08007f15   Thumb Code    30  hal_uart.o(i.fputc)
    gpio_bits_reset                          0x08007f39   Thumb Code     4  at32f435_437_gpio.o(i.gpio_bits_reset)
    gpio_bits_set                            0x08007f3d   Thumb Code     4  at32f435_437_gpio.o(i.gpio_bits_set)
    gpio_bits_write                          0x08007f41   Thumb Code    10  at32f435_437_gpio.o(i.gpio_bits_write)
    gpio_default_para_init                   0x08007f4b   Thumb Code    20  at32f435_437_gpio.o(i.gpio_default_para_init)
    gpio_init                                0x08007f5f   Thumb Code   100  at32f435_437_gpio.o(i.gpio_init)
    gpio_input_data_bit_read                 0x08007fc3   Thumb Code    14  at32f435_437_gpio.o(i.gpio_input_data_bit_read)
    gpio_output_data_bit_read                0x08007fd1   Thumb Code    14  at32f435_437_gpio.o(i.gpio_output_data_bit_read)
    gpio_pin_mux_config                      0x08007fdf   Thumb Code    48  at32f435_437_gpio.o(i.gpio_pin_mux_config)
    infor_rep                                0x08008011   Thumb Code    98  bsp_config.o(i.infor_rep)
    lick_frequency_get                       0x08008079   Thumb Code   160  hal_sleep.o(i.lick_frequency_get)
    lm_fifo_add_node_impolite                0x08008129   Thumb Code    56  api_fifo.o(i.lm_fifo_add_node_impolite)
    lm_fifo_delete_node_for_ISR              0x08008161   Thumb Code    32  api_fifo.o(i.lm_fifo_delete_node_for_ISR)
    lm_fifo_init                             0x08008181   Thumb Code    38  api_fifo.o(i.lm_fifo_init)
    lm_fifo_is_full                          0x080081a7   Thumb Code    28  api_fifo.o(i.lm_fifo_is_full)
    main                                     0x080081c5   Thumb Code    24  main.o(i.main)
    nvic_irq_enable                          0x080081f5   Thumb Code   118  at32f435_437_misc.o(i.nvic_irq_enable)
    nvic_priority_group_config               0x08008271   Thumb Code    26  at32f435_437_misc.o(i.nvic_priority_group_config)
    nvic_vector_table_set                    0x08008295   Thumb Code    12  at32f435_437_misc.o(i.nvic_vector_table_set)
    pvPortMalloc                             0x080085cd   Thumb Code   228  heap_4.o(i.pvPortMalloc)
    pwc_battery_powered_domain_access        0x080086b5   Thumb Code    12  at32f435_437_pwc.o(i.pwc_battery_powered_domain_access)
    pxPortInitialiseStack                    0x080086c5   Thumb Code    40  include_port.o(i.pxPortInitialiseStack)
    setupADCTask                             0x080086f1   Thumb Code    40  bsp_task.o(i.setupADCTask)
    setupBatTask                             0x0800875d   Thumb Code    40  bsp_task.o(i.setupBatTask)
    setupBatVolDisplaytask                   0x080087d5   Thumb Code    40  bsp_task.o(i.setupBatVolDisplaytask)
    setupBspVbatChagCtrltask                 0x08008855   Thumb Code    40  bsp_task.o(i.setupBspVbatChagCtrltask)
    setupErrorLedDisplaytask                 0x080088d5   Thumb Code    40  bsp_task.o(i.setupErrorLedDisplaytask)
    setupMagKeyTask                          0x08008959   Thumb Code    40  bsp_task.o(i.setupMagKeyTask)
    setupNorSOSTask                          0x080089d9   Thumb Code    40  bsp_task.o(i.setupNorSOSTask)
    setupPortInforGetTask                    0x08008a51   Thumb Code    40  bsp_task.o(i.setupPortInforGetTask)
    setupPullSendCtrlTask                    0x08008ad1   Thumb Code    40  bsp_task.o(i.setupPullSendCtrlTask)
    setupSysStateCtrltask                    0x08008b51   Thumb Code    40  bsp_task.o(i.setupSysStateCtrltask)
    system_core_clock_update                 0x08008bd1   Thumb Code   130  system_at32f435_437.o(i.system_core_clock_update)
    systick_clock_source_config              0x08008c6d   Thumb Code    24  at32f435_437_misc.o(i.systick_clock_source_config)
    tmr_channel_value_get                    0x08008c85   Thumb Code    40  at32f435_437_tmr.o(i.tmr_channel_value_get)
    tmr_counter_enable                       0x08008cad   Thumb Code    10  at32f435_437_tmr.o(i.tmr_counter_enable)
    tmr_div_value_set                        0x08008cb7   Thumb Code     4  at32f435_437_tmr.o(i.tmr_div_value_set)
    tmr_event_sw_trigger                     0x08008cbb   Thumb Code     8  at32f435_437_tmr.o(i.tmr_event_sw_trigger)
    tmr_flag_clear                           0x08008cc3   Thumb Code     6  at32f435_437_tmr.o(i.tmr_flag_clear)
    tmr_input_channel_divider_set            0x08008cc9   Thumb Code    50  at32f435_437_tmr.o(i.tmr_input_channel_divider_set)
    tmr_input_channel_init                   0x08008cfb   Thumb Code   272  at32f435_437_tmr.o(i.tmr_input_channel_init)
    tmr_interrupt_enable                     0x08008e0b   Thumb Code    22  at32f435_437_tmr.o(i.tmr_interrupt_enable)
    tmr_interrupt_flag_get                   0x08008e21   Thumb Code    20  at32f435_437_tmr.o(i.tmr_interrupt_flag_get)
    tmr_iremap_config                        0x08008e35   Thumb Code    30  at32f435_437_tmr.o(i.tmr_iremap_config)
    tmr_reset                                0x08008e59   Thumb Code   224  at32f435_437_tmr.o(i.tmr_reset)
    uart3_tx_string                          0x08008f79   Thumb Code    46  hal_uart.o(i.uart3_tx_string)
    uart4_tx_string                          0x08008fad   Thumb Code    46  hal_uart.o(i.uart4_tx_string)
    usart_data_receive                       0x08008fe1   Thumb Code     6  at32f435_437_usart.o(i.usart_data_receive)
    usart_data_transmit                      0x08008fe7   Thumb Code     8  at32f435_437_usart.o(i.usart_data_transmit)
    usart_enable                             0x08008fef   Thumb Code    10  at32f435_437_usart.o(i.usart_enable)
    usart_flag_clear                         0x08008ff9   Thumb Code    16  at32f435_437_usart.o(i.usart_flag_clear)
    usart_flag_get                           0x08009009   Thumb Code    10  at32f435_437_usart.o(i.usart_flag_get)
    usart_init                               0x08009015   Thumb Code   124  at32f435_437_usart.o(i.usart_init)
    usart_interrupt_enable                   0x08009099   Thumb Code    30  at32f435_437_usart.o(i.usart_interrupt_enable)
    usart_interrupt_flag_get                 0x080090b7   Thumb Code   140  at32f435_437_usart.o(i.usart_interrupt_flag_get)
    usart_receiver_enable                    0x08009143   Thumb Code    10  at32f435_437_usart.o(i.usart_receiver_enable)
    usart_transmit_receive_pin_swap          0x0800914d   Thumb Code    10  at32f435_437_usart.o(i.usart_transmit_receive_pin_swap)
    usart_transmitter_enable                 0x08009157   Thumb Code    10  at32f435_437_usart.o(i.usart_transmitter_enable)
    uxListRemove                             0x08009161   Thumb Code    38  list.o(i.uxListRemove)
    vListInitialise                          0x08009187   Thumb Code    22  list.o(i.vListInitialise)
    vListInitialiseItem                      0x0800919d   Thumb Code     6  list.o(i.vListInitialiseItem)
    vListInsert                              0x080091a3   Thumb Code    48  list.o(i.vListInsert)
    vListInsertEnd                           0x080091d3   Thumb Code    24  list.o(i.vListInsertEnd)
    vPortEnterCritical                       0x080091ed   Thumb Code    54  include_port.o(i.vPortEnterCritical)
    vPortExitCritical                        0x0800922d   Thumb Code    34  include_port.o(i.vPortExitCritical)
    vPortFree                                0x08009255   Thumb Code    94  heap_4.o(i.vPortFree)
    vPortSetupTimerInterrupt                 0x080092b9   Thumb Code    32  include_port.o(i.vPortSetupTimerInterrupt)
    vTaskDelay                               0x080092dd   Thumb Code    66  tasks.o(i.vTaskDelay)
    vTaskStartScheduler                      0x08009329   Thumb Code    86  tasks.o(i.vTaskStartScheduler)
    vTaskSuspendAll                          0x08009391   Thumb Code    10  tasks.o(i.vTaskSuspendAll)
    vTaskSwitchContext                       0x080093a1   Thumb Code    82  tasks.o(i.vTaskSwitchContext)
    xPortStartScheduler                      0x080093fd   Thumb Code   222  include_port.o(i.xPortStartScheduler)
    xTaskCreate                              0x080094f1   Thumb Code    86  tasks.o(i.xTaskCreate)
    xTaskIncrementTick                       0x08009549   Thumb Code   194  tasks.o(i.xTaskIncrementTick)
    xTaskResumeAll                           0x08009615   Thumb Code   182  tasks.o(i.xTaskResumeAll)
    BufBAT                                   0x08009714   Data         200  bsp_batvol.o(.constdata)
    Region$$Table$$Base                      0x08009a3c   Number         0  anon$$obj.o(Region$$Table)
    Region$$Table$$Limit                     0x08009a5c   Number         0  anon$$obj.o(Region$$Table)
    system_core_clock                        0x20000000   Data           4  system_at32f435_437.o(.data)
    __stdout                                 0x20000004   Data           4  hal_uart.o(.data)
    systick_index                            0x20000008   Data           4  hal_sleep.o(.data)
    lick_freq                                0x2000000c   Data           4  hal_sleep.o(.data)
    capture_number                           0x20000010   Data           4  hal_sleep.o(.data)
    period_value                             0x20000014   Data           4  hal_sleep.o(.data)
    tmp_c4                                   0x20000018   Data           4  hal_sleep.o(.data)
    timertc                                  0x2000001c   Data           8  hal_sleep.o(.data)
    u8MagKey_State                           0x20000024   Data           1  bsp_keyled.o(.data)
    u8PowOnState                             0x20000025   Data           1  bsp_keyled.o(.data)
    u16MagKey_Count                          0x20000026   Data           2  bsp_keyled.o(.data)
    u16PercentB                              0x20000028   Data           2  bsp_keyled.o(.data)
    tVbatChag_Ctrl                           0x2000002a   Data           6  bsp_keyled.o(.data)
    tBatVolCtrl                              0x20000030   Data           8  bsp_batvol.o(.data)
    u16LocaTempNum                           0x20000038   Data           2  bsp_gnssparse.o(.data)
    u16LocaValidNum                          0x2000003a   Data           2  bsp_gnssparse.o(.data)
    u16LocaValidNum_B                        0x2000003c   Data           2  bsp_gnssparse.o(.data)
    adc_task                                 0x20000040   Data           4  bsp_task.o(.data)
    Bat_Percent                              0x20000044   Data           4  bsp_task.o(.data)
    MagKey_Scan                              0x20000048   Data           4  bsp_task.o(.data)
    Port_InforGet                            0x2000004c   Data           4  bsp_task.o(.data)
    Nor_SOS                                  0x20000050   Data           4  bsp_task.o(.data)
    Pull_SendCtrl                            0x20000054   Data           4  bsp_task.o(.data)
    Bat_Vol_Display                          0x20000058   Data           4  bsp_task.o(.data)
    Sys_State_Ctrl                           0x2000005c   Data           4  bsp_task.o(.data)
    Vbat_Chag_Ctrl                           0x20000060   Data           4  bsp_task.o(.data)
    Error_Led_Display                        0x20000064   Data           4  bsp_task.o(.data)
    pxCurrentTCB                             0x20000068   Data           4  tasks.o(.data)
    uxTopUsedPriority                        0x20000098   Data           4  tasks.o(.data)
    tSysState_Ctrl                           0x200000d4   Data          12  bsp_keyled.o(.bss)
    uart1_rx_fifo_ctrl                       0x200000e0   Data          20  bsp_uartrec.o(.bss)
    uart2_rx_fifo_ctrl                       0x200000f4   Data          20  bsp_uartrec.o(.bss)
    uart3_rx_fifo_ctrl                       0x20000108   Data          20  bsp_uartrec.o(.bss)
    uart4_rx_fifo_ctrl                       0x2000011c   Data          20  bsp_uartrec.o(.bss)
    uart1_rx_buf                             0x20000130   Data         500  bsp_uartrec.o(.bss)
    uart2_rx_buf                             0x20000324   Data         500  bsp_uartrec.o(.bss)
    uart3_rx_buf                             0x20000518   Data         500  bsp_uartrec.o(.bss)
    uart4_rx_buf                             0x2000070c   Data         500  bsp_uartrec.o(.bss)
    tADCFilter                               0x20000900   Data          20  bsp_batvol.o(.bss)
    tGNSSRxCtrl                              0x20000918   Data         204  bsp_gnssparse.o(.bss)
    tRMCParseData                            0x200009e8   Data          56  bsp_gnssparse.o(.bss)
    tCharRMCdata                             0x20000a20   Data          63  bsp_gnssparse.o(.bss)
    tGNSSdataCtr                             0x20000a60   Data          40  bsp_gnssparse.o(.bss)
    tGNSSdataTmp                             0x20000a88   Data          40  bsp_gnssparse.o(.bss)
    Buf_GnssSplit                            0x20000ab0   Data         200  bsp_gnssparse.o(.bss)
    tRdssSignal                              0x20000b78   Data          40  bsp_rdssparse.o(.bss)
    tRDSSRxCtrl                              0x20000ba0   Data         204  bsp_rdssparse.o(.bss)
    Buf_RdssSplit                            0x20000c6c   Data         200  bsp_rdssparse.o(.bss)
    tSendCtrl                                0x20000d38   Data         408  bsp_rdsssend.o(.bss)
    SendBuf                                  0x20000ed0   Data        2000  bsp_rdsssend.o(.bss)
    u8TxPORTBuf                              0x200016a0   Data         100  bsp_config.o(.bss)
    tInforGet                                0x20001704   Data          16  bsp_config.o(.bss)
    tPortRxCtrl                              0x20001714   Data         101  bsp_config.o(.bss)
    __initial_sp                             0x20003c48   Data           0  startup_at32f435_437.o(STACK)



==============================================================================

Memory Map of the image

  Image Entry point : 0x0800420d

  Load Region LR_IROM1 (Base: 0x08004000, Size: 0x00005b30, Max: 0x000fb000, ABSOLUTE)

    Execution Region ER_IROM1 (Exec base: 0x08004000, Load base: 0x08004000, Size: 0x00005a5c, Max: 0x000fb000, ABSOLUTE)

    Exec Addr    Load Addr    Size         Type   Attr      Idx    E Section Name        Object

    0x08004000   0x08004000   0x0000020c   Data   RO          391    RESET               startup_at32f435_437.o
    0x0800420c   0x0800420c   0x00000000   Code   RO         5286  * .ARM.Collect$$$$00000000  mc_w.l(entry.o)
    0x0800420c   0x0800420c   0x00000004   Code   RO         5627    .ARM.Collect$$$$00000001  mc_w.l(entry2.o)
    0x08004210   0x08004210   0x00000004   Code   RO         5630    .ARM.Collect$$$$00000004  mc_w.l(entry5.o)
    0x08004214   0x08004214   0x00000000   Code   RO         5632    .ARM.Collect$$$$00000008  mc_w.l(entry7b.o)
    0x08004214   0x08004214   0x00000000   Code   RO         5634    .ARM.Collect$$$$0000000A  mc_w.l(entry8b.o)
    0x08004214   0x08004214   0x00000008   Code   RO         5635    .ARM.Collect$$$$0000000B  mc_w.l(entry9a.o)
    0x0800421c   0x0800421c   0x00000000   Code   RO         5637    .ARM.Collect$$$$0000000D  mc_w.l(entry10a.o)
    0x0800421c   0x0800421c   0x00000000   Code   RO         5639    .ARM.Collect$$$$0000000F  mc_w.l(entry11a.o)
    0x0800421c   0x0800421c   0x00000004   Code   RO         5628    .ARM.Collect$$$$00002712  mc_w.l(entry2.o)
    0x08004220   0x08004220   0x000000be   Code   RO         5162    .emb_text           include_port.o
    0x080042de   0x080042de   0x00000002   PAD
    0x080042e0   0x080042e0   0x00000024   Code   RO          392    .text               startup_at32f435_437.o
    0x08004304   0x08004304   0x00000062   Code   RO         5289    .text               mc_w.l(uldiv.o)
    0x08004366   0x08004366   0x00000002   PAD
    0x08004368   0x08004368   0x000000a8   Code   RO         5291    .text               mc_w.l(mktime.o)
    0x08004410   0x08004410   0x00000024   Code   RO         5294    .text               mc_w.l(memcpya.o)
    0x08004434   0x08004434   0x00000024   Code   RO         5298    .text               mc_w.l(memseta.o)
    0x08004458   0x08004458   0x0000000e   Code   RO         5300    .text               mc_w.l(strlen.o)
    0x08004466   0x08004466   0x0000014e   Code   RO         5571    .text               mf_w.l(dadd.o)
    0x080045b4   0x080045b4   0x000000e4   Code   RO         5573    .text               mf_w.l(dmul.o)
    0x08004698   0x08004698   0x000000de   Code   RO         5575    .text               mf_w.l(ddiv.o)
    0x08004776   0x08004776   0x0000001a   Code   RO         5577    .text               mf_w.l(dfltui.o)
    0x08004790   0x08004790   0x00000032   Code   RO         5579    .text               mf_w.l(dfixui.o)
    0x080047c2   0x080047c2   0x00000026   Code   RO         5581    .text               mf_w.l(f2d.o)
    0x080047e8   0x080047e8   0x00000030   Code   RO         5583    .text               mf_w.l(cdcmple.o)
    0x08004818   0x08004818   0x00000030   Code   RO         5585    .text               mf_w.l(cdrcmple.o)
    0x08004848   0x08004848   0x00000038   Code   RO         5587    .text               mf_w.l(d2f.o)
    0x08004880   0x08004880   0x0000002c   Code   RO         5641    .text               mc_w.l(uidiv.o)
    0x080048ac   0x080048ac   0x0000001e   Code   RO         5643    .text               mc_w.l(llshl.o)
    0x080048ca   0x080048ca   0x00000020   Code   RO         5645    .text               mc_w.l(llushr.o)
    0x080048ea   0x080048ea   0x00000024   Code   RO         5647    .text               mc_w.l(llsshr.o)
    0x0800490e   0x0800490e   0x00000002   PAD
    0x08004910   0x08004910   0x0000008c   Code   RO         5652    .text               mc_w.l(localtime_i.o)
    0x0800499c   0x0800499c   0x00000000   Code   RO         5670    .text               mc_w.l(iusefp.o)
    0x0800499c   0x0800499c   0x0000006e   Code   RO         5671    .text               mf_w.l(fepilogue.o)
    0x08004a0a   0x08004a0a   0x000000ba   Code   RO         5673    .text               mf_w.l(depilogue.o)
    0x08004ac4   0x08004ac4   0x00000030   Code   RO         5679    .text               mf_w.l(dfixul.o)
    0x08004af4   0x08004af4   0x00000024   Code   RO         5681    .text               mc_w.l(init.o)
    0x08004b18   0x08004b18   0x0000006c   Code   RO         3587    i.ADConvert         bsp_batvol.o
    0x08004b84   0x08004b84   0x00000018   Code   RO         3889    i.API_Check_Xor     bsp_rdsssend.o
    0x08004b9c   0x08004b9c   0x00000128   Code   RO         3890    i.API_Funftoa       bsp_rdsssend.o
    0x08004cc4   0x08004cc4   0x0000002c   Code   RO         3891    i.API_Hex8_To_String  bsp_rdsssend.o
    0x08004cf0   0x08004cf0   0x00000032   Code   RO         3588    i.Arithmetic_Average  bsp_batvol.o
    0x08004d22   0x08004d22   0x00000010   Code   RO         4156    i.Bat_Percent_function  bsp_task.o
    0x08004d32   0x08004d32   0x00000010   Code   RO         4157    i.Bat_Vol_Display_function  bsp_task.o
    0x08004d42   0x08004d42   0x00000002   PAD
    0x08004d44   0x08004d44   0x00000010   Code   RO         3589    i.Bps_Start_Always_Updata_BatVol_Percent  bsp_batvol.o
    0x08004d54   0x08004d54   0x00000014   Code   RO         3590    i.Bps_Start_Once_Time_Updata_BatVol_Percent  bsp_batvol.o
    0x08004d68   0x08004d68   0x00000628   Code   RO         3892    i.Bsp_Add_Loca_Queue  bsp_rdsssend.o
    0x08005390   0x08005390   0x00000030   Code   RO         3893    i.Bsp_BDS_Data_Send  bsp_rdsssend.o
    0x080053c0   0x080053c0   0x00000068   Code   RO         3386    i.Bsp_Bat_Vol_Display  bsp_keyled.o
    0x08005428   0x08005428   0x0000001c   Code   RO         3387    i.Bsp_Error_Led_Display  bsp_keyled.o
    0x08005444   0x08005444   0x00000014   Code   RO         3894    i.Bsp_Float_to_Buf  bsp_rdsssend.o
    0x08005458   0x08005458   0x0000000e   Code   RO         3710    i.Bsp_GNSS_Init     bsp_gnssparse.o
    0x08005466   0x08005466   0x00000002   PAD
    0x08005468   0x08005468   0x00000028   Code   RO         3711    i.Bsp_GNSS_Parse_Init  bsp_gnssparse.o
    0x08005490   0x08005490   0x0000003c   Code   RO         3712    i.Bsp_GNSS_Split_Data_Init  bsp_gnssparse.o
    0x080054cc   0x080054cc   0x0000000c   Code   RO         3593    i.Bsp_Get_BatPercent  bsp_batvol.o
    0x080054d8   0x080054d8   0x00000048   Code   RO         3713    i.Bsp_Get_Location  bsp_gnssparse.o
    0x08005520   0x08005520   0x0000002c   Code   RO         3597    i.Bsp_Get_SloarVolFloat  bsp_batvol.o
    0x0800554c   0x0800554c   0x0000000c   Code   RO         3389    i.Bsp_Get_Sys_State  bsp_keyled.o
    0x08005558   0x08005558   0x00000078   Code   RO         3598    i.Bsp_Get_Temp      bsp_batvol.o
    0x080055d0   0x080055d0   0x0000000c   Code   RO         3599    i.Bsp_Get_Updata_Bat_Voltage_Once_State  bsp_batvol.o
    0x080055dc   0x080055dc   0x00000054   Code   RO         3390    i.Bsp_MagKey_Scan   bsp_keyled.o
    0x08005630   0x08005630   0x00000164   Code   RO         3896    i.Bsp_Nor_SOS_SendCtrl  bsp_rdsssend.o
    0x08005794   0x08005794   0x000000b0   Code   RO         4032    i.Bsp_Port_InforGet_Ctrl  bsp_config.o
    0x08005844   0x08005844   0x00000134   Code   RO         3897    i.Bsp_Pull_SendCtrl  bsp_rdsssend.o
    0x08005978   0x08005978   0x0000000e   Code   RO         3809    i.Bsp_RDSS_Init     bsp_rdssparse.o
    0x08005986   0x08005986   0x00000002   PAD
    0x08005988   0x08005988   0x00000028   Code   RO         3810    i.Bsp_RDSS_Parse_Init  bsp_rdssparse.o
    0x080059b0   0x080059b0   0x0000000c   Code   RO         3811    i.Bsp_RDSS_Split_Data_Init  bsp_rdssparse.o
    0x080059bc   0x080059bc   0x00000014   Code   RO         3816    i.Bsp_Rdss_Signal_Is_Ok  bsp_rdssparse.o
    0x080059d0   0x080059d0   0x00000030   Code   RO         3898    i.Bsp_Rdss_Tx_CCICR  bsp_rdsssend.o
    0x08005a00   0x08005a00   0x00000170   Code   RO         3899    i.Bsp_Rdss_Tx_CCTCQ  bsp_rdsssend.o
    0x08005b70   0x08005b70   0x0000000c   Code   RO         4035    i.Bsp_Read_ID       bsp_config.o
    0x08005b7c   0x08005b7c   0x00000040   Code   RO         3901    i.Bsp_Start_Move_Mode  bsp_rdsssend.o
    0x08005bbc   0x08005bbc   0x00000040   Code   RO         3902    i.Bsp_Start_Normal_Mode  bsp_rdsssend.o
    0x08005bfc   0x08005bfc   0x00000040   Code   RO         3903    i.Bsp_Start_PULL_Mode  bsp_rdsssend.o
    0x08005c3c   0x08005c3c   0x00000040   Code   RO         3904    i.Bsp_Start_SOS_Mode  bsp_rdsssend.o
    0x08005c7c   0x08005c7c   0x000000f0   Code   RO         3392    i.Bsp_Sys_State_Ctrl  bsp_keyled.o
    0x08005d6c   0x08005d6c   0x0000003a   Code   RO         4158    i.Bsp_Task          bsp_task.o
    0x08005da6   0x08005da6   0x00000002   PAD
    0x08005da8   0x08005da8   0x00000054   Code   RO         3510    i.Bsp_Uart_Fifo_Init  bsp_uartrec.o
    0x08005dfc   0x08005dfc   0x000000a0   Code   RO         3601    i.Bsp_Updata_Bat_Percent  bsp_batvol.o
    0x08005e9c   0x08005e9c   0x000000fc   Code   RO         3393    i.Bsp_Vbat_Chag_Ctrl  bsp_keyled.o
    0x08005f98   0x08005f98   0x00000002   Code   RO         5108    i.BusFault_Handler  at32f435_437_int.o
    0x08005f9a   0x08005f9a   0x00000002   Code   RO         5109    i.DebugMon_Handler  at32f435_437_int.o
    0x08005f9c   0x08005f9c   0x00000022   Code   RO         3185    i.ERTCAlarm_IRQHandler  hal_sleep.o
    0x08005fbe   0x08005fbe   0x00000018   Code   RO         2769    i.EXINT0_IRQHandler  hal_keyled.o
    0x08005fd6   0x08005fd6   0x00000018   Code   RO         2770    i.EXINT1_IRQHandler  hal_keyled.o
    0x08005fee   0x08005fee   0x00000018   Code   RO         2771    i.EXINT9_5_IRQHandler  hal_keyled.o
    0x08006006   0x08006006   0x00000010   Code   RO         4159    i.Error_Led_Display_function  bsp_task.o
    0x08006016   0x08006016   0x00000004   Code   RO         3693    i.Fun_Bsp_Init      bsp_init.o
    0x0800601a   0x0800601a   0x00000002   PAD
    0x0800601c   0x0800601c   0x00000028   Code   RO            1    i.Fundtoa           api_common.o
    0x08006044   0x08006044   0x00000020   Code   RO         2968    i.Hal_ADC_Deinit    hal_powmanage.o
    0x08006064   0x08006064   0x000000e0   Code   RO         2969    i.Hal_BatVol_Init   hal_powmanage.o
    0x08006144   0x08006144   0x00000048   Code   RO         2772    i.Hal_Bat_Led_Display_Enable  hal_keyled.o
    0x0800618c   0x0800618c   0x00000022   Code   RO         2773    i.Hal_Bat_Led_Heartbeat  hal_keyled.o
    0x080061ae   0x080061ae   0x00000002   PAD
    0x080061b0   0x080061b0   0x00000060   Code   RO         2970    i.Hal_Charge_Init   hal_powmanage.o
    0x08006210   0x08006210   0x0000003c   Code   RO         2774    i.Hal_Error_Led_Display_Enable  hal_keyled.o
    0x0800624c   0x0800624c   0x00000004   Code   RO         3315    i.Hal_Flash_Read_Word  hal_flash.o
    0x08006250   0x08006250   0x0000000c   Code   RO         2971    i.Hal_Get_ADC1_Value  hal_powmanage.o
    0x0800625c   0x0800625c   0x0000000c   Code   RO         2972    i.Hal_Get_ADC2_Value  hal_powmanage.o
    0x08006268   0x08006268   0x00000018   Code   RO         2781    i.Hal_Get_BotKey_State  hal_keyled.o
    0x08006280   0x08006280   0x0000001c   Code   RO         2973    i.Hal_Get_ChagFull_State  hal_powmanage.o
    0x0800629c   0x0800629c   0x0000001c   Code   RO         2782    i.Hal_Get_MagKey_State  hal_keyled.o
    0x080062b8   0x080062b8   0x00000018   Code   RO         2783    i.Hal_Get_SideKey_State  hal_keyled.o
    0x080062d0   0x080062d0   0x00000018   Code   RO         2784    i.Hal_Get_SlideKey_State  hal_keyled.o
    0x080062e8   0x080062e8   0x0000001c   Code   RO         2974    i.Hal_Get_USB_In_State  hal_powmanage.o
    0x08006304   0x08006304   0x00000054   Code   RO         2785    i.Hal_Key_Init      hal_keyled.o
    0x08006358   0x08006358   0x000000a0   Code   RO         2786    i.Hal_Led_Init      hal_keyled.o
    0x080063f8   0x080063f8   0x00000098   Code   RO         2975    i.Hal_Pow_Switch_Init  hal_powmanage.o
    0x08006490   0x08006490   0x00000080   Code   RO         3192    i.Hal_RTC_init      hal_sleep.o
    0x08006510   0x08006510   0x00000020   Code   RO         2976    i.Hal_Start_VBat_ADC_Convert  hal_powmanage.o
    0x08006530   0x08006530   0x00000020   Code   RO         2977    i.Hal_Start_VSloar_ADC_Convert  hal_powmanage.o
    0x08006550   0x08006550   0x00000104   Code   RO         2919    i.Hal_System_Clock_Init  hal_init.o
    0x08006654   0x08006654   0x00000024   Code   RO         3046    i.Hal_Uart1_Deinit  hal_uart.o
    0x08006678   0x08006678   0x000000a4   Code   RO         3047    i.Hal_Uart1_Init    hal_uart.o
    0x0800671c   0x0800671c   0x000000a4   Code   RO         3049    i.Hal_Uart2_Init    hal_uart.o
    0x080067c0   0x080067c0   0x00000024   Code   RO         3050    i.Hal_Uart3_Deinit  hal_uart.o
    0x080067e4   0x080067e4   0x000000ac   Code   RO         3051    i.Hal_Uart3_Init    hal_uart.o
    0x08006890   0x08006890   0x00000024   Code   RO         3052    i.Hal_Uart4_Deinit  hal_uart.o
    0x080068b4   0x080068b4   0x000000a4   Code   RO         3053    i.Hal_Uart4_Init    hal_uart.o
    0x08006958   0x08006958   0x00000002   Code   RO         5110    i.HardFault_Handler  at32f435_437_int.o
    0x0800695a   0x0800695a   0x00000002   PAD
    0x0800695c   0x0800695c   0x00000028   Code   RO         2787    i.Heartbeat_BAT1_Led  hal_keyled.o
    0x08006984   0x08006984   0x00000028   Code   RO         2788    i.Heartbeat_BAT2_Led  hal_keyled.o
    0x080069ac   0x080069ac   0x00000028   Code   RO         2789    i.Heartbeat_BAT3_Led  hal_keyled.o
    0x080069d4   0x080069d4   0x00000024   Code   RO         2790    i.Heartbeat_BAT4_Led  hal_keyled.o
    0x080069f8   0x080069f8   0x00000010   Code   RO         3394    i.Key_Start_Move_Mode  bsp_keyled.o
    0x08006a08   0x08006a08   0x00000010   Code   RO         3395    i.Key_Start_Normal_Mode  bsp_keyled.o
    0x08006a18   0x08006a18   0x00000010   Code   RO         3396    i.Key_Start_PULL_Mode  bsp_keyled.o
    0x08006a28   0x08006a28   0x00000010   Code   RO         3397    i.Key_Start_SOS_Mode  bsp_keyled.o
    0x08006a38   0x08006a38   0x0000000c   Code   RO         4160    i.MagKey_Scan_function  bsp_task.o
    0x08006a44   0x08006a44   0x00000040   Code   RO         2920    i.Mcu_Hal_Init      hal_init.o
    0x08006a84   0x08006a84   0x00000002   Code   RO         5111    i.MemManage_Handler  at32f435_437_int.o
    0x08006a86   0x08006a86   0x00000002   Code   RO         5112    i.NMI_Handler       at32f435_437_int.o
    0x08006a88   0x08006a88   0x00000010   Code   RO         4161    i.Nor_SOS_function  bsp_task.o
    0x08006a98   0x08006a98   0x0000001a   Code   RO         4038    i.Port_Checksum     bsp_config.o
    0x08006ab2   0x08006ab2   0x0000000c   Code   RO         4162    i.Port_InforGet_function  bsp_task.o
    0x08006abe   0x08006abe   0x00000002   PAD
    0x08006ac0   0x08006ac0   0x0000004c   Code   RO         4040    i.Port_Tx_Cmd_Pack  bsp_config.o
    0x08006b0c   0x08006b0c   0x00000010   Code   RO         4163    i.Pull_SendCtrl_function  bsp_task.o
    0x08006b1c   0x08006b1c   0x00000024   Code   RO         3196    i.RTC_Fre_Calib     hal_sleep.o
    0x08006b40   0x08006b40   0x0000002c   Code   RO         5163    i.SysTick_Handler   include_port.o
    0x08006b6c   0x08006b6c   0x00000020   Code   RO         3398    i.Sys_Start_Charge_Mode  bsp_keyled.o
    0x08006b8c   0x08006b8c   0x00000010   Code   RO         4164    i.Sys_State_Ctrl_function  bsp_task.o
    0x08006b9c   0x08006b9c   0x00000010   Code   RO         3399    i.Sys_Stop_Charge_Mode  bsp_keyled.o
    0x08006bac   0x08006bac   0x0000006c   Code   RO          355    i.SystemInit        system_at32f435_437.o
    0x08006c18   0x08006c18   0x00000054   Code   RO         3198    i.TMR5_GLOBAL_IRQHandler  hal_sleep.o
    0x08006c6c   0x08006c6c   0x00000070   Code   RO            2    i.TimeTurn          api_common.o
    0x08006cdc   0x08006cdc   0x00000048   Code   RO         3511    i.UART4_IRQHandler  bsp_uartrec.o
    0x08006d24   0x08006d24   0x00000048   Code   RO         3512    i.USART1_IRQHandler  bsp_uartrec.o
    0x08006d6c   0x08006d6c   0x00000048   Code   RO         3513    i.USART2_IRQHandler  bsp_uartrec.o
    0x08006db4   0x08006db4   0x00000048   Code   RO         3514    i.USART3_IRQHandler  bsp_uartrec.o
    0x08006dfc   0x08006dfc   0x00000002   Code   RO         5113    i.UsageFault_Handler  at32f435_437_int.o
    0x08006dfe   0x08006dfe   0x00000010   Code   RO         4165    i.Vbat_Chag_Ctrl_function  bsp_task.o
    0x08006e0e   0x08006e0e   0x00000002   PAD
    0x08006e10   0x08006e10   0x00000020   Code   RO         5539    i.__0printf         mc_w.l(printfa.o)
    0x08006e30   0x08006e30   0x00000028   Code   RO         5541    i.__0sprintf        mc_w.l(printfa.o)
    0x08006e58   0x08006e58   0x0000000e   Code   RO         5702    i.__scatterload_copy  mc_w.l(handlers.o)
    0x08006e66   0x08006e66   0x00000002   Code   RO         5703    i.__scatterload_null  mc_w.l(handlers.o)
    0x08006e68   0x08006e68   0x0000000e   Code   RO         5704    i.__scatterload_zeroinit  mc_w.l(handlers.o)
    0x08006e76   0x08006e76   0x00000002   PAD
    0x08006e78   0x08006e78   0x00000184   Code   RO         5546    i._fp_digits        mc_w.l(printfa.o)
    0x08006ffc   0x08006ffc   0x000006dc   Code   RO         5547    i._printf_core      mc_w.l(printfa.o)
    0x080076d8   0x080076d8   0x00000024   Code   RO         5548    i._printf_post_padding  mc_w.l(printfa.o)
    0x080076fc   0x080076fc   0x0000002e   Code   RO         5549    i._printf_pre_padding  mc_w.l(printfa.o)
    0x0800772a   0x0800772a   0x0000000a   Code   RO         5551    i._sputc            mc_w.l(printfa.o)
    0x08007734   0x08007734   0x0000002c   Code   RO          399    i.adc_base_config   at32f435_437_adc.o
    0x08007760   0x08007760   0x0000000e   Code   RO          400    i.adc_base_default_para_init  at32f435_437_adc.o
    0x0800776e   0x0800776e   0x00000002   PAD
    0x08007770   0x08007770   0x00000084   Code   RO          407    i.adc_common_config  at32f435_437_adc.o
    0x080077f4   0x080077f4   0x00000012   Code   RO          408    i.adc_common_default_para_init  at32f435_437_adc.o
    0x08007806   0x08007806   0x0000000a   Code   RO          413    i.adc_enable        at32f435_437_adc.o
    0x08007810   0x08007810   0x00000074   Code   RO          419    i.adc_ordinary_channel_set  at32f435_437_adc.o
    0x08007884   0x08007884   0x00000006   Code   RO          420    i.adc_ordinary_conversion_data_get  at32f435_437_adc.o
    0x0800788a   0x0800788a   0x0000000a   Code   RO          427    i.adc_ordinary_software_trigger_enable  at32f435_437_adc.o
    0x08007894   0x08007894   0x0000000c   Code   RO         4166    i.adc_task_function  bsp_task.o
    0x080078a0   0x080078a0   0x00000048   Code   RO            7    i.convert_str_to_hex  api_common.o
    0x080078e8   0x080078e8   0x00000010   Code   RO          699    i.crm_ahb_div_set   at32f435_437_crm.o
    0x080078f8   0x080078f8   0x00000010   Code   RO          700    i.crm_apb1_div_set  at32f435_437_crm.o
    0x08007908   0x08007908   0x00000010   Code   RO          701    i.crm_apb2_div_set  at32f435_437_crm.o
    0x08007918   0x08007918   0x0000001c   Code   RO          702    i.crm_auto_step_mode_enable  at32f435_437_crm.o
    0x08007934   0x08007934   0x00000010   Code   RO          703    i.crm_battery_powered_domain_reset  at32f435_437_crm.o
    0x08007944   0x08007944   0x00000044   Code   RO          709    i.crm_clock_source_enable  at32f435_437_crm.o
    0x08007988   0x08007988   0x000000b8   Code   RO          710    i.crm_clocks_freq_get  at32f435_437_crm.o
    0x08007a40   0x08007a40   0x00000010   Code   RO          712    i.crm_ertc_clock_enable  at32f435_437_crm.o
    0x08007a50   0x08007a50   0x00000020   Code   RO          713    i.crm_ertc_clock_select  at32f435_437_crm.o
    0x08007a70   0x08007a70   0x00000024   Code   RO          715    i.crm_flag_get      at32f435_437_crm.o
    0x08007a94   0x08007a94   0x00000028   Code   RO          717    i.crm_hext_stable_wait  at32f435_437_crm.o
    0x08007abc   0x08007abc   0x0000002c   Code   RO          725    i.crm_periph_clock_enable  at32f435_437_crm.o
    0x08007ae8   0x08007ae8   0x0000002c   Code   RO          727    i.crm_periph_reset  at32f435_437_crm.o
    0x08007b14   0x08007b14   0x00000038   Code   RO          728    i.crm_pll_config    at32f435_437_crm.o
    0x08007b4c   0x08007b4c   0x00000058   Code   RO          730    i.crm_reset         at32f435_437_crm.o
    0x08007ba4   0x08007ba4   0x00000038   Code   RO          731    i.crm_sysclk_switch  at32f435_437_crm.o
    0x08007bdc   0x08007bdc   0x00000010   Code   RO          732    i.crm_sysclk_switch_status_get  at32f435_437_crm.o
    0x08007bec   0x08007bec   0x00000078   Code   RO         1114    i.ertc_date_set     at32f435_437_ertc.o
    0x08007c64   0x08007c64   0x00000040   Code   RO         1118    i.ertc_divider_set  at32f435_437_ertc.o
    0x08007ca4   0x08007ca4   0x0000001c   Code   RO         1119    i.ertc_flag_clear   at32f435_437_ertc.o
    0x08007cc0   0x08007cc0   0x00000038   Code   RO         1121    i.ertc_hour_mode_set  at32f435_437_ertc.o
    0x08007cf8   0x08007cf8   0x00000034   Code   RO         1122    i.ertc_init_mode_enter  at32f435_437_ertc.o
    0x08007d2c   0x08007d2c   0x00000078   Code   RO         1125    i.ertc_interrupt_flag_get  at32f435_437_ertc.o
    0x08007da4   0x08007da4   0x00000016   Code   RO         1127    i.ertc_num_to_bcd   at32f435_437_ertc.o
    0x08007dba   0x08007dba   0x00000002   PAD
    0x08007dbc   0x08007dbc   0x0000007c   Code   RO         1130    i.ertc_reset        at32f435_437_ertc.o
    0x08007e38   0x08007e38   0x00000078   Code   RO         1142    i.ertc_time_set     at32f435_437_ertc.o
    0x08007eb0   0x08007eb0   0x0000002c   Code   RO         1149    i.ertc_wait_update  at32f435_437_ertc.o
    0x08007edc   0x08007edc   0x00000010   Code   RO         1154    i.ertc_write_protect_disable  at32f435_437_ertc.o
    0x08007eec   0x08007eec   0x0000000c   Code   RO         1455    i.exint_flag_clear  at32f435_437_exint.o
    0x08007ef8   0x08007ef8   0x0000001c   Code   RO         1459    i.exint_interrupt_flag_get  at32f435_437_exint.o
    0x08007f14   0x08007f14   0x00000024   Code   RO         3056    i.fputc             hal_uart.o
    0x08007f38   0x08007f38   0x00000004   Code   RO         1793    i.gpio_bits_reset   at32f435_437_gpio.o
    0x08007f3c   0x08007f3c   0x00000004   Code   RO         1794    i.gpio_bits_set     at32f435_437_gpio.o
    0x08007f40   0x08007f40   0x0000000a   Code   RO         1795    i.gpio_bits_write   at32f435_437_gpio.o
    0x08007f4a   0x08007f4a   0x00000014   Code   RO         1796    i.gpio_default_para_init  at32f435_437_gpio.o
    0x08007f5e   0x08007f5e   0x00000064   Code   RO         1797    i.gpio_init         at32f435_437_gpio.o
    0x08007fc2   0x08007fc2   0x0000000e   Code   RO         1798    i.gpio_input_data_bit_read  at32f435_437_gpio.o
    0x08007fd0   0x08007fd0   0x0000000e   Code   RO         1800    i.gpio_output_data_bit_read  at32f435_437_gpio.o
    0x08007fde   0x08007fde   0x00000030   Code   RO         1802    i.gpio_pin_mux_config  at32f435_437_gpio.o
    0x0800800e   0x0800800e   0x00000002   PAD
    0x08008010   0x08008010   0x00000068   Code   RO         4043    i.infor_rep         bsp_config.o
    0x08008078   0x08008078   0x000000b0   Code   RO         3200    i.lick_frequency_get  hal_sleep.o
    0x08008128   0x08008128   0x00000038   Code   RO          115    i.lm_fifo_add_node_impolite  api_fifo.o
    0x08008160   0x08008160   0x00000020   Code   RO          117    i.lm_fifo_delete_node_for_ISR  api_fifo.o
    0x08008180   0x08008180   0x00000026   Code   RO          119    i.lm_fifo_init      api_fifo.o
    0x080081a6   0x080081a6   0x0000001c   Code   RO          120    i.lm_fifo_is_full   api_fifo.o
    0x080081c2   0x080081c2   0x00000002   PAD
    0x080081c4   0x080081c4   0x00000030   Code   RO          162    i.main              main.o
    0x080081f4   0x080081f4   0x0000007c   Code   RO         1980    i.nvic_irq_enable   at32f435_437_misc.o
    0x08008270   0x08008270   0x00000024   Code   RO         1982    i.nvic_priority_group_config  at32f435_437_misc.o
    0x08008294   0x08008294   0x00000014   Code   RO         1984    i.nvic_vector_table_set  at32f435_437_misc.o
    0x080082a8   0x080082a8   0x00000070   Code   RO         4752    i.prvAddCurrentTaskToDelayedList  tasks.o
    0x08008318   0x08008318   0x000000d0   Code   RO         4753    i.prvAddNewTaskToReadyList  tasks.o
    0x080083e8   0x080083e8   0x00000014   Code   RO         4754    i.prvDeleteTCB      tasks.o
    0x080083fc   0x080083fc   0x0000004c   Code   RO         5038    i.prvHeapInit       heap_4.o
    0x08008448   0x08008448   0x00000060   Code   RO         4755    i.prvIdleTask       tasks.o
    0x080084a8   0x080084a8   0x00000094   Code   RO         4756    i.prvInitialiseNewTask  tasks.o
    0x0800853c   0x0800853c   0x0000004c   Code   RO         5039    i.prvInsertBlockIntoFreeList  heap_4.o
    0x08008588   0x08008588   0x0000001c   Code   RO         4757    i.prvResetNextTaskUnblockTime  tasks.o
    0x080085a4   0x080085a4   0x00000028   Code   RO         5164    i.prvTaskExitError  include_port.o
    0x080085cc   0x080085cc   0x000000e8   Code   RO         5040    i.pvPortMalloc      heap_4.o
    0x080086b4   0x080086b4   0x00000010   Code   RO         1895    i.pwc_battery_powered_domain_access  at32f435_437_pwc.o
    0x080086c4   0x080086c4   0x0000002c   Code   RO         5165    i.pxPortInitialiseStack  include_port.o
    0x080086f0   0x080086f0   0x0000006c   Code   RO         4167    i.setupADCTask      bsp_task.o
    0x0800875c   0x0800875c   0x00000078   Code   RO         4168    i.setupBatTask      bsp_task.o
    0x080087d4   0x080087d4   0x00000080   Code   RO         4169    i.setupBatVolDisplaytask  bsp_task.o
    0x08008854   0x08008854   0x00000080   Code   RO         4170    i.setupBspVbatChagCtrltask  bsp_task.o
    0x080088d4   0x080088d4   0x00000084   Code   RO         4171    i.setupErrorLedDisplaytask  bsp_task.o
    0x08008958   0x08008958   0x00000080   Code   RO         4172    i.setupMagKeyTask   bsp_task.o
    0x080089d8   0x080089d8   0x00000078   Code   RO         4173    i.setupNorSOSTask   bsp_task.o
    0x08008a50   0x08008a50   0x00000080   Code   RO         4174    i.setupPortInforGetTask  bsp_task.o
    0x08008ad0   0x08008ad0   0x00000080   Code   RO         4175    i.setupPullSendCtrlTask  bsp_task.o
    0x08008b50   0x08008b50   0x00000080   Code   RO         4176    i.setupSysStateCtrltask  bsp_task.o
    0x08008bd0   0x08008bd0   0x0000009c   Code   RO          356    i.system_core_clock_update  system_at32f435_437.o
    0x08008c6c   0x08008c6c   0x00000018   Code   RO         1985    i.systick_clock_source_config  at32f435_437_misc.o
    0x08008c84   0x08008c84   0x00000028   Code   RO         2051    i.tmr_channel_value_get  at32f435_437_tmr.o
    0x08008cac   0x08008cac   0x0000000a   Code   RO         2055    i.tmr_counter_enable  at32f435_437_tmr.o
    0x08008cb6   0x08008cb6   0x00000004   Code   RO         2059    i.tmr_div_value_set  at32f435_437_tmr.o
    0x08008cba   0x08008cba   0x00000008   Code   RO         2063    i.tmr_event_sw_trigger  at32f435_437_tmr.o
    0x08008cc2   0x08008cc2   0x00000006   Code   RO         2067    i.tmr_flag_clear    at32f435_437_tmr.o
    0x08008cc8   0x08008cc8   0x00000032   Code   RO         2071    i.tmr_input_channel_divider_set  at32f435_437_tmr.o
    0x08008cfa   0x08008cfa   0x00000110   Code   RO         2073    i.tmr_input_channel_init  at32f435_437_tmr.o
    0x08008e0a   0x08008e0a   0x00000016   Code   RO         2076    i.tmr_interrupt_enable  at32f435_437_tmr.o
    0x08008e20   0x08008e20   0x00000014   Code   RO         2077    i.tmr_interrupt_flag_get  at32f435_437_tmr.o
    0x08008e34   0x08008e34   0x00000024   Code   RO         2078    i.tmr_iremap_config  at32f435_437_tmr.o
    0x08008e58   0x08008e58   0x00000120   Code   RO         2096    i.tmr_reset         at32f435_437_tmr.o
    0x08008f78   0x08008f78   0x00000034   Code   RO         3062    i.uart3_tx_string   hal_uart.o
    0x08008fac   0x08008fac   0x00000034   Code   RO         3064    i.uart4_tx_string   hal_uart.o
    0x08008fe0   0x08008fe0   0x00000006   Code   RO         2413    i.usart_data_receive  at32f435_437_usart.o
    0x08008fe6   0x08008fe6   0x00000008   Code   RO         2414    i.usart_data_transmit  at32f435_437_usart.o
    0x08008fee   0x08008fee   0x0000000a   Code   RO         2418    i.usart_enable      at32f435_437_usart.o
    0x08008ff8   0x08008ff8   0x00000010   Code   RO         2419    i.usart_flag_clear  at32f435_437_usart.o
    0x08009008   0x08009008   0x0000000a   Code   RO         2420    i.usart_flag_get    at32f435_437_usart.o
    0x08009012   0x08009012   0x00000002   PAD
    0x08009014   0x08009014   0x00000084   Code   RO         2423    i.usart_init        at32f435_437_usart.o
    0x08009098   0x08009098   0x0000001e   Code   RO         2424    i.usart_interrupt_enable  at32f435_437_usart.o
    0x080090b6   0x080090b6   0x0000008c   Code   RO         2425    i.usart_interrupt_flag_get  at32f435_437_usart.o
    0x08009142   0x08009142   0x0000000a   Code   RO         2431    i.usart_receiver_enable  at32f435_437_usart.o
    0x0800914c   0x0800914c   0x0000000a   Code   RO         2440    i.usart_transmit_receive_pin_swap  at32f435_437_usart.o
    0x08009156   0x08009156   0x0000000a   Code   RO         2441    i.usart_transmitter_enable  at32f435_437_usart.o
    0x08009160   0x08009160   0x00000026   Code   RO         4449    i.uxListRemove      list.o
    0x08009186   0x08009186   0x00000016   Code   RO         4450    i.vListInitialise   list.o
    0x0800919c   0x0800919c   0x00000006   Code   RO         4451    i.vListInitialiseItem  list.o
    0x080091a2   0x080091a2   0x00000030   Code   RO         4452    i.vListInsert       list.o
    0x080091d2   0x080091d2   0x00000018   Code   RO         4453    i.vListInsertEnd    list.o
    0x080091ea   0x080091ea   0x00000002   PAD
    0x080091ec   0x080091ec   0x00000040   Code   RO         5167    i.vPortEnterCritical  include_port.o
    0x0800922c   0x0800922c   0x00000028   Code   RO         5168    i.vPortExitCritical  include_port.o
    0x08009254   0x08009254   0x00000064   Code   RO         5041    i.vPortFree         heap_4.o
    0x080092b8   0x080092b8   0x00000024   Code   RO         5169    i.vPortSetupTimerInterrupt  include_port.o
    0x080092dc   0x080092dc   0x0000004c   Code   RO         4765    i.vTaskDelay        tasks.o
    0x08009328   0x08009328   0x00000068   Code   RO         4777    i.vTaskStartScheduler  tasks.o
    0x08009390   0x08009390   0x00000010   Code   RO         4779    i.vTaskSuspendAll   tasks.o
    0x080093a0   0x080093a0   0x0000005c   Code   RO         4780    i.vTaskSwitchContext  tasks.o
    0x080093fc   0x080093fc   0x000000f4   Code   RO         5171    i.xPortStartScheduler  include_port.o
    0x080094f0   0x080094f0   0x00000056   Code   RO         4783    i.xTaskCreate       tasks.o
    0x08009546   0x08009546   0x00000002   PAD
    0x08009548   0x08009548   0x000000cc   Code   RO         4792    i.xTaskIncrementTick  tasks.o
    0x08009614   0x08009614   0x000000c4   Code   RO         4794    i.xTaskResumeAll    tasks.o
    0x080096d8   0x080096d8   0x00000016   Data   RO          357    .constdata          system_at32f435_437.o
    0x080096ee   0x080096ee   0x00000026   Data   RO          735    .constdata          at32f435_437_crm.o
    0x08009714   0x08009714   0x000000c8   Data   RO         3603    .constdata          bsp_batvol.o
    0x080097dc   0x080097dc   0x0000000c   Data   RO         5292    .constdata          mc_w.l(mktime.o)
    0x080097e8   0x080097e8   0x0000000c   Data   RO         5653    .constdata          mc_w.l(localtime_i.o)
    0x080097f4   0x080097f4   0x00000247   Data   RO         4177    .conststring        bsp_task.o
    0x08009a3b   0x08009a3b   0x00000001   PAD
    0x08009a3c   0x08009a3c   0x00000020   Data   RO         5700    Region$$Table       anon$$obj.o


    Execution Region RW_IRAM1 (Exec base: 0x20000000, Load base: 0x08009a5c, Size: 0x00003c48, Max: 0x00060000, ABSOLUTE)

    Exec Addr    Load Addr    Size         Type   Attr      Idx    E Section Name        Object

    0x20000000   0x08009a5c   0x00000004   Data   RW          358    .data               system_at32f435_437.o
    0x20000004   0x08009a60   0x00000004   Data   RW         3065    .data               hal_uart.o
    0x20000008   0x08009a64   0x0000001c   Data   RW         3201    .data               hal_sleep.o
    0x20000024   0x08009a80   0x0000000c   Data   RW         3401    .data               bsp_keyled.o
    0x20000030   0x08009a8c   0x00000008   Data   RW         3604    .data               bsp_batvol.o
    0x20000038   0x08009a94   0x00000006   Data   RW         3721    .data               bsp_gnssparse.o
    0x2000003e   0x08009a9a   0x00000002   PAD
    0x20000040   0x08009a9c   0x00000028   Data   RW         4178    .data               bsp_task.o
    0x20000068   0x08009ac4   0x00000040   Data   RW         4797    .data               tasks.o
    0x200000a8   0x08009b04   0x00000020   Data   RW         5047    .data               heap_4.o
    0x200000c8   0x08009b24   0x0000000c   Data   RW         5172    .data               include_port.o
    0x200000d4        -       0x0000000c   Zero   RW         3400    .bss                bsp_keyled.o
    0x200000e0        -       0x00000820   Zero   RW         3515    .bss                bsp_uartrec.o
    0x20000900        -       0x00000014   Zero   RW         3602    .bss                bsp_batvol.o
    0x20000914   0x08009b30   0x00000004   PAD
    0x20000918        -       0x00000260   Zero   RW         3719    .bss                bsp_gnssparse.o
    0x20000b78        -       0x000001bc   Zero   RW         3819    .bss                bsp_rdssparse.o
    0x20000d34   0x08009b30   0x00000004   PAD
    0x20000d38        -       0x00000968   Zero   RW         3905    .bss                bsp_rdsssend.o
    0x200016a0        -       0x000000d9   Zero   RW         4048    .bss                bsp_config.o
    0x20001779   0x08009b30   0x00000003   PAD
    0x2000177c        -       0x000000c8   Zero   RW         4796    .bss                tasks.o
    0x20001844        -       0x00002000   Zero   RW         5046    .bss                heap_4.o
    0x20003844   0x08009b30   0x00000004   PAD
    0x20003848        -       0x00000400   Zero   RW          389    STACK               startup_at32f435_437.o


==============================================================================

Image component sizes


      Code (inc. data)   RO Data    RW Data    ZI Data      Debug   Object Name

       224          6          0          0          0       8386   api_common.o
       154          0          0          0          0       3641   api_fifo.o
       350          6          0          0          0       5384   at32f435_437_adc.o
       772        110         38          0          0      11015   at32f435_437_crm.o
       766         48          0          0          0       8395   at32f435_437_ertc.o
        40         10          0          0          0       1206   at32f435_437_exint.o
       214          0          0          0          0       5550   at32f435_437_gpio.o
        12          0          0          0          0       3037   at32f435_437_int.o
       204         24          0          0          0      32972   at32f435_437_misc.o
        16          4          0          0          0        564   at32f435_437_pwc.o
       756         78          0          0          0       7922   at32f435_437_tmr.o
       382          8          0          0          0       7408   at32f435_437_usart.o
       542        110        200          8         20       6125   bsp_batvol.o
       394         28          0          0        217       4743   bsp_config.o
       186         26          0          6        608       3732   bsp_gnssparse.o
         4          0          0          0          0        455   bsp_init.o
       832         88          0         12         12      11267   bsp_keyled.o
        86         14          0          0        444       3184   bsp_rdssparse.o
      3344        208          0          0       2408      13851   bsp_rdsssend.o
      1454        848        583         40          0      11546   bsp_task.o
       372         50          0          0       2080       7614   bsp_uartrec.o
         0          0          0          0          0       6100   event_groups.o
         4          0          0          0          0       1345   hal_flash.o
       324         30          0          0          0      31974   hal_init.o
       738         76          0          0          0       9629   hal_keyled.o
       648         76          0          0          0       5729   hal_powmanage.o
       458         38          0         28          0       4476   hal_sleep.o
       912        120          0          4          0       7731   hal_uart.o
       484         24          0         32       8192       7319   heap_4.o
       702         72          0         12          0      10840   include_port.o
       138          0          0          0          0       3482   list.o
        48         24          0          0          0      84623   main.o
        36          8        524          0       1024        888   startup_at32f435_437.o
       264         42         22          4          0       2352   system_at32f435_437.o
      1386        110          0         64        200      20352   tasks.o

    ----------------------------------------------------------------------
     17280       2286       1400        212      15220     354837   Object Totals
         0          0         32          0          0          0   (incl. Generated)
        34          0          1          2         15          0   (incl. Padding)

    ----------------------------------------------------------------------

      Code (inc. data)   RO Data    RW Data    ZI Data      Debug   Library Member Name

         0          0          0          0          0          0   entry.o
         0          0          0          0          0          0   entry10a.o
         0          0          0          0          0          0   entry11a.o
         8          4          0          0          0          0   entry2.o
         4          0          0          0          0          0   entry5.o
         0          0          0          0          0          0   entry7b.o
         0          0          0          0          0          0   entry8b.o
         8          4          0          0          0          0   entry9a.o
        30          0          0          0          0          0   handlers.o
        36          8          0          0          0         68   init.o
         0          0          0          0          0          0   iusefp.o
        30          0          0          0          0         68   llshl.o
        36          0          0          0          0         68   llsshr.o
        32          0          0          0          0         68   llushr.o
       140          6         12          0          0         76   localtime_i.o
        36          0          0          0          0         68   memcpya.o
        36          0          0          0          0        108   memseta.o
       168         18         12          0          0         80   mktime.o
      2308         96          0          0          0        604   printfa.o
        14          0          0          0          0         68   strlen.o
        44          0          0          0          0         80   uidiv.o
        98          0          0          0          0         92   uldiv.o
        48          0          0          0          0         68   cdcmple.o
        48          0          0          0          0         68   cdrcmple.o
        56          0          0          0          0         88   d2f.o
       334          0          0          0          0        148   dadd.o
       222          0          0          0          0        100   ddiv.o
       186          0          0          0          0        176   depilogue.o
        50          0          0          0          0         76   dfixui.o
        48          0          0          0          0         68   dfixul.o
        26          0          0          0          0         76   dfltui.o
       228          0          0          0          0         96   dmul.o
        38          0          0          0          0         68   f2d.o
       110          0          0          0          0        168   fepilogue.o

    ----------------------------------------------------------------------
      4428        136         24          0          0       2648   Library Totals
         6          0          0          0          0          0   (incl. Padding)

    ----------------------------------------------------------------------

      Code (inc. data)   RO Data    RW Data    ZI Data      Debug   Library Name

      3028        136         24          0          0       1448   mc_w.l
      1394          0          0          0          0       1200   mf_w.l

    ----------------------------------------------------------------------
      4428        136         24          0          0       2648   Library Totals

    ----------------------------------------------------------------------

==============================================================================


      Code (inc. data)   RO Data    RW Data    ZI Data      Debug   

     21708       2422       1424        212      15220     333385   Grand Totals
     21708       2422       1424        212      15220     333385   ELF Image Totals
     21708       2422       1424        212          0          0   ROM Totals

==============================================================================

    Total RO  Size (Code + RO Data)                23132 (  22.59kB)
    Total RW  Size (RW Data + ZI Data)             15432 (  15.07kB)
    Total ROM Size (Code + RO Data + RW Data)      23344 (  22.80kB)

==============================================================================

